2026-01-25 13:44:08,743 - utils.setup_manager - INFO - Enhanced Cascadia Analysis Framework initialized with SPACE integration
2026-01-25 13:44:08,743 - utils.setup_manager - INFO - Log file: cascadia_analysis_20260125_134408.log
2026-01-25 13:44:08,743 - __main__ - INFO - 🌲 Starting Cascadia Agricultural Analysis Framework
2026-01-25 13:44:08,743 - __main__ - INFO - 📊 Analysis Parameters:
2026-01-25 13:44:08,743 - __main__ - INFO -    H3 Resolution: 8
2026-01-25 13:44:08,743 - __main__ - INFO -    Target Counties: CA:Del Norte
2026-01-25 13:44:08,743 - __main__ - INFO -    Active Modules: zoning
2026-01-25 13:44:08,743 - __main__ - INFO -    Export Format: geojson
2026-01-25 13:44:08,743 - __main__ - INFO -    Output Directory: ./test_output
2026-01-25 13:44:08,743 - __main__ - INFO -    Visualization Options: Lightweight Static Visualizations
2026-01-25 13:44:08,743 - cascadia - INFO - Enhanced logging initialized with level: INFO
2026-01-25 13:44:08,743 - __main__ - INFO - 🚀 Initializing Cascadia Agricultural Analysis Framework
2026-01-25 13:44:08,743 - __main__ - INFO - Enhanced logging initialized: test_output/cascadia_analysis.log
2026-01-25 13:44:08,750 - utils.setup_manager - INFO - Loaded analysis configuration from config/analysis_config.yaml
2026-01-25 13:44:08,750 - __main__ - INFO - 🔍 Validating configuration...
2026-01-25 13:44:08,757 - utils.enhanced_config - INFO - Configuration loaded from /Users/4d/Documents/GitHub/GEO-INFER/GEO-INFER-PLACE/locations/cascadia/config/cascadia_config.yaml
2026-01-25 13:44:08,757 - utils.enhanced_config - INFO - Enhanced Configuration Manager initialized
2026-01-25 13:44:08,757 - __main__ - INFO - Target counties: {'CA': ['Del Norte']}
2026-01-25 13:44:08,757 - __main__ - INFO - Active modules: ['zoning']
2026-01-25 13:44:08,757 - __main__ - INFO - 📊 Configuration validation: ✅ PASSED
2026-01-25 13:44:08,757 - utils.data_processor - INFO - 🔧 Creating shared backend for all modules...
2026-01-25 13:44:08,757 - geo_infer_place.core.unified_backend - INFO - Using native H3 library for spatial indexing (osc_geo module deprecated)
2026-01-25 13:44:08,758 - geo_infer_place.core.unified_backend - INFO - Generating new region data (not in cache)
2026-01-25 13:44:08,758 - geo_infer_place.core.unified_backend - INFO - Loading county geometries with boundary loader...
2026-01-25 13:44:08,767 - county_boundary_loader - INFO - Loaded county boundaries configuration from /Users/4d/Documents/GitHub/GEO-INFER/GEO-INFER-PLACE/locations/cascadia/config/county_boundaries.yaml
2026-01-25 13:44:08,767 - county_boundary_loader - INFO - Loaded GeoJSON geometry for ca_del_norte from /Users/4d/Documents/GitHub/GEO-INFER/GEO-INFER-PLACE/locations/cascadia/config/ca_del_norte_boundary.geojson
2026-01-25 13:44:08,767 - geo_infer_place.core.unified_backend - INFO - Successfully loaded county geometries using boundary loader
2026-01-25 13:44:08,767 - geo_infer_place.core.unified_backend - INFO - Generating hexagons for Del_Norte, CA using SPACE utilities...
2026-01-25 13:44:08,767 - geo_infer_place.core.unified_backend - DEBUG - Geometry type: <class 'dict'>, Geometry: {'type': 'Polygon', 'coordinates': [[[-124.5, 41.4], [-124.5, 42.0], [-123.5, 42.0], [-123.5, 41.4], [-124.5, 41.4]]]}
2026-01-25 13:44:08,773 - geo_infer_place.core.unified_backend - INFO - Generated 7749 hexagons for Del_Norte, CA
2026-01-25 13:44:08,774 - geo_infer_place.core.unified_backend - INFO - ✅ Generated 7749 H3 hexagons using SPACE utilities
2026-01-25 13:44:08,775 - geo_infer_place.core.unified_backend - WARNING - Unexpected counties structure for state CA: <class 'list'>
2026-01-25 13:44:08,775 - geo_infer_place.core.unified_backend - INFO - Saving region data to cache: test_output/data/cache/region_cache_4e2b5626c8c4ca7a05c736003fae87ed.json
2026-01-25 13:44:08,776 - geo_infer_place.core.unified_backend - INFO - ✅ Cached 7749 hexagons
2026-01-25 13:44:08,776 - geo_infer_place.core.unified_backend - WARNING - Failed to initialize UnifiedH3Backend: 'list' object has no attribute 'keys'
2026-01-25 13:44:08,776 - geo_infer_space.utils.config_loader - INFO - Config loader initialized with directory: /Users/4d/Documents/GitHub/GEO-INFER/GEO-INFER-SPACE/src/config
2026-01-25 13:44:08,776 - geo_infer_space.utils.config_loader - WARNING - Location config not found: /Users/4d/Documents/GitHub/GEO-INFER/GEO-INFER-SPACE/src/config/cascadia.yaml
2026-01-25 13:44:08,776 - geo_infer_space.utils.config_loader - DEBUG - Configuration validation passed
2026-01-25 13:44:08,776 - geo_infer_place.core.unified_backend - INFO - ✅ Cascadia configuration loaded successfully
2026-01-25 13:44:08,776 - geo_infer_place.core.unified_backend - INFO - Loading county geometries with boundary loader...
2026-01-25 13:44:08,783 - county_boundary_loader - INFO - Loaded county boundaries configuration from /Users/4d/Documents/GitHub/GEO-INFER/GEO-INFER-PLACE/locations/cascadia/config/county_boundaries.yaml
2026-01-25 13:44:08,783 - county_boundary_loader - INFO - Loaded GeoJSON geometry for ca_del_norte from /Users/4d/Documents/GitHub/GEO-INFER/GEO-INFER-PLACE/locations/cascadia/config/ca_del_norte_boundary.geojson
2026-01-25 13:44:08,783 - geo_infer_place.core.unified_backend - INFO - Successfully loaded county geometries using boundary loader
2026-01-25 13:44:08,783 - geo_infer_place.core.unified_backend - INFO - Generating hexagons for Del_Norte, CA using SPACE utilities...
2026-01-25 13:44:08,783 - geo_infer_place.core.unified_backend - DEBUG - Geometry type: <class 'dict'>, Geometry: {'type': 'Polygon', 'coordinates': [[[-124.5, 41.4], [-124.5, 42.0], [-123.5, 42.0], [-123.5, 41.4], [-124.5, 41.4]]]}
2026-01-25 13:44:08,787 - geo_infer_place.core.unified_backend - INFO - Generated 7749 hexagons for Del_Norte, CA
2026-01-25 13:44:08,789 - geo_infer_place.core.unified_backend - INFO - ✅ Generated 7749 H3 hexagons using SPACE utilities
2026-01-25 13:44:08,789 - geo_infer_place.core.unified_backend - INFO - Enhanced CascadianAgriculturalH3Backend initialized for 'Cascadia' with 0 active modules at H3 resolution 8
2026-01-25 13:44:08,789 - geo_infer_place.core.unified_backend - INFO - Active modules: []
2026-01-25 13:44:08,789 - geo_infer_place.core.unified_backend - INFO - Defined 7749 total target hexagons across 1 states.
2026-01-25 13:44:08,789 - geo_infer_place.core.unified_backend - INFO - SPACE integration: Spatial processor, data integrator, and visualization engine available
2026-01-25 13:44:08,789 - utils.data_processor - INFO - ✅ Shared backend created with 7749 target hexagons
2026-01-25 13:44:08,790 - utils.enhanced_data_manager - INFO - Enhanced Data Manager initialized with H3 resolution 8
2026-01-25 13:44:08,790 - utils.enhanced_data_manager - INFO - SPACE H3 utilities available: True
2026-01-25 13:44:08,790 - utils.enhanced_h3_fusion - INFO - Enhanced H3 Fusion initialized with resolution 8
2026-01-25 13:44:08,790 - utils.enhanced_h3_fusion - INFO - SPACE H3 utilities available: True
2026-01-25 13:44:08,790 - utils.enhanced_h3_fusion - INFO - Spatial analysis enabled: False
2026-01-25 13:44:08,790 - utils.enhanced_h3_fusion - INFO - Fusion mode: geom_intersect
2026-01-25 13:44:08,790 - utils.enhanced_h3_fusion - INFO - Fusion cache directory: test_output/data/cache/fusion
2026-01-25 13:44:08,790 - selenium.webdriver.common.selenium_manager - DEBUG - Selenium Manager binary found at: /Users/4d/.pyenv/versions/3.12.11/lib/python3.12/site-packages/selenium/webdriver/common/macos/selenium-manager
2026-01-25 13:44:08,790 - selenium.webdriver.common.selenium_manager - DEBUG - Executing process: /Users/4d/.pyenv/versions/3.12.11/lib/python3.12/site-packages/selenium/webdriver/common/macos/selenium-manager --browser chrome --debug --language-binding python --output json
2026-01-25 13:44:11,543 - selenium.webdriver.common.selenium_manager - DEBUG - Sending stats to Plausible: Props { browser: "chrome", browser_version: "", os: "macos", arch: "arm64", lang: "python", selenium_version: "4.34" }
2026-01-25 13:44:11,543 - selenium.webdriver.common.selenium_manager - DEBUG - chromedriver not found in PATH
2026-01-25 13:44:11,543 - selenium.webdriver.common.selenium_manager - DEBUG - chrome detected at /Applications/Google Chrome.app/Contents/MacOS/Google Chrome
2026-01-25 13:44:11,543 - selenium.webdriver.common.selenium_manager - DEBUG - Running command: /Applications/Google\ Chrome.app/Contents/MacOS/Google\ Chrome --version
2026-01-25 13:44:11,543 - selenium.webdriver.common.selenium_manager - DEBUG - Output: "Google Chrome 144.0.7559.97 "
2026-01-25 13:44:11,543 - selenium.webdriver.common.selenium_manager - DEBUG - Detected browser: chrome 144.0.7559.97
2026-01-25 13:44:11,543 - selenium.webdriver.common.selenium_manager - DEBUG - Discovering versions from https://googlechromelabs.github.io/chrome-for-testing/known-good-versions-with-downloads.json
2026-01-25 13:44:11,543 - selenium.webdriver.common.selenium_manager - DEBUG - Required driver: chromedriver 144.0.7559.96
2026-01-25 13:44:11,543 - selenium.webdriver.common.selenium_manager - DEBUG - Acquiring lock: /Users/4d/.cache/selenium/chromedriver/mac-arm64/144.0.7559.96/sm.lock
2026-01-25 13:44:11,543 - selenium.webdriver.common.selenium_manager - DEBUG - Downloading chromedriver 144.0.7559.96 from https://storage.googleapis.com/chrome-for-testing-public/144.0.7559.96/mac-arm64/chromedriver-mac-arm64.zip
2026-01-25 13:44:11,543 - selenium.webdriver.common.selenium_manager - DEBUG - Driver path: /Users/4d/.cache/selenium/chromedriver/mac-arm64/144.0.7559.96/chromedriver
2026-01-25 13:44:11,543 - selenium.webdriver.common.selenium_manager - DEBUG - Browser path: /Applications/Google Chrome.app/Contents/MacOS/Google Chrome
2026-01-25 13:44:11,548 - selenium.webdriver.common.service - DEBUG - Started executable: `/Users/4d/.cache/selenium/chromedriver/mac-arm64/144.0.7559.96/chromedriver` in a child process with pid: 58949 using 0 to output -3
2026-01-25 13:44:11,898 - selenium.webdriver.remote.remote_connection - DEBUG - POST http://localhost:64150/session {'capabilities': {'firstMatch': [{}], 'alwaysMatch': {'browserName': 'chrome', 'pageLoadStrategy': <PageLoadStrategy.normal: 'normal'>, 'browserVersion': None, 'goog:chromeOptions': {'extensions': [], 'binary': '/Applications/Google Chrome.app/Contents/MacOS/Google Chrome', 'args': ['--headless', '--no-sandbox', '--disable-dev-shm-usage', '--disable-gpu', '--window-size=1920,1080']}}}}
2026-01-25 13:44:11,898 - urllib3.connectionpool - DEBUG - Starting new HTTP connection (1): localhost:64150
2026-01-25 13:44:12,466 - urllib3.connectionpool - DEBUG - http://localhost:64150 "POST /session HTTP/1.1" 200 0
2026-01-25 13:44:12,466 - selenium.webdriver.remote.remote_connection - DEBUG - Remote response: status=200 | data={"value":{"capabilities":{"acceptInsecureCerts":false,"browserName":"chrome","browserVersion":"144.0.7559.97","chrome":{"chromedriverVersion":"144.0.7559.96 (d7b80622cfab91c265741194e7942eefd2d21811-refs/branch-heads/7559@{#3667})","userDataDir":"/var/folders/vc/rgmbpjpj0dbg61vr54xjskc80000gn/T/org.chromium.Chromium.scoped_dir.QA2YHA"},"fedcm:accounts":true,"goog:chromeOptions":{"debuggerAddress":"localhost:64206"},"goog:processID":58950,"networkConnectionEnabled":false,"pageLoadStrategy":"normal","platformName":"mac","proxy":{},"setWindowRect":true,"strictFileInteractability":false,"timeouts":{"implicit":0,"pageLoad":300000,"script":30000},"unhandledPromptBehavior":"dismiss and notify","webauthn:extension:credBlob":true,"webauthn:extension:largeBlob":true,"webauthn:extension:minPinLength":true,"webauthn:extension:prf":true,"webauthn:virtualAuthenticators":true},"sessionId":"5e03c61c1531a1aebcba900475ff8e35"}} | headers=HTTPHeaderDict({'Content-Length': '923', 'Content-Type': 'application/json; charset=utf-8', 'cache-control': 'no-cache'})
2026-01-25 13:44:12,466 - selenium.webdriver.remote.remote_connection - DEBUG - Finished Request
2026-01-25 13:44:12,466 - selenium.webdriver.remote.remote_connection - DEBUG - POST http://localhost:64150/session/5e03c61c1531a1aebcba900475ff8e35/timeouts {'implicit': 10000}
2026-01-25 13:44:12,467 - urllib3.connectionpool - DEBUG - http://localhost:64150 "POST /session/5e03c61c1531a1aebcba900475ff8e35/timeouts HTTP/1.1" 200 0
2026-01-25 13:44:12,467 - selenium.webdriver.remote.remote_connection - DEBUG - Remote response: status=200 | data={"value":null} | headers=HTTPHeaderDict({'Content-Length': '14', 'Content-Type': 'application/json; charset=utf-8', 'cache-control': 'no-cache'})
2026-01-25 13:44:12,467 - selenium.webdriver.remote.remote_connection - DEBUG - Finished Request
2026-01-25 13:44:12,467 - utils.real_data_acquisition - INFO - Web driver initialized successfully
2026-01-25 13:44:12,467 - utils.real_data_acquisition - INFO - Real Data Acquisition system initialized
2026-01-25 13:44:12,468 - utils.comprehensive_visualization - INFO - Comprehensive Visualization Engine initialized
2026-01-25 13:44:12,469 - utils.enhanced_h3_fusion - INFO - ✅ H3 operations validation completed successfully
2026-01-25 13:44:12,469 - __main__ - INFO - H3 validation result: {'h3_api_version': '4.x', 'space_integration': True, 'operations_tested': ['latlng_to_cell', 'cell_to_latlng', 'cell_to_latlng_boundary', 'geo_to_cells', 'grid_disk', 'cell_area', 'is_valid_cell'], 'errors': [], 'warnings': []}
2026-01-25 13:44:12,486 - geo_infer_space.backends.h3.h3_backend - INFO - H3 library v4.3.0 loaded successfully
2026-01-25 13:44:12,486 - geo_infer_space.core.dispatcher - INFO - Registered spatial backend: h3
2026-01-25 13:44:12,486 - geo_infer_space.core.dispatcher - INFO - H3 backend loaded successfully
2026-01-25 13:44:12,488 - geo_infer_space.backends.srai.srai_backend - WARNING - SRAI library is not available
2026-01-25 13:44:12,488 - geo_infer_space.backends.srai.srai_backend - WARNING - SRAI backend initialized but library is not available
2026-01-25 13:44:12,488 - geo_infer_space.backends.srai.srai_backend - DEBUG - Getting SRAI backend capabilities
2026-01-25 13:44:12,488 - geo_infer_space.core.dispatcher - INFO - Registered spatial backend: srai
2026-01-25 13:44:12,488 - geo_infer_space.core.dispatcher - INFO - SRAI backend loaded successfully
2026-01-25 13:44:12,488 - zoning.geo_infer_zoning - INFO - Initialized GeoInferZoning module with real OSC H3 v4 integration.
2026-01-25 13:44:12,488 - __main__ - INFO - ✅ Zoning module initialized with enhanced data management
2026-01-25 13:44:12,488 - __main__ - INFO - ✅ Updated shared backend with 1 active modules
2026-01-25 13:44:12,488 - __main__ - INFO - 🚀 Starting enhanced comprehensive analysis with real data acquisition and H3 geospatial fusion...
2026-01-25 13:44:12,489 - __main__ - INFO - 📊 Processing module: zoning
2026-01-25 13:44:12,489 - cascadia.processing.real_data_acquisition - INFO - 🚀 PROCESSING START - Zoning Data Acquisition
2026-01-25 13:44:12,489 - cascadia.processing.real_data_acquisition - INFO -    Module: real_data_acquisition
2026-01-25 13:44:12,489 - cascadia.processing.real_data_acquisition - INFO -    Parameters: {'sources': ['Del Norte County', 'California State']}
2026-01-25 13:44:12,489 - selenium.webdriver.remote.remote_connection - DEBUG - POST http://localhost:64150/session/5e03c61c1531a1aebcba900475ff8e35/url {'url': 'https://www.co.del-norte.ca.us/departments/planning-building'}
2026-01-25 13:44:14,051 - urllib3.connectionpool - DEBUG - http://localhost:64150 "POST /session/5e03c61c1531a1aebcba900475ff8e35/url HTTP/1.1" 200 0
2026-01-25 13:44:14,051 - selenium.webdriver.remote.remote_connection - DEBUG - Remote response: status=200 | data={"value":null} | headers=HTTPHeaderDict({'Content-Length': '14', 'Content-Type': 'application/json; charset=utf-8', 'cache-control': 'no-cache'})
2026-01-25 13:44:14,051 - selenium.webdriver.remote.remote_connection - DEBUG - Finished Request
2026-01-25 13:44:14,051 - selenium.webdriver.remote.remote_connection - DEBUG - POST http://localhost:64150/session/5e03c61c1531a1aebcba900475ff8e35/elements {'using': 'tag name', 'value': 'a'}
2026-01-25 13:44:14,056 - urllib3.connectionpool - DEBUG - http://localhost:64150 "POST /session/5e03c61c1531a1aebcba900475ff8e35/elements HTTP/1.1" 200 0
2026-01-25 13:44:14,057 - selenium.webdriver.remote.remote_connection - DEBUG - Remote response: status=200 | data={"value":[{"element-6066-11e4-a52e-4f735466cecf":"f.E4201FC7B7A33AD10A1F944F14B536A0.d.CC81A38FF3EA0111DC8A10B9BB4F034C.e.64"},{"element-6066-11e4-a52e-4f735466cecf":"f.E4201FC7B7A33AD10A1F944F14B536A0.d.CC81A38FF3EA0111DC8A10B9BB4F034C.e.65"},{"element-6066-11e4-a52e-4f735466cecf":"f.E4201FC7B7A33AD10A1F944F14B536A0.d.CC81A38FF3EA0111DC8A10B9BB4F034C.e.66"},{"element-6066-11e4-a52e-4f735466cecf":"f.E4201FC7B7A33AD10A1F944F14B536A0.d.CC81A38FF3EA0111DC8A10B9BB4F034C.e.67"},{"element-6066-11e4-a52e-4f735466cecf":"f.E4201FC7B7A33AD10A1F944F14B536A0.d.CC81A38FF3EA0111DC8A10B9BB4F034C.e.68"},{"element-6066-11e4-a52e-4f735466cecf":"f.E4201FC7B7A33AD10A1F944F14B536A0.d.CC81A38FF3EA0111DC8A10B9BB4F034C.e.69"},{"element-6066-11e4-a52e-4f735466cecf":"f.E4201FC7B7A33AD10A1F944F14B536A0.d.CC81A38FF3EA0111DC8A10B9BB4F034C.e.70"},{"element-6066-11e4-a52e-4f735466cecf":"f.E4201FC7B7A33AD10A1F944F14B536A0.d.CC81A38FF3EA0111DC8A10B9BB4F034C.e.71"},{"element-6066-11e4-a52e-4f735466cecf":"f.E4201FC7B7A33AD10A1F944F14B536A0.d.CC81A38FF3EA0111DC8A10B9BB4F034C.e.72"},{"element-6066-11e4-a52e-4f735466cecf":"f.E4201FC7B7A33AD10A1F944F14B536A0.d.CC81A38FF3EA0111DC8A10B9BB4F034C.e.73"},{"element-6066-11e4-a52e-4f735466cecf":"f.E4201FC7B7A33AD10A1F944F14B536A0.d.CC81A38FF3EA0111DC8A10B9BB4F034C.e.74"},{"element-6066-11e4-a52e-4f735466cecf":"f.E4201FC7B7A33AD10A1F944F14B536A0.d.CC81A38FF3EA0111DC8A10B9BB4F034C.e.75"},{"element-6066-11e4-a52e-4f735466cecf":"f.E4201FC7B7A33AD10A1F944F14B536A0.d.CC81A38FF3EA0111DC8A10B9BB4F034C.e.76"},{"element-6066-11e4-a52e-4f735466cecf":"f.E4201FC7B7A33AD10A1F944F14B536A0.d.CC81A38FF3EA0111DC8A10B9BB4F034C.e.77"},{"element-6066-11e4-a52e-4f735466cecf":"f.E4201FC7B7A33AD10A1F944F14B536A0.d.CC81A38FF3EA0111DC8A10B9BB4F034C.e.78"},{"element-6066-11e4-a52e-4f735466cecf":"f.E4201FC7B7A33AD10A1F944F14B536A0.d.CC81A38FF3EA0111DC8A10B9BB4F034C.e.79"},{"element-6066-11e4-a52e-4f735466cecf":"f.E4201FC7B7A33AD10A1F944F14B536A0.d.CC81A38FF3EA0111DC8A10B9BB4F034C.e.80"},{"element-6066-11e4-a52e-4f735466cecf":"f.E4201FC7B7A33AD10A1F944F14B536A0.d.CC81A38FF3EA0111DC8A10B9BB4F034C.e.81"},{"element-6066-11e4-a52e-4f735466cecf":"f.E4201FC7B7A33AD10A1F944F14B536A0.d.CC81A38FF3EA0111DC8A10B9BB4F034C.e.82"},{"element-6066-11e4-a52e-4f735466cecf":"f.E4201FC7B7A33AD10A1F944F14B536A0.d.CC81A38FF3EA0111DC8A10B9BB4F034C.e.83"},{"element-6066-11e4-a52e-4f735466cecf":"f.E4201FC7B7A33AD10A1F944F14B536A0.d.CC81A38FF3EA0111DC8A10B9BB4F034C.e.84"},{"element-6066-11e4-a52e-4f735466cecf":"f.E4201FC7B7A33AD10A1F944F14B536A0.d.CC81A38FF3EA0111DC8A10B9BB4F034C.e.85"},{"element-6066-11e4-a52e-4f735466cecf":"f.E4201FC7B7A33AD10A1F944F14B536A0.d.CC81A38FF3EA0111DC8A10B9BB4F034C.e.86"},{"element-6066-11e4-a52e-4f735466cecf":"f.E4201FC7B7A33AD10A1F944F14B536A0.d.CC81A38FF3EA0111DC8A10B9BB4F034C.e.87"},{"element-6066-11e4-a52e-4f735466cecf":"f.E4201FC7B7A33AD10A1F944F14B536A0.d.CC81A38FF3EA0111DC8A10B9BB4F034C.e.88"},{"element-6066-11e4-a52e-4f735466cecf":"f.E4201FC7B7A33AD10A1F944F14B536A0.d.CC81A38FF3EA0111DC8A10B9BB4F034C.e.89"},{"element-6066-11e4-a52e-4f735466cecf":"f.E4201FC7B7A33AD10A1F944F14B536A0.d.CC81A38FF3EA0111DC8A10B9BB4F034C.e.90"},{"element-6066-11e4-a52e-4f735466cecf":"f.E4201FC7B7A33AD10A1F944F14B536A0.d.CC81A38FF3EA0111DC8A10B9BB4F034C.e.91"},{"element-6066-11e4-a52e-4f735466cecf":"f.E4201FC7B7A33AD10A1F944F14B536A0.d.CC81A38FF3EA0111DC8A10B9BB4F034C.e.92"},{"element-6066-11e4-a52e-4f735466cecf":"f.E4201FC7B7A33AD10A1F944F14B536A0.d.CC81A38FF3EA0111DC8A10B9BB4F034C.e.93"},{"element-6066-11e4-a52e-4f735466cecf":"f.E4201FC7B7A33AD10A1F944F14B536A0.d.CC81A38FF3EA0111DC8A10B9BB4F034C.e.94"}]} | headers=HTTPHeaderDict({'Content-Length': '3638', 'Content-Type': 'application/json; charset=utf-8', 'cache-control': 'no-cache'})
2026-01-25 13:44:14,057 - selenium.webdriver.remote.remote_connection - DEBUG - Finished Request
2026-01-25 13:44:14,057 - selenium.webdriver.remote.remote_connection - DEBUG - GET http://localhost:64150/session/5e03c61c1531a1aebcba900475ff8e35/element/f.E4201FC7B7A33AD10A1F944F14B536A0.d.CC81A38FF3EA0111DC8A10B9BB4F034C.e.64/text {}
2026-01-25 13:44:14,066 - urllib3.connectionpool - DEBUG - http://localhost:64150 "GET /session/5e03c61c1531a1aebcba900475ff8e35/element/f.E4201FC7B7A33AD10A1F944F14B536A0.d.CC81A38FF3EA0111DC8A10B9BB4F034C.e.64/text HTTP/1.1" 200 0
2026-01-25 13:44:14,066 - selenium.webdriver.remote.remote_connection - DEBUG - Remote response: status=200 | data={"value":""} | headers=HTTPHeaderDict({'Content-Length': '12', 'Content-Type': 'application/json; charset=utf-8', 'cache-control': 'no-cache'})
2026-01-25 13:44:14,066 - selenium.webdriver.remote.remote_connection - DEBUG - Finished Request
2026-01-25 13:44:14,066 - selenium.webdriver.remote.remote_connection - DEBUG - GET http://localhost:64150/session/5e03c61c1531a1aebcba900475ff8e35/element/f.E4201FC7B7A33AD10A1F944F14B536A0.d.CC81A38FF3EA0111DC8A10B9BB4F034C.e.65/text {}
2026-01-25 13:44:14,070 - urllib3.connectionpool - DEBUG - http://localhost:64150 "GET /session/5e03c61c1531a1aebcba900475ff8e35/element/f.E4201FC7B7A33AD10A1F944F14B536A0.d.CC81A38FF3EA0111DC8A10B9BB4F034C.e.65/text HTTP/1.1" 200 0
2026-01-25 13:44:14,070 - selenium.webdriver.remote.remote_connection - DEBUG - Remote response: status=200 | data={"value":""} | headers=HTTPHeaderDict({'Content-Length': '12', 'Content-Type': 'application/json; charset=utf-8', 'cache-control': 'no-cache'})
2026-01-25 13:44:14,070 - selenium.webdriver.remote.remote_connection - DEBUG - Finished Request
2026-01-25 13:44:14,070 - selenium.webdriver.remote.remote_connection - DEBUG - GET http://localhost:64150/session/5e03c61c1531a1aebcba900475ff8e35/element/f.E4201FC7B7A33AD10A1F944F14B536A0.d.CC81A38FF3EA0111DC8A10B9BB4F034C.e.66/text {}
2026-01-25 13:44:14,072 - urllib3.connectionpool - DEBUG - http://localhost:64150 "GET /session/5e03c61c1531a1aebcba900475ff8e35/element/f.E4201FC7B7A33AD10A1F944F14B536A0.d.CC81A38FF3EA0111DC8A10B9BB4F034C.e.66/text HTTP/1.1" 200 0
2026-01-25 13:44:14,072 - selenium.webdriver.remote.remote_connection - DEBUG - Remote response: status=200 | data={"value":""} | headers=HTTPHeaderDict({'Content-Length': '12', 'Content-Type': 'application/json; charset=utf-8', 'cache-control': 'no-cache'})
2026-01-25 13:44:14,072 - selenium.webdriver.remote.remote_connection - DEBUG - Finished Request
2026-01-25 13:44:14,072 - selenium.webdriver.remote.remote_connection - DEBUG - GET http://localhost:64150/session/5e03c61c1531a1aebcba900475ff8e35/element/f.E4201FC7B7A33AD10A1F944F14B536A0.d.CC81A38FF3EA0111DC8A10B9BB4F034C.e.67/text {}
2026-01-25 13:44:14,075 - urllib3.connectionpool - DEBUG - http://localhost:64150 "GET /session/5e03c61c1531a1aebcba900475ff8e35/element/f.E4201FC7B7A33AD10A1F944F14B536A0.d.CC81A38FF3EA0111DC8A10B9BB4F034C.e.67/text HTTP/1.1" 200 0
2026-01-25 13:44:14,075 - selenium.webdriver.remote.remote_connection - DEBUG - Remote response: status=200 | data={"value":""} | headers=HTTPHeaderDict({'Content-Length': '12', 'Content-Type': 'application/json; charset=utf-8', 'cache-control': 'no-cache'})
2026-01-25 13:44:14,075 - selenium.webdriver.remote.remote_connection - DEBUG - Finished Request
2026-01-25 13:44:14,075 - selenium.webdriver.remote.remote_connection - DEBUG - GET http://localhost:64150/session/5e03c61c1531a1aebcba900475ff8e35/element/f.E4201FC7B7A33AD10A1F944F14B536A0.d.CC81A38FF3EA0111DC8A10B9BB4F034C.e.68/text {}
2026-01-25 13:44:14,078 - urllib3.connectionpool - DEBUG - http://localhost:64150 "GET /session/5e03c61c1531a1aebcba900475ff8e35/element/f.E4201FC7B7A33AD10A1F944F14B536A0.d.CC81A38FF3EA0111DC8A10B9BB4F034C.e.68/text HTTP/1.1" 200 0
2026-01-25 13:44:14,078 - selenium.webdriver.remote.remote_connection - DEBUG - Remote response: status=200 | data={"value":""} | headers=HTTPHeaderDict({'Content-Length': '12', 'Content-Type': 'application/json; charset=utf-8', 'cache-control': 'no-cache'})
2026-01-25 13:44:14,078 - selenium.webdriver.remote.remote_connection - DEBUG - Finished Request
2026-01-25 13:44:14,078 - selenium.webdriver.remote.remote_connection - DEBUG - GET http://localhost:64150/session/5e03c61c1531a1aebcba900475ff8e35/element/f.E4201FC7B7A33AD10A1F944F14B536A0.d.CC81A38FF3EA0111DC8A10B9BB4F034C.e.69/text {}
2026-01-25 13:44:14,081 - urllib3.connectionpool - DEBUG - http://localhost:64150 "GET /session/5e03c61c1531a1aebcba900475ff8e35/element/f.E4201FC7B7A33AD10A1F944F14B536A0.d.CC81A38FF3EA0111DC8A10B9BB4F034C.e.69/text HTTP/1.1" 200 0
2026-01-25 13:44:14,081 - selenium.webdriver.remote.remote_connection - DEBUG - Remote response: status=200 | data={"value":""} | headers=HTTPHeaderDict({'Content-Length': '12', 'Content-Type': 'application/json; charset=utf-8', 'cache-control': 'no-cache'})
2026-01-25 13:44:14,081 - selenium.webdriver.remote.remote_connection - DEBUG - Finished Request
2026-01-25 13:44:14,081 - selenium.webdriver.remote.remote_connection - DEBUG - GET http://localhost:64150/session/5e03c61c1531a1aebcba900475ff8e35/element/f.E4201FC7B7A33AD10A1F944F14B536A0.d.CC81A38FF3EA0111DC8A10B9BB4F034C.e.70/text {}
2026-01-25 13:44:14,084 - urllib3.connectionpool - DEBUG - http://localhost:64150 "GET /session/5e03c61c1531a1aebcba900475ff8e35/element/f.E4201FC7B7A33AD10A1F944F14B536A0.d.CC81A38FF3EA0111DC8A10B9BB4F034C.e.70/text HTTP/1.1" 200 0
2026-01-25 13:44:14,084 - selenium.webdriver.remote.remote_connection - DEBUG - Remote response: status=200 | data={"value":"Planning Division"} | headers=HTTPHeaderDict({'Content-Length': '29', 'Content-Type': 'application/json; charset=utf-8', 'cache-control': 'no-cache'})
2026-01-25 13:44:14,084 - selenium.webdriver.remote.remote_connection - DEBUG - Finished Request
2026-01-25 13:44:14,084 - selenium.webdriver.remote.remote_connection - DEBUG - GET http://localhost:64150/session/5e03c61c1531a1aebcba900475ff8e35/element/f.E4201FC7B7A33AD10A1F944F14B536A0.d.CC81A38FF3EA0111DC8A10B9BB4F034C.e.71/text {}
2026-01-25 13:44:14,087 - urllib3.connectionpool - DEBUG - http://localhost:64150 "GET /session/5e03c61c1531a1aebcba900475ff8e35/element/f.E4201FC7B7A33AD10A1F944F14B536A0.d.CC81A38FF3EA0111DC8A10B9BB4F034C.e.71/text HTTP/1.1" 200 0
2026-01-25 13:44:14,087 - selenium.webdriver.remote.remote_connection - DEBUG - Remote response: status=200 | data={"value":"Accessory Dwelling Units"} | headers=HTTPHeaderDict({'Content-Length': '36', 'Content-Type': 'application/json; charset=utf-8', 'cache-control': 'no-cache'})
2026-01-25 13:44:14,087 - selenium.webdriver.remote.remote_connection - DEBUG - Finished Request
2026-01-25 13:44:14,087 - selenium.webdriver.remote.remote_connection - DEBUG - GET http://localhost:64150/session/5e03c61c1531a1aebcba900475ff8e35/element/f.E4201FC7B7A33AD10A1F944F14B536A0.d.CC81A38FF3EA0111DC8A10B9BB4F034C.e.72/text {}
2026-01-25 13:44:14,090 - urllib3.connectionpool - DEBUG - http://localhost:64150 "GET /session/5e03c61c1531a1aebcba900475ff8e35/element/f.E4201FC7B7A33AD10A1F944F14B536A0.d.CC81A38FF3EA0111DC8A10B9BB4F034C.e.72/text HTTP/1.1" 200 0
2026-01-25 13:44:14,090 - selenium.webdriver.remote.remote_connection - DEBUG - Remote response: status=200 | data={"value":"Bid/Proposal Documents"} | headers=HTTPHeaderDict({'Content-Length': '34', 'Content-Type': 'application/json; charset=utf-8', 'cache-control': 'no-cache'})
2026-01-25 13:44:14,090 - selenium.webdriver.remote.remote_connection - DEBUG - Finished Request
2026-01-25 13:44:14,090 - selenium.webdriver.remote.remote_connection - DEBUG - GET http://localhost:64150/session/5e03c61c1531a1aebcba900475ff8e35/element/f.E4201FC7B7A33AD10A1F944F14B536A0.d.CC81A38FF3EA0111DC8A10B9BB4F034C.e.73/text {}
2026-01-25 13:44:14,093 - urllib3.connectionpool - DEBUG - http://localhost:64150 "GET /session/5e03c61c1531a1aebcba900475ff8e35/element/f.E4201FC7B7A33AD10A1F944F14B536A0.d.CC81A38FF3EA0111DC8A10B9BB4F034C.e.73/text HTTP/1.1" 200 0
2026-01-25 13:44:14,093 - selenium.webdriver.remote.remote_connection - DEBUG - Remote response: status=200 | data={"value":"Documents"} | headers=HTTPHeaderDict({'Content-Length': '21', 'Content-Type': 'application/json; charset=utf-8', 'cache-control': 'no-cache'})
2026-01-25 13:44:14,093 - selenium.webdriver.remote.remote_connection - DEBUG - Finished Request
2026-01-25 13:44:14,093 - selenium.webdriver.remote.remote_connection - DEBUG - GET http://localhost:64150/session/5e03c61c1531a1aebcba900475ff8e35/element/f.E4201FC7B7A33AD10A1F944F14B536A0.d.CC81A38FF3EA0111DC8A10B9BB4F034C.e.74/text {}
2026-01-25 13:44:14,095 - urllib3.connectionpool - DEBUG - http://localhost:64150 "GET /session/5e03c61c1531a1aebcba900475ff8e35/element/f.E4201FC7B7A33AD10A1F944F14B536A0.d.CC81A38FF3EA0111DC8A10B9BB4F034C.e.74/text HTTP/1.1" 200 0
2026-01-25 13:44:14,095 - selenium.webdriver.remote.remote_connection - DEBUG - Remote response: status=200 | data={"value":"Forms and Handouts"} | headers=HTTPHeaderDict({'Content-Length': '30', 'Content-Type': 'application/json; charset=utf-8', 'cache-control': 'no-cache'})
2026-01-25 13:44:14,095 - selenium.webdriver.remote.remote_connection - DEBUG - Finished Request
2026-01-25 13:44:14,095 - selenium.webdriver.remote.remote_connection - DEBUG - GET http://localhost:64150/session/5e03c61c1531a1aebcba900475ff8e35/element/f.E4201FC7B7A33AD10A1F944F14B536A0.d.CC81A38FF3EA0111DC8A10B9BB4F034C.e.75/text {}
2026-01-25 13:44:14,097 - urllib3.connectionpool - DEBUG - http://localhost:64150 "GET /session/5e03c61c1531a1aebcba900475ff8e35/element/f.E4201FC7B7A33AD10A1F944F14B536A0.d.CC81A38FF3EA0111DC8A10B9BB4F034C.e.75/text HTTP/1.1" 200 0
2026-01-25 13:44:14,097 - selenium.webdriver.remote.remote_connection - DEBUG - Remote response: status=200 | data={"value":"Housing Resources"} | headers=HTTPHeaderDict({'Content-Length': '29', 'Content-Type': 'application/json; charset=utf-8', 'cache-control': 'no-cache'})
2026-01-25 13:44:14,098 - selenium.webdriver.remote.remote_connection - DEBUG - Finished Request
2026-01-25 13:44:14,098 - selenium.webdriver.remote.remote_connection - DEBUG - GET http://localhost:64150/session/5e03c61c1531a1aebcba900475ff8e35/element/f.E4201FC7B7A33AD10A1F944F14B536A0.d.CC81A38FF3EA0111DC8A10B9BB4F034C.e.76/text {}
2026-01-25 13:44:14,100 - urllib3.connectionpool - DEBUG - http://localhost:64150 "GET /session/5e03c61c1531a1aebcba900475ff8e35/element/f.E4201FC7B7A33AD10A1F944F14B536A0.d.CC81A38FF3EA0111DC8A10B9BB4F034C.e.76/text HTTP/1.1" 200 0
2026-01-25 13:44:14,100 - selenium.webdriver.remote.remote_connection - DEBUG - Remote response: status=200 | data={"value":"Planning Commission Agenda"} | headers=HTTPHeaderDict({'Content-Length': '38', 'Content-Type': 'application/json; charset=utf-8', 'cache-control': 'no-cache'})
2026-01-25 13:44:14,100 - selenium.webdriver.remote.remote_connection - DEBUG - Finished Request
2026-01-25 13:44:14,100 - selenium.webdriver.remote.remote_connection - DEBUG - GET http://localhost:64150/session/5e03c61c1531a1aebcba900475ff8e35/element/f.E4201FC7B7A33AD10A1F944F14B536A0.d.CC81A38FF3EA0111DC8A10B9BB4F034C.e.77/text {}
2026-01-25 13:44:14,103 - urllib3.connectionpool - DEBUG - http://localhost:64150 "GET /session/5e03c61c1531a1aebcba900475ff8e35/element/f.E4201FC7B7A33AD10A1F944F14B536A0.d.CC81A38FF3EA0111DC8A10B9BB4F034C.e.77/text HTTP/1.1" 200 0
2026-01-25 13:44:14,103 - selenium.webdriver.remote.remote_connection - DEBUG - Remote response: status=200 | data={"value":"Planning Commission Meetings"} | headers=HTTPHeaderDict({'Content-Length': '40', 'Content-Type': 'application/json; charset=utf-8', 'cache-control': 'no-cache'})
2026-01-25 13:44:14,103 - selenium.webdriver.remote.remote_connection - DEBUG - Finished Request
2026-01-25 13:44:14,103 - selenium.webdriver.remote.remote_connection - DEBUG - GET http://localhost:64150/session/5e03c61c1531a1aebcba900475ff8e35/element/f.E4201FC7B7A33AD10A1F944F14B536A0.d.CC81A38FF3EA0111DC8A10B9BB4F034C.e.78/text {}
2026-01-25 13:44:14,106 - urllib3.connectionpool - DEBUG - http://localhost:64150 "GET /session/5e03c61c1531a1aebcba900475ff8e35/element/f.E4201FC7B7A33AD10A1F944F14B536A0.d.CC81A38FF3EA0111DC8A10B9BB4F034C.e.78/text HTTP/1.1" 200 0
2026-01-25 13:44:14,106 - selenium.webdriver.remote.remote_connection - DEBUG - Remote response: status=200 | data={"value":"2022 - 2030 Housing Element"} | headers=HTTPHeaderDict({'Content-Length': '39', 'Content-Type': 'application/json; charset=utf-8', 'cache-control': 'no-cache'})
2026-01-25 13:44:14,106 - selenium.webdriver.remote.remote_connection - DEBUG - Finished Request
2026-01-25 13:44:14,106 - selenium.webdriver.remote.remote_connection - DEBUG - GET http://localhost:64150/session/5e03c61c1531a1aebcba900475ff8e35/element/f.E4201FC7B7A33AD10A1F944F14B536A0.d.CC81A38FF3EA0111DC8A10B9BB4F034C.e.79/text {}
2026-01-25 13:44:14,109 - urllib3.connectionpool - DEBUG - http://localhost:64150 "GET /session/5e03c61c1531a1aebcba900475ff8e35/element/f.E4201FC7B7A33AD10A1F944F14B536A0.d.CC81A38FF3EA0111DC8A10B9BB4F034C.e.79/text HTTP/1.1" 200 0
2026-01-25 13:44:14,109 - selenium.webdriver.remote.remote_connection - DEBUG - Remote response: status=200 | data={"value":"2022 - 2030 Housing Element Information"} | headers=HTTPHeaderDict({'Content-Length': '51', 'Content-Type': 'application/json; charset=utf-8', 'cache-control': 'no-cache'})
2026-01-25 13:44:14,109 - selenium.webdriver.remote.remote_connection - DEBUG - Finished Request
2026-01-25 13:44:14,109 - selenium.webdriver.remote.remote_connection - DEBUG - GET http://localhost:64150/session/5e03c61c1531a1aebcba900475ff8e35/element/f.E4201FC7B7A33AD10A1F944F14B536A0.d.CC81A38FF3EA0111DC8A10B9BB4F034C.e.80/text {}
2026-01-25 13:44:14,112 - urllib3.connectionpool - DEBUG - http://localhost:64150 "GET /session/5e03c61c1531a1aebcba900475ff8e35/element/f.E4201FC7B7A33AD10A1F944F14B536A0.d.CC81A38FF3EA0111DC8A10B9BB4F034C.e.80/text HTTP/1.1" 200 0
2026-01-25 13:44:14,112 - selenium.webdriver.remote.remote_connection - DEBUG - Remote response: status=200 | data={"value":"SB 35 Streamlined Multifamily Review and SB 330 Preliminary Application"} | headers=HTTPHeaderDict({'Content-Length': '83', 'Content-Type': 'application/json; charset=utf-8', 'cache-control': 'no-cache'})
2026-01-25 13:44:14,112 - selenium.webdriver.remote.remote_connection - DEBUG - Finished Request
2026-01-25 13:44:14,112 - selenium.webdriver.remote.remote_connection - DEBUG - GET http://localhost:64150/session/5e03c61c1531a1aebcba900475ff8e35/element/f.E4201FC7B7A33AD10A1F944F14B536A0.d.CC81A38FF3EA0111DC8A10B9BB4F034C.e.81/text {}
2026-01-25 13:44:14,114 - urllib3.connectionpool - DEBUG - http://localhost:64150 "GET /session/5e03c61c1531a1aebcba900475ff8e35/element/f.E4201FC7B7A33AD10A1F944F14B536A0.d.CC81A38FF3EA0111DC8A10B9BB4F034C.e.81/text HTTP/1.1" 200 0
2026-01-25 13:44:14,115 - selenium.webdriver.remote.remote_connection - DEBUG - Remote response: status=200 | data={"value":"Website Links"} | headers=HTTPHeaderDict({'Content-Length': '25', 'Content-Type': 'application/json; charset=utf-8', 'cache-control': 'no-cache'})
2026-01-25 13:44:14,115 - selenium.webdriver.remote.remote_connection - DEBUG - Finished Request
2026-01-25 13:44:14,115 - selenium.webdriver.remote.remote_connection - DEBUG - GET http://localhost:64150/session/5e03c61c1531a1aebcba900475ff8e35/element/f.E4201FC7B7A33AD10A1F944F14B536A0.d.CC81A38FF3EA0111DC8A10B9BB4F034C.e.82/text {}
2026-01-25 13:44:14,117 - urllib3.connectionpool - DEBUG - http://localhost:64150 "GET /session/5e03c61c1531a1aebcba900475ff8e35/element/f.E4201FC7B7A33AD10A1F944F14B536A0.d.CC81A38FF3EA0111DC8A10B9BB4F034C.e.82/text HTTP/1.1" 200 0
2026-01-25 13:44:14,117 - selenium.webdriver.remote.remote_connection - DEBUG - Remote response: status=200 | data={"value":""} | headers=HTTPHeaderDict({'Content-Length': '12', 'Content-Type': 'application/json; charset=utf-8', 'cache-control': 'no-cache'})
2026-01-25 13:44:14,117 - selenium.webdriver.remote.remote_connection - DEBUG - Finished Request
2026-01-25 13:44:14,117 - selenium.webdriver.remote.remote_connection - DEBUG - GET http://localhost:64150/session/5e03c61c1531a1aebcba900475ff8e35/element/f.E4201FC7B7A33AD10A1F944F14B536A0.d.CC81A38FF3EA0111DC8A10B9BB4F034C.e.83/text {}
2026-01-25 13:44:14,120 - urllib3.connectionpool - DEBUG - http://localhost:64150 "GET /session/5e03c61c1531a1aebcba900475ff8e35/element/f.E4201FC7B7A33AD10A1F944F14B536A0.d.CC81A38FF3EA0111DC8A10B9BB4F034C.e.83/text HTTP/1.1" 200 0
2026-01-25 13:44:14,120 - selenium.webdriver.remote.remote_connection - DEBUG - Remote response: status=200 | data={"value":"planning@co.del-norte.ca.us"} | headers=HTTPHeaderDict({'Content-Length': '39', 'Content-Type': 'application/json; charset=utf-8', 'cache-control': 'no-cache'})
2026-01-25 13:44:14,120 - selenium.webdriver.remote.remote_connection - DEBUG - Finished Request
2026-01-25 13:44:14,120 - selenium.webdriver.remote.remote_connection - DEBUG - GET http://localhost:64150/session/5e03c61c1531a1aebcba900475ff8e35/element/f.E4201FC7B7A33AD10A1F944F14B536A0.d.CC81A38FF3EA0111DC8A10B9BB4F034C.e.84/text {}
2026-01-25 13:44:14,123 - urllib3.connectionpool - DEBUG - http://localhost:64150 "GET /session/5e03c61c1531a1aebcba900475ff8e35/element/f.E4201FC7B7A33AD10A1F944F14B536A0.d.CC81A38FF3EA0111DC8A10B9BB4F034C.e.84/text HTTP/1.1" 200 0
2026-01-25 13:44:14,123 - selenium.webdriver.remote.remote_connection - DEBUG - Remote response: status=200 | data={"value":"Phone (707) 464-7254"} | headers=HTTPHeaderDict({'Content-Length': '32', 'Content-Type': 'application/json; charset=utf-8', 'cache-control': 'no-cache'})
2026-01-25 13:44:14,123 - selenium.webdriver.remote.remote_connection - DEBUG - Finished Request
2026-01-25 13:44:14,123 - selenium.webdriver.remote.remote_connection - DEBUG - GET http://localhost:64150/session/5e03c61c1531a1aebcba900475ff8e35/element/f.E4201FC7B7A33AD10A1F944F14B536A0.d.CC81A38FF3EA0111DC8A10B9BB4F034C.e.85/text {}
2026-01-25 13:44:14,126 - urllib3.connectionpool - DEBUG - http://localhost:64150 "GET /session/5e03c61c1531a1aebcba900475ff8e35/element/f.E4201FC7B7A33AD10A1F944F14B536A0.d.CC81A38FF3EA0111DC8A10B9BB4F034C.e.85/text HTTP/1.1" 200 0
2026-01-25 13:44:14,126 - selenium.webdriver.remote.remote_connection - DEBUG - Remote response: status=200 | data={"value":"Get Directions"} | headers=HTTPHeaderDict({'Content-Length': '26', 'Content-Type': 'application/json; charset=utf-8', 'cache-control': 'no-cache'})
2026-01-25 13:44:14,126 - selenium.webdriver.remote.remote_connection - DEBUG - Finished Request
2026-01-25 13:44:14,126 - selenium.webdriver.remote.remote_connection - DEBUG - GET http://localhost:64150/session/5e03c61c1531a1aebcba900475ff8e35/element/f.E4201FC7B7A33AD10A1F944F14B536A0.d.CC81A38FF3EA0111DC8A10B9BB4F034C.e.86/text {}
2026-01-25 13:44:14,128 - urllib3.connectionpool - DEBUG - http://localhost:64150 "GET /session/5e03c61c1531a1aebcba900475ff8e35/element/f.E4201FC7B7A33AD10A1F944F14B536A0.d.CC81A38FF3EA0111DC8A10B9BB4F034C.e.86/text HTTP/1.1" 200 0
2026-01-25 13:44:14,128 - selenium.webdriver.remote.remote_connection - DEBUG - Remote response: status=200 | data={"value":"Home"} | headers=HTTPHeaderDict({'Content-Length': '16', 'Content-Type': 'application/json; charset=utf-8', 'cache-control': 'no-cache'})
2026-01-25 13:44:14,128 - selenium.webdriver.remote.remote_connection - DEBUG - Finished Request
2026-01-25 13:44:14,128 - selenium.webdriver.remote.remote_connection - DEBUG - GET http://localhost:64150/session/5e03c61c1531a1aebcba900475ff8e35/element/f.E4201FC7B7A33AD10A1F944F14B536A0.d.CC81A38FF3EA0111DC8A10B9BB4F034C.e.87/text {}
2026-01-25 13:44:14,130 - urllib3.connectionpool - DEBUG - http://localhost:64150 "GET /session/5e03c61c1531a1aebcba900475ff8e35/element/f.E4201FC7B7A33AD10A1F944F14B536A0.d.CC81A38FF3EA0111DC8A10B9BB4F034C.e.87/text HTTP/1.1" 200 0
2026-01-25 13:44:14,131 - selenium.webdriver.remote.remote_connection - DEBUG - Remote response: status=200 | data={"value":"Departments"} | headers=HTTPHeaderDict({'Content-Length': '23', 'Content-Type': 'application/json; charset=utf-8', 'cache-control': 'no-cache'})
2026-01-25 13:44:14,131 - selenium.webdriver.remote.remote_connection - DEBUG - Finished Request
2026-01-25 13:44:14,131 - selenium.webdriver.remote.remote_connection - DEBUG - GET http://localhost:64150/session/5e03c61c1531a1aebcba900475ff8e35/element/f.E4201FC7B7A33AD10A1F944F14B536A0.d.CC81A38FF3EA0111DC8A10B9BB4F034C.e.88/text {}
2026-01-25 13:44:14,134 - urllib3.connectionpool - DEBUG - http://localhost:64150 "GET /session/5e03c61c1531a1aebcba900475ff8e35/element/f.E4201FC7B7A33AD10A1F944F14B536A0.d.CC81A38FF3EA0111DC8A10B9BB4F034C.e.88/text HTTP/1.1" 200 0
2026-01-25 13:44:14,134 - selenium.webdriver.remote.remote_connection - DEBUG - Remote response: status=200 | data={"value":"Planning Division"} | headers=HTTPHeaderDict({'Content-Length': '29', 'Content-Type': 'application/json; charset=utf-8', 'cache-control': 'no-cache'})
2026-01-25 13:44:14,134 - selenium.webdriver.remote.remote_connection - DEBUG - Finished Request
2026-01-25 13:44:14,134 - selenium.webdriver.remote.remote_connection - DEBUG - GET http://localhost:64150/session/5e03c61c1531a1aebcba900475ff8e35/element/f.E4201FC7B7A33AD10A1F944F14B536A0.d.CC81A38FF3EA0111DC8A10B9BB4F034C.e.89/text {}
2026-01-25 13:44:14,136 - urllib3.connectionpool - DEBUG - http://localhost:64150 "GET /session/5e03c61c1531a1aebcba900475ff8e35/element/f.E4201FC7B7A33AD10A1F944F14B536A0.d.CC81A38FF3EA0111DC8A10B9BB4F034C.e.89/text HTTP/1.1" 200 0
2026-01-25 13:44:14,136 - selenium.webdriver.remote.remote_connection - DEBUG - Remote response: status=200 | data={"value":"Environmental Review Committee (ERC) Deadlines"} | headers=HTTPHeaderDict({'Content-Length': '58', 'Content-Type': 'application/json; charset=utf-8', 'cache-control': 'no-cache'})
2026-01-25 13:44:14,136 - selenium.webdriver.remote.remote_connection - DEBUG - Finished Request
2026-01-25 13:44:14,136 - selenium.webdriver.remote.remote_connection - DEBUG - GET http://localhost:64150/session/5e03c61c1531a1aebcba900475ff8e35/element/f.E4201FC7B7A33AD10A1F944F14B536A0.d.CC81A38FF3EA0111DC8A10B9BB4F034C.e.90/text {}
2026-01-25 13:44:14,139 - urllib3.connectionpool - DEBUG - http://localhost:64150 "GET /session/5e03c61c1531a1aebcba900475ff8e35/element/f.E4201FC7B7A33AD10A1F944F14B536A0.d.CC81A38FF3EA0111DC8A10B9BB4F034C.e.90/text HTTP/1.1" 200 0
2026-01-25 13:44:14,139 - selenium.webdriver.remote.remote_connection - DEBUG - Remote response: status=200 | data={"value":"Planning Commission Public Comment"} | headers=HTTPHeaderDict({'Content-Length': '46', 'Content-Type': 'application/json; charset=utf-8', 'cache-control': 'no-cache'})
2026-01-25 13:44:14,139 - selenium.webdriver.remote.remote_connection - DEBUG - Finished Request
2026-01-25 13:44:14,139 - selenium.webdriver.remote.remote_connection - DEBUG - GET http://localhost:64150/session/5e03c61c1531a1aebcba900475ff8e35/element/f.E4201FC7B7A33AD10A1F944F14B536A0.d.CC81A38FF3EA0111DC8A10B9BB4F034C.e.91/text {}
2026-01-25 13:44:14,141 - urllib3.connectionpool - DEBUG - http://localhost:64150 "GET /session/5e03c61c1531a1aebcba900475ff8e35/element/f.E4201FC7B7A33AD10A1F944F14B536A0.d.CC81A38FF3EA0111DC8A10B9BB4F034C.e.91/text HTTP/1.1" 200 0
2026-01-25 13:44:14,141 - selenium.webdriver.remote.remote_connection - DEBUG - Remote response: status=200 | data={"value":"981 H Street\nCrescent City, CA 95531"} | headers=HTTPHeaderDict({'Content-Length': '49', 'Content-Type': 'application/json; charset=utf-8', 'cache-control': 'no-cache'})
2026-01-25 13:44:14,141 - selenium.webdriver.remote.remote_connection - DEBUG - Finished Request
2026-01-25 13:44:14,141 - selenium.webdriver.remote.remote_connection - DEBUG - GET http://localhost:64150/session/5e03c61c1531a1aebcba900475ff8e35/element/f.E4201FC7B7A33AD10A1F944F14B536A0.d.CC81A38FF3EA0111DC8A10B9BB4F034C.e.92/text {}
2026-01-25 13:44:14,144 - urllib3.connectionpool - DEBUG - http://localhost:64150 "GET /session/5e03c61c1531a1aebcba900475ff8e35/element/f.E4201FC7B7A33AD10A1F944F14B536A0.d.CC81A38FF3EA0111DC8A10B9BB4F034C.e.92/text HTTP/1.1" 200 0
2026-01-25 13:44:14,144 - selenium.webdriver.remote.remote_connection - DEBUG - Remote response: status=200 | data={"value":"Accessibility"} | headers=HTTPHeaderDict({'Content-Length': '25', 'Content-Type': 'application/json; charset=utf-8', 'cache-control': 'no-cache'})
2026-01-25 13:44:14,144 - selenium.webdriver.remote.remote_connection - DEBUG - Finished Request
2026-01-25 13:44:14,144 - selenium.webdriver.remote.remote_connection - DEBUG - GET http://localhost:64150/session/5e03c61c1531a1aebcba900475ff8e35/element/f.E4201FC7B7A33AD10A1F944F14B536A0.d.CC81A38FF3EA0111DC8A10B9BB4F034C.e.93/text {}
2026-01-25 13:44:14,146 - urllib3.connectionpool - DEBUG - http://localhost:64150 "GET /session/5e03c61c1531a1aebcba900475ff8e35/element/f.E4201FC7B7A33AD10A1F944F14B536A0.d.CC81A38FF3EA0111DC8A10B9BB4F034C.e.93/text HTTP/1.1" 200 0
2026-01-25 13:44:14,146 - selenium.webdriver.remote.remote_connection - DEBUG - Remote response: status=200 | data={"value":"Contact Us"} | headers=HTTPHeaderDict({'Content-Length': '22', 'Content-Type': 'application/json; charset=utf-8', 'cache-control': 'no-cache'})
2026-01-25 13:44:14,147 - selenium.webdriver.remote.remote_connection - DEBUG - Finished Request
2026-01-25 13:44:14,147 - selenium.webdriver.remote.remote_connection - DEBUG - GET http://localhost:64150/session/5e03c61c1531a1aebcba900475ff8e35/element/f.E4201FC7B7A33AD10A1F944F14B536A0.d.CC81A38FF3EA0111DC8A10B9BB4F034C.e.94/text {}
2026-01-25 13:44:14,149 - urllib3.connectionpool - DEBUG - http://localhost:64150 "GET /session/5e03c61c1531a1aebcba900475ff8e35/element/f.E4201FC7B7A33AD10A1F944F14B536A0.d.CC81A38FF3EA0111DC8A10B9BB4F034C.e.94/text HTTP/1.1" 200 0
2026-01-25 13:44:14,149 - selenium.webdriver.remote.remote_connection - DEBUG - Remote response: status=200 | data={"value":"Website By EvoGov"} | headers=HTTPHeaderDict({'Content-Length': '29', 'Content-Type': 'application/json; charset=utf-8', 'cache-control': 'no-cache'})
2026-01-25 13:44:14,149 - selenium.webdriver.remote.remote_connection - DEBUG - Finished Request
2026-01-25 13:44:14,153 - urllib3.connectionpool - DEBUG - Starting new HTTPS connection (1): gis.conservation.ca.gov:443
2026-01-25 13:44:14,332 - urllib3.connectionpool - DEBUG - https://gis.conservation.ca.gov:443 "GET /server/rest/services/DLRP/Farmland_Mapping_and_Monitoring_Program/FeatureServer/0/query?where=COUNTY%3D15&outFields=%2A&returnGeometry=true&f=geojson&geometryPrecision=6 HTTP/1.1" 404 None
2026-01-25 13:44:14,333 - urllib3.connectionpool - DEBUG - Starting new HTTPS connection (1): data.ca.gov:443
2026-01-25 13:44:14,659 - urllib3.connectionpool - DEBUG - https://data.ca.gov:443 "GET /api/3/action/package_show?id=zoning-data HTTP/1.1" 404 None
2026-01-25 13:44:14,659 - cascadia.data.real_data_acquisition - ERROR - ⚠️  FALLBACK DATA USED - Module: real_data_acquisition
2026-01-25 13:44:14,659 - cascadia.data.real_data_acquisition - ERROR -    Original Source: zoning_data_acquisition
2026-01-25 13:44:14,659 - cascadia.data.real_data_acquisition - ERROR -    Fallback Reason: No real zoning data available
2026-01-25 13:44:14,659 - cascadia.data.real_data_acquisition - ERROR -    Fallback Type: synthetic_zoning
2026-01-25 13:44:14,659 - cascadia.data.real_data_acquisition - ERROR -    Limitations: ['Using generated test data', 'No real zoning boundaries']
2026-01-25 13:44:15,070 - pyogrio._io - INFO - Created 50 records
2026-01-25 13:44:15,070 - __main__ - INFO - ⚠️ Using synthetic data for zoning
2026-01-25 13:44:15,070 - cascadia.processing.data_manager - INFO - 🚀 PROCESSING START - Data Acquisition
2026-01-25 13:44:15,070 - cascadia.processing.data_manager - INFO -    Module: data_manager
2026-01-25 13:44:15,070 - cascadia.processing.data_manager - INFO -    Parameters: {'module': 'zoning', 'force_refresh': False}
2026-01-25 13:44:15,070 - cascadia.processing.data_manager - INFO -    Step: Data Acquisition
2026-01-25 13:44:15,070 - cascadia.processing.data_manager - INFO -      action: calling_data_source_func
2026-01-25 13:44:15,070 - cascadia.processing.data_manager - INFO -      module: zoning
2026-01-25 13:44:15,070 - zoning.geo_infer_zoning - INFO - [zoning] 🔍 Acquiring raw zoning data...
2026-01-25 13:44:15,070 - zoning.geo_infer_zoning - WARNING - [zoning] ⚠️ No zoning data found, creating synthetic data...
2026-01-25 13:44:15,070 - zoning.geo_infer_zoning - INFO - Creating synthetic Del Norte County zoning data for testing...
2026-01-25 13:44:15,072 - pyogrio._io - INFO - Created 6 records
2026-01-25 13:44:15,072 - zoning.geo_infer_zoning - INFO - Created synthetic Del Norte County zoning data with 6 features
2026-01-25 13:44:15,075 - pyogrio._io - INFO - Created 6 records
2026-01-25 13:44:15,076 - cascadia.processing.data_manager - INFO - 🚀 PROCESSING START - Data Validation and Storage
2026-01-25 13:44:15,076 - cascadia.processing.data_manager - INFO -    Module: data_manager
2026-01-25 13:44:15,076 - cascadia.processing.data_manager - INFO -    Parameters: {'module': 'zoning', 'raw_path': 'test_output/zoning/data/raw/raw_zoning_data.geojson'}
2026-01-25 13:44:15,077 - utils.enhanced_data_manager - INFO - 🗺️  GEODATAFRAME SUMMARY - zoning_raw_data
2026-01-25 13:44:15,078 - utils.enhanced_data_manager - INFO -    Shape: (6, 4)
2026-01-25 13:44:15,078 - utils.enhanced_data_manager - INFO -    CRS: EPSG:4326
2026-01-25 13:44:15,078 - utils.enhanced_data_manager - INFO -    Geometry Type: ['Polygon']
2026-01-25 13:44:15,078 - utils.enhanced_data_manager - INFO -    Bounds: [-124.3   41.4 -123.6   42. ]
2026-01-25 13:44:15,127 - utils.enhanced_data_manager - INFO -    Total Area: 2587.41 km²
2026-01-25 13:44:15,127 - utils.enhanced_data_manager - INFO - 📋 DATAFRAME SUMMARY - zoning_raw_data
2026-01-25 13:44:15,127 - utils.enhanced_data_manager - INFO -    Shape: (6, 4)
2026-01-25 13:44:15,128 - utils.enhanced_data_manager - INFO -    Memory Usage: 0.00 MB
2026-01-25 13:44:15,128 - utils.enhanced_data_manager - INFO -    Columns: ['CI_CLASSNM', 'source', 'county', 'geometry']
2026-01-25 13:44:15,128 - utils.enhanced_data_manager - INFO -    Data Types: {'CI_CLASSNM': dtype('O'), 'source': dtype('O'), 'county': dtype('O'), 'geometry': <geopandas.array.GeometryDtype object at 0x10bc96fc0>}
2026-01-25 13:44:15,129 - utils.enhanced_data_manager - INFO -    Null Values: {'CI_CLASSNM': 0, 'source': 0, 'county': 0, 'geometry': 0}
2026-01-25 13:44:15,129 - utils.enhanced_data_manager - INFO -    Unique Values (first 5 cols): {'CI_CLASSNM': 6, 'source': 1, 'county': 1, 'geometry': 6}
2026-01-25 13:44:15,132 - cascadia.data.data_manager - INFO - 🔍 DATA VALIDATION - Module: data_manager
2026-01-25 13:44:15,132 - cascadia.data.data_manager - INFO -    Quality Score: 0.97
2026-01-25 13:44:15,132 - cascadia.data.data_manager - INFO -    Validation Results: {'is_valid': np.True_, 'errors': [], 'warnings': ["Column 'source' has only one unique value", "Column 'county' has only one unique value"], 'quality_score': np.float64(0.9714285714285715), 'feature_count': 6, 'geometry_types': ['Polygon'], 'crs': 'EPSG:4326', 'attribute_summary': {'CI_CLASSNM': {'null_count': 0, 'null_percentage': 0.0, 'unique_count': 6, 'data_type': 'object'}, 'source': {'null_count': 0, 'null_percentage': 0.0, 'unique_count': 1, 'data_type': 'object'}, 'county': {'null_count': 0, 'null_percentage': 0.0, 'unique_count': 1, 'data_type': 'object'}}, 'spatial_summary': {'bounds': [-124.3, 41.4, -123.6, 42.0], 'total_area': 0.21000000000000313, 'mean_area': 0.035000000000000524, 'null_geometries': 0, 'invalid_geometries': 0, 'geometry_type_distribution': {'Polygon': 6}}, 'data_quality_metrics': {'completeness_score': np.float64(1.0), 'validity_score': np.float64(1.0), 'consistency_score': 1.0, 'accuracy_score': 0.9}}
2026-01-25 13:44:15,133 - utils.enhanced_data_manager - DEBUG - [zoning] Empirical data analysis: 5/6 indicators (score: 0.83)
2026-01-25 13:44:15,133 - cascadia.data.data_manager - INFO - 📊 REAL DATA ACQUIRED - Module: data_manager
2026-01-25 13:44:15,133 - cascadia.data.data_manager - INFO -    Source URL: test_output/zoning/data/raw/raw_zoning_data.geojson
2026-01-25 13:44:15,133 - cascadia.data.data_manager - INFO -    File Path: test_output/zoning/data/empirical/empirical_zoning_data.geojson
2026-01-25 13:44:15,133 - cascadia.data.data_manager - INFO -    Data Type: Empirical
2026-01-25 13:44:15,133 - cascadia.data.data_manager - INFO -    Row Count: 6
2026-01-25 13:44:15,133 - cascadia.data.data_manager - INFO -    File Size: 0.00 MB
2026-01-25 13:44:15,133 - cascadia.data.data_manager - INFO -    Geometry Types: ['Polygon']
2026-01-25 13:44:15,133 - cascadia.data.data_manager - INFO -    CRS: EPSG:4326
2026-01-25 13:44:15,134 - utils.enhanced_data_manager - ERROR - [zoning] ❌ Data validation error: The truth value of an array with more than one element is ambiguous. Use a.any() or a.all()
2026-01-25 13:44:15,134 - utils.enhanced_data_manager - INFO - [zoning] 🔧 Creating synthetic data...
2026-01-25 13:44:15,135 - pyogrio._io - INFO - Created 2 records
2026-01-25 13:44:15,135 - utils.enhanced_data_manager - INFO - [zoning] ✅ Created synthetic data: test_output/zoning/data/synthetic/synthetic_zoning_data.geojson
2026-01-25 13:44:15,135 - cascadia.processing.data_manager - INFO - ✅ PROCESSING COMPLETE - Data Acquisition
2026-01-25 13:44:15,135 - cascadia.processing.data_manager - INFO -    Duration: 0.07s
2026-01-25 13:44:15,135 - cascadia.processing.data_manager - INFO -    source: new_data
2026-01-25 13:44:15,135 - cascadia.processing.data_manager - INFO -    module: zoning
2026-01-25 13:44:15,135 - cascadia.processing.data_manager - INFO -    path: test_output/zoning/data/synthetic/synthetic_zoning_data.geojson
2026-01-25 13:44:15,135 - cascadia.processing.data_manager - INFO - 🚀 PROCESSING START - H3 Processing
2026-01-25 13:44:15,135 - cascadia.processing.data_manager - INFO -    Module: data_manager
2026-01-25 13:44:15,135 - cascadia.processing.data_manager - INFO -    Parameters: {'module': 'zoning', 'data_path': 'test_output/zoning/data/synthetic/synthetic_zoning_data.geojson', 'target_hexagons_count': 7749}
2026-01-25 13:44:15,135 - cascadia.processing.data_manager - INFO -    Step: H3 Processing
2026-01-25 13:44:15,135 - cascadia.processing.data_manager - INFO -      action: processing_to_h3
2026-01-25 13:44:15,135 - cascadia.processing.data_manager - INFO -      module: zoning
2026-01-25 13:44:15,279 - utils.enhanced_data_manager - INFO - [zoning] ✅ Processed 2 features to 2584 H3 hexagons
2026-01-25 13:44:15,293 - cascadia.data.data_manager - INFO - 🔷 H3 PROCESSING - Module: data_manager
2026-01-25 13:44:15,293 - cascadia.data.data_manager - INFO -    Input Features: 2
2026-01-25 13:44:15,293 - cascadia.data.data_manager - INFO -    Output Hexagons: 2,584
2026-01-25 13:44:15,293 - cascadia.data.data_manager - INFO -    Coverage: 33.3%
2026-01-25 13:44:15,293 - cascadia.data.data_manager - INFO -    Processing Time: 0.16s
2026-01-25 13:44:15,293 - cascadia.processing.data_manager - INFO - ✅ PROCESSING COMPLETE - H3 Processing
2026-01-25 13:44:15,293 - cascadia.processing.data_manager - INFO -    Duration: 0.16s
2026-01-25 13:44:15,293 - cascadia.processing.data_manager - INFO -    source: new_processing
2026-01-25 13:44:15,293 - cascadia.processing.data_manager - INFO -    module: zoning
2026-01-25 13:44:15,293 - cascadia.processing.data_manager - INFO -    input_features: 2
2026-01-25 13:44:15,293 - cascadia.processing.data_manager - INFO -    output_hexagons: 2584
2026-01-25 13:44:15,296 - __main__ - INFO - 📋 zoning data quality: synthetic data only, recommendations: []
2026-01-25 13:44:15,296 - __main__ - INFO - 🔗 Performing enhanced H3 geospatial fusion...
2026-01-25 13:44:15,297 - utils.enhanced_h3_fusion - INFO - Starting enhanced H3 geospatial fusion for 1 data sources
2026-01-25 13:44:15,299 - utils.enhanced_h3_fusion - INFO - Starting batch fusion for 1 data sources
2026-01-25 13:44:15,299 - utils.enhanced_h3_fusion - INFO - [zoning] Starting optimized fusion with 2584 source hexagons
2026-01-25 13:44:15,422 - utils.enhanced_h3_fusion - INFO - [zoning] fused 258/2584 source hexes; matched targets: 1806; rate: 2088.0 hexes/sec
2026-01-25 13:44:15,532 - utils.enhanced_h3_fusion - INFO - [zoning] fused 490/2584 source hexes; matched targets: 3430; rate: 2103.2 hexes/sec
2026-01-25 13:44:15,633 - utils.enhanced_h3_fusion - INFO - [zoning] fused 699/2584 source hexes; matched targets: 4893; rate: 2094.5 hexes/sec
2026-01-25 13:44:15,721 - utils.enhanced_h3_fusion - INFO - [zoning] fused 887/2584 source hexes; matched targets: 6209; rate: 2099.1 hexes/sec
2026-01-25 13:44:15,801 - utils.enhanced_h3_fusion - INFO - [zoning] fused 1056/2584 source hexes; matched targets: 7392; rate: 2103.8 hexes/sec
2026-01-25 13:44:15,874 - utils.enhanced_h3_fusion - INFO - [zoning] fused 1208/2584 source hexes; matched targets: 8456; rate: 2099.6 hexes/sec
2026-01-25 13:44:15,938 - utils.enhanced_h3_fusion - INFO - [zoning] fused 1345/2584 source hexes; matched targets: 9415; rate: 2105.5 hexes/sec
2026-01-25 13:44:15,995 - utils.enhanced_h3_fusion - INFO - [zoning] fused 1468/2584 source hexes; matched targets: 10276; rate: 2108.1 hexes/sec
2026-01-25 13:44:16,047 - utils.enhanced_h3_fusion - INFO - [zoning] fused 1579/2584 source hexes; matched targets: 11053; rate: 2109.8 hexes/sec
2026-01-25 13:44:16,094 - utils.enhanced_h3_fusion - INFO - [zoning] fused 1679/2584 source hexes; matched targets: 11753; rate: 2111.3 hexes/sec
2026-01-25 13:44:16,141 - utils.enhanced_h3_fusion - INFO - [zoning] fused 1779/2584 source hexes; matched targets: 12453; rate: 2112.3 hexes/sec
2026-01-25 13:44:16,188 - utils.enhanced_h3_fusion - INFO - [zoning] fused 1879/2584 source hexes; matched targets: 13153; rate: 2112.5 hexes/sec
2026-01-25 13:44:16,237 - utils.enhanced_h3_fusion - INFO - [zoning] fused 1979/2584 source hexes; matched targets: 13853; rate: 2109.9 hexes/sec
2026-01-25 13:44:16,284 - utils.enhanced_h3_fusion - INFO - [zoning] fused 2079/2584 source hexes; matched targets: 14553; rate: 2109.5 hexes/sec
2026-01-25 13:44:16,331 - utils.enhanced_h3_fusion - INFO - [zoning] fused 2179/2584 source hexes; matched targets: 15253; rate: 2110.3 hexes/sec
2026-01-25 13:44:16,381 - utils.enhanced_h3_fusion - INFO - [zoning] fused 2279/2584 source hexes; matched targets: 15953; rate: 2106.9 hexes/sec
2026-01-25 13:44:16,429 - utils.enhanced_h3_fusion - INFO - [zoning] fused 2379/2584 source hexes; matched targets: 16653; rate: 2104.9 hexes/sec
2026-01-25 13:44:16,477 - utils.enhanced_h3_fusion - INFO - [zoning] fused 2479/2584 source hexes; matched targets: 17353; rate: 2103.6 hexes/sec
2026-01-25 13:44:16,525 - utils.enhanced_h3_fusion - INFO - [zoning] fused 2579/2584 source hexes; matched targets: 18053; rate: 2103.4 hexes/sec
2026-01-25 13:44:16,527 - utils.enhanced_h3_fusion - INFO - [zoning] fusion complete: processed=2584, targets_matched=18088, time=1.23s, rate=2103.3 hexes/sec
2026-01-25 13:44:16,528 - utils.enhanced_h3_fusion - INFO - ✅ Batch fused zoning: 2818 hexagons
2026-01-25 13:44:16,528 - utils.enhanced_h3_fusion - INFO - ✅ Enhanced H3 fusion completed: 2818 hexagons
2026-01-25 13:44:16,528 - utils.enhanced_h3_fusion - INFO - 📊 Fusion coverage: 36.4%
2026-01-25 13:44:16,611 - utils.enhanced_h3_fusion - INFO - Saved fusion cache: test_output/data/cache/fusion/fused_res8_856191ed49bbd78e.json
2026-01-25 13:44:16,612 - __main__ - INFO - 🔬 Running final analysis on fused data...
2026-01-25 13:44:16,617 - __main__ - INFO - Saved redevelopment scores cache: test_output/data/cache/scores/scores_856191ed49bbd78e.json
2026-01-25 13:44:16,665 - geo_infer_place.core.unified_backend - INFO - Calculating enhanced agricultural redevelopment potential scores with SPACE integration...
2026-01-25 13:44:16,782 - geo_infer_place.core.unified_backend - INFO - ✅ Calculated enhanced redevelopment scores for 7749 hexagons with SPACE integration.
2026-01-25 13:44:16,784 - __main__ - INFO - 🎨 Creating comprehensive visualizations...
2026-01-25 13:44:16,784 - cascadia.visualization.comprehensive_viz - INFO - 🎨 VISUALIZATION CREATED - Interactive H3 Map
2026-01-25 13:44:16,784 - cascadia.visualization.comprehensive_viz - INFO -    Module: comprehensive_viz
2026-01-25 13:44:16,784 - cascadia.visualization.comprehensive_viz - INFO -    Data Sources: ['zoning']
2026-01-25 13:44:16,784 - cascadia.visualization.comprehensive_viz - INFO -    Hexagon Count: 5,000
2026-01-25 13:44:16,784 - cascadia.visualization.comprehensive_viz - INFO -    Layers: ['zoning']
2026-01-25 13:44:16,784 - cascadia.visualization.comprehensive_viz - INFO -    Interactive Features: ['Layer Toggles', 'Data Filtering', 'Hexagon Selection', 'Export Capabilities', 'Real-time Analysis']
2026-01-25 13:44:20,340 - cascadia.visualization.comprehensive_viz - INFO - 🎨 VISUALIZATION CREATED - Interactive H3 Map
2026-01-25 13:44:20,340 - cascadia.visualization.comprehensive_viz - INFO -    Module: comprehensive_viz
2026-01-25 13:44:20,340 - cascadia.visualization.comprehensive_viz - INFO -    Data Sources: ['zoning']
2026-01-25 13:44:20,340 - cascadia.visualization.comprehensive_viz - INFO -    Hexagon Count: 5,000
2026-01-25 13:44:20,340 - cascadia.visualization.comprehensive_viz - INFO -    Layers: ['zoning']
2026-01-25 13:44:20,340 - cascadia.visualization.comprehensive_viz - INFO -    Interactive Features: ['Layer Toggles', 'Data Filtering', 'Hexagon Selection', 'Export Capabilities', 'Real-time Analysis']
2026-01-25 13:44:20,340 - utils.comprehensive_visualization - INFO - Interactive H3 map created: test_output/visualizations/interactive/cascadia_interactive_map.html
2026-01-25 13:44:21,091 - utils.comprehensive_visualization - INFO - Static visualizations created: 4 files
2026-01-25 13:44:21,261 - utils.comprehensive_visualization - INFO - Visualization data exported: 4 files
2026-01-25 13:44:21,262 - __main__ - INFO - ✅ Comprehensive visualizations created
2026-01-25 13:44:21,262 - __main__ - INFO -    Interactive Map: test_output/visualizations/interactive/cascadia_interactive_map.html
2026-01-25 13:44:21,262 - __main__ - INFO -    Static Visualizations: 4 files
2026-01-25 13:44:21,262 - __main__ - INFO -    Export Files: 4 files
2026-01-25 13:44:21,262 - utils.reporting_engine - INFO - ✅ Data provenance manifest written: test_output/cascadia_data_provenance_20260125_134421.json
2026-01-25 13:44:21,263 - utils.data_processor - INFO - Step 4: Exporting analysis results...
2026-01-25 13:44:21,265 - geo_infer_place.core.unified_backend - ERROR - ❌ Enhanced GeoJSON export failed: name 'cell_to_latlng_boundary' is not defined
2026-01-25 13:44:21,724 - geo_infer_place.core.unified_backend - INFO - ✅ Successfully exported enhanced unified data to test_output/cascadia_unified_data_20260125_134421.geojson
2026-01-25 13:44:21,725 - utils.data_processor - INFO - ✅ Successfully exported enhanced unified data to test_output/cascadia_unified_data_20260125_134421.geojson
2026-01-25 13:44:21,727 - utils.data_processor - INFO - Exported redevelopment scores to test_output/cascadia_redevelopment_scores_20260125_134421.json
2026-01-25 13:44:21,727 - utils.data_processor - INFO - Exported summary to test_output/cascadia_summary_20260125_134421.json
2026-01-25 13:44:21,727 - utils.data_processor - INFO - Creating efficient visualization alternatives...
2026-01-25 13:44:21,729 - utils.data_processor - WARNING - Datashader not available: No module named 'datashader'
2026-01-25 13:44:21,730 - utils.deepscatter_visualization - INFO - Creating Deepscatter visualizations...
2026-01-25 13:44:21,730 - geo_infer_place.core.unified_backend - INFO - Calculating enhanced agricultural redevelopment potential scores with SPACE integration...
2026-01-25 13:44:21,857 - geo_infer_place.core.unified_backend - INFO - ✅ Calculated enhanced redevelopment scores for 7749 hexagons with SPACE integration.
2026-01-25 13:44:21,857 - utils.deepscatter_visualization - INFO - Preparing H3 data for Deepscatter visualization...
2026-01-25 13:44:21,865 - utils.deepscatter_visualization - INFO - Prepared 7749 data points for Deepscatter
2026-01-25 13:44:21,865 - utils.deepscatter_visualization - INFO - Creating Deepscatter HTML visualization...
2026-01-25 13:44:21,879 - utils.deepscatter_visualization - INFO - Deepscatter HTML visualization saved to: test_output/cascadia_deepscatter_visualization.html
2026-01-25 13:44:21,879 - utils.deepscatter_visualization - INFO - Creating lightweight CSV export...
2026-01-25 13:44:21,904 - utils.deepscatter_visualization - INFO - Lightweight CSV export saved to: test_output/cascadia_lightweight_data.csv
2026-01-25 13:44:21,904 - utils.deepscatter_visualization - INFO - Deepscatter visualizations created successfully
2026-01-25 13:44:21,905 - utils.data_processor - INFO - ✅ Deepscatter visualizations created successfully
2026-01-25 13:44:21,906 - utils.static_visualization - INFO - Creating static visualization plots...
2026-01-25 13:44:21,906 - geo_infer_place.core.unified_backend - INFO - Calculating enhanced agricultural redevelopment potential scores with SPACE integration...
2026-01-25 13:44:22,035 - geo_infer_place.core.unified_backend - INFO - ✅ Calculated enhanced redevelopment scores for 7749 hexagons with SPACE integration.
2026-01-25 13:44:22,035 - utils.static_visualization - INFO - Creating summary statistics...
2026-01-25 13:44:22,048 - utils.static_visualization - INFO - Summary statistics created for 7749 hexagons
2026-01-25 13:44:22,048 - utils.static_visualization - INFO - Creating data export for external visualization...
2026-01-25 13:44:22,051 - utils.static_visualization - INFO - Data export created with 1550 sampled points
2026-01-25 13:44:22,070 - utils.static_visualization - INFO - Static visualizations created successfully
2026-01-25 13:44:22,070 - utils.data_processor - INFO - ✅ Static plots created successfully
2026-01-25 13:44:22,070 - utils.data_processor - INFO - 📊 Data export completed in 0.8 seconds
2026-01-25 13:44:22,070 - __main__ - INFO - 📊 Generating lightweight static visualizations...
2026-01-25 13:44:22,070 - utils.static_visualization - INFO - Creating static visualization plots...
2026-01-25 13:44:22,070 - geo_infer_place.core.unified_backend - INFO - Calculating enhanced agricultural redevelopment potential scores with SPACE integration...
2026-01-25 13:44:22,197 - geo_infer_place.core.unified_backend - INFO - ✅ Calculated enhanced redevelopment scores for 7749 hexagons with SPACE integration.
2026-01-25 13:44:22,197 - utils.static_visualization - INFO - Creating summary statistics...
2026-01-25 13:44:22,210 - utils.static_visualization - INFO - Summary statistics created for 7749 hexagons
2026-01-25 13:44:22,211 - utils.static_visualization - INFO - Creating data export for external visualization...
2026-01-25 13:44:22,213 - utils.static_visualization - INFO - Data export created with 1550 sampled points
2026-01-25 13:44:22,237 - utils.static_visualization - INFO - Static visualizations created successfully
2026-01-25 13:44:22,237 - __main__ - INFO - ✅ Lightweight visualizations created
2026-01-25 13:44:22,237 - utils.reporting_engine - INFO - Generating enhanced analysis report to test_output/cascadia_analysis_report_20260125_134422.md...
2026-01-25 13:44:22,237 - utils.reporting_engine - INFO - ✅ Analysis report generated: test_output/cascadia_analysis_report_20260125_134422.md
2026-01-25 13:44:22,237 - __main__ - INFO - 📋 Analysis report: test_output/cascadia_analysis_report_20260125_134422.md
2026-01-25 13:44:22,237 - __main__ - INFO - ✅ Cascadia analysis completed successfully!
2026-01-25 13:44:22,237 - selenium.webdriver.remote.remote_connection - DEBUG - DELETE http://localhost:64150/session/5e03c61c1531a1aebcba900475ff8e35 {}
2026-01-25 13:44:22,291 - urllib3.connectionpool - DEBUG - http://localhost:64150 "DELETE /session/5e03c61c1531a1aebcba900475ff8e35 HTTP/1.1" 200 0
2026-01-25 13:44:22,291 - selenium.webdriver.remote.remote_connection - DEBUG - Remote response: status=200 | data={"value":null} | headers=HTTPHeaderDict({'Content-Length': '14', 'Content-Type': 'application/json; charset=utf-8', 'cache-control': 'no-cache'})
2026-01-25 13:44:22,291 - selenium.webdriver.remote.remote_connection - DEBUG - Finished Request
