2025-10-24 07:01:56,697 - utils.setup_manager - INFO - Enhanced Cascadia Analysis Framework initialized with SPACE integration
2025-10-24 07:01:56,697 - utils.setup_manager - INFO - Log file: cascadia_analysis_20251024_070156.log
2025-10-24 07:01:56,697 - __main__ - INFO - 🌲 Starting Cascadia Agricultural Analysis Framework
2025-10-24 07:01:56,697 - __main__ - INFO - 📊 Analysis Parameters:
2025-10-24 07:01:56,698 - __main__ - INFO -    H3 Resolution: 8
2025-10-24 07:01:56,698 - __main__ - INFO -    Target Counties: CA:Del Norte
2025-10-24 07:01:56,698 - __main__ - INFO -    Active Modules: zoning,current_use,ownership,improvements
2025-10-24 07:01:56,698 - __main__ - INFO -    Export Format: geojson
2025-10-24 07:01:56,698 - __main__ - INFO -    Output Directory: output
2025-10-24 07:01:56,698 - __main__ - INFO -    Visualization Options: Lightweight Static Visualizations
2025-10-24 07:01:56,698 - cascadia - INFO - Enhanced logging initialized with level: INFO
2025-10-24 07:01:56,698 - __main__ - INFO - 🚀 Initializing Cascadia Agricultural Analysis Framework
2025-10-24 07:01:56,698 - __main__ - INFO - Enhanced logging initialized: output/cascadia_analysis.log
2025-10-24 07:01:56,704 - utils.setup_manager - INFO - Loaded analysis configuration from config/analysis_config.yaml
2025-10-24 07:01:56,704 - __main__ - INFO - Target counties: {'CA': ['Del Norte']}
2025-10-24 07:01:56,704 - __main__ - INFO - Active modules: ['zoning', 'current_use', 'ownership', 'improvements']
2025-10-24 07:01:56,704 - utils.data_processor - INFO - 🔧 Creating shared backend for all modules...
2025-10-24 07:01:56,704 - geo_infer_space.osc_geo.core.repos - WARNING - Repository path not found: /Users/4d/Documents/GitHub/GEO-INFER/GEO-INFER-SPACE/repo/osc-geo-h3loader-cli
2025-10-24 07:01:56,704 - geo_infer_place.core.unified_backend - WARNING - Failed to initialize H3DataLoader: H3 loader CLI repository not found. Please clone it first.
2025-10-24 07:01:56,705 - geo_infer_place.core.unified_backend - INFO - Loading region data from cache: output/data/cache/region_cache_4e2b5626c8c4ca7a05c736003fae87ed.json
2025-10-24 07:01:56,706 - geo_infer_place.core.unified_backend - INFO - ✅ Loaded 7749 hexagons from cache
2025-10-24 07:01:56,706 - geo_infer_place.core.unified_backend - INFO - Using cached region data
2025-10-24 07:01:56,706 - geo_infer_space.osc_geo.core.repos - WARNING - Repository path not found: /Users/4d/Documents/GitHub/GEO-INFER/GEO-INFER-SPACE/repo/osc-geo-h3loader-cli
2025-10-24 07:01:56,706 - geo_infer_space.core.unified_backend - ERROR - Failed to initialize H3DataLoader from GEO-INFER-SPACE: H3 loader CLI repository not found. Please clone it first.
2025-10-24 07:01:56,706 - geo_infer_place.core.unified_backend - WARNING - Failed to initialize UnifiedH3Backend: Failed to initialize H3DataLoader: H3 loader CLI repository not found. Please clone it first.
2025-10-24 07:01:56,706 - geo_infer_space.utils.config_loader - INFO - Config loader initialized with directory: /Users/4d/Documents/GitHub/GEO-INFER/GEO-INFER-SPACE/src/config
2025-10-24 07:01:56,706 - geo_infer_space.utils.config_loader - WARNING - Location config not found: /Users/4d/Documents/GitHub/GEO-INFER/GEO-INFER-SPACE/src/config/cascadia.yaml
2025-10-24 07:01:56,706 - geo_infer_space.utils.config_loader - DEBUG - Configuration validation passed
2025-10-24 07:01:56,706 - geo_infer_place.core.unified_backend - INFO - ✅ Cascadia configuration loaded successfully
2025-10-24 07:01:56,706 - geo_infer_place.core.unified_backend - INFO - Loading county geometries with boundary loader...
2025-10-24 07:01:56,712 - county_boundary_loader - INFO - Loaded county boundaries configuration from /Users/4d/Documents/GitHub/GEO-INFER/GEO-INFER-PLACE/locations/cascadia/config/county_boundaries.yaml
2025-10-24 07:01:56,713 - county_boundary_loader - INFO - Loaded GeoJSON geometry for ca_del_norte from /Users/4d/Documents/GitHub/GEO-INFER/GEO-INFER-PLACE/locations/cascadia/config/ca_del_norte_boundary.geojson
2025-10-24 07:01:56,713 - geo_infer_place.core.unified_backend - INFO - Successfully loaded county geometries using boundary loader
2025-10-24 07:01:56,713 - geo_infer_place.core.unified_backend - INFO - Generating hexagons for Del_Norte, CA using SPACE utilities...
2025-10-24 07:01:56,713 - geo_infer_place.core.unified_backend - DEBUG - Geometry type: <class 'dict'>, Geometry: {'type': 'Polygon', 'coordinates': [[[-124.5, 41.4], [-124.5, 42.0], [-123.5, 42.0], [-123.5, 41.4], [-124.5, 41.4]]]}
2025-10-24 07:01:56,717 - geo_infer_place.core.unified_backend - INFO - Generated 7749 hexagons for Del_Norte, CA
2025-10-24 07:01:56,719 - geo_infer_place.core.unified_backend - INFO - ✅ Generated 7749 H3 hexagons using SPACE utilities
2025-10-24 07:01:56,719 - geo_infer_place.core.unified_backend - INFO - Enhanced CascadianAgriculturalH3Backend initialized for 'Cascadia' with 0 active modules at H3 resolution 8
2025-10-24 07:01:56,719 - geo_infer_place.core.unified_backend - INFO - Active modules: []
2025-10-24 07:01:56,719 - geo_infer_place.core.unified_backend - INFO - Defined 7749 total target hexagons across 1 states.
2025-10-24 07:01:56,719 - geo_infer_place.core.unified_backend - INFO - SPACE integration: Spatial processor, data integrator, and visualization engine available
2025-10-24 07:01:56,719 - utils.data_processor - INFO - ✅ Shared backend created with 7749 target hexagons
2025-10-24 07:01:56,719 - utils.enhanced_data_manager - INFO - Enhanced Data Manager initialized with H3 resolution 8
2025-10-24 07:01:56,719 - utils.enhanced_data_manager - INFO - SPACE H3 utilities available: True
2025-10-24 07:01:56,719 - utils.enhanced_h3_fusion - INFO - Enhanced H3 Fusion initialized with resolution 8
2025-10-24 07:01:56,719 - utils.enhanced_h3_fusion - INFO - SPACE H3 utilities available: True
2025-10-24 07:01:56,719 - utils.enhanced_h3_fusion - INFO - Spatial analysis enabled: True
2025-10-24 07:01:56,719 - utils.enhanced_h3_fusion - INFO - Fusion mode: geom_intersect
2025-10-24 07:01:56,719 - utils.enhanced_h3_fusion - INFO - Fusion cache directory: output/data/cache/fusion
2025-10-24 07:01:56,719 - selenium.webdriver.common.selenium_manager - DEBUG - Selenium Manager binary found at: /Users/4d/.pyenv/versions/3.12.11/lib/python3.12/site-packages/selenium/webdriver/common/macos/selenium-manager
2025-10-24 07:01:56,719 - selenium.webdriver.common.selenium_manager - DEBUG - Executing process: /Users/4d/.pyenv/versions/3.12.11/lib/python3.12/site-packages/selenium/webdriver/common/macos/selenium-manager --browser chrome --debug --language-binding python --output json
2025-10-24 07:01:59,684 - selenium.webdriver.common.selenium_manager - DEBUG - Sending stats to Plausible: Props { browser: "chrome", browser_version: "", os: "macos", arch: "arm64", lang: "python", selenium_version: "4.34" }
2025-10-24 07:01:59,684 - selenium.webdriver.common.selenium_manager - DEBUG - chromedriver not found in PATH
2025-10-24 07:01:59,684 - selenium.webdriver.common.selenium_manager - DEBUG - chrome detected at /Applications/Google Chrome.app/Contents/MacOS/Google Chrome
2025-10-24 07:01:59,684 - selenium.webdriver.common.selenium_manager - DEBUG - Running command: /Applications/Google\ Chrome.app/Contents/MacOS/Google\ Chrome --version
2025-10-24 07:01:59,684 - selenium.webdriver.common.selenium_manager - DEBUG - Output: "Google Chrome 141.0.7390.123 "
2025-10-24 07:01:59,684 - selenium.webdriver.common.selenium_manager - DEBUG - Detected browser: chrome 141.0.7390.123
2025-10-24 07:01:59,684 - selenium.webdriver.common.selenium_manager - DEBUG - Discovering versions from https://googlechromelabs.github.io/chrome-for-testing/known-good-versions-with-downloads.json
2025-10-24 07:01:59,684 - selenium.webdriver.common.selenium_manager - DEBUG - Required driver: chromedriver 141.0.7390.122
2025-10-24 07:01:59,684 - selenium.webdriver.common.selenium_manager - DEBUG - Acquiring lock: /Users/4d/.cache/selenium/chromedriver/mac-arm64/141.0.7390.122/sm.lock
2025-10-24 07:01:59,684 - selenium.webdriver.common.selenium_manager - DEBUG - Downloading chromedriver 141.0.7390.122 from https://storage.googleapis.com/chrome-for-testing-public/141.0.7390.122/mac-arm64/chromedriver-mac-arm64.zip
2025-10-24 07:01:59,684 - selenium.webdriver.common.selenium_manager - DEBUG - Driver path: /Users/4d/.cache/selenium/chromedriver/mac-arm64/141.0.7390.122/chromedriver
2025-10-24 07:01:59,684 - selenium.webdriver.common.selenium_manager - DEBUG - Browser path: /Applications/Google Chrome.app/Contents/MacOS/Google Chrome
2025-10-24 07:01:59,688 - selenium.webdriver.common.service - DEBUG - Started executable: `/Users/4d/.cache/selenium/chromedriver/mac-arm64/141.0.7390.122/chromedriver` in a child process with pid: 27792 using 0 to output -3
2025-10-24 07:02:00,263 - selenium.webdriver.remote.remote_connection - DEBUG - POST http://localhost:56249/session {'capabilities': {'firstMatch': [{}], 'alwaysMatch': {'browserName': 'chrome', 'pageLoadStrategy': <PageLoadStrategy.normal: 'normal'>, 'browserVersion': None, 'goog:chromeOptions': {'extensions': [], 'binary': '/Applications/Google Chrome.app/Contents/MacOS/Google Chrome', 'args': ['--headless', '--no-sandbox', '--disable-dev-shm-usage', '--disable-gpu', '--window-size=1920,1080']}}}}
2025-10-24 07:02:00,264 - urllib3.connectionpool - DEBUG - Starting new HTTP connection (1): localhost:56249
2025-10-24 07:02:00,737 - urllib3.connectionpool - DEBUG - http://localhost:56249 "POST /session HTTP/1.1" 200 892
2025-10-24 07:02:00,737 - selenium.webdriver.remote.remote_connection - DEBUG - Remote response: status=200 | data={"value":{"capabilities":{"acceptInsecureCerts":false,"browserName":"chrome","browserVersion":"141.0.7390.123","chrome":{"chromedriverVersion":"141.0.7390.122 (b477534e7e10d193e916cd4e2967c589383625b2-refs/branch-heads/7390@{#2667})","userDataDir":"/var/folders/vc/rgmbpjpj0dbg61vr54xjskc80000gn/T/.org.chromium.Chromium.DXegLt"},"fedcm:accounts":true,"goog:chromeOptions":{"debuggerAddress":"localhost:56300"},"networkConnectionEnabled":false,"pageLoadStrategy":"normal","platformName":"mac","proxy":{},"setWindowRect":true,"strictFileInteractability":false,"timeouts":{"implicit":0,"pageLoad":300000,"script":30000},"unhandledPromptBehavior":"dismiss and notify","webauthn:extension:credBlob":true,"webauthn:extension:largeBlob":true,"webauthn:extension:minPinLength":true,"webauthn:extension:prf":true,"webauthn:virtualAuthenticators":true},"sessionId":"d5b98ed7d8f4f58f584120e0c743e437"}} | headers=HTTPHeaderDict({'Content-Length': '892', 'Content-Type': 'application/json; charset=utf-8', 'cache-control': 'no-cache'})
2025-10-24 07:02:00,737 - selenium.webdriver.remote.remote_connection - DEBUG - Finished Request
2025-10-24 07:02:00,738 - selenium.webdriver.remote.remote_connection - DEBUG - POST http://localhost:56249/session/d5b98ed7d8f4f58f584120e0c743e437/timeouts {'implicit': 10000}
2025-10-24 07:02:00,738 - urllib3.connectionpool - DEBUG - http://localhost:56249 "POST /session/d5b98ed7d8f4f58f584120e0c743e437/timeouts HTTP/1.1" 200 14
2025-10-24 07:02:00,738 - selenium.webdriver.remote.remote_connection - DEBUG - Remote response: status=200 | data={"value":null} | headers=HTTPHeaderDict({'Content-Length': '14', 'Content-Type': 'application/json; charset=utf-8', 'cache-control': 'no-cache'})
2025-10-24 07:02:00,738 - selenium.webdriver.remote.remote_connection - DEBUG - Finished Request
2025-10-24 07:02:00,738 - utils.real_data_acquisition - INFO - Web driver initialized successfully
2025-10-24 07:02:00,738 - utils.real_data_acquisition - INFO - Real Data Acquisition system initialized
2025-10-24 07:02:00,739 - utils.comprehensive_visualization - INFO - Comprehensive Visualization Engine initialized
2025-10-24 07:02:00,739 - utils.enhanced_h3_fusion - INFO - ✅ H3 operations validation completed successfully
2025-10-24 07:02:00,740 - __main__ - INFO - H3 validation result: {'h3_api_version': '4.x', 'space_integration': True, 'operations_tested': ['latlng_to_cell', 'cell_to_latlng', 'cell_to_latlng_boundary', 'geo_to_cells', 'grid_disk', 'cell_area', 'is_valid_cell'], 'errors': [], 'warnings': []}
2025-10-24 07:02:00,745 - zoning.geo_infer_zoning - INFO - Initialized GeoInferZoning module with real OSC H3 v4 integration.
2025-10-24 07:02:00,745 - __main__ - INFO - ✅ Zoning module initialized with enhanced data management
2025-10-24 07:02:00,745 - current_use.data_sources - INFO - Initialized CascadianCurrentUseDataSources
2025-10-24 07:02:00,745 - current_use.geo_infer_current_use - INFO - Initialized GeoInferCurrentUse module with real OSC H3 v4 integration.
2025-10-24 07:02:00,745 - __main__ - INFO - ✅ Current use module initialized with enhanced data management
2025-10-24 07:02:00,745 - ownership.geo_infer_ownership - INFO - Initialized GeoInferOwnership module with real OSC H3 v4 integration.
2025-10-24 07:02:00,745 - __main__ - INFO - ✅ Ownership module initialized with enhanced data management
2025-10-24 07:02:00,745 - improvements.data_sources - INFO - Initialized CascadianImprovementsDataSources.
2025-10-24 07:02:00,745 - improvements.geo_infer_improvements - INFO - Initialized GeoInferImprovements module.
2025-10-24 07:02:00,745 - __main__ - INFO - ✅ Improvements module initialized with enhanced data management
2025-10-24 07:02:00,745 - __main__ - INFO - ✅ Updated shared backend with 4 active modules
2025-10-24 07:02:00,745 - __main__ - INFO - 🚀 Starting enhanced comprehensive analysis with real data acquisition and H3 geospatial fusion...
2025-10-24 07:02:00,746 - __main__ - INFO - 📊 Processing module: zoning
2025-10-24 07:02:00,746 - __main__ - INFO - 📊 Processing module: current_use
2025-10-24 07:02:00,746 - cascadia.processing.real_data_acquisition - INFO - 🚀 PROCESSING START - Zoning Data Acquisition
2025-10-24 07:02:00,746 - __main__ - INFO - 📊 Processing module: ownership
2025-10-24 07:02:00,746 - __main__ - INFO - 📊 Processing module: improvements
2025-10-24 07:02:00,746 - cascadia.processing.real_data_acquisition - INFO - 🚀 PROCESSING START - Current Use Data Acquisition
2025-10-24 07:02:00,746 - cascadia.processing.real_data_acquisition - INFO -    Module: real_data_acquisition
2025-10-24 07:02:00,747 - __main__ - INFO - ✅ Using real data for ownership: ownership/data/empirical/empirical_ownership_data.geojson
2025-10-24 07:02:00,747 - cascadia.processing.real_data_acquisition - INFO -    Module: real_data_acquisition
2025-10-24 07:02:00,747 - __main__ - INFO - ✅ Using real data for improvements: improvements/data/empirical/empirical_improvements_data.geojson
2025-10-24 07:02:00,747 - cascadia.processing.real_data_acquisition - INFO -    Parameters: {'sources': ['Del Norte County', 'California State']}
2025-10-24 07:02:00,747 - cascadia.processing.data_manager - INFO - 🚀 PROCESSING START - H3 Processing
2025-10-24 07:02:00,747 - cascadia.processing.real_data_acquisition - INFO -    Parameters: {'sources': ['USDA Cropland Data Layer', 'California Department of Conservation']}
2025-10-24 07:02:00,747 - cascadia.processing.data_manager - INFO - 🚀 PROCESSING START - H3 Processing
2025-10-24 07:02:00,747 - selenium.webdriver.remote.remote_connection - DEBUG - POST http://localhost:56249/session/d5b98ed7d8f4f58f584120e0c743e437/url {'url': 'https://www.co.del-norte.ca.us/departments/planning-building'}
2025-10-24 07:02:00,747 - cascadia.processing.data_manager - INFO -    Module: data_manager
2025-10-24 07:02:00,747 - cascadia.processing.data_manager - INFO -    Module: data_manager
2025-10-24 07:02:00,747 - cascadia.processing.data_manager - INFO -    Parameters: {'module': 'ownership', 'data_path': 'ownership/data/empirical/empirical_ownership_data.geojson', 'target_hexagons_count': 7749}
2025-10-24 07:02:00,748 - cascadia.processing.data_manager - INFO -    Parameters: {'module': 'improvements', 'data_path': 'improvements/data/empirical/empirical_improvements_data.geojson', 'target_hexagons_count': 7749}
2025-10-24 07:02:00,750 - cascadia.processing.data_manager - INFO -    Step: H3 Processing
2025-10-24 07:02:00,750 - cascadia.processing.data_manager - INFO -    Step: H3 Processing
2025-10-24 07:02:00,750 - cascadia.processing.data_manager - INFO -      action: cache_invalid
2025-10-24 07:02:00,751 - cascadia.processing.data_manager - INFO -      action: cache_invalid
2025-10-24 07:02:00,751 - cascadia.processing.data_manager - INFO -      module: ownership
2025-10-24 07:02:00,751 - cascadia.processing.data_manager - INFO -      module: improvements
2025-10-24 07:02:00,751 - cascadia.processing.data_manager - INFO -    Step: H3 Processing
2025-10-24 07:02:00,751 - cascadia.processing.data_manager - INFO -    Step: H3 Processing
2025-10-24 07:02:00,751 - cascadia.processing.data_manager - INFO -      action: processing_to_h3
2025-10-24 07:02:00,751 - cascadia.processing.data_manager - INFO -      action: processing_to_h3
2025-10-24 07:02:00,751 - cascadia.processing.data_manager - INFO -      module: ownership
2025-10-24 07:02:00,751 - cascadia.processing.data_manager - INFO -      module: improvements
2025-10-24 07:02:02,119 - utils.enhanced_data_manager - INFO - [improvements] ✅ Processed 100 features to 49 H3 hexagons
2025-10-24 07:02:02,121 - utils.enhanced_data_manager - INFO - [ownership] ✅ Processed 50 features to 594 H3 hexagons
2025-10-24 07:02:02,122 - cascadia.data.data_manager - INFO - 🔷 H3 PROCESSING - Module: data_manager
2025-10-24 07:02:02,123 - cascadia.data.data_manager - INFO -    Input Features: 100
2025-10-24 07:02:02,123 - cascadia.data.data_manager - INFO -    Output Hexagons: 49
2025-10-24 07:02:02,123 - cascadia.data.data_manager - INFO -    Coverage: 0.6%
2025-10-24 07:02:02,123 - cascadia.data.data_manager - INFO -    Processing Time: 1.38s
2025-10-24 07:02:02,123 - cascadia.processing.data_manager - INFO - ✅ PROCESSING COMPLETE - H3 Processing
2025-10-24 07:02:02,124 - cascadia.processing.data_manager - INFO -    Duration: 1.38s
2025-10-24 07:02:02,124 - cascadia.processing.data_manager - INFO -    source: new_processing
2025-10-24 07:02:02,124 - cascadia.processing.data_manager - INFO -    module: improvements
2025-10-24 07:02:02,124 - cascadia.processing.data_manager - INFO -    input_features: 100
2025-10-24 07:02:02,124 - cascadia.processing.data_manager - INFO -    output_hexagons: 49
2025-10-24 07:02:02,126 - cascadia.data.data_manager - INFO - 🔷 H3 PROCESSING - Module: data_manager
2025-10-24 07:02:02,126 - cascadia.data.data_manager - INFO -    Input Features: 50
2025-10-24 07:02:02,126 - cascadia.data.data_manager - INFO -    Output Hexagons: 594
2025-10-24 07:02:02,126 - cascadia.data.data_manager - INFO -    Coverage: 7.7%
2025-10-24 07:02:02,126 - cascadia.data.data_manager - INFO -    Processing Time: 1.38s
2025-10-24 07:02:02,126 - cascadia.processing.data_manager - INFO - ✅ PROCESSING COMPLETE - H3 Processing
2025-10-24 07:02:02,126 - cascadia.processing.data_manager - INFO -    Duration: 1.38s
2025-10-24 07:02:02,126 - cascadia.processing.data_manager - INFO -    source: new_processing
2025-10-24 07:02:02,126 - cascadia.processing.data_manager - INFO -    module: ownership
2025-10-24 07:02:02,126 - cascadia.processing.data_manager - INFO -    input_features: 50
2025-10-24 07:02:02,126 - cascadia.processing.data_manager - INFO -    output_hexagons: 594
2025-10-24 07:02:02,127 - __main__ - INFO - 📋 improvements data quality: 0.00
2025-10-24 07:02:02,128 - __main__ - INFO - 📋 ownership data quality: 0.00
2025-10-24 07:02:02,300 - urllib3.connectionpool - DEBUG - http://localhost:56249 "POST /session/d5b98ed7d8f4f58f584120e0c743e437/url HTTP/1.1" 200 14
2025-10-24 07:02:02,300 - selenium.webdriver.remote.remote_connection - DEBUG - Remote response: status=200 | data={"value":null} | headers=HTTPHeaderDict({'Content-Length': '14', 'Content-Type': 'application/json; charset=utf-8', 'cache-control': 'no-cache'})
2025-10-24 07:02:02,300 - selenium.webdriver.remote.remote_connection - DEBUG - Finished Request
2025-10-24 07:02:02,300 - selenium.webdriver.remote.remote_connection - DEBUG - POST http://localhost:56249/session/d5b98ed7d8f4f58f584120e0c743e437/elements {'using': 'tag name', 'value': 'a'}
2025-10-24 07:02:02,305 - urllib3.connectionpool - DEBUG - http://localhost:56249 "POST /session/d5b98ed7d8f4f58f584120e0c743e437/elements HTTP/1.1" 200 3521
2025-10-24 07:02:02,305 - selenium.webdriver.remote.remote_connection - DEBUG - Remote response: status=200 | data={"value":[{"element-6066-11e4-a52e-4f735466cecf":"f.AA643242359645E03D76E5FF72570CFC.d.6EE54A09C369C0D71B665677960E4766.e.62"},{"element-6066-11e4-a52e-4f735466cecf":"f.AA643242359645E03D76E5FF72570CFC.d.6EE54A09C369C0D71B665677960E4766.e.63"},{"element-6066-11e4-a52e-4f735466cecf":"f.AA643242359645E03D76E5FF72570CFC.d.6EE54A09C369C0D71B665677960E4766.e.64"},{"element-6066-11e4-a52e-4f735466cecf":"f.AA643242359645E03D76E5FF72570CFC.d.6EE54A09C369C0D71B665677960E4766.e.65"},{"element-6066-11e4-a52e-4f735466cecf":"f.AA643242359645E03D76E5FF72570CFC.d.6EE54A09C369C0D71B665677960E4766.e.66"},{"element-6066-11e4-a52e-4f735466cecf":"f.AA643242359645E03D76E5FF72570CFC.d.6EE54A09C369C0D71B665677960E4766.e.67"},{"element-6066-11e4-a52e-4f735466cecf":"f.AA643242359645E03D76E5FF72570CFC.d.6EE54A09C369C0D71B665677960E4766.e.68"},{"element-6066-11e4-a52e-4f735466cecf":"f.AA643242359645E03D76E5FF72570CFC.d.6EE54A09C369C0D71B665677960E4766.e.69"},{"element-6066-11e4-a52e-4f735466cecf":"f.AA643242359645E03D76E5FF72570CFC.d.6EE54A09C369C0D71B665677960E4766.e.70"},{"element-6066-11e4-a52e-4f735466cecf":"f.AA643242359645E03D76E5FF72570CFC.d.6EE54A09C369C0D71B665677960E4766.e.71"},{"element-6066-11e4-a52e-4f735466cecf":"f.AA643242359645E03D76E5FF72570CFC.d.6EE54A09C369C0D71B665677960E4766.e.72"},{"element-6066-11e4-a52e-4f735466cecf":"f.AA643242359645E03D76E5FF72570CFC.d.6EE54A09C369C0D71B665677960E4766.e.73"},{"element-6066-11e4-a52e-4f735466cecf":"f.AA643242359645E03D76E5FF72570CFC.d.6EE54A09C369C0D71B665677960E4766.e.74"},{"element-6066-11e4-a52e-4f735466cecf":"f.AA643242359645E03D76E5FF72570CFC.d.6EE54A09C369C0D71B665677960E4766.e.75"},{"element-6066-11e4-a52e-4f735466cecf":"f.AA643242359645E03D76E5FF72570CFC.d.6EE54A09C369C0D71B665677960E4766.e.76"},{"element-6066-11e4-a52e-4f735466cecf":"f.AA643242359645E03D76E5FF72570CFC.d.6EE54A09C369C0D71B665677960E4766.e.77"},{"element-6066-11e4-a52e-4f735466cecf":"f.AA643242359645E03D76E5FF72570CFC.d.6EE54A09C369C0D71B665677960E4766.e.78"},{"element-6066-11e4-a52e-4f735466cecf":"f.AA643242359645E03D76E5FF72570CFC.d.6EE54A09C369C0D71B665677960E4766.e.79"},{"element-6066-11e4-a52e-4f735466cecf":"f.AA643242359645E03D76E5FF72570CFC.d.6EE54A09C369C0D71B665677960E4766.e.80"},{"element-6066-11e4-a52e-4f735466cecf":"f.AA643242359645E03D76E5FF72570CFC.d.6EE54A09C369C0D71B665677960E4766.e.81"},{"element-6066-11e4-a52e-4f735466cecf":"f.AA643242359645E03D76E5FF72570CFC.d.6EE54A09C369C0D71B665677960E4766.e.82"},{"element-6066-11e4-a52e-4f735466cecf":"f.AA643242359645E03D76E5FF72570CFC.d.6EE54A09C369C0D71B665677960E4766.e.83"},{"element-6066-11e4-a52e-4f735466cecf":"f.AA643242359645E03D76E5FF72570CFC.d.6EE54A09C369C0D71B665677960E4766.e.84"},{"element-6066-11e4-a52e-4f735466cecf":"f.AA643242359645E03D76E5FF72570CFC.d.6EE54A09C369C0D71B665677960E4766.e.85"},{"element-6066-11e4-a52e-4f735466cecf":"f.AA643242359645E03D76E5FF72570CFC.d.6EE54A09C369C0D71B665677960E4766.e.86"},{"element-6066-11e4-a52e-4f735466cecf":"f.AA643242359645E03D76E5FF72570CFC.d.6EE54A09C369C0D71B665677960E4766.e.87"},{"element-6066-11e4-a52e-4f735466cecf":"f.AA643242359645E03D76E5FF72570CFC.d.6EE54A09C369C0D71B665677960E4766.e.88"},{"element-6066-11e4-a52e-4f735466cecf":"f.AA643242359645E03D76E5FF72570CFC.d.6EE54A09C369C0D71B665677960E4766.e.89"},{"element-6066-11e4-a52e-4f735466cecf":"f.AA643242359645E03D76E5FF72570CFC.d.6EE54A09C369C0D71B665677960E4766.e.90"},{"element-6066-11e4-a52e-4f735466cecf":"f.AA643242359645E03D76E5FF72570CFC.d.6EE54A09C369C0D71B665677960E4766.e.91"}]} | headers=HTTPHeaderDict({'Content-Length': '3521', 'Content-Type': 'application/json; charset=utf-8', 'cache-control': 'no-cache'})
2025-10-24 07:02:02,305 - selenium.webdriver.remote.remote_connection - DEBUG - Finished Request
2025-10-24 07:02:02,305 - selenium.webdriver.remote.remote_connection - DEBUG - GET http://localhost:56249/session/d5b98ed7d8f4f58f584120e0c743e437/element/f.AA643242359645E03D76E5FF72570CFC.d.6EE54A09C369C0D71B665677960E4766.e.62/text {}
2025-10-24 07:02:02,310 - urllib3.connectionpool - DEBUG - http://localhost:56249 "GET /session/d5b98ed7d8f4f58f584120e0c743e437/element/f.AA643242359645E03D76E5FF72570CFC.d.6EE54A09C369C0D71B665677960E4766.e.62/text HTTP/1.1" 200 12
2025-10-24 07:02:02,310 - selenium.webdriver.remote.remote_connection - DEBUG - Remote response: status=200 | data={"value":""} | headers=HTTPHeaderDict({'Content-Length': '12', 'Content-Type': 'application/json; charset=utf-8', 'cache-control': 'no-cache'})
2025-10-24 07:02:02,310 - selenium.webdriver.remote.remote_connection - DEBUG - Finished Request
2025-10-24 07:02:02,314 - selenium.webdriver.remote.remote_connection - DEBUG - GET http://localhost:56249/session/d5b98ed7d8f4f58f584120e0c743e437/element/f.AA643242359645E03D76E5FF72570CFC.d.6EE54A09C369C0D71B665677960E4766.e.63/text {}
2025-10-24 07:02:02,320 - urllib3.connectionpool - DEBUG - http://localhost:56249 "GET /session/d5b98ed7d8f4f58f584120e0c743e437/element/f.AA643242359645E03D76E5FF72570CFC.d.6EE54A09C369C0D71B665677960E4766.e.63/text HTTP/1.1" 200 12
2025-10-24 07:02:02,320 - selenium.webdriver.remote.remote_connection - DEBUG - Remote response: status=200 | data={"value":""} | headers=HTTPHeaderDict({'Content-Length': '12', 'Content-Type': 'application/json; charset=utf-8', 'cache-control': 'no-cache'})
2025-10-24 07:02:02,320 - selenium.webdriver.remote.remote_connection - DEBUG - Finished Request
2025-10-24 07:02:02,320 - selenium.webdriver.remote.remote_connection - DEBUG - GET http://localhost:56249/session/d5b98ed7d8f4f58f584120e0c743e437/element/f.AA643242359645E03D76E5FF72570CFC.d.6EE54A09C369C0D71B665677960E4766.e.64/text {}
2025-10-24 07:02:02,322 - urllib3.connectionpool - DEBUG - http://localhost:56249 "GET /session/d5b98ed7d8f4f58f584120e0c743e437/element/f.AA643242359645E03D76E5FF72570CFC.d.6EE54A09C369C0D71B665677960E4766.e.64/text HTTP/1.1" 200 12
2025-10-24 07:02:02,322 - selenium.webdriver.remote.remote_connection - DEBUG - Remote response: status=200 | data={"value":""} | headers=HTTPHeaderDict({'Content-Length': '12', 'Content-Type': 'application/json; charset=utf-8', 'cache-control': 'no-cache'})
2025-10-24 07:02:02,322 - selenium.webdriver.remote.remote_connection - DEBUG - Finished Request
2025-10-24 07:02:02,323 - selenium.webdriver.remote.remote_connection - DEBUG - GET http://localhost:56249/session/d5b98ed7d8f4f58f584120e0c743e437/element/f.AA643242359645E03D76E5FF72570CFC.d.6EE54A09C369C0D71B665677960E4766.e.65/text {}
2025-10-24 07:02:02,325 - urllib3.connectionpool - DEBUG - http://localhost:56249 "GET /session/d5b98ed7d8f4f58f584120e0c743e437/element/f.AA643242359645E03D76E5FF72570CFC.d.6EE54A09C369C0D71B665677960E4766.e.65/text HTTP/1.1" 200 12
2025-10-24 07:02:02,325 - selenium.webdriver.remote.remote_connection - DEBUG - Remote response: status=200 | data={"value":""} | headers=HTTPHeaderDict({'Content-Length': '12', 'Content-Type': 'application/json; charset=utf-8', 'cache-control': 'no-cache'})
2025-10-24 07:02:02,325 - selenium.webdriver.remote.remote_connection - DEBUG - Finished Request
2025-10-24 07:02:02,325 - selenium.webdriver.remote.remote_connection - DEBUG - GET http://localhost:56249/session/d5b98ed7d8f4f58f584120e0c743e437/element/f.AA643242359645E03D76E5FF72570CFC.d.6EE54A09C369C0D71B665677960E4766.e.66/text {}
2025-10-24 07:02:02,328 - urllib3.connectionpool - DEBUG - http://localhost:56249 "GET /session/d5b98ed7d8f4f58f584120e0c743e437/element/f.AA643242359645E03D76E5FF72570CFC.d.6EE54A09C369C0D71B665677960E4766.e.66/text HTTP/1.1" 200 12
2025-10-24 07:02:02,328 - selenium.webdriver.remote.remote_connection - DEBUG - Remote response: status=200 | data={"value":""} | headers=HTTPHeaderDict({'Content-Length': '12', 'Content-Type': 'application/json; charset=utf-8', 'cache-control': 'no-cache'})
2025-10-24 07:02:02,328 - selenium.webdriver.remote.remote_connection - DEBUG - Finished Request
2025-10-24 07:02:02,328 - selenium.webdriver.remote.remote_connection - DEBUG - GET http://localhost:56249/session/d5b98ed7d8f4f58f584120e0c743e437/element/f.AA643242359645E03D76E5FF72570CFC.d.6EE54A09C369C0D71B665677960E4766.e.67/text {}
2025-10-24 07:02:02,330 - urllib3.connectionpool - DEBUG - http://localhost:56249 "GET /session/d5b98ed7d8f4f58f584120e0c743e437/element/f.AA643242359645E03D76E5FF72570CFC.d.6EE54A09C369C0D71B665677960E4766.e.67/text HTTP/1.1" 200 12
2025-10-24 07:02:02,330 - selenium.webdriver.remote.remote_connection - DEBUG - Remote response: status=200 | data={"value":""} | headers=HTTPHeaderDict({'Content-Length': '12', 'Content-Type': 'application/json; charset=utf-8', 'cache-control': 'no-cache'})
2025-10-24 07:02:02,331 - selenium.webdriver.remote.remote_connection - DEBUG - Finished Request
2025-10-24 07:02:02,331 - selenium.webdriver.remote.remote_connection - DEBUG - GET http://localhost:56249/session/d5b98ed7d8f4f58f584120e0c743e437/element/f.AA643242359645E03D76E5FF72570CFC.d.6EE54A09C369C0D71B665677960E4766.e.68/text {}
2025-10-24 07:02:02,333 - urllib3.connectionpool - DEBUG - http://localhost:56249 "GET /session/d5b98ed7d8f4f58f584120e0c743e437/element/f.AA643242359645E03D76E5FF72570CFC.d.6EE54A09C369C0D71B665677960E4766.e.68/text HTTP/1.1" 200 29
2025-10-24 07:02:02,333 - selenium.webdriver.remote.remote_connection - DEBUG - Remote response: status=200 | data={"value":"Planning Division"} | headers=HTTPHeaderDict({'Content-Length': '29', 'Content-Type': 'application/json; charset=utf-8', 'cache-control': 'no-cache'})
2025-10-24 07:02:02,333 - selenium.webdriver.remote.remote_connection - DEBUG - Finished Request
2025-10-24 07:02:02,333 - selenium.webdriver.remote.remote_connection - DEBUG - GET http://localhost:56249/session/d5b98ed7d8f4f58f584120e0c743e437/element/f.AA643242359645E03D76E5FF72570CFC.d.6EE54A09C369C0D71B665677960E4766.e.69/text {}
2025-10-24 07:02:02,336 - urllib3.connectionpool - DEBUG - http://localhost:56249 "GET /session/d5b98ed7d8f4f58f584120e0c743e437/element/f.AA643242359645E03D76E5FF72570CFC.d.6EE54A09C369C0D71B665677960E4766.e.69/text HTTP/1.1" 200 36
2025-10-24 07:02:02,336 - selenium.webdriver.remote.remote_connection - DEBUG - Remote response: status=200 | data={"value":"Accessory Dwelling Units"} | headers=HTTPHeaderDict({'Content-Length': '36', 'Content-Type': 'application/json; charset=utf-8', 'cache-control': 'no-cache'})
2025-10-24 07:02:02,336 - selenium.webdriver.remote.remote_connection - DEBUG - Finished Request
2025-10-24 07:02:02,336 - selenium.webdriver.remote.remote_connection - DEBUG - GET http://localhost:56249/session/d5b98ed7d8f4f58f584120e0c743e437/element/f.AA643242359645E03D76E5FF72570CFC.d.6EE54A09C369C0D71B665677960E4766.e.70/text {}
2025-10-24 07:02:02,338 - urllib3.connectionpool - DEBUG - http://localhost:56249 "GET /session/d5b98ed7d8f4f58f584120e0c743e437/element/f.AA643242359645E03D76E5FF72570CFC.d.6EE54A09C369C0D71B665677960E4766.e.70/text HTTP/1.1" 200 34
2025-10-24 07:02:02,339 - selenium.webdriver.remote.remote_connection - DEBUG - Remote response: status=200 | data={"value":"Bid/Proposal Documents"} | headers=HTTPHeaderDict({'Content-Length': '34', 'Content-Type': 'application/json; charset=utf-8', 'cache-control': 'no-cache'})
2025-10-24 07:02:02,339 - selenium.webdriver.remote.remote_connection - DEBUG - Finished Request
2025-10-24 07:02:02,339 - selenium.webdriver.remote.remote_connection - DEBUG - GET http://localhost:56249/session/d5b98ed7d8f4f58f584120e0c743e437/element/f.AA643242359645E03D76E5FF72570CFC.d.6EE54A09C369C0D71B665677960E4766.e.71/text {}
2025-10-24 07:02:02,342 - urllib3.connectionpool - DEBUG - http://localhost:56249 "GET /session/d5b98ed7d8f4f58f584120e0c743e437/element/f.AA643242359645E03D76E5FF72570CFC.d.6EE54A09C369C0D71B665677960E4766.e.71/text HTTP/1.1" 200 21
2025-10-24 07:02:02,342 - selenium.webdriver.remote.remote_connection - DEBUG - Remote response: status=200 | data={"value":"Documents"} | headers=HTTPHeaderDict({'Content-Length': '21', 'Content-Type': 'application/json; charset=utf-8', 'cache-control': 'no-cache'})
2025-10-24 07:02:02,342 - selenium.webdriver.remote.remote_connection - DEBUG - Finished Request
2025-10-24 07:02:02,342 - selenium.webdriver.remote.remote_connection - DEBUG - GET http://localhost:56249/session/d5b98ed7d8f4f58f584120e0c743e437/element/f.AA643242359645E03D76E5FF72570CFC.d.6EE54A09C369C0D71B665677960E4766.e.72/text {}
2025-10-24 07:02:02,344 - urllib3.connectionpool - DEBUG - http://localhost:56249 "GET /session/d5b98ed7d8f4f58f584120e0c743e437/element/f.AA643242359645E03D76E5FF72570CFC.d.6EE54A09C369C0D71B665677960E4766.e.72/text HTTP/1.1" 200 30
2025-10-24 07:02:02,345 - selenium.webdriver.remote.remote_connection - DEBUG - Remote response: status=200 | data={"value":"Forms and Handouts"} | headers=HTTPHeaderDict({'Content-Length': '30', 'Content-Type': 'application/json; charset=utf-8', 'cache-control': 'no-cache'})
2025-10-24 07:02:02,345 - selenium.webdriver.remote.remote_connection - DEBUG - Finished Request
2025-10-24 07:02:02,345 - selenium.webdriver.remote.remote_connection - DEBUG - GET http://localhost:56249/session/d5b98ed7d8f4f58f584120e0c743e437/element/f.AA643242359645E03D76E5FF72570CFC.d.6EE54A09C369C0D71B665677960E4766.e.73/text {}
2025-10-24 07:02:02,347 - urllib3.connectionpool - DEBUG - http://localhost:56249 "GET /session/d5b98ed7d8f4f58f584120e0c743e437/element/f.AA643242359645E03D76E5FF72570CFC.d.6EE54A09C369C0D71B665677960E4766.e.73/text HTTP/1.1" 200 29
2025-10-24 07:02:02,347 - selenium.webdriver.remote.remote_connection - DEBUG - Remote response: status=200 | data={"value":"Housing Resources"} | headers=HTTPHeaderDict({'Content-Length': '29', 'Content-Type': 'application/json; charset=utf-8', 'cache-control': 'no-cache'})
2025-10-24 07:02:02,347 - selenium.webdriver.remote.remote_connection - DEBUG - Finished Request
2025-10-24 07:02:02,347 - selenium.webdriver.remote.remote_connection - DEBUG - GET http://localhost:56249/session/d5b98ed7d8f4f58f584120e0c743e437/element/f.AA643242359645E03D76E5FF72570CFC.d.6EE54A09C369C0D71B665677960E4766.e.74/text {}
2025-10-24 07:02:02,349 - urllib3.connectionpool - DEBUG - http://localhost:56249 "GET /session/d5b98ed7d8f4f58f584120e0c743e437/element/f.AA643242359645E03D76E5FF72570CFC.d.6EE54A09C369C0D71B665677960E4766.e.74/text HTTP/1.1" 200 38
2025-10-24 07:02:02,349 - selenium.webdriver.remote.remote_connection - DEBUG - Remote response: status=200 | data={"value":"Planning Commission Agenda"} | headers=HTTPHeaderDict({'Content-Length': '38', 'Content-Type': 'application/json; charset=utf-8', 'cache-control': 'no-cache'})
2025-10-24 07:02:02,349 - selenium.webdriver.remote.remote_connection - DEBUG - Finished Request
2025-10-24 07:02:02,349 - selenium.webdriver.remote.remote_connection - DEBUG - GET http://localhost:56249/session/d5b98ed7d8f4f58f584120e0c743e437/element/f.AA643242359645E03D76E5FF72570CFC.d.6EE54A09C369C0D71B665677960E4766.e.75/text {}
2025-10-24 07:02:02,351 - urllib3.connectionpool - DEBUG - http://localhost:56249 "GET /session/d5b98ed7d8f4f58f584120e0c743e437/element/f.AA643242359645E03D76E5FF72570CFC.d.6EE54A09C369C0D71B665677960E4766.e.75/text HTTP/1.1" 200 40
2025-10-24 07:02:02,351 - selenium.webdriver.remote.remote_connection - DEBUG - Remote response: status=200 | data={"value":"Planning Commission Meetings"} | headers=HTTPHeaderDict({'Content-Length': '40', 'Content-Type': 'application/json; charset=utf-8', 'cache-control': 'no-cache'})
2025-10-24 07:02:02,351 - selenium.webdriver.remote.remote_connection - DEBUG - Finished Request
2025-10-24 07:02:02,351 - selenium.webdriver.remote.remote_connection - DEBUG - GET http://localhost:56249/session/d5b98ed7d8f4f58f584120e0c743e437/element/f.AA643242359645E03D76E5FF72570CFC.d.6EE54A09C369C0D71B665677960E4766.e.76/text {}
2025-10-24 07:02:02,354 - urllib3.connectionpool - DEBUG - http://localhost:56249 "GET /session/d5b98ed7d8f4f58f584120e0c743e437/element/f.AA643242359645E03D76E5FF72570CFC.d.6EE54A09C369C0D71B665677960E4766.e.76/text HTTP/1.1" 200 39
2025-10-24 07:02:02,354 - selenium.webdriver.remote.remote_connection - DEBUG - Remote response: status=200 | data={"value":"2022 - 2030 Housing Element"} | headers=HTTPHeaderDict({'Content-Length': '39', 'Content-Type': 'application/json; charset=utf-8', 'cache-control': 'no-cache'})
2025-10-24 07:02:02,354 - selenium.webdriver.remote.remote_connection - DEBUG - Finished Request
2025-10-24 07:02:02,354 - selenium.webdriver.remote.remote_connection - DEBUG - GET http://localhost:56249/session/d5b98ed7d8f4f58f584120e0c743e437/element/f.AA643242359645E03D76E5FF72570CFC.d.6EE54A09C369C0D71B665677960E4766.e.77/text {}
2025-10-24 07:02:02,356 - urllib3.connectionpool - DEBUG - http://localhost:56249 "GET /session/d5b98ed7d8f4f58f584120e0c743e437/element/f.AA643242359645E03D76E5FF72570CFC.d.6EE54A09C369C0D71B665677960E4766.e.77/text HTTP/1.1" 200 51
2025-10-24 07:02:02,356 - selenium.webdriver.remote.remote_connection - DEBUG - Remote response: status=200 | data={"value":"2022 - 2030 Housing Element Information"} | headers=HTTPHeaderDict({'Content-Length': '51', 'Content-Type': 'application/json; charset=utf-8', 'cache-control': 'no-cache'})
2025-10-24 07:02:02,356 - selenium.webdriver.remote.remote_connection - DEBUG - Finished Request
2025-10-24 07:02:02,356 - selenium.webdriver.remote.remote_connection - DEBUG - GET http://localhost:56249/session/d5b98ed7d8f4f58f584120e0c743e437/element/f.AA643242359645E03D76E5FF72570CFC.d.6EE54A09C369C0D71B665677960E4766.e.78/text {}
2025-10-24 07:02:02,358 - urllib3.connectionpool - DEBUG - http://localhost:56249 "GET /session/d5b98ed7d8f4f58f584120e0c743e437/element/f.AA643242359645E03D76E5FF72570CFC.d.6EE54A09C369C0D71B665677960E4766.e.78/text HTTP/1.1" 200 83
2025-10-24 07:02:02,358 - selenium.webdriver.remote.remote_connection - DEBUG - Remote response: status=200 | data={"value":"SB 35 Streamlined Multifamily Review and SB 330 Preliminary Application"} | headers=HTTPHeaderDict({'Content-Length': '83', 'Content-Type': 'application/json; charset=utf-8', 'cache-control': 'no-cache'})
2025-10-24 07:02:02,358 - selenium.webdriver.remote.remote_connection - DEBUG - Finished Request
2025-10-24 07:02:02,358 - selenium.webdriver.remote.remote_connection - DEBUG - GET http://localhost:56249/session/d5b98ed7d8f4f58f584120e0c743e437/element/f.AA643242359645E03D76E5FF72570CFC.d.6EE54A09C369C0D71B665677960E4766.e.79/text {}
2025-10-24 07:02:02,361 - urllib3.connectionpool - DEBUG - http://localhost:56249 "GET /session/d5b98ed7d8f4f58f584120e0c743e437/element/f.AA643242359645E03D76E5FF72570CFC.d.6EE54A09C369C0D71B665677960E4766.e.79/text HTTP/1.1" 200 25
2025-10-24 07:02:02,361 - selenium.webdriver.remote.remote_connection - DEBUG - Remote response: status=200 | data={"value":"Website Links"} | headers=HTTPHeaderDict({'Content-Length': '25', 'Content-Type': 'application/json; charset=utf-8', 'cache-control': 'no-cache'})
2025-10-24 07:02:02,361 - selenium.webdriver.remote.remote_connection - DEBUG - Finished Request
2025-10-24 07:02:02,361 - selenium.webdriver.remote.remote_connection - DEBUG - GET http://localhost:56249/session/d5b98ed7d8f4f58f584120e0c743e437/element/f.AA643242359645E03D76E5FF72570CFC.d.6EE54A09C369C0D71B665677960E4766.e.80/text {}
2025-10-24 07:02:02,363 - urllib3.connectionpool - DEBUG - http://localhost:56249 "GET /session/d5b98ed7d8f4f58f584120e0c743e437/element/f.AA643242359645E03D76E5FF72570CFC.d.6EE54A09C369C0D71B665677960E4766.e.80/text HTTP/1.1" 200 12
2025-10-24 07:02:02,363 - selenium.webdriver.remote.remote_connection - DEBUG - Remote response: status=200 | data={"value":""} | headers=HTTPHeaderDict({'Content-Length': '12', 'Content-Type': 'application/json; charset=utf-8', 'cache-control': 'no-cache'})
2025-10-24 07:02:02,363 - selenium.webdriver.remote.remote_connection - DEBUG - Finished Request
2025-10-24 07:02:02,363 - selenium.webdriver.remote.remote_connection - DEBUG - GET http://localhost:56249/session/d5b98ed7d8f4f58f584120e0c743e437/element/f.AA643242359645E03D76E5FF72570CFC.d.6EE54A09C369C0D71B665677960E4766.e.81/text {}
2025-10-24 07:02:02,365 - urllib3.connectionpool - DEBUG - http://localhost:56249 "GET /session/d5b98ed7d8f4f58f584120e0c743e437/element/f.AA643242359645E03D76E5FF72570CFC.d.6EE54A09C369C0D71B665677960E4766.e.81/text HTTP/1.1" 200 39
2025-10-24 07:02:02,365 - selenium.webdriver.remote.remote_connection - DEBUG - Remote response: status=200 | data={"value":"planning@co.del-norte.ca.us"} | headers=HTTPHeaderDict({'Content-Length': '39', 'Content-Type': 'application/json; charset=utf-8', 'cache-control': 'no-cache'})
2025-10-24 07:02:02,366 - selenium.webdriver.remote.remote_connection - DEBUG - Finished Request
2025-10-24 07:02:02,366 - selenium.webdriver.remote.remote_connection - DEBUG - GET http://localhost:56249/session/d5b98ed7d8f4f58f584120e0c743e437/element/f.AA643242359645E03D76E5FF72570CFC.d.6EE54A09C369C0D71B665677960E4766.e.82/text {}
2025-10-24 07:02:02,368 - urllib3.connectionpool - DEBUG - http://localhost:56249 "GET /session/d5b98ed7d8f4f58f584120e0c743e437/element/f.AA643242359645E03D76E5FF72570CFC.d.6EE54A09C369C0D71B665677960E4766.e.82/text HTTP/1.1" 200 32
2025-10-24 07:02:02,368 - selenium.webdriver.remote.remote_connection - DEBUG - Remote response: status=200 | data={"value":"Phone (707) 464-7254"} | headers=HTTPHeaderDict({'Content-Length': '32', 'Content-Type': 'application/json; charset=utf-8', 'cache-control': 'no-cache'})
2025-10-24 07:02:02,368 - selenium.webdriver.remote.remote_connection - DEBUG - Finished Request
2025-10-24 07:02:02,368 - selenium.webdriver.remote.remote_connection - DEBUG - GET http://localhost:56249/session/d5b98ed7d8f4f58f584120e0c743e437/element/f.AA643242359645E03D76E5FF72570CFC.d.6EE54A09C369C0D71B665677960E4766.e.83/text {}
2025-10-24 07:02:02,370 - urllib3.connectionpool - DEBUG - http://localhost:56249 "GET /session/d5b98ed7d8f4f58f584120e0c743e437/element/f.AA643242359645E03D76E5FF72570CFC.d.6EE54A09C369C0D71B665677960E4766.e.83/text HTTP/1.1" 200 26
2025-10-24 07:02:02,370 - selenium.webdriver.remote.remote_connection - DEBUG - Remote response: status=200 | data={"value":"Get Directions"} | headers=HTTPHeaderDict({'Content-Length': '26', 'Content-Type': 'application/json; charset=utf-8', 'cache-control': 'no-cache'})
2025-10-24 07:02:02,370 - selenium.webdriver.remote.remote_connection - DEBUG - Finished Request
2025-10-24 07:02:02,370 - selenium.webdriver.remote.remote_connection - DEBUG - GET http://localhost:56249/session/d5b98ed7d8f4f58f584120e0c743e437/element/f.AA643242359645E03D76E5FF72570CFC.d.6EE54A09C369C0D71B665677960E4766.e.84/text {}
2025-10-24 07:02:02,373 - urllib3.connectionpool - DEBUG - http://localhost:56249 "GET /session/d5b98ed7d8f4f58f584120e0c743e437/element/f.AA643242359645E03D76E5FF72570CFC.d.6EE54A09C369C0D71B665677960E4766.e.84/text HTTP/1.1" 200 16
2025-10-24 07:02:02,373 - selenium.webdriver.remote.remote_connection - DEBUG - Remote response: status=200 | data={"value":"Home"} | headers=HTTPHeaderDict({'Content-Length': '16', 'Content-Type': 'application/json; charset=utf-8', 'cache-control': 'no-cache'})
2025-10-24 07:02:02,373 - selenium.webdriver.remote.remote_connection - DEBUG - Finished Request
2025-10-24 07:02:02,373 - selenium.webdriver.remote.remote_connection - DEBUG - GET http://localhost:56249/session/d5b98ed7d8f4f58f584120e0c743e437/element/f.AA643242359645E03D76E5FF72570CFC.d.6EE54A09C369C0D71B665677960E4766.e.85/text {}
2025-10-24 07:02:02,375 - urllib3.connectionpool - DEBUG - http://localhost:56249 "GET /session/d5b98ed7d8f4f58f584120e0c743e437/element/f.AA643242359645E03D76E5FF72570CFC.d.6EE54A09C369C0D71B665677960E4766.e.85/text HTTP/1.1" 200 23
2025-10-24 07:02:02,375 - selenium.webdriver.remote.remote_connection - DEBUG - Remote response: status=200 | data={"value":"Departments"} | headers=HTTPHeaderDict({'Content-Length': '23', 'Content-Type': 'application/json; charset=utf-8', 'cache-control': 'no-cache'})
2025-10-24 07:02:02,375 - selenium.webdriver.remote.remote_connection - DEBUG - Finished Request
2025-10-24 07:02:02,375 - selenium.webdriver.remote.remote_connection - DEBUG - GET http://localhost:56249/session/d5b98ed7d8f4f58f584120e0c743e437/element/f.AA643242359645E03D76E5FF72570CFC.d.6EE54A09C369C0D71B665677960E4766.e.86/text {}
2025-10-24 07:02:02,377 - urllib3.connectionpool - DEBUG - http://localhost:56249 "GET /session/d5b98ed7d8f4f58f584120e0c743e437/element/f.AA643242359645E03D76E5FF72570CFC.d.6EE54A09C369C0D71B665677960E4766.e.86/text HTTP/1.1" 200 29
2025-10-24 07:02:02,377 - selenium.webdriver.remote.remote_connection - DEBUG - Remote response: status=200 | data={"value":"Planning Division"} | headers=HTTPHeaderDict({'Content-Length': '29', 'Content-Type': 'application/json; charset=utf-8', 'cache-control': 'no-cache'})
2025-10-24 07:02:02,377 - selenium.webdriver.remote.remote_connection - DEBUG - Finished Request
2025-10-24 07:02:02,377 - selenium.webdriver.remote.remote_connection - DEBUG - GET http://localhost:56249/session/d5b98ed7d8f4f58f584120e0c743e437/element/f.AA643242359645E03D76E5FF72570CFC.d.6EE54A09C369C0D71B665677960E4766.e.87/text {}
2025-10-24 07:02:02,379 - urllib3.connectionpool - DEBUG - http://localhost:56249 "GET /session/d5b98ed7d8f4f58f584120e0c743e437/element/f.AA643242359645E03D76E5FF72570CFC.d.6EE54A09C369C0D71B665677960E4766.e.87/text HTTP/1.1" 200 46
2025-10-24 07:02:02,379 - selenium.webdriver.remote.remote_connection - DEBUG - Remote response: status=200 | data={"value":"Planning Commission Public Comment"} | headers=HTTPHeaderDict({'Content-Length': '46', 'Content-Type': 'application/json; charset=utf-8', 'cache-control': 'no-cache'})
2025-10-24 07:02:02,380 - selenium.webdriver.remote.remote_connection - DEBUG - Finished Request
2025-10-24 07:02:02,380 - selenium.webdriver.remote.remote_connection - DEBUG - GET http://localhost:56249/session/d5b98ed7d8f4f58f584120e0c743e437/element/f.AA643242359645E03D76E5FF72570CFC.d.6EE54A09C369C0D71B665677960E4766.e.88/text {}
2025-10-24 07:02:02,382 - urllib3.connectionpool - DEBUG - http://localhost:56249 "GET /session/d5b98ed7d8f4f58f584120e0c743e437/element/f.AA643242359645E03D76E5FF72570CFC.d.6EE54A09C369C0D71B665677960E4766.e.88/text HTTP/1.1" 200 49
2025-10-24 07:02:02,382 - selenium.webdriver.remote.remote_connection - DEBUG - Remote response: status=200 | data={"value":"981 H Street\nCrescent City, CA 95531"} | headers=HTTPHeaderDict({'Content-Length': '49', 'Content-Type': 'application/json; charset=utf-8', 'cache-control': 'no-cache'})
2025-10-24 07:02:02,382 - selenium.webdriver.remote.remote_connection - DEBUG - Finished Request
2025-10-24 07:02:02,382 - selenium.webdriver.remote.remote_connection - DEBUG - GET http://localhost:56249/session/d5b98ed7d8f4f58f584120e0c743e437/element/f.AA643242359645E03D76E5FF72570CFC.d.6EE54A09C369C0D71B665677960E4766.e.89/text {}
2025-10-24 07:02:02,384 - urllib3.connectionpool - DEBUG - http://localhost:56249 "GET /session/d5b98ed7d8f4f58f584120e0c743e437/element/f.AA643242359645E03D76E5FF72570CFC.d.6EE54A09C369C0D71B665677960E4766.e.89/text HTTP/1.1" 200 25
2025-10-24 07:02:02,384 - selenium.webdriver.remote.remote_connection - DEBUG - Remote response: status=200 | data={"value":"Accessibility"} | headers=HTTPHeaderDict({'Content-Length': '25', 'Content-Type': 'application/json; charset=utf-8', 'cache-control': 'no-cache'})
2025-10-24 07:02:02,384 - selenium.webdriver.remote.remote_connection - DEBUG - Finished Request
2025-10-24 07:02:02,384 - selenium.webdriver.remote.remote_connection - DEBUG - GET http://localhost:56249/session/d5b98ed7d8f4f58f584120e0c743e437/element/f.AA643242359645E03D76E5FF72570CFC.d.6EE54A09C369C0D71B665677960E4766.e.90/text {}
2025-10-24 07:02:02,386 - urllib3.connectionpool - DEBUG - http://localhost:56249 "GET /session/d5b98ed7d8f4f58f584120e0c743e437/element/f.AA643242359645E03D76E5FF72570CFC.d.6EE54A09C369C0D71B665677960E4766.e.90/text HTTP/1.1" 200 22
2025-10-24 07:02:02,386 - selenium.webdriver.remote.remote_connection - DEBUG - Remote response: status=200 | data={"value":"Contact Us"} | headers=HTTPHeaderDict({'Content-Length': '22', 'Content-Type': 'application/json; charset=utf-8', 'cache-control': 'no-cache'})
2025-10-24 07:02:02,386 - selenium.webdriver.remote.remote_connection - DEBUG - Finished Request
2025-10-24 07:02:02,387 - selenium.webdriver.remote.remote_connection - DEBUG - GET http://localhost:56249/session/d5b98ed7d8f4f58f584120e0c743e437/element/f.AA643242359645E03D76E5FF72570CFC.d.6EE54A09C369C0D71B665677960E4766.e.91/text {}
2025-10-24 07:02:02,389 - urllib3.connectionpool - DEBUG - http://localhost:56249 "GET /session/d5b98ed7d8f4f58f584120e0c743e437/element/f.AA643242359645E03D76E5FF72570CFC.d.6EE54A09C369C0D71B665677960E4766.e.91/text HTTP/1.1" 200 29
2025-10-24 07:02:02,389 - selenium.webdriver.remote.remote_connection - DEBUG - Remote response: status=200 | data={"value":"Website By EvoGov"} | headers=HTTPHeaderDict({'Content-Length': '29', 'Content-Type': 'application/json; charset=utf-8', 'cache-control': 'no-cache'})
2025-10-24 07:02:02,389 - selenium.webdriver.remote.remote_connection - DEBUG - Finished Request
2025-10-24 07:02:02,390 - urllib3.connectionpool - DEBUG - Starting new HTTPS connection (1): data.ca.gov:443
2025-10-24 07:02:02,695 - urllib3.connectionpool - DEBUG - https://data.ca.gov:443 "GET /api/3/action/package_show?id=zoning-data HTTP/1.1" 404 None
2025-10-24 07:02:02,696 - cascadia.data.real_data_acquisition - ERROR - ⚠️  FALLBACK DATA USED - Module: real_data_acquisition
2025-10-24 07:02:02,696 - cascadia.data.real_data_acquisition - ERROR -    Original Source: zoning_data_acquisition
2025-10-24 07:02:02,696 - cascadia.data.real_data_acquisition - ERROR -    Fallback Reason: No real zoning data available
2025-10-24 07:02:02,696 - cascadia.data.real_data_acquisition - ERROR -    Fallback Type: synthetic_zoning
2025-10-24 07:02:02,697 - cascadia.data.real_data_acquisition - ERROR -    Limitations: ['Using generated test data', 'No real zoning boundaries']
2025-10-24 07:02:02,707 - pyogrio._io - INFO - Created 50 records
2025-10-24 07:02:02,707 - __main__ - INFO - ⚠️ Using synthetic data for zoning
2025-10-24 07:02:02,707 - cascadia.processing.data_manager - INFO - 🚀 PROCESSING START - Data Acquisition
2025-10-24 07:02:02,707 - cascadia.processing.data_manager - INFO -    Module: data_manager
2025-10-24 07:02:02,707 - cascadia.processing.data_manager - INFO -    Parameters: {'module': 'zoning', 'force_refresh': False}
2025-10-24 07:02:02,707 - cascadia.data.data_manager - WARNING - 🧪 SYNTHETIC DATA GENERATED - Module: data_manager
2025-10-24 07:02:02,707 - cascadia.data.data_manager - WARNING -    Reason: Using cached synthetic data
2025-10-24 07:02:02,707 - cascadia.data.data_manager - WARNING -    Parameters: {'module': 'zoning', 'file_size_mb': 0.000732421875}
2025-10-24 07:02:02,707 - cascadia.data.data_manager - WARNING -    Row Count: 0
2025-10-24 07:02:02,707 - cascadia.data.data_manager - WARNING -    Coverage Area: 0.00 km²
2025-10-24 07:02:02,707 - cascadia.data.data_manager - WARNING -    Geometry Types: ['Unknown']
2025-10-24 07:02:02,707 - cascadia.processing.data_manager - INFO - ✅ PROCESSING COMPLETE - Data Acquisition
2025-10-24 07:02:02,707 - cascadia.processing.data_manager - INFO -    Duration: 0.00s
2025-10-24 07:02:02,707 - cascadia.processing.data_manager - INFO -    source: cached_synthetic
2025-10-24 07:02:02,707 - cascadia.processing.data_manager - INFO -    module: zoning
2025-10-24 07:02:02,707 - cascadia.processing.data_manager - INFO - 🚀 PROCESSING START - H3 Processing
2025-10-24 07:02:02,707 - cascadia.processing.data_manager - INFO -    Module: data_manager
2025-10-24 07:02:02,707 - cascadia.processing.data_manager - INFO -    Parameters: {'module': 'zoning', 'data_path': 'output/zoning/data/synthetic/synthetic_zoning_data.geojson', 'target_hexagons_count': 7749}
2025-10-24 07:02:02,712 - cascadia.processing.data_manager - INFO -    Step: H3 Processing
2025-10-24 07:02:02,712 - cascadia.processing.data_manager - INFO -      action: cache_invalid
2025-10-24 07:02:02,712 - cascadia.processing.data_manager - INFO -      module: zoning
2025-10-24 07:02:02,712 - cascadia.processing.data_manager - INFO -    Step: H3 Processing
2025-10-24 07:02:02,712 - cascadia.processing.data_manager - INFO -      action: processing_to_h3
2025-10-24 07:02:02,712 - cascadia.processing.data_manager - INFO -      module: zoning
2025-10-24 07:02:02,863 - utils.enhanced_data_manager - INFO - [zoning] ✅ Processed 2 features to 2584 H3 hexagons
2025-10-24 07:02:02,876 - cascadia.data.data_manager - INFO - 🔷 H3 PROCESSING - Module: data_manager
2025-10-24 07:02:02,876 - cascadia.data.data_manager - INFO -    Input Features: 2
2025-10-24 07:02:02,876 - cascadia.data.data_manager - INFO -    Output Hexagons: 2,584
2025-10-24 07:02:02,876 - cascadia.data.data_manager - INFO -    Coverage: 33.3%
2025-10-24 07:02:02,877 - cascadia.data.data_manager - INFO -    Processing Time: 0.17s
2025-10-24 07:02:02,877 - cascadia.processing.data_manager - INFO - ✅ PROCESSING COMPLETE - H3 Processing
2025-10-24 07:02:02,877 - cascadia.processing.data_manager - INFO -    Duration: 0.17s
2025-10-24 07:02:02,877 - cascadia.processing.data_manager - INFO -    source: new_processing
2025-10-24 07:02:02,877 - cascadia.processing.data_manager - INFO -    module: zoning
2025-10-24 07:02:02,877 - cascadia.processing.data_manager - INFO -    input_features: 2
2025-10-24 07:02:02,877 - cascadia.processing.data_manager - INFO -    output_hexagons: 2584
2025-10-24 07:02:02,879 - __main__ - INFO - 📋 zoning data quality: 0.00
2025-10-24 07:02:29,829 - utils.real_data_acquisition - ERROR - Failed to download file from https://www2.census.gov/geo/tiger/TIGER2023/PLACE/tl_2023_us_place.zip: 404 Client Error: Not Found for url: https://www2.census.gov/geo/tiger/TIGER2023/PLACE/tl_2023_us_place.zip
2025-10-24 07:02:35,174 - cascadia.data.real_data_acquisition - ERROR - ⚠️  FALLBACK DATA USED - Module: real_data_acquisition
2025-10-24 07:02:35,175 - cascadia.data.real_data_acquisition - ERROR -    Original Source: current_use_data_acquisition
2025-10-24 07:02:35,175 - cascadia.data.real_data_acquisition - ERROR -    Fallback Reason: Exception: '/vsizip/output/real_data/usda_cropland_data.zip' not recognized as being in a supported file format.; It might help to specify the correct driver explicitly by prefixing the file path with '<DRIVER>:', e.g. 'CSV:path'.
2025-10-24 07:02:35,175 - cascadia.data.real_data_acquisition - ERROR -    Fallback Type: synthetic_current_use
2025-10-24 07:02:35,175 - cascadia.data.real_data_acquisition - ERROR -    Limitations: ['Data acquisition failed', 'Using generated test data']
2025-10-24 07:02:35,187 - pyogrio._io - INFO - Created 100 records
2025-10-24 07:02:35,188 - __main__ - INFO - ⚠️ Using synthetic data for current_use
2025-10-24 07:02:35,188 - cascadia.processing.data_manager - INFO - 🚀 PROCESSING START - Data Acquisition
2025-10-24 07:02:35,188 - cascadia.processing.data_manager - INFO -    Module: data_manager
2025-10-24 07:02:35,188 - cascadia.processing.data_manager - INFO -    Parameters: {'module': 'current_use', 'force_refresh': False}
2025-10-24 07:02:35,188 - cascadia.data.data_manager - WARNING - 🧪 SYNTHETIC DATA GENERATED - Module: data_manager
2025-10-24 07:02:35,188 - cascadia.data.data_manager - WARNING -    Reason: Using cached synthetic data
2025-10-24 07:02:35,188 - cascadia.data.data_manager - WARNING -    Parameters: {'module': 'current_use', 'file_size_mb': 0.0008020401000976562}
2025-10-24 07:02:35,188 - cascadia.data.data_manager - WARNING -    Row Count: 0
2025-10-24 07:02:35,188 - cascadia.data.data_manager - WARNING -    Coverage Area: 0.00 km²
2025-10-24 07:02:35,188 - cascadia.data.data_manager - WARNING -    Geometry Types: ['Unknown']
2025-10-24 07:02:35,188 - cascadia.processing.data_manager - INFO - ✅ PROCESSING COMPLETE - Data Acquisition
2025-10-24 07:02:35,188 - cascadia.processing.data_manager - INFO -    Duration: 0.00s
2025-10-24 07:02:35,188 - cascadia.processing.data_manager - INFO -    source: cached_synthetic
2025-10-24 07:02:35,188 - cascadia.processing.data_manager - INFO -    module: current_use
2025-10-24 07:02:35,188 - cascadia.processing.data_manager - INFO - 🚀 PROCESSING START - H3 Processing
2025-10-24 07:02:35,188 - cascadia.processing.data_manager - INFO -    Module: data_manager
2025-10-24 07:02:35,188 - cascadia.processing.data_manager - INFO -    Parameters: {'module': 'current_use', 'data_path': 'output/current_use/data/synthetic/synthetic_current_use_data.geojson', 'target_hexagons_count': 7749}
2025-10-24 07:02:35,192 - cascadia.processing.data_manager - INFO -    Step: H3 Processing
2025-10-24 07:02:35,192 - cascadia.processing.data_manager - INFO -      action: cache_invalid
2025-10-24 07:02:35,192 - cascadia.processing.data_manager - INFO -      module: current_use
2025-10-24 07:02:35,192 - cascadia.processing.data_manager - INFO -    Step: H3 Processing
2025-10-24 07:02:35,192 - cascadia.processing.data_manager - INFO -      action: processing_to_h3
2025-10-24 07:02:35,192 - cascadia.processing.data_manager - INFO -      module: current_use
2025-10-24 07:02:35,296 - utils.enhanced_data_manager - INFO - [current_use] ✅ Processed 2 features to 1551 H3 hexagons
2025-10-24 07:02:35,305 - cascadia.data.data_manager - INFO - 🔷 H3 PROCESSING - Module: data_manager
2025-10-24 07:02:35,305 - cascadia.data.data_manager - INFO -    Input Features: 2
2025-10-24 07:02:35,306 - cascadia.data.data_manager - INFO -    Output Hexagons: 1,551
2025-10-24 07:02:35,306 - cascadia.data.data_manager - INFO -    Coverage: 20.0%
2025-10-24 07:02:35,306 - cascadia.data.data_manager - INFO -    Processing Time: 0.12s
2025-10-24 07:02:35,306 - cascadia.processing.data_manager - INFO - ✅ PROCESSING COMPLETE - H3 Processing
2025-10-24 07:02:35,306 - cascadia.processing.data_manager - INFO -    Duration: 0.12s
2025-10-24 07:02:35,306 - cascadia.processing.data_manager - INFO -    source: new_processing
2025-10-24 07:02:35,306 - cascadia.processing.data_manager - INFO -    module: current_use
2025-10-24 07:02:35,306 - cascadia.processing.data_manager - INFO -    input_features: 2
2025-10-24 07:02:35,306 - cascadia.processing.data_manager - INFO -    output_hexagons: 1551
2025-10-24 07:02:35,308 - __main__ - INFO - 📋 current_use data quality: 0.00
2025-10-24 07:02:35,308 - __main__ - INFO - 🔗 Performing enhanced H3 geospatial fusion...
2025-10-24 07:02:35,309 - utils.enhanced_h3_fusion - INFO - Starting enhanced H3 geospatial fusion for 4 data sources
2025-10-24 07:02:35,310 - utils.enhanced_h3_fusion - INFO - Processing data source: improvements
2025-10-24 07:02:35,426 - utils.enhanced_h3_fusion - INFO - [improvements] fused 1/49 source hexes; matched targets so far: 7
2025-10-24 07:02:40,233 - utils.enhanced_h3_fusion - INFO - [improvements] fusion complete: processed=49, targets_matched=343
2025-10-24 07:02:40,234 - utils.enhanced_h3_fusion - INFO - ✅ Fused improvements: 321 hexagons
2025-10-24 07:02:40,234 - utils.enhanced_h3_fusion - INFO - Processing data source: ownership
2025-10-24 07:02:40,334 - utils.enhanced_h3_fusion - INFO - [ownership] fused 1/594 source hexes; matched targets so far: 7
2025-10-24 07:03:40,124 - utils.enhanced_h3_fusion - INFO - [ownership] fusion complete: processed=594, targets_matched=4158
2025-10-24 07:03:40,125 - utils.enhanced_h3_fusion - INFO - ✅ Fused ownership: 1228 hexagons
2025-10-24 07:03:40,125 - utils.enhanced_h3_fusion - INFO - Processing data source: zoning
2025-10-24 07:03:40,228 - utils.enhanced_h3_fusion - INFO - [zoning] fused 1/2584 source hexes; matched targets so far: 7
2025-10-24 07:05:24,308 - utils.enhanced_h3_fusion - INFO - [zoning] fused 1001/2584 source hexes; matched targets so far: 7007
2025-10-24 07:07:09,984 - utils.enhanced_h3_fusion - INFO - [zoning] fused 2001/2584 source hexes; matched targets so far: 14007
2025-10-24 07:08:12,094 - utils.enhanced_h3_fusion - INFO - [zoning] fusion complete: processed=2584, targets_matched=18088
2025-10-24 07:08:12,095 - utils.enhanced_h3_fusion - INFO - ✅ Fused zoning: 2818 hexagons
2025-10-24 07:08:12,095 - utils.enhanced_h3_fusion - INFO - Processing data source: current_use
2025-10-24 07:08:12,206 - utils.enhanced_h3_fusion - INFO - [current_use] fused 1/1551 source hexes; matched targets so far: 7
2025-10-24 07:09:58,455 - utils.enhanced_h3_fusion - INFO - [current_use] fused 1001/1551 source hexes; matched targets so far: 7007
2025-10-24 07:10:55,738 - utils.enhanced_h3_fusion - INFO - [current_use] fusion complete: processed=1551, targets_matched=10857
2025-10-24 07:10:55,738 - utils.enhanced_h3_fusion - INFO - ✅ Fused current_use: 1719 hexagons
2025-10-24 07:10:55,738 - utils.enhanced_h3_fusion - INFO - Performing enhanced spatial analysis...
2025-10-24 07:10:55,738 - utils.enhanced_h3_fusion - INFO - Performing enhanced spatial analysis...
2025-10-24 07:10:55,756 - utils.enhanced_h3_fusion - INFO - ✅ Enhanced spatial analysis completed
2025-10-24 07:10:55,756 - utils.enhanced_h3_fusion - INFO - ✅ Enhanced H3 fusion completed: 3298 hexagons
2025-10-24 07:10:55,757 - utils.enhanced_h3_fusion - INFO - 📊 Fusion coverage: 42.6%
2025-10-24 07:10:55,981 - utils.enhanced_h3_fusion - INFO - Saved fusion cache: output/data/cache/fusion/fused_res8_f184e85b83d85ab6.json
2025-10-24 07:10:55,981 - __main__ - INFO - 🔬 Running final analysis on fused data...
2025-10-24 07:10:55,991 - __main__ - INFO - Saved redevelopment scores cache: output/data/cache/scores/scores_f184e85b83d85ab6.json
2025-10-24 07:10:56,041 - geo_infer_place.core.unified_backend - INFO - Calculating enhanced agricultural redevelopment potential scores with SPACE integration...
2025-10-24 07:10:56,153 - geo_infer_place.core.unified_backend - INFO - ✅ Calculated enhanced redevelopment scores for 7749 hexagons with SPACE integration.
2025-10-24 07:10:56,156 - __main__ - INFO - 🎨 Creating comprehensive visualizations...
2025-10-24 07:10:56,157 - cascadia.visualization.comprehensive_viz - INFO - 🎨 VISUALIZATION CREATED - Interactive H3 Map
2025-10-24 07:10:56,157 - cascadia.visualization.comprehensive_viz - INFO -    Module: comprehensive_viz
2025-10-24 07:10:56,157 - cascadia.visualization.comprehensive_viz - INFO -    Data Sources: ['improvements', 'ownership', 'zoning', 'current_use']
2025-10-24 07:10:56,157 - cascadia.visualization.comprehensive_viz - INFO -    Hexagon Count: 5,000
2025-10-24 07:10:56,157 - cascadia.visualization.comprehensive_viz - INFO -    Layers: ['improvements', 'ownership', 'zoning', 'current_use']
2025-10-24 07:10:56,157 - cascadia.visualization.comprehensive_viz - INFO -    Interactive Features: ['Layer Toggles', 'Data Filtering', 'Hexagon Selection', 'Export Capabilities', 'Real-time Analysis']
2025-10-24 07:11:00,228 - cascadia.visualization.comprehensive_viz - INFO - 🎨 VISUALIZATION CREATED - Interactive H3 Map
2025-10-24 07:11:00,228 - cascadia.visualization.comprehensive_viz - INFO -    Module: comprehensive_viz
2025-10-24 07:11:00,228 - cascadia.visualization.comprehensive_viz - INFO -    Data Sources: ['improvements', 'ownership', 'zoning', 'current_use']
2025-10-24 07:11:00,228 - cascadia.visualization.comprehensive_viz - INFO -    Hexagon Count: 5,000
2025-10-24 07:11:00,228 - cascadia.visualization.comprehensive_viz - INFO -    Layers: ['improvements', 'ownership', 'zoning', 'current_use']
2025-10-24 07:11:00,228 - cascadia.visualization.comprehensive_viz - INFO -    Interactive Features: ['Layer Toggles', 'Data Filtering', 'Hexagon Selection', 'Export Capabilities', 'Real-time Analysis']
2025-10-24 07:11:00,228 - utils.comprehensive_visualization - INFO - Interactive H3 map created: output/visualizations/interactive/cascadia_interactive_map.html
2025-10-24 07:11:00,937 - utils.comprehensive_visualization - INFO - Static visualizations created: 4 files
2025-10-24 07:11:01,251 - utils.comprehensive_visualization - INFO - Visualization data exported: 4 files
2025-10-24 07:11:01,252 - __main__ - INFO - ✅ Comprehensive visualizations created
2025-10-24 07:11:01,252 - __main__ - INFO -    Interactive Map: output/visualizations/interactive/cascadia_interactive_map.html
2025-10-24 07:11:01,252 - __main__ - INFO -    Static Visualizations: 4 files
2025-10-24 07:11:01,252 - __main__ - INFO -    Export Files: 4 files
2025-10-24 07:11:01,252 - utils.reporting_engine - INFO - ✅ Data provenance manifest written: output/cascadia_data_provenance_20251024_071101.json
2025-10-24 07:11:01,254 - utils.data_processor - INFO - Step 4: Exporting analysis results...
2025-10-24 07:11:01,612 - geo_infer_place.core.unified_backend - INFO - ✅ Enhanced GeoJSON export completed with 7749 features
2025-10-24 07:11:01,613 - geo_infer_place.core.unified_backend - INFO - ✅ Successfully exported enhanced unified data to output/cascadia_unified_data_20251024_071101.geojson
2025-10-24 07:11:01,614 - utils.data_processor - INFO - ✅ Successfully exported enhanced unified data to output/cascadia_unified_data_20251024_071101.geojson
2025-10-24 07:11:01,616 - utils.data_processor - INFO - Exported redevelopment scores to output/cascadia_redevelopment_scores_20251024_071101.json
2025-10-24 07:11:01,616 - utils.data_processor - INFO - Exported summary to output/cascadia_summary_20251024_071101.json
2025-10-24 07:11:01,616 - utils.data_processor - INFO - Creating efficient visualization alternatives...
2025-10-24 07:11:01,617 - utils.data_processor - WARNING - Datashader not available: No module named 'datashader'
2025-10-24 07:11:01,617 - utils.deepscatter_visualization - INFO - Creating Deepscatter visualizations...
2025-10-24 07:11:01,617 - geo_infer_place.core.unified_backend - INFO - Calculating enhanced agricultural redevelopment potential scores with SPACE integration...
2025-10-24 07:11:01,746 - geo_infer_place.core.unified_backend - INFO - ✅ Calculated enhanced redevelopment scores for 7749 hexagons with SPACE integration.
2025-10-24 07:11:01,746 - utils.deepscatter_visualization - INFO - Preparing H3 data for Deepscatter visualization...
2025-10-24 07:11:01,755 - utils.deepscatter_visualization - INFO - Prepared 7749 data points for Deepscatter
2025-10-24 07:11:01,755 - utils.deepscatter_visualization - INFO - Creating Deepscatter HTML visualization...
2025-10-24 07:11:01,769 - utils.deepscatter_visualization - INFO - Deepscatter HTML visualization saved to: output/cascadia_deepscatter_visualization.html
2025-10-24 07:11:01,770 - utils.deepscatter_visualization - INFO - Creating lightweight CSV export...
2025-10-24 07:11:01,796 - utils.deepscatter_visualization - INFO - Lightweight CSV export saved to: output/cascadia_lightweight_data.csv
2025-10-24 07:11:01,797 - utils.deepscatter_visualization - INFO - Deepscatter visualizations created successfully
2025-10-24 07:11:01,797 - utils.data_processor - INFO - ✅ Deepscatter visualizations created successfully
2025-10-24 07:11:01,798 - utils.static_visualization - INFO - Creating static visualization plots...
2025-10-24 07:11:01,798 - geo_infer_place.core.unified_backend - INFO - Calculating enhanced agricultural redevelopment potential scores with SPACE integration...
2025-10-24 07:11:01,928 - geo_infer_place.core.unified_backend - INFO - ✅ Calculated enhanced redevelopment scores for 7749 hexagons with SPACE integration.
2025-10-24 07:11:01,928 - utils.static_visualization - INFO - Creating summary statistics...
2025-10-24 07:11:02,089 - utils.static_visualization - INFO - Summary statistics created for 7749 hexagons
2025-10-24 07:11:02,090 - utils.static_visualization - INFO - Creating data export for external visualization...
2025-10-24 07:11:02,092 - utils.static_visualization - INFO - Data export created with 1550 sampled points
2025-10-24 07:11:02,110 - utils.static_visualization - INFO - Static visualizations created successfully
2025-10-24 07:11:02,110 - utils.data_processor - INFO - ✅ Static plots created successfully
2025-10-24 07:11:02,110 - utils.data_processor - INFO - 📊 Data export completed in 0.9 seconds
2025-10-24 07:11:02,110 - __main__ - INFO - 📊 Generating lightweight static visualizations...
2025-10-24 07:11:02,110 - utils.static_visualization - INFO - Creating static visualization plots...
2025-10-24 07:11:02,110 - geo_infer_place.core.unified_backend - INFO - Calculating enhanced agricultural redevelopment potential scores with SPACE integration...
2025-10-24 07:11:02,233 - geo_infer_place.core.unified_backend - INFO - ✅ Calculated enhanced redevelopment scores for 7749 hexagons with SPACE integration.
2025-10-24 07:11:02,233 - utils.static_visualization - INFO - Creating summary statistics...
2025-10-24 07:11:02,247 - utils.static_visualization - INFO - Summary statistics created for 7749 hexagons
2025-10-24 07:11:02,247 - utils.static_visualization - INFO - Creating data export for external visualization...
2025-10-24 07:11:02,249 - utils.static_visualization - INFO - Data export created with 1550 sampled points
2025-10-24 07:11:02,267 - utils.static_visualization - INFO - Static visualizations created successfully
2025-10-24 07:11:02,267 - __main__ - INFO - ✅ Lightweight visualizations created
2025-10-24 07:11:02,267 - utils.reporting_engine - INFO - Generating enhanced analysis report to output/cascadia_analysis_report_20251024_071102.md...
2025-10-24 07:11:02,267 - utils.reporting_engine - INFO - ✅ Analysis report generated: output/cascadia_analysis_report_20251024_071102.md
2025-10-24 07:11:02,267 - __main__ - INFO - 📋 Analysis report: output/cascadia_analysis_report_20251024_071102.md
2025-10-24 07:11:02,267 - __main__ - INFO - ✅ Cascadia analysis completed successfully!
2025-10-24 07:11:02,267 - selenium.webdriver.remote.remote_connection - DEBUG - DELETE http://localhost:56249/session/d5b98ed7d8f4f58f584120e0c743e437 {}
2025-10-24 07:11:02,322 - selenium.webdriver.remote.remote_connection - DEBUG - Remote response: status=200 | data={"value":null} | headers=HTTPHeaderDict({'Content-Length': '14', 'Content-Type': 'application/json; charset=utf-8', 'cache-control': 'no-cache'})
2025-10-24 07:11:02,322 - selenium.webdriver.remote.remote_connection - DEBUG - Finished Request
