2025-08-07 13:43:35,704 - INFO - 🚀 Starting Cascadia data cleanup and reorganization...
2025-08-07 13:43:35,705 - INFO - 🚀 Starting full data cleanup and reorganization...
2025-08-07 13:43:35,705 - INFO - 📁 Creating standardized module data structure...
2025-08-07 13:43:35,705 - INFO - 📁 Created data structure for zoning
2025-08-07 13:43:35,706 - INFO - 📁 Created data structure for current_use
2025-08-07 13:43:35,706 - INFO - 📁 Created data structure for ownership
2025-08-07 13:43:35,706 - INFO - 📁 Created data structure for improvements
2025-08-07 13:43:35,706 - INFO - 📁 Created data structure for water_rights
2025-08-07 13:43:35,707 - INFO - 📁 Created data structure for ground_water
2025-08-07 13:43:35,707 - INFO - 📁 Created data structure for surface_water
2025-08-07 13:43:35,708 - INFO - 📁 Created data structure for power_source
2025-08-07 13:43:35,708 - INFO - 📁 Created data structure for mortgage_debt
2025-08-07 13:43:35,708 - INFO - 📦 Moving module data to appropriate directories...
2025-08-07 13:43:35,708 - INFO - 📁 Moved zoning_h3_res8.json to /Users/4d/Documents/GitHub/GEO-INFER/GEO-INFER-PLACE/locations/cascadia/zoning/data/zoning_h3_res8.json
2025-08-07 13:43:35,709 - INFO - 📁 Moved raw_zoning_data.geojson to /Users/4d/Documents/GitHub/GEO-INFER/GEO-INFER-PLACE/locations/cascadia/zoning/data/raw_zoning_data.geojson
2025-08-07 13:43:35,709 - INFO - 📁 Moved geospatial_data.duckdb to /Users/4d/Documents/GitHub/GEO-INFER/GEO-INFER-PLACE/locations/cascadia/zoning/data/geospatial_data.duckdb
2025-08-07 13:43:35,709 - INFO - 🗑️ Removed empty directory: /Users/4d/Documents/GitHub/GEO-INFER/GEO-INFER-PLACE/locations/cascadia/output/data/zoning
2025-08-07 13:43:35,709 - INFO - 📁 Moved raw_current_use_data.geojson to /Users/4d/Documents/GitHub/GEO-INFER/GEO-INFER-PLACE/locations/cascadia/current_use/data/raw_current_use_data.geojson
2025-08-07 13:43:35,709 - INFO - 📁 Moved current_use_h3_res8.json to /Users/4d/Documents/GitHub/GEO-INFER/GEO-INFER-PLACE/locations/cascadia/current_use/data/current_use_h3_res8.json
2025-08-07 13:43:35,709 - INFO - 🗑️ Removed empty directory: /Users/4d/Documents/GitHub/GEO-INFER/GEO-INFER-PLACE/locations/cascadia/output/data/current_use
2025-08-07 13:43:35,709 - INFO - 📁 Moved ownership_h3_res8.json to /Users/4d/Documents/GitHub/GEO-INFER/GEO-INFER-PLACE/locations/cascadia/ownership/data/ownership_h3_res8.json
2025-08-07 13:43:35,709 - INFO - 📁 Moved raw_ownership_data.geojson to /Users/4d/Documents/GitHub/GEO-INFER/GEO-INFER-PLACE/locations/cascadia/ownership/data/raw_ownership_data.geojson
2025-08-07 13:43:35,709 - INFO - 🗑️ Removed empty directory: /Users/4d/Documents/GitHub/GEO-INFER/GEO-INFER-PLACE/locations/cascadia/output/data/ownership
2025-08-07 13:43:35,710 - INFO - 📁 Moved raw_improvements_data.geojson to /Users/4d/Documents/GitHub/GEO-INFER/GEO-INFER-PLACE/locations/cascadia/improvements/data/raw_improvements_data.geojson
2025-08-07 13:43:35,710 - INFO - 📁 Moved improvements_h3_res8.json to /Users/4d/Documents/GitHub/GEO-INFER/GEO-INFER-PLACE/locations/cascadia/improvements/data/improvements_h3_res8.json
2025-08-07 13:43:35,710 - INFO - 📁 Moved geospatial_data.duckdb to /Users/4d/Documents/GitHub/GEO-INFER/GEO-INFER-PLACE/locations/cascadia/improvements/data/geospatial_data.duckdb
2025-08-07 13:43:35,710 - INFO - 🗑️ Removed empty directory: /Users/4d/Documents/GitHub/GEO-INFER/GEO-INFER-PLACE/locations/cascadia/output/data/improvements
2025-08-07 13:43:35,710 - INFO - 🧹 Cleaning up old run data...
2025-08-07 13:43:35,710 - INFO - 🗑️ Deleted old run file: cascadia_analysis_report_20250729_161251.md
2025-08-07 13:43:35,711 - INFO - 🗑️ Deleted old run file: cascadia_unified_data_20250729_161248.geojson
2025-08-07 13:43:35,711 - INFO - 🗑️ Deleted old run file: cascadia_redevelopment_scores_20250729_161248.json
2025-08-07 13:43:35,711 - INFO - 🗑️ Deleted old run file: cascadia_summary_20250729_161248.json
2025-08-07 13:43:35,711 - INFO - 🗑️ Deleted old run file: cascadia_analysis_report_20250729_161156.md
2025-08-07 13:43:35,712 - INFO - 🗑️ Deleted old run file: cascadia_unified_data_20250729_161151.geojson
2025-08-07 13:43:35,712 - INFO - 🗑️ Deleted old run file: cascadia_redevelopment_scores_20250729_161151.json
2025-08-07 13:43:35,712 - INFO - 🗑️ Deleted old run file: cascadia_summary_20250729_161151.json
2025-08-07 13:43:35,712 - INFO - 🗑️ Deleted old run file: cascadia_analysis_report_20250729_160956.md
2025-08-07 13:43:35,713 - INFO - 🗑️ Deleted old run file: cascadia_unified_data_20250729_160953.geojson
2025-08-07 13:43:35,713 - INFO - 🗑️ Deleted old run file: cascadia_redevelopment_scores_20250729_160953.json
2025-08-07 13:43:35,713 - INFO - 🗑️ Deleted old run file: cascadia_summary_20250729_160953.json
2025-08-07 13:43:35,713 - INFO - 🗑️ Deleted old run file: cascadia_analysis_report_20250729_160831.md
2025-08-07 13:43:35,713 - INFO - ✅ Cleaned up 13 old run files
2025-08-07 13:43:35,713 - INFO - 📁 Kept 3 recent runs
2025-08-07 13:43:35,713 - INFO - 📁 Output/data directory still contains files, keeping it
2025-08-07 13:43:35,713 - INFO - 🔄 Updating data manager configuration...
2025-08-07 13:43:35,713 - INFO - ✅ Updated data manager configuration: /Users/4d/Documents/GitHub/GEO-INFER/GEO-INFER-PLACE/locations/cascadia/config/data_cleanup_config.json
2025-08-07 13:43:35,713 - INFO - ✅ Full data cleanup and reorganization completed!
2025-08-07 13:43:35,713 - INFO - ✅ Data cleanup and reorganization completed successfully!
2025-08-07 13:43:35,713 - INFO - 📁 New data structure:
2025-08-07 13:43:35,713 - INFO -    - Module data moved to module/data/ directories
2025-08-07 13:43:35,713 - INFO -    - Old run files cleaned up (kept 3 most recent)
2025-08-07 13:43:35,713 - INFO -    - Run-specific summaries remain in output/
2025-08-07 13:43:35,714 - INFO -    - Standardized data structure created for each module
2026-01-25 16:02:25,362 - INFO - 🚀 Starting Cascadia data cleanup...
2026-01-25 16:02:25,363 - INFO - Removed /Users/4d/Documents/GitHub/GEO-INFER/GEO-INFER-PLACE/locations/cascadia/config/__pycache__
2026-01-25 16:02:25,364 - INFO - Removed /Users/4d/Documents/GitHub/GEO-INFER/GEO-INFER-PLACE/locations/cascadia/tests/__pycache__
2026-01-25 16:02:25,364 - INFO - Removed /Users/4d/Documents/GitHub/GEO-INFER/GEO-INFER-PLACE/locations/cascadia/src/__pycache__
2026-01-25 16:02:25,369 - INFO - Removed /Users/4d/Documents/GitHub/GEO-INFER/GEO-INFER-PLACE/locations/cascadia/tests/unit/__pycache__
2026-01-25 16:02:25,369 - INFO - Removed /Users/4d/Documents/GitHub/GEO-INFER/GEO-INFER-PLACE/locations/cascadia/tests/integration/__pycache__
2026-01-25 16:02:25,375 - INFO - Removed /Users/4d/Documents/GitHub/GEO-INFER/GEO-INFER-PLACE/locations/cascadia/.venv/lib/python3.12/site-packages/__pycache__
2026-01-25 16:02:25,377 - INFO - Removed /Users/4d/Documents/GitHub/GEO-INFER/GEO-INFER-PLACE/locations/cascadia/.venv/lib/python3.12/site-packages/pyproj/__pycache__
2026-01-25 16:02:25,378 - INFO - Removed /Users/4d/Documents/GitHub/GEO-INFER/GEO-INFER-PLACE/locations/cascadia/.venv/lib/python3.12/site-packages/packaging/__pycache__
2026-01-25 16:02:25,381 - INFO - Removed /Users/4d/Documents/GitHub/GEO-INFER/GEO-INFER-PLACE/locations/cascadia/.venv/lib/python3.12/site-packages/shapely/__pycache__
2026-01-25 16:02:25,382 - INFO - Removed /Users/4d/Documents/GitHub/GEO-INFER/GEO-INFER-PLACE/locations/cascadia/.venv/lib/python3.12/site-packages/markupsafe/__pycache__
2026-01-25 16:02:25,384 - INFO - Removed /Users/4d/Documents/GitHub/GEO-INFER/GEO-INFER-PLACE/locations/cascadia/.venv/lib/python3.12/site-packages/branca/__pycache__
2026-01-25 16:02:25,386 - INFO - Removed /Users/4d/Documents/GitHub/GEO-INFER/GEO-INFER-PLACE/locations/cascadia/.venv/lib/python3.12/site-packages/h3/__pycache__
2026-01-25 16:02:25,388 - INFO - Removed /Users/4d/Documents/GitHub/GEO-INFER/GEO-INFER-PLACE/locations/cascadia/.venv/lib/python3.12/site-packages/jinja2/__pycache__
2026-01-25 16:02:25,388 - INFO - Removed /Users/4d/Documents/GitHub/GEO-INFER/GEO-INFER-PLACE/locations/cascadia/.venv/lib/python3.12/site-packages/soupsieve/__pycache__
2026-01-25 16:02:25,390 - INFO - Removed /Users/4d/Documents/GitHub/GEO-INFER/GEO-INFER-PLACE/locations/cascadia/.venv/lib/python3.12/site-packages/geopandas/__pycache__
2026-01-25 16:02:25,392 - INFO - Removed /Users/4d/Documents/GitHub/GEO-INFER/GEO-INFER-PLACE/locations/cascadia/.venv/lib/python3.12/site-packages/folium/__pycache__
2026-01-25 16:02:25,393 - INFO - Removed /Users/4d/Documents/GitHub/GEO-INFER/GEO-INFER-PLACE/locations/cascadia/.venv/lib/python3.12/site-packages/idna/__pycache__
2026-01-25 16:02:25,394 - INFO - Removed /Users/4d/Documents/GitHub/GEO-INFER/GEO-INFER-PLACE/locations/cascadia/.venv/lib/python3.12/site-packages/bs4/__pycache__
2026-01-25 16:02:25,395 - INFO - Removed /Users/4d/Documents/GitHub/GEO-INFER/GEO-INFER-PLACE/locations/cascadia/.venv/lib/python3.12/site-packages/pytz/__pycache__
2026-01-25 16:02:25,398 - INFO - Removed /Users/4d/Documents/GitHub/GEO-INFER/GEO-INFER-PLACE/locations/cascadia/.venv/lib/python3.12/site-packages/numpy/__pycache__
2026-01-25 16:02:25,398 - INFO - Removed /Users/4d/Documents/GitHub/GEO-INFER/GEO-INFER-PLACE/locations/cascadia/.venv/lib/python3.12/site-packages/charset_normalizer/__pycache__
2026-01-25 16:02:25,400 - INFO - Removed /Users/4d/Documents/GitHub/GEO-INFER/GEO-INFER-PLACE/locations/cascadia/.venv/lib/python3.12/site-packages/requests/__pycache__
2026-01-25 16:02:25,402 - INFO - Removed /Users/4d/Documents/GitHub/GEO-INFER/GEO-INFER-PLACE/locations/cascadia/.venv/lib/python3.12/site-packages/tqdm/__pycache__
2026-01-25 16:02:25,406 - INFO - Removed /Users/4d/Documents/GitHub/GEO-INFER/GEO-INFER-PLACE/locations/cascadia/.venv/lib/python3.12/site-packages/yaml/__pycache__
2026-01-25 16:02:25,407 - INFO - Removed /Users/4d/Documents/GitHub/GEO-INFER/GEO-INFER-PLACE/locations/cascadia/.venv/lib/python3.12/site-packages/psutil/__pycache__
2026-01-25 16:02:25,407 - INFO - Removed /Users/4d/Documents/GitHub/GEO-INFER/GEO-INFER-PLACE/locations/cascadia/.venv/lib/python3.12/site-packages/lxml/__pycache__
2026-01-25 16:02:25,408 - INFO - Removed /Users/4d/Documents/GitHub/GEO-INFER/GEO-INFER-PLACE/locations/cascadia/.venv/lib/python3.12/site-packages/xyzservices/__pycache__
2026-01-25 16:02:25,409 - INFO - Removed /Users/4d/Documents/GitHub/GEO-INFER/GEO-INFER-PLACE/locations/cascadia/.venv/lib/python3.12/site-packages/pandas/__pycache__
2026-01-25 16:02:25,409 - INFO - Removed /Users/4d/Documents/GitHub/GEO-INFER/GEO-INFER-PLACE/locations/cascadia/.venv/lib/python3.12/site-packages/dateutil/__pycache__
2026-01-25 16:02:25,413 - INFO - Removed /Users/4d/Documents/GitHub/GEO-INFER/GEO-INFER-PLACE/locations/cascadia/.venv/lib/python3.12/site-packages/pyproj/crs/__pycache__
2026-01-25 16:02:25,427 - INFO - Removed /Users/4d/Documents/GitHub/GEO-INFER/GEO-INFER-PLACE/locations/cascadia/.venv/lib/python3.12/site-packages/shapely/algorithms/__pycache__
2026-01-25 16:02:25,428 - INFO - Removed /Users/4d/Documents/GitHub/GEO-INFER/GEO-INFER-PLACE/locations/cascadia/.venv/lib/python3.12/site-packages/shapely/geometry/__pycache__
2026-01-25 16:02:25,468 - INFO - Removed /Users/4d/Documents/GitHub/GEO-INFER/GEO-INFER-PLACE/locations/cascadia/.venv/lib/python3.12/site-packages/h3/_cy/__pycache__
2026-01-25 16:02:25,468 - INFO - Removed /Users/4d/Documents/GitHub/GEO-INFER/GEO-INFER-PLACE/locations/cascadia/.venv/lib/python3.12/site-packages/h3/api/__pycache__
2026-01-25 16:02:25,468 - INFO - Removed /Users/4d/Documents/GitHub/GEO-INFER/GEO-INFER-PLACE/locations/cascadia/.venv/lib/python3.12/site-packages/h3/api/memview_int/__pycache__
2026-01-25 16:02:25,469 - INFO - Removed /Users/4d/Documents/GitHub/GEO-INFER/GEO-INFER-PLACE/locations/cascadia/.venv/lib/python3.12/site-packages/h3/api/basic_str/__pycache__
2026-01-25 16:02:25,469 - INFO - Removed /Users/4d/Documents/GitHub/GEO-INFER/GEO-INFER-PLACE/locations/cascadia/.venv/lib/python3.12/site-packages/h3/api/numpy_int/__pycache__
2026-01-25 16:02:25,469 - INFO - Removed /Users/4d/Documents/GitHub/GEO-INFER/GEO-INFER-PLACE/locations/cascadia/.venv/lib/python3.12/site-packages/h3/api/basic_int/__pycache__
2026-01-25 16:02:25,470 - INFO - Removed /Users/4d/Documents/GitHub/GEO-INFER/GEO-INFER-PLACE/locations/cascadia/.venv/lib/python3.12/site-packages/geopandas/tools/__pycache__
2026-01-25 16:02:25,470 - INFO - Removed /Users/4d/Documents/GitHub/GEO-INFER/GEO-INFER-PLACE/locations/cascadia/.venv/lib/python3.12/site-packages/geopandas/datasets/__pycache__
2026-01-25 16:02:25,470 - INFO - Removed /Users/4d/Documents/GitHub/GEO-INFER/GEO-INFER-PLACE/locations/cascadia/.venv/lib/python3.12/site-packages/geopandas/io/__pycache__
2026-01-25 16:02:25,482 - INFO - Removed /Users/4d/Documents/GitHub/GEO-INFER/GEO-INFER-PLACE/locations/cascadia/.venv/lib/python3.12/site-packages/folium/plugins/__pycache__
2026-01-25 16:02:25,485 - INFO - Removed /Users/4d/Documents/GitHub/GEO-INFER/GEO-INFER-PLACE/locations/cascadia/.venv/lib/python3.12/site-packages/bs4/builder/__pycache__
2026-01-25 16:02:25,491 - INFO - Removed /Users/4d/Documents/GitHub/GEO-INFER/GEO-INFER-PLACE/locations/cascadia/.venv/lib/python3.12/site-packages/numpy/_utils/__pycache__
2026-01-25 16:02:25,491 - INFO - Removed /Users/4d/Documents/GitHub/GEO-INFER/GEO-INFER-PLACE/locations/cascadia/.venv/lib/python3.12/site-packages/numpy/linalg/__pycache__
2026-01-25 16:02:25,492 - INFO - Removed /Users/4d/Documents/GitHub/GEO-INFER/GEO-INFER-PLACE/locations/cascadia/.venv/lib/python3.12/site-packages/numpy/ma/__pycache__
2026-01-25 16:02:25,494 - INFO - Removed /Users/4d/Documents/GitHub/GEO-INFER/GEO-INFER-PLACE/locations/cascadia/.venv/lib/python3.12/site-packages/numpy/_core/__pycache__
2026-01-25 16:02:25,494 - INFO - Removed /Users/4d/Documents/GitHub/GEO-INFER/GEO-INFER-PLACE/locations/cascadia/.venv/lib/python3.12/site-packages/numpy/_typing/__pycache__
2026-01-25 16:02:25,496 - INFO - Removed /Users/4d/Documents/GitHub/GEO-INFER/GEO-INFER-PLACE/locations/cascadia/.venv/lib/python3.12/site-packages/numpy/lib/__pycache__
2026-01-25 16:02:25,497 - INFO - Removed /Users/4d/Documents/GitHub/GEO-INFER/GEO-INFER-PLACE/locations/cascadia/.venv/lib/python3.12/site-packages/numpy/random/__pycache__
2026-01-25 16:02:25,497 - INFO - Removed /Users/4d/Documents/GitHub/GEO-INFER/GEO-INFER-PLACE/locations/cascadia/.venv/lib/python3.12/site-packages/numpy/matrixlib/__pycache__
2026-01-25 16:02:25,566 - INFO - Removed /Users/4d/Documents/GitHub/GEO-INFER/GEO-INFER-PLACE/locations/cascadia/.venv/lib/python3.12/site-packages/pandas/compat/__pycache__
2026-01-25 16:02:25,568 - INFO - Removed /Users/4d/Documents/GitHub/GEO-INFER/GEO-INFER-PLACE/locations/cascadia/.venv/lib/python3.12/site-packages/pandas/core/__pycache__
2026-01-25 16:02:25,569 - INFO - Removed /Users/4d/Documents/GitHub/GEO-INFER/GEO-INFER-PLACE/locations/cascadia/.venv/lib/python3.12/site-packages/pandas/util/__pycache__
2026-01-25 16:02:25,570 - INFO - Removed /Users/4d/Documents/GitHub/GEO-INFER/GEO-INFER-PLACE/locations/cascadia/.venv/lib/python3.12/site-packages/pandas/io/__pycache__
2026-01-25 16:02:25,571 - INFO - Removed /Users/4d/Documents/GitHub/GEO-INFER/GEO-INFER-PLACE/locations/cascadia/.venv/lib/python3.12/site-packages/pandas/tseries/__pycache__
2026-01-25 16:02:25,571 - INFO - Removed /Users/4d/Documents/GitHub/GEO-INFER/GEO-INFER-PLACE/locations/cascadia/.venv/lib/python3.12/site-packages/pandas/_testing/__pycache__
2026-01-25 16:02:25,571 - INFO - Removed /Users/4d/Documents/GitHub/GEO-INFER/GEO-INFER-PLACE/locations/cascadia/.venv/lib/python3.12/site-packages/pandas/_libs/__pycache__
2026-01-25 16:02:25,572 - INFO - Removed /Users/4d/Documents/GitHub/GEO-INFER/GEO-INFER-PLACE/locations/cascadia/.venv/lib/python3.12/site-packages/pandas/plotting/__pycache__
2026-01-25 16:02:25,572 - INFO - Removed /Users/4d/Documents/GitHub/GEO-INFER/GEO-INFER-PLACE/locations/cascadia/.venv/lib/python3.12/site-packages/pandas/arrays/__pycache__
2026-01-25 16:02:25,573 - INFO - Removed /Users/4d/Documents/GitHub/GEO-INFER/GEO-INFER-PLACE/locations/cascadia/.venv/lib/python3.12/site-packages/pandas/api/__pycache__
2026-01-25 16:02:25,573 - INFO - Removed /Users/4d/Documents/GitHub/GEO-INFER/GEO-INFER-PLACE/locations/cascadia/.venv/lib/python3.12/site-packages/pandas/errors/__pycache__
2026-01-25 16:02:25,573 - INFO - Removed /Users/4d/Documents/GitHub/GEO-INFER/GEO-INFER-PLACE/locations/cascadia/.venv/lib/python3.12/site-packages/pandas/_config/__pycache__
2026-01-25 16:02:25,574 - INFO - Removed /Users/4d/Documents/GitHub/GEO-INFER/GEO-INFER-PLACE/locations/cascadia/.venv/lib/python3.12/site-packages/pandas/compat/numpy/__pycache__
2026-01-25 16:02:25,574 - INFO - Removed /Users/4d/Documents/GitHub/GEO-INFER/GEO-INFER-PLACE/locations/cascadia/.venv/lib/python3.12/site-packages/pandas/core/indexers/__pycache__
2026-01-25 16:02:25,575 - INFO - Removed /Users/4d/Documents/GitHub/GEO-INFER/GEO-INFER-PLACE/locations/cascadia/.venv/lib/python3.12/site-packages/pandas/core/reshape/__pycache__
2026-01-25 16:02:25,576 - INFO - Removed /Users/4d/Documents/GitHub/GEO-INFER/GEO-INFER-PLACE/locations/cascadia/.venv/lib/python3.12/site-packages/pandas/core/strings/__pycache__
2026-01-25 16:02:25,577 - INFO - Removed /Users/4d/Documents/GitHub/GEO-INFER/GEO-INFER-PLACE/locations/cascadia/.venv/lib/python3.12/site-packages/pandas/core/tools/__pycache__
2026-01-25 16:02:25,577 - INFO - Removed /Users/4d/Documents/GitHub/GEO-INFER/GEO-INFER-PLACE/locations/cascadia/.venv/lib/python3.12/site-packages/pandas/core/methods/__pycache__
2026-01-25 16:02:25,577 - INFO - Removed /Users/4d/Documents/GitHub/GEO-INFER/GEO-INFER-PLACE/locations/cascadia/.venv/lib/python3.12/site-packages/pandas/core/util/__pycache__
2026-01-25 16:02:25,578 - INFO - Removed /Users/4d/Documents/GitHub/GEO-INFER/GEO-INFER-PLACE/locations/cascadia/.venv/lib/python3.12/site-packages/pandas/core/array_algos/__pycache__
2026-01-25 16:02:25,578 - INFO - Removed /Users/4d/Documents/GitHub/GEO-INFER/GEO-INFER-PLACE/locations/cascadia/.venv/lib/python3.12/site-packages/pandas/core/interchange/__pycache__
2026-01-25 16:02:25,579 - INFO - Removed /Users/4d/Documents/GitHub/GEO-INFER/GEO-INFER-PLACE/locations/cascadia/.venv/lib/python3.12/site-packages/pandas/core/dtypes/__pycache__
2026-01-25 16:02:25,580 - INFO - Removed /Users/4d/Documents/GitHub/GEO-INFER/GEO-INFER-PLACE/locations/cascadia/.venv/lib/python3.12/site-packages/pandas/core/groupby/__pycache__
2026-01-25 16:02:25,580 - INFO - Removed /Users/4d/Documents/GitHub/GEO-INFER/GEO-INFER-PLACE/locations/cascadia/.venv/lib/python3.12/site-packages/pandas/core/internals/__pycache__
2026-01-25 16:02:25,581 - INFO - Removed /Users/4d/Documents/GitHub/GEO-INFER/GEO-INFER-PLACE/locations/cascadia/.venv/lib/python3.12/site-packages/pandas/core/computation/__pycache__
2026-01-25 16:02:25,581 - INFO - Removed /Users/4d/Documents/GitHub/GEO-INFER/GEO-INFER-PLACE/locations/cascadia/.venv/lib/python3.12/site-packages/pandas/core/_numba/__pycache__
2026-01-25 16:02:25,582 - INFO - Removed /Users/4d/Documents/GitHub/GEO-INFER/GEO-INFER-PLACE/locations/cascadia/.venv/lib/python3.12/site-packages/pandas/core/window/__pycache__
2026-01-25 16:02:25,583 - INFO - Removed /Users/4d/Documents/GitHub/GEO-INFER/GEO-INFER-PLACE/locations/cascadia/.venv/lib/python3.12/site-packages/pandas/core/arrays/__pycache__
2026-01-25 16:02:25,583 - INFO - Removed /Users/4d/Documents/GitHub/GEO-INFER/GEO-INFER-PLACE/locations/cascadia/.venv/lib/python3.12/site-packages/pandas/core/ops/__pycache__
2026-01-25 16:02:25,584 - INFO - Removed /Users/4d/Documents/GitHub/GEO-INFER/GEO-INFER-PLACE/locations/cascadia/.venv/lib/python3.12/site-packages/pandas/core/indexes/__pycache__
2026-01-25 16:02:25,585 - INFO - Removed /Users/4d/Documents/GitHub/GEO-INFER/GEO-INFER-PLACE/locations/cascadia/.venv/lib/python3.12/site-packages/pandas/core/arrays/arrow/__pycache__
2026-01-25 16:02:25,586 - INFO - Removed /Users/4d/Documents/GitHub/GEO-INFER/GEO-INFER-PLACE/locations/cascadia/.venv/lib/python3.12/site-packages/pandas/core/arrays/sparse/__pycache__
2026-01-25 16:02:25,586 - INFO - Removed /Users/4d/Documents/GitHub/GEO-INFER/GEO-INFER-PLACE/locations/cascadia/.venv/lib/python3.12/site-packages/pandas/util/version/__pycache__
2026-01-25 16:02:25,587 - INFO - Removed /Users/4d/Documents/GitHub/GEO-INFER/GEO-INFER-PLACE/locations/cascadia/.venv/lib/python3.12/site-packages/pandas/io/parsers/__pycache__
2026-01-25 16:02:25,587 - INFO - Removed /Users/4d/Documents/GitHub/GEO-INFER/GEO-INFER-PLACE/locations/cascadia/.venv/lib/python3.12/site-packages/pandas/io/formats/__pycache__
2026-01-25 16:02:25,588 - INFO - Removed /Users/4d/Documents/GitHub/GEO-INFER/GEO-INFER-PLACE/locations/cascadia/.venv/lib/python3.12/site-packages/pandas/io/excel/__pycache__
2026-01-25 16:02:25,588 - INFO - Removed /Users/4d/Documents/GitHub/GEO-INFER/GEO-INFER-PLACE/locations/cascadia/.venv/lib/python3.12/site-packages/pandas/io/json/__pycache__
2026-01-25 16:02:25,588 - INFO - Removed /Users/4d/Documents/GitHub/GEO-INFER/GEO-INFER-PLACE/locations/cascadia/.venv/lib/python3.12/site-packages/pandas/io/sas/__pycache__
2026-01-25 16:02:25,597 - INFO - Removed /Users/4d/Documents/GitHub/GEO-INFER/GEO-INFER-PLACE/locations/cascadia/.venv/lib/python3.12/site-packages/pandas/_libs/window/__pycache__
2026-01-25 16:02:25,598 - INFO - Removed /Users/4d/Documents/GitHub/GEO-INFER/GEO-INFER-PLACE/locations/cascadia/.venv/lib/python3.12/site-packages/pandas/_libs/tslibs/__pycache__
2026-01-25 16:02:25,598 - INFO - Removed /Users/4d/Documents/GitHub/GEO-INFER/GEO-INFER-PLACE/locations/cascadia/.venv/lib/python3.12/site-packages/pandas/api/indexers/__pycache__
2026-01-25 16:02:25,598 - INFO - Removed /Users/4d/Documents/GitHub/GEO-INFER/GEO-INFER-PLACE/locations/cascadia/.venv/lib/python3.12/site-packages/pandas/api/types/__pycache__
2026-01-25 16:02:25,598 - INFO - Removed /Users/4d/Documents/GitHub/GEO-INFER/GEO-INFER-PLACE/locations/cascadia/.venv/lib/python3.12/site-packages/pandas/api/interchange/__pycache__
2026-01-25 16:02:25,599 - INFO - Removed /Users/4d/Documents/GitHub/GEO-INFER/GEO-INFER-PLACE/locations/cascadia/.venv/lib/python3.12/site-packages/pandas/api/extensions/__pycache__
2026-01-25 16:02:25,599 - INFO - Removed /Users/4d/Documents/GitHub/GEO-INFER/GEO-INFER-PLACE/locations/cascadia/.venv/lib/python3.12/site-packages/pandas/api/typing/__pycache__
2026-01-25 16:02:25,600 - INFO - Removed /Users/4d/Documents/GitHub/GEO-INFER/GEO-INFER-PLACE/locations/cascadia/.venv/lib/python3.12/site-packages/dateutil/parser/__pycache__
2026-01-25 16:02:25,600 - INFO - Removed /Users/4d/Documents/GitHub/GEO-INFER/GEO-INFER-PLACE/locations/cascadia/.venv/lib/python3.12/site-packages/dateutil/tz/__pycache__
2026-01-25 16:02:25,604 - INFO - Removed /Users/4d/Documents/GitHub/GEO-INFER/GEO-INFER-PLACE/locations/cascadia/src/core/__pycache__
2026-01-25 16:02:25,605 - INFO - Removed /Users/4d/Documents/GitHub/GEO-INFER/GEO-INFER-PLACE/locations/cascadia/src/data_modules/__pycache__
2026-01-25 16:02:25,605 - INFO - Removed /Users/4d/Documents/GitHub/GEO-INFER/GEO-INFER-PLACE/locations/cascadia/src/core/visualization/__pycache__
2026-01-25 16:02:25,606 - INFO - Removed /Users/4d/Documents/GitHub/GEO-INFER/GEO-INFER-PLACE/locations/cascadia/src/data_modules/ground_water/__pycache__
2026-01-25 16:02:25,606 - INFO - Removed /Users/4d/Documents/GitHub/GEO-INFER/GEO-INFER-PLACE/locations/cascadia/src/data_modules/surface_water/__pycache__
2026-01-25 16:02:25,606 - INFO - Removed /Users/4d/Documents/GitHub/GEO-INFER/GEO-INFER-PLACE/locations/cascadia/src/data_modules/improvements/__pycache__
2026-01-25 16:02:25,607 - INFO - Removed /Users/4d/Documents/GitHub/GEO-INFER/GEO-INFER-PLACE/locations/cascadia/src/data_modules/water_rights/__pycache__
2026-01-25 16:02:25,607 - INFO - Removed /Users/4d/Documents/GitHub/GEO-INFER/GEO-INFER-PLACE/locations/cascadia/src/data_modules/mortgage_debt/__pycache__
2026-01-25 16:02:25,607 - INFO - Removed /Users/4d/Documents/GitHub/GEO-INFER/GEO-INFER-PLACE/locations/cascadia/src/data_modules/ownership/__pycache__
2026-01-25 16:02:25,608 - INFO - Removed /Users/4d/Documents/GitHub/GEO-INFER/GEO-INFER-PLACE/locations/cascadia/src/data_modules/zoning/__pycache__
2026-01-25 16:02:25,608 - INFO - Removed /Users/4d/Documents/GitHub/GEO-INFER/GEO-INFER-PLACE/locations/cascadia/src/data_modules/power_source/__pycache__
2026-01-25 16:02:25,609 - INFO - Removed /Users/4d/Documents/GitHub/GEO-INFER/GEO-INFER-PLACE/locations/cascadia/src/data_modules/current_use/__pycache__
2026-01-25 16:02:25,610 - INFO - ✅ Data cleanup completed successfully!
2026-01-25 16:02:25,610 - INFO - 📁 Structure:
2026-01-25 16:02:25,610 - INFO -    - src/data_modules/  : Data acquisition modules
2026-01-25 16:02:25,610 - INFO -    - src/core/          : Processing utilities
2026-01-25 16:02:25,610 - INFO -    - tests/             : Test files
2026-01-25 16:02:25,610 - INFO -    - generated/         : All outputs, cache, logs
