2025-10-24 08:49:09,211 - __main__ - INFO - === Comprehensive Dependency Check ===
2025-10-24 08:49:09,211 - __main__ - INFO - Checking core required packages...
2025-10-24 08:49:09,622 - __main__ - INFO - ✓ folium is available
2025-10-24 08:49:09,642 - __main__ - INFO - ✓ h3 is available
2025-10-24 08:49:09,642 - __main__ - INFO - ✓ pandas is available
2025-10-24 08:49:09,706 - __main__ - INFO - ✓ geopandas is available
2025-10-24 08:49:09,707 - __main__ - INFO - ✓ numpy is available
2025-10-24 08:49:09,707 - __main__ - INFO - ✓ requests is available
2025-10-24 08:49:09,716 - __main__ - INFO - ✓ yaml is available
2025-10-24 08:49:09,718 - __main__ - INFO - ✓ plotly is available
2025-10-24 08:49:09,789 - __main__ - INFO - ✓ matplotlib is available
2025-10-24 08:49:10,438 - __main__ - INFO - ✓ seaborn is available
2025-10-24 08:49:10,438 - __main__ - INFO - ✓ branca is available
2025-10-24 08:49:10,438 - __main__ - INFO - ✓ scipy is available
2025-10-24 08:49:10,554 - __main__ - INFO - ✓ sklearn is available
2025-10-24 08:49:10,554 - __main__ - INFO - ✓ shapely is available
2025-10-24 08:49:10,649 - __main__ - INFO - ✓ rasterio is available
2025-10-24 08:49:10,649 - __main__ - WARNING - ✗ fiona is missing - will install fiona
2025-10-24 08:49:10,649 - __main__ - INFO - Checking optional enhancement packages...
2025-10-24 08:49:10,650 - __main__ - INFO - ○ contextily (optional) is missing
2025-10-24 08:49:10,650 - __main__ - INFO - ○ cartopy (optional) is missing
2025-10-24 08:49:10,650 - __main__ - INFO - ○ descartes (optional) is missing
2025-10-24 08:49:10,650 - __main__ - INFO - ✓ pyproj (optional) is available
2025-10-24 08:49:10,650 - __main__ - INFO - 
Installing 1 missing required packages: fiona
2025-10-24 08:49:10,650 - __main__ - INFO - Running: /Users/4d/.pyenv/versions/3.12.11/bin/python3 -m pip install --user fiona
2025-10-24 08:49:19,224 - __main__ - INFO - ✓ Successfully installed missing required packages
2025-10-24 08:49:19,225 - __main__ - INFO - Installation output: Looking in indexes: https://pypi.org/simple, https://pypi.ngc.nvidia.com
Collecting fiona
  Downloading fiona-1.10.1-cp312-cp312-macosx_11_0_arm64.whl.metadata (56 kB)
Requirement already satisfied: attrs>=19.2.0 in /Users/4d/.pyenv/versions/3.12.11/lib/python3.12/site-packages (from fiona) (25.3.0)
Requirement already satisfied: certifi in /Users/4d/.pyenv/versions/3.12.11/lib/python3.12/site-packages (from fiona) (2025.7.9)
Requirement already satisfied: click~=8.0 in /Users/4d/.pyenv/versions/3.12.11/lib/python3.12/site-packages (from fiona) (8.1.7)
Requirement already satisfied: click-plugins>=1.0 in /Users/4d/.pyenv/versions/3.12.11/lib/python3.12/site-packages (from fiona) (1.1.1.2)
Requirement already satisfied: cligj>=0.5 in /Users/4d/.pyenv/versions/3.12.11/lib/python3.12/site-packages (from fiona) (0.7.2)
Downloading fiona-1.10.1-cp312-cp312-macosx_11_0_arm64.whl (14.8 MB)
   ━━━━━━━━━━━━━━━━━━━━━━━━━━━━━━━━━━━━━━━━ 14.8/14.8 MB 3.0 MB/s  0:00:04

Installing collected packages: fiona
Successfully installed fiona-1.10.1

2025-10-24 08:49:19,225 - __main__ - INFO - 
Attempting to install 3 optional packages for enhanced functionality...
2025-10-24 08:49:19,225 - __main__ - INFO - Installing optional packages: contextily
2025-10-24 08:49:21,983 - __main__ - INFO - ✓ Successfully installed optional packages: contextily
2025-10-24 08:49:21,983 - __main__ - INFO - === Dependency Check Summary ===
2025-10-24 08:49:21,983 - __main__ - INFO - ✓ Available required packages: 15/16
2025-10-24 08:49:21,983 - __main__ - INFO - ✓ Available optional packages: 1/4
2025-10-24 08:49:21,983 - __main__ - INFO - Core packages available: folium, h3, pandas, geopandas, numpy, requests, yaml, plotly, matplotlib, seaborn, branca, scipy, sklearn, shapely, rasterio
2025-10-24 08:49:21,983 - __main__ - INFO - Optional packages available: pyproj
2025-10-24 08:49:30,565 - __main__ - INFO - === Comprehensive Dependency Check ===
2025-10-24 08:49:30,565 - __main__ - INFO - Checking core required packages...
2025-10-24 08:49:30,882 - __main__ - INFO - ✓ folium is available
2025-10-24 08:49:30,896 - __main__ - INFO - ✓ h3 is available
2025-10-24 08:49:30,896 - __main__ - INFO - ✓ pandas is available
2025-10-24 08:49:30,947 - __main__ - INFO - ✓ geopandas is available
2025-10-24 08:49:30,947 - __main__ - INFO - ✓ numpy is available
2025-10-24 08:49:30,947 - __main__ - INFO - ✓ requests is available
2025-10-24 08:49:30,956 - __main__ - INFO - ✓ yaml is available
2025-10-24 08:49:30,957 - __main__ - INFO - ✓ plotly is available
2025-10-24 08:49:31,010 - __main__ - INFO - ✓ matplotlib is available
2025-10-24 08:49:31,558 - __main__ - INFO - ✓ seaborn is available
2025-10-24 08:49:31,558 - __main__ - INFO - ✓ branca is available
2025-10-24 08:49:31,558 - __main__ - INFO - ✓ scipy is available
2025-10-24 08:49:31,646 - __main__ - INFO - ✓ sklearn is available
2025-10-24 08:49:31,646 - __main__ - INFO - ✓ shapely is available
2025-10-24 08:49:31,708 - __main__ - INFO - ✓ rasterio is available
2025-10-24 08:49:36,061 - __main__ - INFO - ✓ fiona is available
2025-10-24 08:49:36,062 - __main__ - INFO - Checking optional enhancement packages...
2025-10-24 08:49:36,155 - __main__ - INFO - ✓ contextily (optional) is available
2025-10-24 08:49:36,155 - __main__ - INFO - ○ cartopy (optional) is missing
2025-10-24 08:49:36,155 - __main__ - INFO - ○ descartes (optional) is missing
2025-10-24 08:49:36,155 - __main__ - INFO - ✓ pyproj (optional) is available
2025-10-24 08:49:36,155 - __main__ - INFO - 
Attempting to install 2 optional packages for enhanced functionality...
2025-10-24 08:49:36,155 - __main__ - INFO - === Dependency Check Summary ===
2025-10-24 08:49:36,155 - __main__ - INFO - ✓ Available required packages: 16/16
2025-10-24 08:49:36,155 - __main__ - INFO - ✓ Available optional packages: 2/4
2025-10-24 08:49:36,155 - __main__ - INFO - Core packages available: folium, h3, pandas, geopandas, numpy, requests, yaml, plotly, matplotlib, seaborn, branca, scipy, sklearn, shapely, rasterio, fiona
2025-10-24 08:49:36,155 - __main__ - INFO - Optional packages available: contextily, pyproj
2025-10-24 08:49:36,373 - __main__ - INFO - === Del Norte County Comprehensive Dashboard Demo ===
2025-10-24 08:49:36,373 - __main__ - INFO - Arguments: {'config': None, 'output': './del_norte_dashboard', 'api_keys': None, 'demo_only': True, 'verbose': True}
2025-10-24 08:49:36,373 - __main__ - INFO - Running component demonstrations...
2025-10-24 08:49:36,373 - __main__ - INFO - === Demonstrating California Data Sources Catalog ===
2025-10-24 08:49:36,373 - geo_infer_place.utils.data_sources - INFO - CaliforniaDataSources initialized with 17 data sources
2025-10-24 08:49:36,373 - geo_infer_place.utils.data_sources - INFO - Generated summary for 17 data sources
2025-10-24 08:49:36,373 - __main__ - INFO - Total data sources available: 17
2025-10-24 08:49:36,373 - __main__ - INFO - Categories: ['fire', 'forestry', 'coastal', 'marine', 'climate', 'weather', 'water', 'air_quality', 'demographics', 'economics', 'land_use', 'environmental', 'infrastructure']
2025-10-24 08:49:36,373 - __main__ - INFO - Fire-related data sources: 5
2025-10-24 08:49:36,373 - __main__ - INFO -   - CAL FIRE Fire Perimeters: Historical and current fire perimeter data from CAL FIRE...
2025-10-24 08:49:36,373 - __main__ - INFO -   - CAL FIRE Fire Perimeters: Historical and current fire perimeter data from CAL FIRE...
2025-10-24 08:49:36,373 - __main__ - INFO -   - CAL FIRE Fire Perimeters: Historical and current fire perimeter data from CAL FIRE...
2025-10-24 08:49:36,373 - __main__ - INFO - Coastal data sources: 2
2025-10-24 08:49:36,373 - geo_infer_place.utils.data_sources - INFO - Found 10 high-priority, 2 medium-priority, and 5 low-priority sources for location Del Norte County
2025-10-24 08:49:36,373 - __main__ - INFO - High-priority sources for Del Norte County: 10
2025-10-24 08:49:36,373 - __main__ - INFO - Medium-priority sources: 2
2025-10-24 08:49:36,373 - __main__ - INFO - === Demonstrating API Connections ===
2025-10-24 08:51:09,201 - __main__ - INFO - === Comprehensive Dependency Check ===
2025-10-24 08:51:09,201 - __main__ - INFO - Checking core required packages...
2025-10-24 08:51:09,449 - __main__ - INFO - ✓ folium is available
2025-10-24 08:51:09,462 - __main__ - INFO - ✓ h3 is available
2025-10-24 08:51:09,462 - __main__ - INFO - ✓ pandas is available
2025-10-24 08:51:09,501 - __main__ - INFO - ✓ geopandas is available
2025-10-24 08:51:09,501 - __main__ - INFO - ✓ numpy is available
2025-10-24 08:51:09,501 - __main__ - INFO - ✓ requests is available
2025-10-24 08:51:09,508 - __main__ - INFO - ✓ yaml is available
2025-10-24 08:51:09,510 - __main__ - INFO - ✓ plotly is available
2025-10-24 08:51:09,576 - __main__ - INFO - ✓ matplotlib is available
2025-10-24 08:51:10,198 - __main__ - INFO - ✓ seaborn is available
2025-10-24 08:51:10,198 - __main__ - INFO - ✓ branca is available
2025-10-24 08:51:10,198 - __main__ - INFO - ✓ scipy is available
2025-10-24 08:51:10,292 - __main__ - INFO - ✓ sklearn is available
2025-10-24 08:51:10,292 - __main__ - INFO - ✓ shapely is available
2025-10-24 08:51:10,384 - __main__ - INFO - ✓ rasterio is available
2025-10-24 08:51:10,449 - __main__ - INFO - ✓ fiona is available
2025-10-24 08:51:10,449 - __main__ - INFO - Checking optional enhancement packages...
2025-10-24 08:51:10,532 - __main__ - INFO - ✓ contextily (optional) is available
2025-10-24 08:51:10,532 - __main__ - INFO - ○ cartopy (optional) is missing
2025-10-24 08:51:10,532 - __main__ - INFO - ○ descartes (optional) is missing
2025-10-24 08:51:10,532 - __main__ - INFO - ✓ pyproj (optional) is available
2025-10-24 08:51:10,532 - __main__ - INFO - 
Attempting to install 2 optional packages for enhanced functionality...
2025-10-24 08:51:10,532 - __main__ - INFO - === Dependency Check Summary ===
2025-10-24 08:51:10,532 - __main__ - INFO - ✓ Available required packages: 16/16
2025-10-24 08:51:10,532 - __main__ - INFO - ✓ Available optional packages: 2/4
2025-10-24 08:51:10,532 - __main__ - INFO - Core packages available: folium, h3, pandas, geopandas, numpy, requests, yaml, plotly, matplotlib, seaborn, branca, scipy, sklearn, shapely, rasterio, fiona
2025-10-24 08:51:10,532 - __main__ - INFO - Optional packages available: contextily, pyproj
2025-10-24 08:51:10,730 - __main__ - INFO - === Del Norte County Comprehensive Dashboard Demo ===
2025-10-24 08:51:10,730 - __main__ - INFO - Arguments: {'config': None, 'output': './del_norte_dashboard', 'api_keys': None, 'demo_only': True, 'verbose': True}
2025-10-24 08:51:10,730 - __main__ - INFO - Running component demonstrations...
2025-10-24 08:51:10,730 - __main__ - INFO - === Demonstrating California Data Sources Catalog ===
2025-10-24 08:51:10,730 - geo_infer_place.utils.data_sources - INFO - CaliforniaDataSources initialized with 17 data sources
2025-10-24 08:51:10,730 - geo_infer_place.utils.data_sources - INFO - Generated summary for 17 data sources
2025-10-24 08:51:10,730 - __main__ - INFO - Total data sources available: 17
2025-10-24 08:51:10,730 - __main__ - INFO - Categories: ['fire', 'forestry', 'coastal', 'marine', 'climate', 'weather', 'water', 'air_quality', 'demographics', 'economics', 'land_use', 'environmental', 'infrastructure']
2025-10-24 08:51:10,730 - __main__ - INFO - Fire-related data sources: 5
2025-10-24 08:51:10,730 - __main__ - INFO -   - CAL FIRE Fire Perimeters: Historical and current fire perimeter data from CAL FIRE...
2025-10-24 08:51:10,730 - __main__ - INFO -   - CAL FIRE Fire Perimeters: Historical and current fire perimeter data from CAL FIRE...
2025-10-24 08:51:10,730 - __main__ - INFO -   - CAL FIRE Fire Perimeters: Historical and current fire perimeter data from CAL FIRE...
2025-10-24 08:51:10,730 - __main__ - INFO - Coastal data sources: 2
2025-10-24 08:51:10,730 - geo_infer_place.utils.data_sources - INFO - Found 10 high-priority, 2 medium-priority, and 5 low-priority sources for location Del Norte County
2025-10-24 08:51:10,730 - __main__ - INFO - High-priority sources for Del Norte County: 10
2025-10-24 08:51:10,730 - __main__ - INFO - Medium-priority sources: 2
2025-10-24 08:51:10,730 - __main__ - INFO - === Demonstrating API Connections ===
2025-10-24 08:51:10,730 - geo_infer_place.core.api_clients - INFO - California API Manager initialized with specific clients
2025-10-24 08:51:10,730 - __main__ - INFO - Testing individual API endpoints...
2025-10-24 08:51:10,732 - urllib3.connectionpool - DEBUG - Starting new HTTPS connection (1): services1.arcgis.com:443
2025-10-24 08:51:14,387 - urllib3.connectionpool - DEBUG - https://services1.arcgis.com:443 "GET /jUJYIo9tSA7EHvfZ/ArcGIS/rest/services/California_Fire_Perimeters/FeatureServer/0/query?where=1%3D1+AND+YEAR_+%3D+2023&outFields=%2A&returnGeometry=true&f=geojson HTTP/1.1" 200 2440479
2025-10-24 08:51:15,019 - __main__ - INFO - CAL FIRE: ✓ Connected
2025-10-24 08:51:15,019 - urllib3.connectionpool - DEBUG - Starting new HTTPS connection (1): api.tidesandcurrents.noaa.gov:443
2025-10-24 08:51:15,853 - urllib3.connectionpool - DEBUG - https://api.tidesandcurrents.noaa.gov:443 "GET /api/prod/datagetter/?station=9419750&begin_date=20240101&end_date=20240102&product=water_level&datum=MLLW&time_zone=lst&units=metric&format=json&application=GEO-INFER-PLACE HTTP/1.1" 200 3509
2025-10-24 08:51:15,854 - __main__ - INFO - NOAA: ✓ Connected
2025-10-24 08:51:15,854 - __main__ - WARNING - USGS: ✗ Failed - USGSClient.fetch_water_data() missing 1 required positional argument: 'end'
2025-10-24 08:51:15,855 - urllib3.connectionpool - DEBUG - Starting new HTTPS connection (1): cdec.water.ca.gov:443
2025-10-24 08:51:16,591 - urllib3.connectionpool - DEBUG - https://cdec.water.ca.gov:443 "GET /dynamicapp/req/JSONDataServlet/?Stations=DNP&SensorNums=1&Start=20240101&End=20240102 HTTP/1.1" 404 457
2025-10-24 08:51:16,592 - geo_infer_space.core.api_clients - ERROR - API request failed: 404 Client Error: Not Found for url: https://cdec.water.ca.gov/dynamicapp/req/JSONDataServlet/?Stations=DNP&SensorNums=1&Start=20240101&End=20240102
2025-10-24 08:51:16,592 - __main__ - INFO - CDEC: ✗ Failed
2025-10-24 08:51:16,602 - __main__ - INFO - === Demonstrating H3 Spatial Analysis ===
2025-10-24 08:51:16,606 - __main__ - INFO - Resolution 6:
2025-10-24 08:51:16,606 - __main__ - INFO -   - Cell: 86281cab7ffffff
2025-10-24 08:51:16,606 - __main__ - INFO -   - Area: 35.00 km²
2025-10-24 08:51:16,606 - __main__ - INFO -   - Neighbors: 6
2025-10-24 08:51:16,606 - __main__ - INFO - Resolution 7:
2025-10-24 08:51:16,606 - __main__ - INFO -   - Cell: 87281cab5ffffff
2025-10-24 08:51:16,606 - __main__ - INFO -   - Area: 5.00 km²
2025-10-24 08:51:16,606 - __main__ - INFO -   - Neighbors: 6
2025-10-24 08:51:16,606 - __main__ - INFO - Resolution 8:
2025-10-24 08:51:16,606 - __main__ - INFO -   - Cell: 88281cab53fffff
2025-10-24 08:51:16,606 - __main__ - INFO -   - Area: 0.71 km²
2025-10-24 08:51:16,606 - __main__ - INFO -   - Neighbors: 6
2025-10-24 08:51:16,606 - __main__ - INFO - Resolution 9:
2025-10-24 08:51:16,606 - __main__ - INFO -   - Cell: 89281cab533ffff
2025-10-24 08:51:16,606 - __main__ - INFO -   - Area: 0.10 km²
2025-10-24 08:51:16,606 - __main__ - INFO -   - Neighbors: 6
2025-10-24 08:51:16,606 - __main__ - INFO - Generating H3 grid for Del Norte County...
2025-10-24 08:51:16,607 - __main__ - INFO - Generated 100 H3 cells covering 71.45 km²
2025-10-24 08:51:16,607 - __main__ - INFO - Demo-only mode completed.
2025-10-24 08:51:21,204 - __main__ - INFO - === Comprehensive Dependency Check ===
2025-10-24 08:51:21,204 - __main__ - INFO - Checking core required packages...
2025-10-24 08:51:21,465 - __main__ - INFO - ✓ folium is available
2025-10-24 08:51:21,477 - __main__ - INFO - ✓ h3 is available
2025-10-24 08:51:21,478 - __main__ - INFO - ✓ pandas is available
2025-10-24 08:51:21,521 - __main__ - INFO - ✓ geopandas is available
2025-10-24 08:51:21,522 - __main__ - INFO - ✓ numpy is available
2025-10-24 08:51:21,522 - __main__ - INFO - ✓ requests is available
2025-10-24 08:51:21,529 - __main__ - INFO - ✓ yaml is available
2025-10-24 08:51:21,530 - __main__ - INFO - ✓ plotly is available
2025-10-24 08:51:21,577 - __main__ - INFO - ✓ matplotlib is available
2025-10-24 08:51:22,061 - __main__ - INFO - ✓ seaborn is available
2025-10-24 08:51:22,062 - __main__ - INFO - ✓ branca is available
2025-10-24 08:51:22,062 - __main__ - INFO - ✓ scipy is available
2025-10-24 08:51:22,135 - __main__ - INFO - ✓ sklearn is available
2025-10-24 08:51:22,136 - __main__ - INFO - ✓ shapely is available
2025-10-24 08:51:22,193 - __main__ - INFO - ✓ rasterio is available
2025-10-24 08:51:22,227 - __main__ - INFO - ✓ fiona is available
2025-10-24 08:51:22,228 - __main__ - INFO - Checking optional enhancement packages...
2025-10-24 08:51:22,295 - __main__ - INFO - ✓ contextily (optional) is available
2025-10-24 08:51:22,295 - __main__ - INFO - ○ cartopy (optional) is missing
2025-10-24 08:51:22,296 - __main__ - INFO - ○ descartes (optional) is missing
2025-10-24 08:51:22,296 - __main__ - INFO - ✓ pyproj (optional) is available
2025-10-24 08:51:22,296 - __main__ - INFO - 
Attempting to install 2 optional packages for enhanced functionality...
2025-10-24 08:51:22,296 - __main__ - INFO - === Dependency Check Summary ===
2025-10-24 08:51:22,296 - __main__ - INFO - ✓ Available required packages: 16/16
2025-10-24 08:51:22,296 - __main__ - INFO - ✓ Available optional packages: 2/4
2025-10-24 08:51:22,296 - __main__ - INFO - Core packages available: folium, h3, pandas, geopandas, numpy, requests, yaml, plotly, matplotlib, seaborn, branca, scipy, sklearn, shapely, rasterio, fiona
2025-10-24 08:51:22,296 - __main__ - INFO - Optional packages available: contextily, pyproj
2025-10-24 08:51:22,449 - __main__ - INFO - === Del Norte County Comprehensive Dashboard Demo ===
2025-10-24 08:51:22,449 - __main__ - INFO - Arguments: {'config': None, 'output': './demo_output', 'api_keys': None, 'demo_only': False, 'verbose': True}
2025-10-24 08:51:22,449 - __main__ - INFO - Running component demonstrations...
2025-10-24 08:51:22,449 - __main__ - INFO - === Demonstrating California Data Sources Catalog ===
2025-10-24 08:51:22,449 - geo_infer_place.utils.data_sources - INFO - CaliforniaDataSources initialized with 17 data sources
2025-10-24 08:51:22,449 - geo_infer_place.utils.data_sources - INFO - Generated summary for 17 data sources
2025-10-24 08:51:22,449 - __main__ - INFO - Total data sources available: 17
2025-10-24 08:51:22,449 - __main__ - INFO - Categories: ['fire', 'forestry', 'coastal', 'marine', 'climate', 'weather', 'water', 'air_quality', 'demographics', 'economics', 'land_use', 'environmental', 'infrastructure']
2025-10-24 08:51:22,449 - __main__ - INFO - Fire-related data sources: 5
2025-10-24 08:51:22,449 - __main__ - INFO -   - CAL FIRE Fire Perimeters: Historical and current fire perimeter data from CAL FIRE...
2025-10-24 08:51:22,449 - __main__ - INFO -   - CAL FIRE Fire Perimeters: Historical and current fire perimeter data from CAL FIRE...
2025-10-24 08:51:22,449 - __main__ - INFO -   - CAL FIRE Fire Perimeters: Historical and current fire perimeter data from CAL FIRE...
2025-10-24 08:51:22,449 - __main__ - INFO - Coastal data sources: 2
2025-10-24 08:51:22,449 - geo_infer_place.utils.data_sources - INFO - Found 10 high-priority, 2 medium-priority, and 5 low-priority sources for location Del Norte County
2025-10-24 08:51:22,449 - __main__ - INFO - High-priority sources for Del Norte County: 10
2025-10-24 08:51:22,449 - __main__ - INFO - Medium-priority sources: 2
2025-10-24 08:51:22,449 - __main__ - INFO - === Demonstrating API Connections ===
2025-10-24 08:51:22,449 - geo_infer_place.core.api_clients - INFO - California API Manager initialized with specific clients
2025-10-24 08:51:22,449 - __main__ - INFO - Testing individual API endpoints...
2025-10-24 08:51:22,451 - urllib3.connectionpool - DEBUG - Starting new HTTPS connection (1): services1.arcgis.com:443
2025-10-24 08:51:22,674 - urllib3.connectionpool - DEBUG - https://services1.arcgis.com:443 "GET /jUJYIo9tSA7EHvfZ/ArcGIS/rest/services/California_Fire_Perimeters/FeatureServer/0/query?where=1%3D1+AND+YEAR_+%3D+2023&outFields=%2A&returnGeometry=true&f=geojson HTTP/1.1" 200 2440479
2025-10-24 08:51:23,288 - __main__ - INFO - CAL FIRE: ✓ Connected
2025-10-24 08:51:23,289 - urllib3.connectionpool - DEBUG - Starting new HTTPS connection (1): api.tidesandcurrents.noaa.gov:443
2025-10-24 08:51:23,994 - urllib3.connectionpool - DEBUG - https://api.tidesandcurrents.noaa.gov:443 "GET /api/prod/datagetter/?station=9419750&begin_date=20240101&end_date=20240102&product=water_level&datum=MLLW&time_zone=lst&units=metric&format=json&application=GEO-INFER-PLACE HTTP/1.1" 200 3509
2025-10-24 08:51:23,995 - __main__ - INFO - NOAA: ✓ Connected
2025-10-24 08:51:23,995 - __main__ - WARNING - USGS: ✗ Failed - USGSClient.fetch_water_data() missing 1 required positional argument: 'end'
2025-10-24 08:51:23,995 - urllib3.connectionpool - DEBUG - Starting new HTTPS connection (1): cdec.water.ca.gov:443
2025-10-24 08:51:24,265 - urllib3.connectionpool - DEBUG - https://cdec.water.ca.gov:443 "GET /dynamicapp/req/JSONDataServlet/?Stations=DNP&SensorNums=1&Start=20240101&End=20240102 HTTP/1.1" 404 457
2025-10-24 08:51:24,266 - geo_infer_space.core.api_clients - ERROR - API request failed: 404 Client Error: Not Found for url: https://cdec.water.ca.gov/dynamicapp/req/JSONDataServlet/?Stations=DNP&SensorNums=1&Start=20240101&End=20240102
2025-10-24 08:51:24,266 - __main__ - INFO - CDEC: ✗ Failed
2025-10-24 08:51:24,273 - __main__ - INFO - === Demonstrating H3 Spatial Analysis ===
2025-10-24 08:51:24,273 - __main__ - INFO - Resolution 6:
2025-10-24 08:51:24,273 - __main__ - INFO -   - Cell: 86281cab7ffffff
2025-10-24 08:51:24,273 - __main__ - INFO -   - Area: 35.00 km²
2025-10-24 08:51:24,273 - __main__ - INFO -   - Neighbors: 6
2025-10-24 08:51:24,273 - __main__ - INFO - Resolution 7:
2025-10-24 08:51:24,273 - __main__ - INFO -   - Cell: 87281cab5ffffff
2025-10-24 08:51:24,273 - __main__ - INFO -   - Area: 5.00 km²
2025-10-24 08:51:24,273 - __main__ - INFO -   - Neighbors: 6
2025-10-24 08:51:24,273 - __main__ - INFO - Resolution 8:
2025-10-24 08:51:24,273 - __main__ - INFO -   - Cell: 88281cab53fffff
2025-10-24 08:51:24,273 - __main__ - INFO -   - Area: 0.71 km²
2025-10-24 08:51:24,273 - __main__ - INFO -   - Neighbors: 6
2025-10-24 08:51:24,273 - __main__ - INFO - Resolution 9:
2025-10-24 08:51:24,273 - __main__ - INFO -   - Cell: 89281cab533ffff
2025-10-24 08:51:24,273 - __main__ - INFO -   - Area: 0.10 km²
2025-10-24 08:51:24,273 - __main__ - INFO -   - Neighbors: 6
2025-10-24 08:51:24,273 - __main__ - INFO - Generating H3 grid for Del Norte County...
2025-10-24 08:51:24,273 - __main__ - INFO - Generated 100 H3 cells covering 71.45 km²
2025-10-24 08:51:24,273 - __main__ - INFO - === Running Dual Dashboard Generation ===
2025-10-24 08:51:24,273 - __main__ - INFO - Step 1: Generating simple dashboard...
2025-10-24 08:51:24,273 - __main__ - INFO - === Running Simplified Del Norte County Demo ===
2025-10-24 08:51:24,277 - __main__ - INFO - Adding H3 spatial demonstration...
2025-10-24 08:51:24,285 - __main__ - INFO - Simple dashboard saved: demo_output/del_norte_simple_dashboard_20251024_085124.html
2025-10-24 08:51:24,285 - __main__ - INFO - Step 2: Generating advanced geospatial intelligence dashboard...
2025-10-24 08:51:24,285 - __main__ - INFO - === Running Advanced Geospatial Intelligence Dashboard Demo ===
2025-10-24 08:51:24,285 - __main__ - INFO - Initializing advanced dashboard with real-time data integration...
2025-10-24 08:51:24,285 - __main__ - INFO - Fetching real-time California data...
2025-10-24 08:51:24,285 - geo_infer_place.locations.del_norte_county.advanced_dashboard - INFO - Fetching real-time data from California sources...
2025-10-24 08:51:24,286 - urllib3.connectionpool - DEBUG - Starting new HTTPS connection (1): www.fire.ca.gov:443
2025-10-24 08:51:24,693 - urllib3.connectionpool - DEBUG - https://www.fire.ca.gov:443 "GET /umbraco/api/IncidentApi/GetIncidents HTTP/1.1" 403 179
2025-10-24 08:51:24,694 - urllib3.connectionpool - DEBUG - Starting new HTTPS connection (1): services1.arcgis.com:443
2025-10-24 08:51:25,220 - urllib3.connectionpool - DEBUG - https://services1.arcgis.com:443 "GET /jUJYIo9tSA7EHvfZ/ArcGIS/rest/services/California_Fire_Perimeters/FeatureServer/0/query?where=1%3D1+AND+YEAR_+%3E%3D+2015+AND+%28POOCounty+LIKE+%27%25Del+Norte%25%27+OR+OBJECTID+%3E%3D+0%29&outFields=%2A&returnGeometry=true&f=geojson HTTP/1.1" 200 88
2025-10-24 08:51:25,222 - urllib3.connectionpool - DEBUG - Starting new HTTPS connection (1): api.weather.gov:443
2025-10-24 08:51:26,017 - urllib3.connectionpool - DEBUG - https://api.weather.gov:443 "GET /stations/KCEC/observations/latest HTTP/1.1" 200 997
2025-10-24 08:51:26,018 - urllib3.connectionpool - DEBUG - Starting new HTTPS connection (1): earthquake.usgs.gov:443
2025-10-24 08:51:26,825 - urllib3.connectionpool - DEBUG - https://earthquake.usgs.gov:443 "GET /earthquakes/feed/v1.0/summary/all_day.geojson HTTP/1.1" 200 16421
2025-10-24 08:51:26,827 - urllib3.connectionpool - DEBUG - Starting new HTTPS connection (1): api.tidesandcurrents.noaa.gov:443
2025-10-24 08:51:27,557 - urllib3.connectionpool - DEBUG - https://api.tidesandcurrents.noaa.gov:443 "GET /api/prod/datagetter?product=water_level&application=GEO-INFER-PLACE&begin_date=20251023&end_date=20251024&station=9419750&time_zone=gmt&units=metric&format=json HTTP/1.1" 400 107
2025-10-24 08:51:27,557 - geo_infer_place.locations.del_norte_county.advanced_dashboard - INFO - Saved dataset to demo_output/fire_perimeters_20251024_085127.geojson
2025-10-24 08:51:27,557 - __main__ - INFO -   ✗ fire_data: Data fetch failed
2025-10-24 08:51:27,557 - __main__ - INFO -   ✓ fire_perimeters: Success
2025-10-24 08:51:27,557 - __main__ - INFO -   ✓ weather_data: Success
2025-10-24 08:51:27,557 - __main__ - INFO -   ✓ earthquake_data: Success
2025-10-24 08:51:27,557 - __main__ - INFO -   ✗ tide_levels: Tide fetch failed
2025-10-24 08:51:27,557 - __main__ - INFO - Generating comprehensive intelligence dashboard...
2025-10-24 08:51:27,557 - geo_infer_place.locations.del_norte_county.advanced_dashboard - INFO - Fetching real-time data from California sources...
2025-10-24 08:51:27,558 - urllib3.connectionpool - DEBUG - Starting new HTTPS connection (1): www.fire.ca.gov:443
2025-10-24 08:51:27,853 - urllib3.connectionpool - DEBUG - https://www.fire.ca.gov:443 "GET /umbraco/api/IncidentApi/GetIncidents HTTP/1.1" 403 179
2025-10-24 08:51:27,854 - urllib3.connectionpool - DEBUG - Starting new HTTPS connection (1): services1.arcgis.com:443
2025-10-24 08:51:28,195 - urllib3.connectionpool - DEBUG - https://services1.arcgis.com:443 "GET /jUJYIo9tSA7EHvfZ/ArcGIS/rest/services/California_Fire_Perimeters/FeatureServer/0/query?where=1%3D1+AND+YEAR_+%3E%3D+2015+AND+%28POOCounty+LIKE+%27%25Del+Norte%25%27+OR+OBJECTID+%3E%3D+0%29&outFields=%2A&returnGeometry=true&f=geojson HTTP/1.1" 200 88
2025-10-24 08:51:28,196 - urllib3.connectionpool - DEBUG - Starting new HTTPS connection (1): api.weather.gov:443
2025-10-24 08:51:28,381 - urllib3.connectionpool - DEBUG - https://api.weather.gov:443 "GET /stations/KCEC/observations/latest HTTP/1.1" 200 997
2025-10-24 08:51:28,384 - urllib3.connectionpool - DEBUG - Starting new HTTPS connection (1): earthquake.usgs.gov:443
2025-10-24 08:51:28,523 - urllib3.connectionpool - DEBUG - https://earthquake.usgs.gov:443 "GET /earthquakes/feed/v1.0/summary/all_day.geojson HTTP/1.1" 200 16421
2025-10-24 08:51:28,532 - urllib3.connectionpool - DEBUG - Starting new HTTPS connection (1): api.tidesandcurrents.noaa.gov:443
2025-10-24 08:51:28,937 - urllib3.connectionpool - DEBUG - https://api.tidesandcurrents.noaa.gov:443 "GET /api/prod/datagetter?product=water_level&application=GEO-INFER-PLACE&begin_date=20251023&end_date=20251024&station=9419750&time_zone=gmt&units=metric&format=json HTTP/1.1" 400 107
2025-10-24 08:51:28,938 - geo_infer_place.locations.del_norte_county.advanced_dashboard - INFO - Saved dataset to demo_output/fire_perimeters_20251024_085128.geojson
2025-10-24 08:51:28,986 - geo_infer_place.locations.del_norte_county.advanced_dashboard - INFO - Advanced dashboard saved to: demo_output/del_norte_intelligence_dashboard_20251024_085127.html
2025-10-24 08:51:28,986 - __main__ - INFO - Generating policy support report...
2025-10-24 08:51:28,987 - __main__ - INFO - Policy report saved: demo_output/policy_report_20251024_085128.json
2025-10-24 08:51:28,987 - __main__ - INFO - === Advanced Dashboard Key Features ===
2025-10-24 08:51:28,987 - __main__ - INFO - ✓ Multi-panel layout with specialized analysis windows
2025-10-24 08:51:28,987 - __main__ - INFO - ✓ Real-time California dataset integration
2025-10-24 08:51:28,987 - __main__ - INFO - ✓ Interactive layer toggles and controls
2025-10-24 08:51:28,987 - __main__ - INFO - ✓ Climate, zoning, and agro-economic analysis
2025-10-24 08:51:28,987 - __main__ - INFO - ✓ H3 spatial indexing and forest health analysis
2025-10-24 08:51:28,987 - __main__ - INFO - ✓ Policy scenario modeling capabilities
2025-10-24 08:51:28,987 - __main__ - INFO - ✓ Advanced visualization and reporting
2025-10-24 08:51:28,987 - __main__ - INFO - Step 3: Attempting comprehensive dashboard (if available)...
2025-10-24 08:51:28,987 - __main__ - INFO - === Starting Del Norte County Comprehensive Dashboard Demo ===
2025-10-24 08:51:28,987 - __main__ - INFO - Initializing comprehensive dashboard...
2025-10-24 08:51:28,987 - geo_infer_space.utils.config_loader - INFO - Config loader initialized with directory: /Users/4d/Documents/GitHub/GEO-INFER/GEO-INFER-SPACE/src/config
2025-10-24 08:51:28,987 - geo_infer_place.utils.data_sources - INFO - CaliforniaDataSources initialized with 17 data sources
2025-10-24 08:51:28,987 - geo_infer_place.core.api_clients - INFO - California API Manager initialized with specific clients
2025-10-24 08:51:28,987 - geo_infer_place.locations.del_norte_county.comprehensive_dashboard - INFO - DelNorteComprehensiveDashboard initialized
2025-10-24 08:51:28,988 - __main__ - INFO - Step 1: Loading configuration...
2025-10-24 08:51:28,988 - geo_infer_place.locations.del_norte_county.comprehensive_dashboard - INFO - Loading Del Norte County configuration...
2025-10-24 08:51:28,988 - __main__ - ERROR - Demo failed with error: LocationConfigLoader.load_location_config() got an unexpected keyword argument 'location_code'
2025-10-24 08:51:28,988 - __main__ - ERROR - Traceback: Traceback (most recent call last):
  File "/Users/4d/Documents/GitHub/GEO-INFER/GEO-INFER-PLACE/examples/del_norte_county_demo.py", line 386, in run_comprehensive_demo
    config = dashboard.load_configuration()
             ^^^^^^^^^^^^^^^^^^^^^^^^^^^^^^
  File "/Users/4d/Documents/GitHub/GEO-INFER/GEO-INFER-PLACE/src/geo_infer_place/locations/del_norte_county/comprehensive_dashboard.py", line 112, in load_configuration
    self.config = self.config_loader.load_location_config(
                  ^^^^^^^^^^^^^^^^^^^^^^^^^^^^^^^^^^^^^^^^
TypeError: LocationConfigLoader.load_location_config() got an unexpected keyword argument 'location_code'

2025-10-24 08:51:28,988 - __main__ - INFO - Opening simple dashboard: demo_output/del_norte_simple_dashboard_20251024_085124.html
2025-10-24 08:51:29,129 - __main__ - INFO - Opening advanced dashboard: demo_output/del_norte_intelligence_dashboard_20251024_085127.html
2025-10-24 08:51:29,130 - __main__ - INFO - === DEMO COMPLETED SUCCESSFULLY ===
2025-10-24 08:51:29,130 - __main__ - INFO - Generated 2 dashboard(s):
2025-10-24 08:51:29,130 - __main__ - INFO -   📍 Simple Dashboard: demo_output/del_norte_simple_dashboard_20251024_085124.html
2025-10-24 08:51:29,130 - __main__ - INFO -   🗺️ Advanced Intelligence Dashboard: demo_output/del_norte_intelligence_dashboard_20251024_085127.html
2025-10-24 08:51:29,130 - __main__ - INFO -   📄 Policy Report: demo_output/policy_report_20251024_085128.json
2025-10-24 08:51:29,130 - __main__ - INFO - 
2025-10-24 08:51:29,130 - __main__ - INFO - === Dashboard Features Comparison ===
2025-10-24 08:51:29,130 - __main__ - INFO - Simple Dashboard:
2025-10-24 08:51:29,130 - __main__ - INFO -   • Basic geospatial visualization
2025-10-24 08:51:29,130 - __main__ - INFO -   • Sample locations and H3 cells
2025-10-24 08:51:29,130 - __main__ - INFO -   • Quick overview functionality
2025-10-24 08:51:29,130 - __main__ - INFO - Advanced Intelligence Dashboard:
2025-10-24 08:51:29,130 - __main__ - INFO -   • Multi-panel layout with specialized analysis
2025-10-24 08:51:29,130 - __main__ - INFO -   • Real-time California data integration
2025-10-24 08:51:29,130 - __main__ - INFO -   • Climate, zoning, and economic analysis
2025-10-24 08:51:29,130 - __main__ - INFO -   • Interactive layer controls and tools
2025-10-24 08:51:29,130 - __main__ - INFO -   • Policy support and scenario modeling
2025-10-24 08:51:29,130 - __main__ - INFO -   • H3 spatial indexing and analytics
2025-10-24 08:51:29,130 - __main__ - INFO - 
2025-10-24 08:51:29,130 - __main__ - INFO - Next Steps:
2025-10-24 08:51:29,130 - __main__ - INFO - 1. Compare the different dashboard approaches
2025-10-24 08:51:29,130 - __main__ - INFO - 2. Explore interactive features in each dashboard
2025-10-24 08:51:29,130 - __main__ - INFO - 3. Review the policy report for insights
2025-10-24 08:51:29,130 - __main__ - INFO - 4. Customize configuration for specific needs
2025-10-24 08:51:29,130 - __main__ - INFO - 5. Integrate with additional data sources
2025-10-24 08:51:48,433 - __main__ - INFO - === Comprehensive Dependency Check ===
2025-10-24 08:51:48,433 - __main__ - INFO - Checking core required packages...
2025-10-24 08:51:48,842 - __main__ - INFO - ✓ folium is available
2025-10-24 08:51:48,862 - __main__ - INFO - ✓ h3 is available
2025-10-24 08:51:48,862 - __main__ - INFO - ✓ pandas is available
2025-10-24 08:51:48,934 - __main__ - INFO - ✓ geopandas is available
2025-10-24 08:51:48,935 - __main__ - INFO - ✓ numpy is available
2025-10-24 08:51:48,935 - __main__ - INFO - ✓ requests is available
2025-10-24 08:51:48,945 - __main__ - INFO - ✓ yaml is available
2025-10-24 08:51:48,946 - __main__ - INFO - ✓ plotly is available
2025-10-24 08:51:49,020 - __main__ - INFO - ✓ matplotlib is available
2025-10-24 08:51:49,704 - __main__ - INFO - ✓ seaborn is available
2025-10-24 08:51:49,704 - __main__ - INFO - ✓ branca is available
2025-10-24 08:51:49,704 - __main__ - INFO - ✓ scipy is available
2025-10-24 08:51:49,809 - __main__ - INFO - ✓ sklearn is available
2025-10-24 08:51:49,809 - __main__ - INFO - ✓ shapely is available
2025-10-24 08:51:49,911 - __main__ - INFO - ✓ rasterio is available
2025-10-24 08:51:49,981 - __main__ - INFO - ✓ fiona is available
2025-10-24 08:51:49,981 - __main__ - INFO - Checking optional enhancement packages...
2025-10-24 08:51:50,073 - __main__ - INFO - ✓ contextily (optional) is available
2025-10-24 08:51:50,073 - __main__ - INFO - ○ cartopy (optional) is missing
2025-10-24 08:51:50,073 - __main__ - INFO - ○ descartes (optional) is missing
2025-10-24 08:51:50,073 - __main__ - INFO - ✓ pyproj (optional) is available
2025-10-24 08:51:50,073 - __main__ - INFO - 
Attempting to install 2 optional packages for enhanced functionality...
2025-10-24 08:51:50,073 - __main__ - INFO - === Dependency Check Summary ===
2025-10-24 08:51:50,073 - __main__ - INFO - ✓ Available required packages: 16/16
2025-10-24 08:51:50,073 - __main__ - INFO - ✓ Available optional packages: 2/4
2025-10-24 08:51:50,074 - __main__ - INFO - Core packages available: folium, h3, pandas, geopandas, numpy, requests, yaml, plotly, matplotlib, seaborn, branca, scipy, sklearn, shapely, rasterio, fiona
2025-10-24 08:51:50,074 - __main__ - INFO - Optional packages available: contextily, pyproj
2025-10-24 08:51:50,335 - __main__ - INFO - === Del Norte County Comprehensive Dashboard Demo ===
2025-10-24 08:51:50,335 - __main__ - INFO - Arguments: {'config': None, 'output': './del_norte_dashboard', 'api_keys': None, 'demo_only': True, 'verbose': False}
2025-10-24 08:51:50,335 - __main__ - INFO - Running component demonstrations...
2025-10-24 08:51:50,335 - __main__ - INFO - === Demonstrating California Data Sources Catalog ===
2025-10-24 08:51:50,335 - geo_infer_place.utils.data_sources - INFO - CaliforniaDataSources initialized with 17 data sources
2025-10-24 08:51:50,335 - geo_infer_place.utils.data_sources - INFO - Generated summary for 17 data sources
2025-10-24 08:51:50,335 - __main__ - INFO - Total data sources available: 17
2025-10-24 08:51:50,335 - __main__ - INFO - Categories: ['fire', 'forestry', 'coastal', 'marine', 'climate', 'weather', 'water', 'air_quality', 'demographics', 'economics', 'land_use', 'environmental', 'infrastructure']
2025-10-24 08:51:50,335 - __main__ - INFO - Fire-related data sources: 5
2025-10-24 08:51:50,335 - __main__ - INFO -   - CAL FIRE Fire Perimeters: Historical and current fire perimeter data from CAL FIRE...
2025-10-24 08:51:50,335 - __main__ - INFO -   - CAL FIRE Fire Perimeters: Historical and current fire perimeter data from CAL FIRE...
2025-10-24 08:51:50,335 - __main__ - INFO -   - CAL FIRE Fire Perimeters: Historical and current fire perimeter data from CAL FIRE...
2025-10-24 08:51:50,335 - __main__ - INFO - Coastal data sources: 2
2025-10-24 08:51:50,335 - geo_infer_place.utils.data_sources - INFO - Found 10 high-priority, 2 medium-priority, and 5 low-priority sources for location Del Norte County
2025-10-24 08:51:50,335 - __main__ - INFO - High-priority sources for Del Norte County: 10
2025-10-24 08:51:50,335 - __main__ - INFO - Medium-priority sources: 2
2025-10-24 08:51:50,335 - __main__ - INFO - === Demonstrating API Connections ===
2025-10-24 08:51:50,335 - geo_infer_place.core.api_clients - INFO - California API Manager initialized with specific clients
2025-10-24 08:51:50,335 - __main__ - INFO - Testing individual API endpoints...
2025-10-24 08:51:54,998 - __main__ - INFO - CAL FIRE: ✓ Connected
2025-10-24 08:51:55,707 - __main__ - INFO - NOAA: ✓ Connected
2025-10-24 08:51:55,707 - __main__ - WARNING - USGS: ✗ Failed - USGSClient.fetch_water_data() missing 1 required positional argument: 'end'
2025-10-24 08:51:56,059 - geo_infer_space.core.api_clients - ERROR - API request failed: 404 Client Error: Not Found for url: https://cdec.water.ca.gov/dynamicapp/req/JSONDataServlet/?Stations=DNP&SensorNums=1&Start=20240101&End=20240102
2025-10-24 08:51:56,059 - __main__ - INFO - CDEC: ✗ Failed
2025-10-24 08:51:56,066 - __main__ - INFO - === Demonstrating H3 Spatial Analysis ===
2025-10-24 08:51:56,067 - __main__ - INFO - Resolution 6:
2025-10-24 08:51:56,067 - __main__ - INFO -   - Cell: 86281cab7ffffff
2025-10-24 08:51:56,067 - __main__ - INFO -   - Area: 35.00 km²
2025-10-24 08:51:56,067 - __main__ - INFO -   - Neighbors: 6
2025-10-24 08:51:56,067 - __main__ - INFO - Resolution 7:
2025-10-24 08:51:56,067 - __main__ - INFO -   - Cell: 87281cab5ffffff
2025-10-24 08:51:56,068 - __main__ - INFO -   - Area: 5.00 km²
2025-10-24 08:51:56,068 - __main__ - INFO -   - Neighbors: 6
2025-10-24 08:51:56,068 - __main__ - INFO - Resolution 8:
2025-10-24 08:51:56,068 - __main__ - INFO -   - Cell: 88281cab53fffff
2025-10-24 08:51:56,068 - __main__ - INFO -   - Area: 0.71 km²
2025-10-24 08:51:56,068 - __main__ - INFO -   - Neighbors: 6
2025-10-24 08:51:56,068 - __main__ - INFO - Resolution 9:
2025-10-24 08:51:56,068 - __main__ - INFO -   - Cell: 89281cab533ffff
2025-10-24 08:51:56,068 - __main__ - INFO -   - Area: 0.10 km²
2025-10-24 08:51:56,068 - __main__ - INFO -   - Neighbors: 6
2025-10-24 08:51:56,068 - __main__ - INFO - Generating H3 grid for Del Norte County...
2025-10-24 08:51:56,068 - __main__ - INFO - Generated 100 H3 cells covering 71.45 km²
2025-10-24 08:51:56,068 - __main__ - INFO - Demo-only mode completed.
