2026-01-09 15:25:03,369 - geo_infer_act.utils.analysis - INFO - ActiveInferenceAnalyzer initialized with output: /Users/4d/Documents/GitHub/GEO-INFER/output/ecological_model_20260109_152503
2026-01-09 15:25:03,376 - geo_infer_act.utils.analysis - DEBUG - Recorded step 1: FE=-1.5169
2026-01-09 15:25:03,380 - geo_infer_act.utils.analysis - DEBUG - Recorded step 2: FE=-1.3824
2026-01-09 15:25:03,385 - geo_infer_act.utils.analysis - DEBUG - Recorded step 3: FE=-1.2348
2026-01-09 15:25:03,389 - geo_infer_act.utils.analysis - DEBUG - Recorded step 4: FE=-1.0804
2026-01-09 15:25:03,393 - geo_infer_act.utils.analysis - DEBUG - Recorded step 5: FE=-0.9352
2026-01-09 15:25:03,398 - geo_infer_act.utils.analysis - DEBUG - Recorded step 6: FE=-0.7813
2026-01-09 15:25:03,402 - geo_infer_act.utils.analysis - DEBUG - Recorded step 7: FE=-0.6306
2026-01-09 15:25:03,406 - geo_infer_act.utils.analysis - DEBUG - Recorded step 8: FE=-0.5119
2026-01-09 15:25:03,410 - geo_infer_act.utils.analysis - DEBUG - Recorded step 9: FE=-0.4638
2026-01-09 15:25:03,414 - geo_infer_act.utils.analysis - DEBUG - Recorded step 10: FE=-0.4133
2026-01-09 15:25:03,418 - geo_infer_act.utils.analysis - DEBUG - Recorded step 11: FE=-0.3733
2026-01-09 15:25:03,423 - geo_infer_act.utils.analysis - DEBUG - Recorded step 12: FE=-0.3343
2026-01-09 15:25:03,427 - geo_infer_act.utils.analysis - DEBUG - Recorded step 13: FE=-0.3188
2026-01-09 15:25:03,431 - geo_infer_act.utils.analysis - DEBUG - Recorded step 14: FE=-0.2830
2026-01-09 15:25:03,434 - geo_infer_act.utils.analysis - DEBUG - Recorded step 15: FE=-0.2653
2026-01-09 15:25:03,438 - geo_infer_act.utils.analysis - DEBUG - Recorded step 16: FE=-0.2639
2026-01-09 15:25:03,442 - geo_infer_act.utils.analysis - DEBUG - Recorded step 17: FE=-0.2497
2026-01-09 15:25:03,445 - geo_infer_act.utils.analysis - DEBUG - Recorded step 18: FE=-0.2498
2026-01-09 15:25:03,450 - geo_infer_act.utils.analysis - DEBUG - Recorded step 19: FE=-0.2602
2026-01-09 15:25:03,453 - geo_infer_act.utils.analysis - DEBUG - Recorded step 20: FE=-0.2463
2026-01-09 15:25:03,457 - geo_infer_act.utils.analysis - DEBUG - Recorded step 21: FE=-0.2584
2026-01-09 15:25:03,461 - geo_infer_act.utils.analysis - DEBUG - Recorded step 22: FE=-0.2505
2026-01-09 15:25:03,464 - geo_infer_act.utils.analysis - DEBUG - Recorded step 23: FE=-0.2370
2026-01-09 15:25:03,469 - geo_infer_act.utils.analysis - DEBUG - Recorded step 24: FE=-0.2463
2026-01-09 15:25:03,473 - geo_infer_act.utils.analysis - DEBUG - Recorded step 25: FE=-0.2379
2026-01-09 15:25:03,477 - geo_infer_act.utils.analysis - DEBUG - Recorded step 26: FE=-0.2377
2026-01-09 15:25:03,481 - geo_infer_act.utils.analysis - DEBUG - Recorded step 27: FE=-0.2422
2026-01-09 15:25:03,484 - geo_infer_act.utils.analysis - DEBUG - Recorded step 28: FE=-0.2391
2026-01-09 15:25:03,488 - geo_infer_act.utils.analysis - DEBUG - Recorded step 29: FE=-0.2498
2026-01-09 15:25:03,492 - geo_infer_act.utils.analysis - DEBUG - Recorded step 30: FE=-0.2610
2026-01-09 15:25:03,496 - geo_infer_act.utils.analysis - DEBUG - Recorded step 31: FE=-0.2560
2026-01-09 15:25:03,500 - geo_infer_act.utils.analysis - DEBUG - Recorded step 32: FE=-0.2791
2026-01-09 15:25:03,503 - geo_infer_act.utils.analysis - DEBUG - Recorded step 33: FE=-0.2826
2026-01-09 15:25:03,507 - geo_infer_act.utils.analysis - DEBUG - Recorded step 34: FE=-0.3046
2026-01-09 15:25:03,511 - geo_infer_act.utils.analysis - DEBUG - Recorded step 35: FE=-0.3217
2026-01-09 15:25:03,514 - geo_infer_act.utils.analysis - DEBUG - Recorded step 36: FE=-0.3367
2026-01-09 15:25:03,518 - geo_infer_act.utils.analysis - DEBUG - Recorded step 37: FE=-0.3470
2026-01-09 15:25:03,522 - geo_infer_act.utils.analysis - DEBUG - Recorded step 38: FE=-0.3035
2026-01-09 15:25:03,526 - geo_infer_act.utils.analysis - DEBUG - Recorded step 39: FE=-0.3187
2026-01-09 15:25:03,529 - geo_infer_act.utils.analysis - DEBUG - Recorded step 40: FE=-0.3253
2026-01-09 15:25:03,529 - geo_infer_act.utils.analysis - INFO - Analyzing perception patterns...
2026-01-09 15:25:03,535 - geo_infer_act.utils.analysis - INFO - Analysis saved to /Users/4d/Documents/GitHub/GEO-INFER/output/ecological_model_20260109_152503/analysis/perception_analysis.json
2026-01-09 15:25:03,535 - geo_infer_act.utils.analysis - INFO - Perception pattern analysis completed
2026-01-09 15:25:03,535 - geo_infer_act.utils.analysis - INFO - Analyzing action selection patterns...
2026-01-09 15:25:03,540 - geo_infer_act.utils.analysis - INFO - Analysis saved to /Users/4d/Documents/GitHub/GEO-INFER/output/ecological_model_20260109_152503/analysis/action_selection_analysis.json
2026-01-09 15:25:03,540 - geo_infer_act.utils.analysis - INFO - Action selection pattern analysis completed
2026-01-09 15:25:03,540 - geo_infer_act.utils.analysis - INFO - Analyzing Variational Free Energy patterns...
2026-01-09 15:25:03,541 - geo_infer_act.utils.analysis - INFO - Analysis saved to /Users/4d/Documents/GitHub/GEO-INFER/output/ecological_model_20260109_152503/analysis/free_energy_analysis.json
2026-01-09 15:25:03,541 - geo_infer_act.utils.analysis - INFO - Free Energy pattern analysis completed
2026-01-09 15:25:03,542 - geo_infer_act.utils.analysis - INFO - Analysis saved to /Users/4d/Documents/GitHub/GEO-INFER/output/ecological_model_20260109_152503/analysis/ecological_analysis.json
2026-01-09 15:25:03,547 - geo_infer_act.utils.analysis - INFO - Traces saved to CSV files in /Users/4d/Documents/GitHub/GEO-INFER/output/ecological_model_20260109_152503/data
2026-01-09 15:25:04,463 - geo_infer_act.utils.analysis - ERROR - Failed to create correlation analysis: can only concatenate list (not "float") to list
2026-01-09 15:25:04,463 - geo_infer_act.utils.analysis - INFO - Shared visualizations created in /Users/4d/Documents/GitHub/GEO-INFER/output/ecological_model_20260109_152503/visualizations
