2026-02-02 06:37:28,387 - geo_infer_act.utils.analysis - INFO - ActiveInferenceAnalyzer initialized with output: /Users/4d/Documents/GitHub/GEO-INFER/output/ecological_model_20260202_063728
2026-02-02 06:37:28,389 - geo_infer_act.utils.analysis - DEBUG - Recorded step 1: FE=-1.5820
2026-02-02 06:37:28,390 - geo_infer_act.utils.analysis - DEBUG - Recorded step 2: FE=-1.4284
2026-02-02 06:37:28,390 - geo_infer_act.utils.analysis - DEBUG - Recorded step 3: FE=-1.2470
2026-02-02 06:37:28,390 - geo_infer_act.utils.analysis - DEBUG - Recorded step 4: FE=-1.0561
2026-02-02 06:37:28,391 - geo_infer_act.utils.analysis - DEBUG - Recorded step 5: FE=-0.9255
2026-02-02 06:37:28,391 - geo_infer_act.utils.analysis - DEBUG - Recorded step 6: FE=-0.7916
2026-02-02 06:37:28,391 - geo_infer_act.utils.analysis - DEBUG - Recorded step 7: FE=-0.6720
2026-02-02 06:37:28,391 - geo_infer_act.utils.analysis - DEBUG - Recorded step 8: FE=-0.5885
2026-02-02 06:37:28,392 - geo_infer_act.utils.analysis - DEBUG - Recorded step 9: FE=-0.5718
2026-02-02 06:37:28,392 - geo_infer_act.utils.analysis - DEBUG - Recorded step 10: FE=-0.4881
2026-02-02 06:37:28,392 - geo_infer_act.utils.analysis - DEBUG - Recorded step 11: FE=-0.4310
2026-02-02 06:37:28,392 - geo_infer_act.utils.analysis - DEBUG - Recorded step 12: FE=-0.3448
2026-02-02 06:37:28,393 - geo_infer_act.utils.analysis - DEBUG - Recorded step 13: FE=-0.2925
2026-02-02 06:37:28,393 - geo_infer_act.utils.analysis - DEBUG - Recorded step 14: FE=-0.2815
2026-02-02 06:37:28,393 - geo_infer_act.utils.analysis - DEBUG - Recorded step 15: FE=-0.2796
2026-02-02 06:37:28,393 - geo_infer_act.utils.analysis - DEBUG - Recorded step 16: FE=-0.2679
2026-02-02 06:37:28,393 - geo_infer_act.utils.analysis - DEBUG - Recorded step 17: FE=-0.2670
2026-02-02 06:37:28,394 - geo_infer_act.utils.analysis - DEBUG - Recorded step 18: FE=-0.2578
2026-02-02 06:37:28,394 - geo_infer_act.utils.analysis - DEBUG - Recorded step 19: FE=-0.2518
2026-02-02 06:37:28,394 - geo_infer_act.utils.analysis - DEBUG - Recorded step 20: FE=-0.2528
2026-02-02 06:37:28,394 - geo_infer_act.utils.analysis - DEBUG - Recorded step 21: FE=-0.2525
2026-02-02 06:37:28,395 - geo_infer_act.utils.analysis - DEBUG - Recorded step 22: FE=-0.2476
2026-02-02 06:37:28,395 - geo_infer_act.utils.analysis - DEBUG - Recorded step 23: FE=-0.2456
2026-02-02 06:37:28,395 - geo_infer_act.utils.analysis - DEBUG - Recorded step 24: FE=-0.2543
2026-02-02 06:37:28,395 - geo_infer_act.utils.analysis - DEBUG - Recorded step 25: FE=-0.2490
2026-02-02 06:37:28,395 - geo_infer_act.utils.analysis - DEBUG - Recorded step 26: FE=-0.2494
2026-02-02 06:37:28,396 - geo_infer_act.utils.analysis - DEBUG - Recorded step 27: FE=-0.2471
2026-02-02 06:37:28,396 - geo_infer_act.utils.analysis - DEBUG - Recorded step 28: FE=-0.2472
2026-02-02 06:37:28,396 - geo_infer_act.utils.analysis - DEBUG - Recorded step 29: FE=-0.2433
2026-02-02 06:37:28,396 - geo_infer_act.utils.analysis - DEBUG - Recorded step 30: FE=-0.2535
2026-02-02 06:37:28,397 - geo_infer_act.utils.analysis - DEBUG - Recorded step 31: FE=-0.2533
2026-02-02 06:37:28,397 - geo_infer_act.utils.analysis - DEBUG - Recorded step 32: FE=-0.2600
2026-02-02 06:37:28,397 - geo_infer_act.utils.analysis - DEBUG - Recorded step 33: FE=-0.2636
2026-02-02 06:37:28,397 - geo_infer_act.utils.analysis - DEBUG - Recorded step 34: FE=-0.2748
2026-02-02 06:37:28,398 - geo_infer_act.utils.analysis - DEBUG - Recorded step 35: FE=-0.2804
2026-02-02 06:37:28,398 - geo_infer_act.utils.analysis - DEBUG - Recorded step 36: FE=-0.2979
2026-02-02 06:37:28,398 - geo_infer_act.utils.analysis - DEBUG - Recorded step 37: FE=-0.3028
2026-02-02 06:37:28,398 - geo_infer_act.utils.analysis - DEBUG - Recorded step 38: FE=-0.3174
2026-02-02 06:37:28,398 - geo_infer_act.utils.analysis - DEBUG - Recorded step 39: FE=-0.3460
2026-02-02 06:37:28,399 - geo_infer_act.utils.analysis - DEBUG - Recorded step 40: FE=-0.3803
2026-02-02 06:37:28,399 - geo_infer_act.utils.analysis - INFO - Analyzing perception patterns...
2026-02-02 06:37:28,402 - geo_infer_act.utils.analysis - INFO - Analysis saved to /Users/4d/Documents/GitHub/GEO-INFER/output/ecological_model_20260202_063728/analysis/perception_analysis.json
2026-02-02 06:37:28,402 - geo_infer_act.utils.analysis - INFO - Perception pattern analysis completed
2026-02-02 06:37:28,402 - geo_infer_act.utils.analysis - INFO - Analyzing action selection patterns...
2026-02-02 06:37:28,403 - geo_infer_act.utils.analysis - INFO - Analysis saved to /Users/4d/Documents/GitHub/GEO-INFER/output/ecological_model_20260202_063728/analysis/action_selection_analysis.json
2026-02-02 06:37:28,403 - geo_infer_act.utils.analysis - INFO - Action selection pattern analysis completed
2026-02-02 06:37:28,403 - geo_infer_act.utils.analysis - INFO - Analyzing Variational Free Energy patterns...
2026-02-02 06:37:28,404 - geo_infer_act.utils.analysis - INFO - Analysis saved to /Users/4d/Documents/GitHub/GEO-INFER/output/ecological_model_20260202_063728/analysis/free_energy_analysis.json
2026-02-02 06:37:28,404 - geo_infer_act.utils.analysis - INFO - Free Energy pattern analysis completed
2026-02-02 06:37:28,405 - geo_infer_act.utils.analysis - INFO - Analysis saved to /Users/4d/Documents/GitHub/GEO-INFER/output/ecological_model_20260202_063728/analysis/ecological_analysis.json
2026-02-02 06:37:28,408 - geo_infer_act.utils.analysis - INFO - Traces saved to CSV files in /Users/4d/Documents/GitHub/GEO-INFER/output/ecological_model_20260202_063728/data
2026-02-02 06:37:29,373 - geo_infer_act.utils.analysis - ERROR - Failed to create correlation analysis: can only concatenate list (not "float") to list
2026-02-02 06:37:29,373 - geo_infer_act.utils.analysis - INFO - Shared visualizations created in /Users/4d/Documents/GitHub/GEO-INFER/output/ecological_model_20260202_063728/visualizations
2026-02-02 06:37:32,004 - geo_infer_act.utils.analysis - INFO - Generating comprehensive analysis report...
2026-02-02 06:37:32,004 - geo_infer_act.utils.analysis - INFO - Analyzing perception patterns...
2026-02-02 06:37:32,007 - geo_infer_act.utils.analysis - INFO - Analysis saved to /Users/4d/Documents/GitHub/GEO-INFER/output/ecological_model_20260202_063728/analysis/perception_analysis.json
2026-02-02 06:37:32,007 - geo_infer_act.utils.analysis - INFO - Perception pattern analysis completed
2026-02-02 06:37:32,007 - geo_infer_act.utils.analysis - INFO - Analyzing action selection patterns...
2026-02-02 06:37:32,008 - geo_infer_act.utils.analysis - INFO - Analysis saved to /Users/4d/Documents/GitHub/GEO-INFER/output/ecological_model_20260202_063728/analysis/action_selection_analysis.json
2026-02-02 06:37:32,008 - geo_infer_act.utils.analysis - INFO - Action selection pattern analysis completed
2026-02-02 06:37:32,008 - geo_infer_act.utils.analysis - INFO - Analyzing Variational Free Energy patterns...
2026-02-02 06:37:32,008 - geo_infer_act.utils.analysis - INFO - Analysis saved to /Users/4d/Documents/GitHub/GEO-INFER/output/ecological_model_20260202_063728/analysis/free_energy_analysis.json
2026-02-02 06:37:32,008 - geo_infer_act.utils.analysis - INFO - Free Energy pattern analysis completed
2026-02-02 06:37:32,008 - geo_infer_act.utils.analysis - INFO - Comprehensive report saved to /Users/4d/Documents/GitHub/GEO-INFER/output/ecological_model_20260202_063728/comprehensive_report.md
