2026-01-09 15:21:09,361 - UrbanActiveInference - INFO - Urban Planning Active Inference - Comprehensive Analysis
2026-01-09 15:21:09,361 - UrbanActiveInference - INFO - ======================================================================
2026-01-09 15:21:09,361 - UrbanActiveInference - INFO - Output directory: /Users/4d/Documents/GitHub/GEO-INFER/output/urban_planning_20260109_152109
2026-01-09 15:21:09,361 - UrbanActiveInference - INFO - Starting Urban Planning Active Inference Model
2026-01-09 15:21:09,361 - UrbanActiveInference - INFO - Multi-agent resource allocation and coordination simulation
2026-01-09 15:21:09,362 - UrbanActiveInference - INFO - Initialized urban model: 6 locations, 4 resources, 3 agents
2026-01-09 15:21:09,363 - geo_infer_act.api.interface - INFO - ActiveInferenceInterface initialized
2026-01-09 15:21:09,363 - geo_infer_act.core.active_inference - INFO - Initialized ActiveInferenceModel with type: categorical
2026-01-09 15:21:09,363 - geo_infer_act.api.interface - INFO - Created categorical model: agent_0_government
2026-01-09 15:21:09,363 - geo_infer_act.api.interface - INFO - Set preferences for model agent_0_government
2026-01-09 15:21:09,364 - geo_infer_act.utils.analysis - INFO - ActiveInferenceAnalyzer initialized with output: /Users/4d/Documents/GitHub/GEO-INFER/output/urban_planning_20260109_152109/agent_0
2026-01-09 15:21:09,364 - UrbanActiveInference - INFO - Created model for Government agent (ID: 0)
2026-01-09 15:21:09,364 - geo_infer_act.core.active_inference - INFO - Initialized ActiveInferenceModel with type: categorical
2026-01-09 15:21:09,364 - geo_infer_act.api.interface - INFO - Created categorical model: agent_1_developer
2026-01-09 15:21:09,364 - geo_infer_act.api.interface - INFO - Set preferences for model agent_1_developer
2026-01-09 15:21:09,364 - geo_infer_act.utils.analysis - INFO - ActiveInferenceAnalyzer initialized with output: /Users/4d/Documents/GitHub/GEO-INFER/output/urban_planning_20260109_152109/agent_1
2026-01-09 15:21:09,364 - UrbanActiveInference - INFO - Created model for Developer agent (ID: 1)
2026-01-09 15:21:09,364 - geo_infer_act.core.active_inference - INFO - Initialized ActiveInferenceModel with type: categorical
2026-01-09 15:21:09,364 - geo_infer_act.api.interface - INFO - Created categorical model: agent_2_community
2026-01-09 15:21:09,364 - geo_infer_act.api.interface - INFO - Set preferences for model agent_2_community
2026-01-09 15:21:09,364 - geo_infer_act.utils.analysis - INFO - ActiveInferenceAnalyzer initialized with output: /Users/4d/Documents/GitHub/GEO-INFER/output/urban_planning_20260109_152109/agent_2
2026-01-09 15:21:09,364 - UrbanActiveInference - INFO - Created model for Community agent (ID: 2)
2026-01-09 15:21:09,364 - UrbanActiveInference - INFO - Running urban development simulation for 20 steps...
2026-01-09 15:21:09,365 - UrbanActiveInference - INFO - 
--- Step 1/20 ---
2026-01-09 15:21:09,365 - UrbanActiveInference - INFO - Overall urban quality: 0.534
2026-01-09 15:21:09,365 - UrbanActiveInference - INFO - Cooperation index: 0.713
2026-01-09 15:21:09,365 - UrbanActiveInference - INFO -   Agent 0 (Government):
2026-01-09 15:21:09,365 - UrbanActiveInference - INFO -     Observation: [0.  1.  0.  0.3]
2026-01-09 15:21:09,365 - UrbanActiveInference - INFO -     Belief entropy: 0.7103
2026-01-09 15:21:09,365 - UrbanActiveInference - INFO -     Surprise: 1.3863
2026-01-09 15:21:09,365 - UrbanActiveInference - INFO -     Information gain: 0.6760
2026-01-09 15:21:09,365 - UrbanActiveInference - INFO -     Free energy change: -1.3863 → -0.3756
2026-01-09 15:21:09,366 - UrbanActiveInference - INFO -     Action: Invest 20.0 in Housing at location 2
2026-01-09 15:21:09,366 - UrbanActiveInference - INFO -     Action success: False
2026-01-09 15:21:09,366 - UrbanActiveInference - INFO -     Satisfaction: 0.500
2026-01-09 15:21:09,366 - geo_infer_act.utils.analysis - DEBUG - Recorded step 1: FE=-0.3756
2026-01-09 15:21:09,366 - UrbanActiveInference - INFO -   Agent 1 (Developer):
2026-01-09 15:21:09,366 - UrbanActiveInference - INFO -     Observation: [0.  1.  0.  0.3]
2026-01-09 15:21:09,366 - UrbanActiveInference - INFO -     Belief entropy: 0.7103
2026-01-09 15:21:09,366 - UrbanActiveInference - INFO -     Surprise: 1.3863
2026-01-09 15:21:09,366 - UrbanActiveInference - INFO -     Information gain: 0.6760
2026-01-09 15:21:09,366 - UrbanActiveInference - INFO -     Free energy change: -1.3863 → -0.3756
2026-01-09 15:21:09,366 - UrbanActiveInference - INFO -     Action: Invest 20.0 in Housing at location 5
2026-01-09 15:21:09,366 - UrbanActiveInference - INFO -     Action success: True
2026-01-09 15:21:09,366 - UrbanActiveInference - INFO -     Satisfaction: 0.872
2026-01-09 15:21:09,366 - geo_infer_act.utils.analysis - DEBUG - Recorded step 1: FE=-0.3756
2026-01-09 15:21:09,367 - UrbanActiveInference - INFO -   Agent 2 (Community):
2026-01-09 15:21:09,367 - UrbanActiveInference - INFO -     Observation: [0.  1.  0.  0.3]
2026-01-09 15:21:09,367 - UrbanActiveInference - INFO -     Belief entropy: 0.7103
2026-01-09 15:21:09,367 - UrbanActiveInference - INFO -     Surprise: 1.3863
2026-01-09 15:21:09,367 - UrbanActiveInference - INFO -     Information gain: 0.6760
2026-01-09 15:21:09,367 - UrbanActiveInference - INFO -     Free energy change: -1.3863 → -0.3756
2026-01-09 15:21:09,367 - UrbanActiveInference - INFO -     Action: Invest 20.0 in Housing at location 3
2026-01-09 15:21:09,367 - UrbanActiveInference - INFO -     Action success: False
2026-01-09 15:21:09,367 - UrbanActiveInference - INFO -     Satisfaction: 0.500
2026-01-09 15:21:09,367 - geo_infer_act.utils.analysis - DEBUG - Recorded step 1: FE=-0.3756
2026-01-09 15:21:09,367 - UrbanActiveInference - INFO - 
--- Step 2/20 ---
2026-01-09 15:21:09,367 - UrbanActiveInference - INFO - Overall urban quality: 0.534
2026-01-09 15:21:09,367 - UrbanActiveInference - INFO - Cooperation index: 0.713
2026-01-09 15:21:09,367 - UrbanActiveInference - INFO -   Agent 0 (Government):
2026-01-09 15:21:09,368 - UrbanActiveInference - INFO -     Observation: [0.  1.  0.  0.3]
2026-01-09 15:21:09,368 - UrbanActiveInference - INFO -     Belief entropy: 0.1370
2026-01-09 15:21:09,368 - UrbanActiveInference - INFO -     Surprise: 0.4493
2026-01-09 15:21:09,368 - UrbanActiveInference - INFO -     Information gain: 0.5733
2026-01-09 15:21:09,368 - UrbanActiveInference - INFO -     Free energy change: -0.3756 → 0.3137
2026-01-09 15:21:09,368 - UrbanActiveInference - INFO -     Action: Invest 20.0 in Housing at location 0
2026-01-09 15:21:09,368 - UrbanActiveInference - INFO -     Action success: True
2026-01-09 15:21:09,368 - UrbanActiveInference - INFO -     Satisfaction: 0.871
2026-01-09 15:21:09,368 - geo_infer_act.utils.analysis - DEBUG - Recorded step 2: FE=0.3137
2026-01-09 15:21:09,368 - UrbanActiveInference - INFO -   Agent 1 (Developer):
2026-01-09 15:21:09,368 - UrbanActiveInference - INFO -     Observation: [0.  1.  0.  0.3]
2026-01-09 15:21:09,368 - UrbanActiveInference - INFO -     Belief entropy: 0.1370
2026-01-09 15:21:09,368 - UrbanActiveInference - INFO -     Surprise: 0.4493
2026-01-09 15:21:09,368 - UrbanActiveInference - INFO -     Information gain: 0.5733
2026-01-09 15:21:09,368 - UrbanActiveInference - INFO -     Free energy change: -0.3756 → 0.3137
2026-01-09 15:21:09,368 - UrbanActiveInference - INFO -     Action: Invest 16.0 in Housing at location 4
2026-01-09 15:21:09,368 - UrbanActiveInference - INFO -     Action success: False
2026-01-09 15:21:09,368 - UrbanActiveInference - INFO -     Satisfaction: 0.872
2026-01-09 15:21:09,368 - geo_infer_act.utils.analysis - DEBUG - Recorded step 2: FE=0.3137
2026-01-09 15:21:09,369 - UrbanActiveInference - INFO -   Agent 2 (Community):
2026-01-09 15:21:09,369 - UrbanActiveInference - INFO -     Observation: [0.  1.  0.  0.3]
2026-01-09 15:21:09,369 - UrbanActiveInference - INFO -     Belief entropy: 0.1370
2026-01-09 15:21:09,369 - UrbanActiveInference - INFO -     Surprise: 0.4493
2026-01-09 15:21:09,369 - UrbanActiveInference - INFO -     Information gain: 0.5733
2026-01-09 15:21:09,369 - UrbanActiveInference - INFO -     Free energy change: -0.3756 → 0.3137
2026-01-09 15:21:09,369 - UrbanActiveInference - INFO -     Action: Invest 20.0 in Housing at location 0
2026-01-09 15:21:09,369 - UrbanActiveInference - INFO -     Action success: True
2026-01-09 15:21:09,369 - UrbanActiveInference - INFO -     Satisfaction: 0.935
2026-01-09 15:21:09,369 - geo_infer_act.utils.analysis - DEBUG - Recorded step 2: FE=0.3137
2026-01-09 15:21:09,369 - UrbanActiveInference - INFO - 
--- Step 3/20 ---
2026-01-09 15:21:09,369 - UrbanActiveInference - INFO - Overall urban quality: 0.535
2026-01-09 15:21:09,369 - UrbanActiveInference - INFO - Cooperation index: 0.713
2026-01-09 15:21:09,369 - UrbanActiveInference - INFO -   Agent 0 (Government):
2026-01-09 15:21:09,369 - UrbanActiveInference - INFO -     Observation: [0.  1.  0.  0.3]
2026-01-09 15:21:09,369 - UrbanActiveInference - INFO -     Belief entropy: 0.0219
2026-01-09 15:21:09,369 - UrbanActiveInference - INFO -     Surprise: 0.2822
2026-01-09 15:21:09,369 - UrbanActiveInference - INFO -     Information gain: 0.1151
2026-01-09 15:21:09,369 - UrbanActiveInference - INFO -     Free energy change: 0.3137 → 0.4422
2026-01-09 15:21:09,369 - UrbanActiveInference - INFO -     Action: Invest 16.0 in Housing at location 2
2026-01-09 15:21:09,369 - UrbanActiveInference - INFO -     Action success: False
2026-01-09 15:21:09,369 - UrbanActiveInference - INFO -     Satisfaction: 0.871
2026-01-09 15:21:09,369 - geo_infer_act.utils.analysis - DEBUG - Recorded step 3: FE=0.4422
2026-01-09 15:21:09,370 - UrbanActiveInference - INFO -   Agent 1 (Developer):
2026-01-09 15:21:09,370 - UrbanActiveInference - INFO -     Observation: [0.  1.  0.  0.3]
2026-01-09 15:21:09,370 - UrbanActiveInference - INFO -     Belief entropy: 0.0219
2026-01-09 15:21:09,370 - UrbanActiveInference - INFO -     Surprise: 0.2822
2026-01-09 15:21:09,370 - UrbanActiveInference - INFO -     Information gain: 0.1151
2026-01-09 15:21:09,370 - UrbanActiveInference - INFO -     Free energy change: 0.3137 → 0.4422
2026-01-09 15:21:09,370 - UrbanActiveInference - INFO -     Action: Invest 16.0 in Housing at location 3
2026-01-09 15:21:09,370 - UrbanActiveInference - INFO -     Action success: False
2026-01-09 15:21:09,370 - UrbanActiveInference - INFO -     Satisfaction: 0.872
2026-01-09 15:21:09,370 - geo_infer_act.utils.analysis - DEBUG - Recorded step 3: FE=0.4422
2026-01-09 15:21:09,370 - UrbanActiveInference - INFO -   Agent 2 (Community):
2026-01-09 15:21:09,370 - UrbanActiveInference - INFO -     Observation: [0.  1.  0.  0.3]
2026-01-09 15:21:09,370 - UrbanActiveInference - INFO -     Belief entropy: 0.0219
2026-01-09 15:21:09,370 - UrbanActiveInference - INFO -     Surprise: 0.2822
2026-01-09 15:21:09,370 - UrbanActiveInference - INFO -     Information gain: 0.1151
2026-01-09 15:21:09,370 - UrbanActiveInference - INFO -     Free energy change: 0.3137 → 0.4422
2026-01-09 15:21:09,370 - UrbanActiveInference - INFO -     Action: Invest 16.0 in Housing at location 2
2026-01-09 15:21:09,370 - UrbanActiveInference - INFO -     Action success: False
2026-01-09 15:21:09,370 - UrbanActiveInference - INFO -     Satisfaction: 0.935
2026-01-09 15:21:09,370 - geo_infer_act.utils.analysis - DEBUG - Recorded step 3: FE=0.4422
2026-01-09 15:21:09,370 - UrbanActiveInference - INFO - 
--- Step 4/20 ---
2026-01-09 15:21:09,370 - UrbanActiveInference - INFO - Overall urban quality: 0.535
2026-01-09 15:21:09,371 - UrbanActiveInference - INFO - Cooperation index: 0.713
2026-01-09 15:21:09,371 - UrbanActiveInference - INFO -   Agent 0 (Government):
2026-01-09 15:21:09,371 - UrbanActiveInference - INFO -     Observation: [0.  1.  0.  0.3]
2026-01-09 15:21:09,371 - UrbanActiveInference - INFO -     Belief entropy: 0.0035
2026-01-09 15:21:09,371 - UrbanActiveInference - INFO -     Surprise: 0.2646
2026-01-09 15:21:09,371 - UrbanActiveInference - INFO -     Information gain: 0.0184
2026-01-09 15:21:09,371 - UrbanActiveInference - INFO -     Free energy change: 0.4422 → 0.4621
2026-01-09 15:21:09,371 - UrbanActiveInference - INFO -     Action: Invest 16.0 in Housing at location 5
2026-01-09 15:21:09,371 - UrbanActiveInference - INFO -     Action success: True
2026-01-09 15:21:09,371 - UrbanActiveInference - INFO -     Satisfaction: 1.000
2026-01-09 15:21:09,371 - geo_infer_act.utils.analysis - DEBUG - Recorded step 4: FE=0.4621
2026-01-09 15:21:09,372 - UrbanActiveInference - INFO -   Agent 1 (Developer):
2026-01-09 15:21:09,372 - UrbanActiveInference - INFO -     Observation: [0.  1.  0.  0.3]
2026-01-09 15:21:09,372 - UrbanActiveInference - INFO -     Belief entropy: 0.0035
2026-01-09 15:21:09,372 - UrbanActiveInference - INFO -     Surprise: 0.2646
2026-01-09 15:21:09,372 - UrbanActiveInference - INFO -     Information gain: 0.0184
2026-01-09 15:21:09,372 - UrbanActiveInference - INFO -     Free energy change: 0.4422 → 0.4621
2026-01-09 15:21:09,372 - UrbanActiveInference - INFO -     Action: Invest 16.0 in Housing at location 0
2026-01-09 15:21:09,372 - UrbanActiveInference - INFO -     Action success: True
2026-01-09 15:21:09,372 - UrbanActiveInference - INFO -     Satisfaction: 1.000
2026-01-09 15:21:09,372 - geo_infer_act.utils.analysis - DEBUG - Recorded step 4: FE=0.4621
2026-01-09 15:21:09,372 - UrbanActiveInference - INFO -   Agent 2 (Community):
2026-01-09 15:21:09,372 - UrbanActiveInference - INFO -     Observation: [0.  1.  0.  0.3]
2026-01-09 15:21:09,372 - UrbanActiveInference - INFO -     Belief entropy: 0.0035
2026-01-09 15:21:09,372 - UrbanActiveInference - INFO -     Surprise: 0.2646
2026-01-09 15:21:09,372 - UrbanActiveInference - INFO -     Information gain: 0.0184
2026-01-09 15:21:09,372 - UrbanActiveInference - INFO -     Free energy change: 0.4422 → 0.4621
2026-01-09 15:21:09,372 - UrbanActiveInference - INFO -     Action: Invest 16.0 in Housing at location 2
2026-01-09 15:21:09,372 - UrbanActiveInference - INFO -     Action success: False
2026-01-09 15:21:09,372 - UrbanActiveInference - INFO -     Satisfaction: 0.935
2026-01-09 15:21:09,372 - geo_infer_act.utils.analysis - DEBUG - Recorded step 4: FE=0.4621
2026-01-09 15:21:09,372 - UrbanActiveInference - INFO - 
--- Step 5/20 ---
2026-01-09 15:21:09,372 - UrbanActiveInference - INFO - Overall urban quality: 0.536
2026-01-09 15:21:09,372 - UrbanActiveInference - INFO - Cooperation index: 0.713
2026-01-09 15:21:09,373 - UrbanActiveInference - INFO -   Agent 0 (Government):
2026-01-09 15:21:09,373 - UrbanActiveInference - INFO -     Observation: [0.  1.  0.  0.3]
2026-01-09 15:21:09,373 - UrbanActiveInference - INFO -     Belief entropy: 0.0006
2026-01-09 15:21:09,373 - UrbanActiveInference - INFO -     Surprise: 0.2626
2026-01-09 15:21:09,373 - UrbanActiveInference - INFO -     Information gain: 0.0029
2026-01-09 15:21:09,373 - UrbanActiveInference - INFO -     Free energy change: 0.4621 → 0.4653
2026-01-09 15:21:09,373 - UrbanActiveInference - INFO -     Action: Invest 12.8 in Housing at location 3
2026-01-09 15:21:09,373 - UrbanActiveInference - INFO -     Action success: False
2026-01-09 15:21:09,373 - UrbanActiveInference - INFO -     Satisfaction: 1.000
2026-01-09 15:21:09,373 - geo_infer_act.utils.analysis - DEBUG - Recorded step 5: FE=0.4653
2026-01-09 15:21:09,373 - UrbanActiveInference - INFO -   Agent 1 (Developer):
2026-01-09 15:21:09,373 - UrbanActiveInference - INFO -     Observation: [0.  1.  0.  0.3]
2026-01-09 15:21:09,373 - UrbanActiveInference - INFO -     Belief entropy: 0.0006
2026-01-09 15:21:09,374 - UrbanActiveInference - INFO -     Surprise: 0.2626
2026-01-09 15:21:09,374 - UrbanActiveInference - INFO -     Information gain: 0.0029
2026-01-09 15:21:09,374 - UrbanActiveInference - INFO -     Free energy change: 0.4621 → 0.4653
2026-01-09 15:21:09,374 - UrbanActiveInference - INFO -     Action: Invest 12.8 in Housing at location 1
2026-01-09 15:21:09,374 - UrbanActiveInference - INFO -     Action success: True
2026-01-09 15:21:09,374 - UrbanActiveInference - INFO -     Satisfaction: 1.000
2026-01-09 15:21:09,374 - geo_infer_act.utils.analysis - DEBUG - Recorded step 5: FE=0.4653
2026-01-09 15:21:09,374 - UrbanActiveInference - INFO -   Agent 2 (Community):
2026-01-09 15:21:09,374 - UrbanActiveInference - INFO -     Observation: [0.  1.  0.  0.3]
2026-01-09 15:21:09,374 - UrbanActiveInference - INFO -     Belief entropy: 0.0006
2026-01-09 15:21:09,374 - UrbanActiveInference - INFO -     Surprise: 0.2626
2026-01-09 15:21:09,374 - UrbanActiveInference - INFO -     Information gain: 0.0029
2026-01-09 15:21:09,374 - UrbanActiveInference - INFO -     Free energy change: 0.4621 → 0.4653
2026-01-09 15:21:09,374 - UrbanActiveInference - INFO -     Action: Invest 16.0 in Housing at location 0
2026-01-09 15:21:09,374 - UrbanActiveInference - INFO -     Action success: True
2026-01-09 15:21:09,374 - UrbanActiveInference - INFO -     Satisfaction: 1.000
2026-01-09 15:21:09,374 - geo_infer_act.utils.analysis - DEBUG - Recorded step 5: FE=0.4653
2026-01-09 15:21:10,446 - UrbanActiveInference - INFO -     Generated urban analysis visualization
2026-01-09 15:21:10,446 - UrbanActiveInference - INFO - 
--- Step 6/20 ---
2026-01-09 15:21:10,446 - UrbanActiveInference - INFO - Overall urban quality: 0.536
2026-01-09 15:21:10,446 - UrbanActiveInference - INFO - Cooperation index: 0.713
2026-01-09 15:21:10,446 - UrbanActiveInference - INFO -   Agent 0 (Government):
2026-01-09 15:21:10,447 - UrbanActiveInference - INFO -     Observation: [0.  1.  0.  0.3]
2026-01-09 15:21:10,447 - UrbanActiveInference - INFO -     Belief entropy: 0.0001
2026-01-09 15:21:10,447 - UrbanActiveInference - INFO -     Surprise: 0.2624
2026-01-09 15:21:10,447 - UrbanActiveInference - INFO -     Information gain: 0.0005
2026-01-09 15:21:10,447 - UrbanActiveInference - INFO -     Free energy change: 0.4653 → 0.4658
2026-01-09 15:21:10,447 - UrbanActiveInference - INFO -     Action: Invest 12.8 in Housing at location 1
2026-01-09 15:21:10,447 - UrbanActiveInference - INFO -     Action success: True
2026-01-09 15:21:10,447 - UrbanActiveInference - INFO -     Satisfaction: 1.000
2026-01-09 15:21:10,447 - geo_infer_act.utils.analysis - DEBUG - Recorded step 6: FE=0.4658
2026-01-09 15:21:10,447 - UrbanActiveInference - INFO -   Agent 1 (Developer):
2026-01-09 15:21:10,447 - UrbanActiveInference - INFO -     Observation: [0.  1.  0.  0.3]
2026-01-09 15:21:10,447 - UrbanActiveInference - INFO -     Belief entropy: 0.0001
2026-01-09 15:21:10,447 - UrbanActiveInference - INFO -     Surprise: 0.2624
2026-01-09 15:21:10,447 - UrbanActiveInference - INFO -     Information gain: 0.0005
2026-01-09 15:21:10,447 - UrbanActiveInference - INFO -     Free energy change: 0.4653 → 0.4658
2026-01-09 15:21:10,447 - UrbanActiveInference - INFO -     Action: Invest 10.2 in Housing at location 5
2026-01-09 15:21:10,447 - UrbanActiveInference - INFO -     Action success: True
2026-01-09 15:21:10,447 - UrbanActiveInference - INFO -     Satisfaction: 1.000
2026-01-09 15:21:10,447 - geo_infer_act.utils.analysis - DEBUG - Recorded step 6: FE=0.4658
2026-01-09 15:21:10,448 - UrbanActiveInference - INFO -   Agent 2 (Community):
2026-01-09 15:21:10,448 - UrbanActiveInference - INFO -     Observation: [0.  1.  0.  0.3]
2026-01-09 15:21:10,448 - UrbanActiveInference - INFO -     Belief entropy: 0.0001
2026-01-09 15:21:10,448 - UrbanActiveInference - INFO -     Surprise: 0.2624
2026-01-09 15:21:10,448 - UrbanActiveInference - INFO -     Information gain: 0.0005
2026-01-09 15:21:10,448 - UrbanActiveInference - INFO -     Free energy change: 0.4653 → 0.4658
2026-01-09 15:21:10,448 - UrbanActiveInference - INFO -     Action: Invest 12.8 in Housing at location 1
2026-01-09 15:21:10,448 - UrbanActiveInference - INFO -     Action success: True
2026-01-09 15:21:10,448 - UrbanActiveInference - INFO -     Satisfaction: 1.000
2026-01-09 15:21:10,448 - geo_infer_act.utils.analysis - DEBUG - Recorded step 6: FE=0.4658
2026-01-09 15:21:10,448 - UrbanActiveInference - INFO - 
--- Step 7/20 ---
2026-01-09 15:21:10,448 - UrbanActiveInference - INFO - Overall urban quality: 0.537
2026-01-09 15:21:10,448 - UrbanActiveInference - INFO - Cooperation index: 0.713
2026-01-09 15:21:10,448 - UrbanActiveInference - INFO -   Agent 0 (Government):
2026-01-09 15:21:10,448 - UrbanActiveInference - INFO -     Observation: [0.  1.  0.  0.3]
2026-01-09 15:21:10,448 - UrbanActiveInference - INFO -     Belief entropy: 0.0000
2026-01-09 15:21:10,448 - UrbanActiveInference - INFO -     Surprise: 0.2624
2026-01-09 15:21:10,448 - UrbanActiveInference - INFO -     Information gain: 0.0001
2026-01-09 15:21:10,448 - UrbanActiveInference - INFO -     Free energy change: 0.4658 → 0.4658
2026-01-09 15:21:10,448 - UrbanActiveInference - INFO -     Action: Invest 10.2 in Housing at location 4
2026-01-09 15:21:10,449 - UrbanActiveInference - INFO -     Action success: False
2026-01-09 15:21:10,449 - UrbanActiveInference - INFO -     Satisfaction: 1.000
2026-01-09 15:21:10,449 - geo_infer_act.utils.analysis - DEBUG - Recorded step 7: FE=0.4658
2026-01-09 15:21:10,449 - UrbanActiveInference - INFO -   Agent 1 (Developer):
2026-01-09 15:21:10,449 - UrbanActiveInference - INFO -     Observation: [0.  1.  0.  0.3]
2026-01-09 15:21:10,449 - UrbanActiveInference - INFO -     Belief entropy: 0.0000
2026-01-09 15:21:10,449 - UrbanActiveInference - INFO -     Surprise: 0.2624
2026-01-09 15:21:10,449 - UrbanActiveInference - INFO -     Information gain: 0.0001
2026-01-09 15:21:10,449 - UrbanActiveInference - INFO -     Free energy change: 0.4658 → 0.4658
2026-01-09 15:21:10,449 - UrbanActiveInference - INFO -     Action: Invest 8.2 in Housing at location 4
2026-01-09 15:21:10,449 - UrbanActiveInference - INFO -     Action success: False
2026-01-09 15:21:10,449 - UrbanActiveInference - INFO -     Satisfaction: 1.000
2026-01-09 15:21:10,449 - geo_infer_act.utils.analysis - DEBUG - Recorded step 7: FE=0.4658
2026-01-09 15:21:10,450 - UrbanActiveInference - INFO -   Agent 2 (Community):
2026-01-09 15:21:10,450 - UrbanActiveInference - INFO -     Observation: [0.  1.  0.  0.3]
2026-01-09 15:21:10,450 - UrbanActiveInference - INFO -     Belief entropy: 0.0000
2026-01-09 15:21:10,450 - UrbanActiveInference - INFO -     Surprise: 0.2624
2026-01-09 15:21:10,450 - UrbanActiveInference - INFO -     Information gain: 0.0001
2026-01-09 15:21:10,450 - UrbanActiveInference - INFO -     Free energy change: 0.4658 → 0.4658
2026-01-09 15:21:10,450 - UrbanActiveInference - INFO -     Action: Invest 10.2 in Housing at location 3
2026-01-09 15:21:10,450 - UrbanActiveInference - INFO -     Action success: False
2026-01-09 15:21:10,450 - UrbanActiveInference - INFO -     Satisfaction: 1.000
2026-01-09 15:21:10,450 - geo_infer_act.utils.analysis - DEBUG - Recorded step 7: FE=0.4658
2026-01-09 15:21:10,450 - UrbanActiveInference - INFO - 
--- Step 8/20 ---
2026-01-09 15:21:10,450 - UrbanActiveInference - INFO - Overall urban quality: 0.537
2026-01-09 15:21:10,450 - UrbanActiveInference - INFO - Cooperation index: 0.713
2026-01-09 15:21:10,450 - UrbanActiveInference - INFO -   Agent 0 (Government):
2026-01-09 15:21:10,450 - UrbanActiveInference - INFO -     Observation: [0.  1.  0.  0.3]
2026-01-09 15:21:10,450 - UrbanActiveInference - INFO -     Belief entropy: 0.0000
2026-01-09 15:21:10,450 - UrbanActiveInference - INFO -     Surprise: 0.2624
2026-01-09 15:21:10,450 - UrbanActiveInference - INFO -     Information gain: 0.0000
2026-01-09 15:21:10,450 - UrbanActiveInference - INFO -     Free energy change: 0.4658 → 0.4659
2026-01-09 15:21:10,450 - UrbanActiveInference - INFO -     Action: Invest 10.2 in Housing at location 3
2026-01-09 15:21:10,450 - UrbanActiveInference - INFO -     Action success: False
2026-01-09 15:21:10,450 - UrbanActiveInference - INFO -     Satisfaction: 1.000
2026-01-09 15:21:10,450 - geo_infer_act.utils.analysis - DEBUG - Recorded step 8: FE=0.4659
2026-01-09 15:21:10,451 - UrbanActiveInference - INFO -   Agent 1 (Developer):
2026-01-09 15:21:10,451 - UrbanActiveInference - INFO -     Observation: [0.  1.  0.  0.3]
2026-01-09 15:21:10,451 - UrbanActiveInference - INFO -     Belief entropy: 0.0000
2026-01-09 15:21:10,451 - UrbanActiveInference - INFO -     Surprise: 0.2624
2026-01-09 15:21:10,451 - UrbanActiveInference - INFO -     Information gain: 0.0000
2026-01-09 15:21:10,451 - UrbanActiveInference - INFO -     Free energy change: 0.4658 → 0.4659
2026-01-09 15:21:10,451 - UrbanActiveInference - INFO -     Action: Invest 8.2 in Housing at location 2
2026-01-09 15:21:10,451 - UrbanActiveInference - INFO -     Action success: False
2026-01-09 15:21:10,451 - UrbanActiveInference - INFO -     Satisfaction: 1.000
2026-01-09 15:21:10,451 - geo_infer_act.utils.analysis - DEBUG - Recorded step 8: FE=0.4659
2026-01-09 15:21:10,451 - UrbanActiveInference - INFO -   Agent 2 (Community):
2026-01-09 15:21:10,452 - UrbanActiveInference - INFO -     Observation: [0.  1.  0.  0.3]
2026-01-09 15:21:10,452 - UrbanActiveInference - INFO -     Belief entropy: 0.0000
2026-01-09 15:21:10,452 - UrbanActiveInference - INFO -     Surprise: 0.2624
2026-01-09 15:21:10,452 - UrbanActiveInference - INFO -     Information gain: 0.0000
2026-01-09 15:21:10,452 - UrbanActiveInference - INFO -     Free energy change: 0.4658 → 0.4659
2026-01-09 15:21:10,452 - UrbanActiveInference - INFO -     Action: Invest 10.2 in Housing at location 4
2026-01-09 15:21:10,452 - UrbanActiveInference - INFO -     Action success: False
2026-01-09 15:21:10,452 - UrbanActiveInference - INFO -     Satisfaction: 1.000
2026-01-09 15:21:10,452 - geo_infer_act.utils.analysis - DEBUG - Recorded step 8: FE=0.4659
2026-01-09 15:21:10,452 - UrbanActiveInference - INFO - 
--- Step 9/20 ---
2026-01-09 15:21:10,452 - UrbanActiveInference - INFO - Overall urban quality: 0.537
2026-01-09 15:21:10,452 - UrbanActiveInference - INFO - Cooperation index: 0.713
2026-01-09 15:21:10,452 - UrbanActiveInference - INFO -   Agent 0 (Government):
2026-01-09 15:21:10,452 - UrbanActiveInference - INFO -     Observation: [0.  1.  0.  0.3]
2026-01-09 15:21:10,452 - UrbanActiveInference - INFO -     Belief entropy: 0.0000
2026-01-09 15:21:10,452 - UrbanActiveInference - INFO -     Surprise: 0.2624
2026-01-09 15:21:10,452 - UrbanActiveInference - INFO -     Information gain: 0.0000
2026-01-09 15:21:10,452 - UrbanActiveInference - INFO -     Free energy change: 0.4659 → 0.4659
2026-01-09 15:21:10,452 - UrbanActiveInference - INFO -     Action: Invest 10.2 in Housing at location 4
2026-01-09 15:21:10,452 - UrbanActiveInference - INFO -     Action success: False
2026-01-09 15:21:10,452 - UrbanActiveInference - INFO -     Satisfaction: 1.000
2026-01-09 15:21:10,452 - geo_infer_act.utils.analysis - DEBUG - Recorded step 9: FE=0.4659
2026-01-09 15:21:10,453 - UrbanActiveInference - INFO -   Agent 1 (Developer):
2026-01-09 15:21:10,453 - UrbanActiveInference - INFO -     Observation: [0.  1.  0.  0.3]
2026-01-09 15:21:10,453 - UrbanActiveInference - INFO -     Belief entropy: 0.0000
2026-01-09 15:21:10,453 - UrbanActiveInference - INFO -     Surprise: 0.2624
2026-01-09 15:21:10,453 - UrbanActiveInference - INFO -     Information gain: 0.0000
2026-01-09 15:21:10,453 - UrbanActiveInference - INFO -     Free energy change: 0.4659 → 0.4659
2026-01-09 15:21:10,453 - UrbanActiveInference - INFO -     Action: Invest 8.2 in Housing at location 0
2026-01-09 15:21:10,453 - UrbanActiveInference - INFO -     Action success: True
2026-01-09 15:21:10,453 - UrbanActiveInference - INFO -     Satisfaction: 1.000
2026-01-09 15:21:10,453 - geo_infer_act.utils.analysis - DEBUG - Recorded step 9: FE=0.4659
2026-01-09 15:21:10,453 - UrbanActiveInference - INFO -   Agent 2 (Community):
2026-01-09 15:21:10,453 - UrbanActiveInference - INFO -     Observation: [0.  1.  0.  0.3]
2026-01-09 15:21:10,453 - UrbanActiveInference - INFO -     Belief entropy: 0.0000
2026-01-09 15:21:10,453 - UrbanActiveInference - INFO -     Surprise: 0.2624
2026-01-09 15:21:10,453 - UrbanActiveInference - INFO -     Information gain: 0.0000
2026-01-09 15:21:10,453 - UrbanActiveInference - INFO -     Free energy change: 0.4659 → 0.4659
2026-01-09 15:21:10,453 - UrbanActiveInference - INFO -     Action: Invest 10.2 in Housing at location 1
2026-01-09 15:21:10,453 - UrbanActiveInference - INFO -     Action success: True
2026-01-09 15:21:10,453 - UrbanActiveInference - INFO -     Satisfaction: 1.000
2026-01-09 15:21:10,453 - geo_infer_act.utils.analysis - DEBUG - Recorded step 9: FE=0.4659
2026-01-09 15:21:10,453 - UrbanActiveInference - INFO - 
--- Step 10/20 ---
2026-01-09 15:21:10,454 - UrbanActiveInference - INFO - Overall urban quality: 0.537
2026-01-09 15:21:10,454 - UrbanActiveInference - INFO - Cooperation index: 0.713
2026-01-09 15:21:10,454 - UrbanActiveInference - INFO -   Agent 0 (Government):
2026-01-09 15:21:10,454 - UrbanActiveInference - INFO -     Observation: [0.  1.  0.  0.3]
2026-01-09 15:21:10,454 - UrbanActiveInference - INFO -     Belief entropy: 0.0000
2026-01-09 15:21:10,454 - UrbanActiveInference - INFO -     Surprise: 0.2624
2026-01-09 15:21:10,454 - UrbanActiveInference - INFO -     Information gain: 0.0000
2026-01-09 15:21:10,454 - UrbanActiveInference - INFO -     Free energy change: 0.4659 → 0.4659
2026-01-09 15:21:10,454 - UrbanActiveInference - INFO -     Action: Invest 10.2 in Housing at location 5
2026-01-09 15:21:10,454 - UrbanActiveInference - INFO -     Action success: True
2026-01-09 15:21:10,454 - UrbanActiveInference - INFO -     Satisfaction: 1.000
2026-01-09 15:21:10,454 - geo_infer_act.utils.analysis - DEBUG - Recorded step 10: FE=0.4659
2026-01-09 15:21:10,455 - UrbanActiveInference - INFO -   Agent 1 (Developer):
2026-01-09 15:21:10,455 - UrbanActiveInference - INFO -     Observation: [0.  1.  0.  0.3]
2026-01-09 15:21:10,455 - UrbanActiveInference - INFO -     Belief entropy: 0.0000
2026-01-09 15:21:10,455 - UrbanActiveInference - INFO -     Surprise: 0.2624
2026-01-09 15:21:10,455 - UrbanActiveInference - INFO -     Information gain: 0.0000
2026-01-09 15:21:10,455 - UrbanActiveInference - INFO -     Free energy change: 0.4659 → 0.4659
2026-01-09 15:21:10,455 - UrbanActiveInference - INFO -     Action: Invest 6.6 in Housing at location 0
2026-01-09 15:21:10,455 - UrbanActiveInference - INFO -     Action success: True
2026-01-09 15:21:10,455 - UrbanActiveInference - INFO -     Satisfaction: 1.000
2026-01-09 15:21:10,455 - geo_infer_act.utils.analysis - DEBUG - Recorded step 10: FE=0.4659
2026-01-09 15:21:10,455 - UrbanActiveInference - INFO -   Agent 2 (Community):
2026-01-09 15:21:10,455 - UrbanActiveInference - INFO -     Observation: [0.  1.  0.  0.3]
2026-01-09 15:21:10,455 - UrbanActiveInference - INFO -     Belief entropy: 0.0000
2026-01-09 15:21:10,455 - UrbanActiveInference - INFO -     Surprise: 0.2624
2026-01-09 15:21:10,455 - UrbanActiveInference - INFO -     Information gain: 0.0000
2026-01-09 15:21:10,455 - UrbanActiveInference - INFO -     Free energy change: 0.4659 → 0.4659
2026-01-09 15:21:10,455 - UrbanActiveInference - INFO -     Action: Invest 8.2 in Housing at location 3
2026-01-09 15:21:10,455 - UrbanActiveInference - INFO -     Action success: False
2026-01-09 15:21:10,455 - UrbanActiveInference - INFO -     Satisfaction: 1.000
2026-01-09 15:21:10,455 - geo_infer_act.utils.analysis - DEBUG - Recorded step 10: FE=0.4659
2026-01-09 15:21:11,013 - UrbanActiveInference - INFO -     Generated urban analysis visualization
2026-01-09 15:21:11,014 - UrbanActiveInference - INFO - 
--- Step 11/20 ---
2026-01-09 15:21:11,014 - UrbanActiveInference - INFO - Overall urban quality: 0.537
2026-01-09 15:21:11,014 - UrbanActiveInference - INFO - Cooperation index: 0.713
2026-01-09 15:21:11,014 - UrbanActiveInference - INFO -   Agent 0 (Government):
2026-01-09 15:21:11,014 - UrbanActiveInference - INFO -     Observation: [0.  1.  0.  0.3]
2026-01-09 15:21:11,014 - UrbanActiveInference - INFO -     Belief entropy: -0.0000
2026-01-09 15:21:11,014 - UrbanActiveInference - INFO -     Surprise: 0.2624
2026-01-09 15:21:11,014 - UrbanActiveInference - INFO -     Information gain: 0.0000
2026-01-09 15:21:11,014 - UrbanActiveInference - INFO -     Free energy change: 0.4659 → 0.4659
2026-01-09 15:21:11,015 - UrbanActiveInference - INFO -     Action: Invest 8.2 in Housing at location 0
2026-01-09 15:21:11,015 - UrbanActiveInference - INFO -     Action success: True
2026-01-09 15:21:11,015 - UrbanActiveInference - INFO -     Satisfaction: 1.000
2026-01-09 15:21:11,015 - geo_infer_act.utils.analysis - DEBUG - Recorded step 11: FE=0.4659
2026-01-09 15:21:11,015 - UrbanActiveInference - INFO -   Agent 1 (Developer):
2026-01-09 15:21:11,015 - UrbanActiveInference - INFO -     Observation: [0.  1.  0.  0.3]
2026-01-09 15:21:11,015 - UrbanActiveInference - INFO -     Belief entropy: -0.0000
2026-01-09 15:21:11,015 - UrbanActiveInference - INFO -     Surprise: 0.2624
2026-01-09 15:21:11,015 - UrbanActiveInference - INFO -     Information gain: 0.0000
2026-01-09 15:21:11,015 - UrbanActiveInference - INFO -     Free energy change: 0.4659 → 0.4659
2026-01-09 15:21:11,015 - UrbanActiveInference - INFO -     Action: Invest 5.2 in Housing at location 2
2026-01-09 15:21:11,015 - UrbanActiveInference - INFO -     Action success: False
2026-01-09 15:21:11,015 - UrbanActiveInference - INFO -     Satisfaction: 1.000
2026-01-09 15:21:11,015 - geo_infer_act.utils.analysis - DEBUG - Recorded step 11: FE=0.4659
2026-01-09 15:21:11,015 - UrbanActiveInference - INFO -   Agent 2 (Community):
2026-01-09 15:21:11,015 - UrbanActiveInference - INFO -     Observation: [0.  1.  0.  0.3]
2026-01-09 15:21:11,015 - UrbanActiveInference - INFO -     Belief entropy: -0.0000
2026-01-09 15:21:11,015 - UrbanActiveInference - INFO -     Surprise: 0.2624
2026-01-09 15:21:11,015 - UrbanActiveInference - INFO -     Information gain: 0.0000
2026-01-09 15:21:11,015 - UrbanActiveInference - INFO -     Free energy change: 0.4659 → 0.4659
2026-01-09 15:21:11,016 - UrbanActiveInference - INFO -     Action: Invest 8.2 in Housing at location 3
2026-01-09 15:21:11,016 - UrbanActiveInference - INFO -     Action success: False
2026-01-09 15:21:11,016 - UrbanActiveInference - INFO -     Satisfaction: 1.000
2026-01-09 15:21:11,016 - geo_infer_act.utils.analysis - DEBUG - Recorded step 11: FE=0.4659
2026-01-09 15:21:11,016 - UrbanActiveInference - INFO - 
--- Step 12/20 ---
2026-01-09 15:21:11,016 - UrbanActiveInference - INFO - Overall urban quality: 0.537
2026-01-09 15:21:11,016 - UrbanActiveInference - INFO - Cooperation index: 0.713
2026-01-09 15:21:11,016 - UrbanActiveInference - INFO -   Agent 0 (Government):
2026-01-09 15:21:11,016 - UrbanActiveInference - INFO -     Observation: [0.  1.  0.  0.3]
2026-01-09 15:21:11,016 - UrbanActiveInference - INFO -     Belief entropy: -0.0000
2026-01-09 15:21:11,016 - UrbanActiveInference - INFO -     Surprise: 0.2624
2026-01-09 15:21:11,016 - UrbanActiveInference - INFO -     Information gain: 0.0000
2026-01-09 15:21:11,016 - UrbanActiveInference - INFO -     Free energy change: 0.4659 → 0.4659
2026-01-09 15:21:11,016 - UrbanActiveInference - INFO -     Action: Invest 6.6 in Housing at location 1
2026-01-09 15:21:11,016 - UrbanActiveInference - INFO -     Action success: True
2026-01-09 15:21:11,016 - UrbanActiveInference - INFO -     Satisfaction: 1.000
2026-01-09 15:21:11,016 - geo_infer_act.utils.analysis - DEBUG - Recorded step 12: FE=0.4659
2026-01-09 15:21:11,017 - UrbanActiveInference - INFO -   Agent 1 (Developer):
2026-01-09 15:21:11,017 - UrbanActiveInference - INFO -     Observation: [0.  1.  0.  0.3]
2026-01-09 15:21:11,017 - UrbanActiveInference - INFO -     Belief entropy: -0.0000
2026-01-09 15:21:11,017 - UrbanActiveInference - INFO -     Surprise: 0.2624
2026-01-09 15:21:11,017 - UrbanActiveInference - INFO -     Information gain: 0.0000
2026-01-09 15:21:11,017 - UrbanActiveInference - INFO -     Free energy change: 0.4659 → 0.4659
2026-01-09 15:21:11,017 - UrbanActiveInference - INFO -     Action: Invest 5.2 in Housing at location 2
2026-01-09 15:21:11,017 - UrbanActiveInference - INFO -     Action success: False
2026-01-09 15:21:11,017 - UrbanActiveInference - INFO -     Satisfaction: 1.000
2026-01-09 15:21:11,017 - geo_infer_act.utils.analysis - DEBUG - Recorded step 12: FE=0.4659
2026-01-09 15:21:11,017 - UrbanActiveInference - INFO -   Agent 2 (Community):
2026-01-09 15:21:11,017 - UrbanActiveInference - INFO -     Observation: [0.  1.  0.  0.3]
2026-01-09 15:21:11,017 - UrbanActiveInference - INFO -     Belief entropy: -0.0000
2026-01-09 15:21:11,017 - UrbanActiveInference - INFO -     Surprise: 0.2624
2026-01-09 15:21:11,018 - UrbanActiveInference - INFO -     Information gain: 0.0000
2026-01-09 15:21:11,018 - UrbanActiveInference - INFO -     Free energy change: 0.4659 → 0.4659
2026-01-09 15:21:11,018 - UrbanActiveInference - INFO -     Action: Invest 8.2 in Housing at location 3
2026-01-09 15:21:11,018 - UrbanActiveInference - INFO -     Action success: False
2026-01-09 15:21:11,018 - UrbanActiveInference - INFO -     Satisfaction: 1.000
2026-01-09 15:21:11,018 - geo_infer_act.utils.analysis - DEBUG - Recorded step 12: FE=0.4659
2026-01-09 15:21:11,018 - UrbanActiveInference - INFO - 
--- Step 13/20 ---
2026-01-09 15:21:11,018 - UrbanActiveInference - INFO - Overall urban quality: 0.537
2026-01-09 15:21:11,018 - UrbanActiveInference - INFO - Cooperation index: 0.713
2026-01-09 15:21:11,018 - UrbanActiveInference - INFO -   Agent 0 (Government):
2026-01-09 15:21:11,018 - UrbanActiveInference - INFO -     Observation: [0.  1.  0.  0.3]
2026-01-09 15:21:11,018 - UrbanActiveInference - INFO -     Belief entropy: -0.0000
2026-01-09 15:21:11,018 - UrbanActiveInference - INFO -     Surprise: 0.2624
2026-01-09 15:21:11,018 - UrbanActiveInference - INFO -     Information gain: 0.0000
2026-01-09 15:21:11,018 - UrbanActiveInference - INFO -     Free energy change: 0.4659 → 0.4659
2026-01-09 15:21:11,018 - UrbanActiveInference - INFO -     Action: Invest 5.2 in Housing at location 2
2026-01-09 15:21:11,018 - UrbanActiveInference - INFO -     Action success: False
2026-01-09 15:21:11,018 - UrbanActiveInference - INFO -     Satisfaction: 1.000
2026-01-09 15:21:11,018 - geo_infer_act.utils.analysis - DEBUG - Recorded step 13: FE=0.4659
2026-01-09 15:21:11,019 - UrbanActiveInference - INFO -   Agent 1 (Developer):
2026-01-09 15:21:11,019 - UrbanActiveInference - INFO -     Observation: [0.  1.  0.  0.3]
2026-01-09 15:21:11,019 - UrbanActiveInference - INFO -     Belief entropy: -0.0000
2026-01-09 15:21:11,019 - UrbanActiveInference - INFO -     Surprise: 0.2624
2026-01-09 15:21:11,019 - UrbanActiveInference - INFO -     Information gain: 0.0000
2026-01-09 15:21:11,019 - UrbanActiveInference - INFO -     Free energy change: 0.4659 → 0.4659
2026-01-09 15:21:11,019 - UrbanActiveInference - INFO -     Action: Invest 5.2 in Housing at location 5
2026-01-09 15:21:11,019 - UrbanActiveInference - INFO -     Action success: True
2026-01-09 15:21:11,019 - UrbanActiveInference - INFO -     Satisfaction: 1.000
2026-01-09 15:21:11,019 - geo_infer_act.utils.analysis - DEBUG - Recorded step 13: FE=0.4659
2026-01-09 15:21:11,019 - UrbanActiveInference - INFO -   Agent 2 (Community):
2026-01-09 15:21:11,019 - UrbanActiveInference - INFO -     Observation: [0.  1.  0.  0.3]
2026-01-09 15:21:11,019 - UrbanActiveInference - INFO -     Belief entropy: -0.0000
2026-01-09 15:21:11,019 - UrbanActiveInference - INFO -     Surprise: 0.2624
2026-01-09 15:21:11,019 - UrbanActiveInference - INFO -     Information gain: 0.0000
2026-01-09 15:21:11,019 - UrbanActiveInference - INFO -     Free energy change: 0.4659 → 0.4659
2026-01-09 15:21:11,019 - UrbanActiveInference - INFO -     Action: Invest 8.2 in Housing at location 1
2026-01-09 15:21:11,019 - UrbanActiveInference - INFO -     Action success: True
2026-01-09 15:21:11,019 - UrbanActiveInference - INFO -     Satisfaction: 1.000
2026-01-09 15:21:11,019 - geo_infer_act.utils.analysis - DEBUG - Recorded step 13: FE=0.4659
2026-01-09 15:21:11,019 - UrbanActiveInference - INFO - 
--- Step 14/20 ---
2026-01-09 15:21:11,019 - UrbanActiveInference - INFO - Overall urban quality: 0.538
2026-01-09 15:21:11,019 - UrbanActiveInference - INFO - Cooperation index: 0.713
2026-01-09 15:21:11,020 - UrbanActiveInference - INFO -   Agent 0 (Government):
2026-01-09 15:21:11,020 - UrbanActiveInference - INFO -     Observation: [0.  1.  0.  0.3]
2026-01-09 15:21:11,020 - UrbanActiveInference - INFO -     Belief entropy: -0.0000
2026-01-09 15:21:11,020 - UrbanActiveInference - INFO -     Surprise: 0.2624
2026-01-09 15:21:11,020 - UrbanActiveInference - INFO -     Information gain: 0.0000
2026-01-09 15:21:11,020 - UrbanActiveInference - INFO -     Free energy change: 0.4659 → 0.4659
2026-01-09 15:21:11,020 - UrbanActiveInference - INFO -     Action: Invest 5.2 in Housing at location 4
2026-01-09 15:21:11,020 - UrbanActiveInference - INFO -     Action success: False
2026-01-09 15:21:11,020 - UrbanActiveInference - INFO -     Satisfaction: 1.000
2026-01-09 15:21:11,020 - geo_infer_act.utils.analysis - DEBUG - Recorded step 14: FE=0.4659
2026-01-09 15:21:11,020 - UrbanActiveInference - INFO -   Agent 1 (Developer):
2026-01-09 15:21:11,020 - UrbanActiveInference - INFO -     Observation: [0.  1.  0.  0.3]
2026-01-09 15:21:11,020 - UrbanActiveInference - INFO -     Belief entropy: -0.0000
2026-01-09 15:21:11,020 - UrbanActiveInference - INFO -     Surprise: 0.2624
2026-01-09 15:21:11,020 - UrbanActiveInference - INFO -     Information gain: 0.0000
2026-01-09 15:21:11,020 - UrbanActiveInference - INFO -     Free energy change: 0.4659 → 0.4659
2026-01-09 15:21:11,020 - UrbanActiveInference - INFO -     Action: Invest 4.2 in Housing at location 4
2026-01-09 15:21:11,020 - UrbanActiveInference - INFO -     Action success: False
2026-01-09 15:21:11,020 - UrbanActiveInference - INFO -     Satisfaction: 1.000
2026-01-09 15:21:11,020 - geo_infer_act.utils.analysis - DEBUG - Recorded step 14: FE=0.4659
2026-01-09 15:21:11,021 - UrbanActiveInference - INFO -   Agent 2 (Community):
2026-01-09 15:21:11,021 - UrbanActiveInference - INFO -     Observation: [0.  1.  0.  0.3]
2026-01-09 15:21:11,021 - UrbanActiveInference - INFO -     Belief entropy: -0.0000
2026-01-09 15:21:11,021 - UrbanActiveInference - INFO -     Surprise: 0.2624
2026-01-09 15:21:11,021 - UrbanActiveInference - INFO -     Information gain: 0.0000
2026-01-09 15:21:11,021 - UrbanActiveInference - INFO -     Free energy change: 0.4659 → 0.4659
2026-01-09 15:21:11,021 - UrbanActiveInference - INFO -     Action: Invest 6.6 in Housing at location 0
2026-01-09 15:21:11,021 - UrbanActiveInference - INFO -     Action success: True
2026-01-09 15:21:11,021 - UrbanActiveInference - INFO -     Satisfaction: 1.000
2026-01-09 15:21:11,021 - geo_infer_act.utils.analysis - DEBUG - Recorded step 14: FE=0.4659
2026-01-09 15:21:11,021 - UrbanActiveInference - INFO - 
--- Step 15/20 ---
2026-01-09 15:21:11,021 - UrbanActiveInference - INFO - Overall urban quality: 0.538
2026-01-09 15:21:11,021 - UrbanActiveInference - INFO - Cooperation index: 0.713
2026-01-09 15:21:11,021 - UrbanActiveInference - INFO -   Agent 0 (Government):
2026-01-09 15:21:11,022 - UrbanActiveInference - INFO -     Observation: [0.  1.  0.  0.3]
2026-01-09 15:21:11,022 - UrbanActiveInference - INFO -     Belief entropy: -0.0000
2026-01-09 15:21:11,022 - UrbanActiveInference - INFO -     Surprise: 0.2624
2026-01-09 15:21:11,022 - UrbanActiveInference - INFO -     Information gain: 0.0000
2026-01-09 15:21:11,022 - UrbanActiveInference - INFO -     Free energy change: 0.4659 → 0.4659
2026-01-09 15:21:11,022 - UrbanActiveInference - INFO -     Action: Invest 5.2 in Housing at location 4
2026-01-09 15:21:11,022 - UrbanActiveInference - INFO -     Action success: False
2026-01-09 15:21:11,022 - UrbanActiveInference - INFO -     Satisfaction: 1.000
2026-01-09 15:21:11,022 - geo_infer_act.utils.analysis - DEBUG - Recorded step 15: FE=0.4659
2026-01-09 15:21:11,022 - UrbanActiveInference - INFO -   Agent 1 (Developer):
2026-01-09 15:21:11,022 - UrbanActiveInference - INFO -     Observation: [0.  1.  0.  0.3]
2026-01-09 15:21:11,022 - UrbanActiveInference - INFO -     Belief entropy: -0.0000
2026-01-09 15:21:11,022 - UrbanActiveInference - INFO -     Surprise: 0.2624
2026-01-09 15:21:11,022 - UrbanActiveInference - INFO -     Information gain: 0.0000
2026-01-09 15:21:11,022 - UrbanActiveInference - INFO -     Free energy change: 0.4659 → 0.4659
2026-01-09 15:21:11,022 - UrbanActiveInference - INFO -     Action: Invest 4.2 in Housing at location 4
2026-01-09 15:21:11,022 - UrbanActiveInference - INFO -     Action success: False
2026-01-09 15:21:11,022 - UrbanActiveInference - INFO -     Satisfaction: 1.000
2026-01-09 15:21:11,022 - geo_infer_act.utils.analysis - DEBUG - Recorded step 15: FE=0.4659
2026-01-09 15:21:11,023 - UrbanActiveInference - INFO -   Agent 2 (Community):
2026-01-09 15:21:11,023 - UrbanActiveInference - INFO -     Observation: [0.  1.  0.  0.3]
2026-01-09 15:21:11,023 - UrbanActiveInference - INFO -     Belief entropy: -0.0000
2026-01-09 15:21:11,023 - UrbanActiveInference - INFO -     Surprise: 0.2624
2026-01-09 15:21:11,023 - UrbanActiveInference - INFO -     Information gain: 0.0000
2026-01-09 15:21:11,023 - UrbanActiveInference - INFO -     Free energy change: 0.4659 → 0.4659
2026-01-09 15:21:11,023 - UrbanActiveInference - INFO -     Action: Invest 5.2 in Housing at location 4
2026-01-09 15:21:11,023 - UrbanActiveInference - INFO -     Action success: False
2026-01-09 15:21:11,023 - UrbanActiveInference - INFO -     Satisfaction: 1.000
2026-01-09 15:21:11,023 - geo_infer_act.utils.analysis - DEBUG - Recorded step 15: FE=0.4659
2026-01-09 15:21:11,569 - UrbanActiveInference - INFO -     Generated urban analysis visualization
2026-01-09 15:21:11,569 - UrbanActiveInference - INFO - 
--- Step 16/20 ---
2026-01-09 15:21:11,569 - UrbanActiveInference - INFO - Overall urban quality: 0.538
2026-01-09 15:21:11,569 - UrbanActiveInference - INFO - Cooperation index: 0.713
2026-01-09 15:21:11,569 - UrbanActiveInference - INFO -   Agent 0 (Government):
2026-01-09 15:21:11,570 - UrbanActiveInference - INFO -     Observation: [0.  1.  0.  0.3]
2026-01-09 15:21:11,570 - UrbanActiveInference - INFO -     Belief entropy: -0.0000
2026-01-09 15:21:11,570 - UrbanActiveInference - INFO -     Surprise: 0.2624
2026-01-09 15:21:11,570 - UrbanActiveInference - INFO -     Information gain: 0.0000
2026-01-09 15:21:11,570 - UrbanActiveInference - INFO -     Free energy change: 0.4659 → 0.4659
2026-01-09 15:21:11,570 - UrbanActiveInference - INFO -     Action: Invest 5.2 in Housing at location 3
2026-01-09 15:21:11,570 - UrbanActiveInference - INFO -     Action success: False
2026-01-09 15:21:11,570 - UrbanActiveInference - INFO -     Satisfaction: 1.000
2026-01-09 15:21:11,570 - geo_infer_act.utils.analysis - DEBUG - Recorded step 16: FE=0.4659
2026-01-09 15:21:11,570 - UrbanActiveInference - INFO -   Agent 1 (Developer):
2026-01-09 15:21:11,570 - UrbanActiveInference - INFO -     Observation: [0.  1.  0.  0.3]
2026-01-09 15:21:11,570 - UrbanActiveInference - INFO -     Belief entropy: -0.0000
2026-01-09 15:21:11,570 - UrbanActiveInference - INFO -     Surprise: 0.2624
2026-01-09 15:21:11,570 - UrbanActiveInference - INFO -     Information gain: 0.0000
2026-01-09 15:21:11,570 - UrbanActiveInference - INFO -     Free energy change: 0.4659 → 0.4659
2026-01-09 15:21:11,570 - UrbanActiveInference - INFO -     Action: Invest 4.2 in Housing at location 0
2026-01-09 15:21:11,570 - UrbanActiveInference - INFO -     Action success: True
2026-01-09 15:21:11,570 - UrbanActiveInference - INFO -     Satisfaction: 1.000
2026-01-09 15:21:11,570 - geo_infer_act.utils.analysis - DEBUG - Recorded step 16: FE=0.4659
2026-01-09 15:21:11,571 - UrbanActiveInference - INFO -   Agent 2 (Community):
2026-01-09 15:21:11,571 - UrbanActiveInference - INFO -     Observation: [0.  1.  0.  0.3]
2026-01-09 15:21:11,571 - UrbanActiveInference - INFO -     Belief entropy: -0.0000
2026-01-09 15:21:11,571 - UrbanActiveInference - INFO -     Surprise: 0.2624
2026-01-09 15:21:11,571 - UrbanActiveInference - INFO -     Information gain: 0.0000
2026-01-09 15:21:11,571 - UrbanActiveInference - INFO -     Free energy change: 0.4659 → 0.4659
2026-01-09 15:21:11,571 - UrbanActiveInference - INFO -     Action: Invest 5.2 in Housing at location 0
2026-01-09 15:21:11,571 - UrbanActiveInference - INFO -     Action success: True
2026-01-09 15:21:11,571 - UrbanActiveInference - INFO -     Satisfaction: 1.000
2026-01-09 15:21:11,571 - geo_infer_act.utils.analysis - DEBUG - Recorded step 16: FE=0.4659
2026-01-09 15:21:11,571 - UrbanActiveInference - INFO - 
--- Step 17/20 ---
2026-01-09 15:21:11,571 - UrbanActiveInference - INFO - Overall urban quality: 0.538
2026-01-09 15:21:11,571 - UrbanActiveInference - INFO - Cooperation index: 0.713
2026-01-09 15:21:11,571 - UrbanActiveInference - INFO -   Agent 0 (Government):
2026-01-09 15:21:11,571 - UrbanActiveInference - INFO -     Observation: [0.  1.  0.  0.3]
2026-01-09 15:21:11,571 - UrbanActiveInference - INFO -     Belief entropy: -0.0000
2026-01-09 15:21:11,571 - UrbanActiveInference - INFO -     Surprise: 0.2624
2026-01-09 15:21:11,571 - UrbanActiveInference - INFO -     Information gain: 0.0000
2026-01-09 15:21:11,571 - UrbanActiveInference - INFO -     Free energy change: 0.4659 → 0.4659
2026-01-09 15:21:11,571 - UrbanActiveInference - INFO -     Action: Invest 5.2 in Housing at location 2
2026-01-09 15:21:11,571 - UrbanActiveInference - INFO -     Action success: False
2026-01-09 15:21:11,571 - UrbanActiveInference - INFO -     Satisfaction: 1.000
2026-01-09 15:21:11,571 - geo_infer_act.utils.analysis - DEBUG - Recorded step 17: FE=0.4659
2026-01-09 15:21:11,572 - UrbanActiveInference - INFO -   Agent 1 (Developer):
2026-01-09 15:21:11,572 - UrbanActiveInference - INFO -     Observation: [0.  1.  0.  0.3]
2026-01-09 15:21:11,572 - UrbanActiveInference - INFO -     Belief entropy: -0.0000
2026-01-09 15:21:11,572 - UrbanActiveInference - INFO -     Surprise: 0.2624
2026-01-09 15:21:11,572 - UrbanActiveInference - INFO -     Information gain: 0.0000
2026-01-09 15:21:11,572 - UrbanActiveInference - INFO -     Free energy change: 0.4659 → 0.4659
2026-01-09 15:21:11,572 - UrbanActiveInference - INFO -     Action: Invest 3.4 in Housing at location 0
2026-01-09 15:21:11,572 - UrbanActiveInference - INFO -     Action success: True
2026-01-09 15:21:11,572 - UrbanActiveInference - INFO -     Satisfaction: 1.000
2026-01-09 15:21:11,572 - geo_infer_act.utils.analysis - DEBUG - Recorded step 17: FE=0.4659
2026-01-09 15:21:11,572 - UrbanActiveInference - INFO -   Agent 2 (Community):
2026-01-09 15:21:11,572 - UrbanActiveInference - INFO -     Observation: [0.  1.  0.  0.3]
2026-01-09 15:21:11,572 - UrbanActiveInference - INFO -     Belief entropy: -0.0000
2026-01-09 15:21:11,572 - UrbanActiveInference - INFO -     Surprise: 0.2624
2026-01-09 15:21:11,573 - UrbanActiveInference - INFO -     Information gain: 0.0000
2026-01-09 15:21:11,573 - UrbanActiveInference - INFO -     Free energy change: 0.4659 → 0.4659
2026-01-09 15:21:11,573 - UrbanActiveInference - INFO -     Action: Invest 4.2 in Housing at location 0
2026-01-09 15:21:11,573 - UrbanActiveInference - INFO -     Action success: True
2026-01-09 15:21:11,573 - UrbanActiveInference - INFO -     Satisfaction: 1.000
2026-01-09 15:21:11,573 - geo_infer_act.utils.analysis - DEBUG - Recorded step 17: FE=0.4659
2026-01-09 15:21:11,573 - UrbanActiveInference - INFO - 
--- Step 18/20 ---
2026-01-09 15:21:11,573 - UrbanActiveInference - INFO - Overall urban quality: 0.538
2026-01-09 15:21:11,573 - UrbanActiveInference - INFO - Cooperation index: 0.713
2026-01-09 15:21:11,573 - UrbanActiveInference - INFO -   Agent 0 (Government):
2026-01-09 15:21:11,573 - UrbanActiveInference - INFO -     Observation: [0.  1.  0.  0.3]
2026-01-09 15:21:11,573 - UrbanActiveInference - INFO -     Belief entropy: -0.0000
2026-01-09 15:21:11,573 - UrbanActiveInference - INFO -     Surprise: 0.2624
2026-01-09 15:21:11,573 - UrbanActiveInference - INFO -     Information gain: 0.0000
2026-01-09 15:21:11,573 - UrbanActiveInference - INFO -     Free energy change: 0.4659 → 0.4659
2026-01-09 15:21:11,573 - UrbanActiveInference - INFO -     Action: Invest 5.2 in Housing at location 4
2026-01-09 15:21:11,573 - UrbanActiveInference - INFO -     Action success: False
2026-01-09 15:21:11,573 - UrbanActiveInference - INFO -     Satisfaction: 1.000
2026-01-09 15:21:11,573 - geo_infer_act.utils.analysis - DEBUG - Recorded step 18: FE=0.4659
2026-01-09 15:21:11,574 - UrbanActiveInference - INFO -   Agent 1 (Developer):
2026-01-09 15:21:11,574 - UrbanActiveInference - INFO -     Observation: [0.  1.  0.  0.3]
2026-01-09 15:21:11,574 - UrbanActiveInference - INFO -     Belief entropy: -0.0000
2026-01-09 15:21:11,574 - UrbanActiveInference - INFO -     Surprise: 0.2624
2026-01-09 15:21:11,574 - UrbanActiveInference - INFO -     Information gain: 0.0000
2026-01-09 15:21:11,574 - UrbanActiveInference - INFO -     Free energy change: 0.4659 → 0.4659
2026-01-09 15:21:11,574 - UrbanActiveInference - INFO -     Action: Invest 2.7 in Housing at location 3
2026-01-09 15:21:11,574 - UrbanActiveInference - INFO -     Action success: False
2026-01-09 15:21:11,574 - UrbanActiveInference - INFO -     Satisfaction: 1.000
2026-01-09 15:21:11,574 - geo_infer_act.utils.analysis - DEBUG - Recorded step 18: FE=0.4659
2026-01-09 15:21:11,574 - UrbanActiveInference - INFO -   Agent 2 (Community):
2026-01-09 15:21:11,574 - UrbanActiveInference - INFO -     Observation: [0.  1.  0.  0.3]
2026-01-09 15:21:11,574 - UrbanActiveInference - INFO -     Belief entropy: -0.0000
2026-01-09 15:21:11,574 - UrbanActiveInference - INFO -     Surprise: 0.2624
2026-01-09 15:21:11,574 - UrbanActiveInference - INFO -     Information gain: 0.0000
2026-01-09 15:21:11,574 - UrbanActiveInference - INFO -     Free energy change: 0.4659 → 0.4659
2026-01-09 15:21:11,574 - UrbanActiveInference - INFO -     Action: Invest 3.4 in Housing at location 3
2026-01-09 15:21:11,574 - UrbanActiveInference - INFO -     Action success: False
2026-01-09 15:21:11,574 - UrbanActiveInference - INFO -     Satisfaction: 1.000
2026-01-09 15:21:11,574 - geo_infer_act.utils.analysis - DEBUG - Recorded step 18: FE=0.4659
2026-01-09 15:21:11,574 - UrbanActiveInference - INFO - 
--- Step 19/20 ---
2026-01-09 15:21:11,574 - UrbanActiveInference - INFO - Overall urban quality: 0.538
2026-01-09 15:21:11,574 - UrbanActiveInference - INFO - Cooperation index: 0.713
2026-01-09 15:21:11,575 - UrbanActiveInference - INFO -   Agent 0 (Government):
2026-01-09 15:21:11,575 - UrbanActiveInference - INFO -     Observation: [0.  1.  0.  0.3]
2026-01-09 15:21:11,575 - UrbanActiveInference - INFO -     Belief entropy: -0.0000
2026-01-09 15:21:11,575 - UrbanActiveInference - INFO -     Surprise: 0.2624
2026-01-09 15:21:11,575 - UrbanActiveInference - INFO -     Information gain: 0.0000
2026-01-09 15:21:11,575 - UrbanActiveInference - INFO -     Free energy change: 0.4659 → 0.4659
2026-01-09 15:21:11,575 - UrbanActiveInference - INFO -     Action: Invest 5.2 in Housing at location 5
2026-01-09 15:21:11,575 - UrbanActiveInference - INFO -     Action success: True
2026-01-09 15:21:11,575 - UrbanActiveInference - INFO -     Satisfaction: 1.000
2026-01-09 15:21:11,575 - geo_infer_act.utils.analysis - DEBUG - Recorded step 19: FE=0.4659
2026-01-09 15:21:11,575 - UrbanActiveInference - INFO -   Agent 1 (Developer):
2026-01-09 15:21:11,575 - UrbanActiveInference - INFO -     Observation: [0.  1.  0.  0.3]
2026-01-09 15:21:11,575 - UrbanActiveInference - INFO -     Belief entropy: -0.0000
2026-01-09 15:21:11,575 - UrbanActiveInference - INFO -     Surprise: 0.2624
2026-01-09 15:21:11,575 - UrbanActiveInference - INFO -     Information gain: 0.0000
2026-01-09 15:21:11,575 - UrbanActiveInference - INFO -     Free energy change: 0.4659 → 0.4659
2026-01-09 15:21:11,575 - UrbanActiveInference - INFO -     Action: Invest 2.7 in Housing at location 1
2026-01-09 15:21:11,575 - UrbanActiveInference - INFO -     Action success: True
2026-01-09 15:21:11,575 - UrbanActiveInference - INFO -     Satisfaction: 1.000
2026-01-09 15:21:11,575 - geo_infer_act.utils.analysis - DEBUG - Recorded step 19: FE=0.4659
2026-01-09 15:21:11,576 - UrbanActiveInference - INFO -   Agent 2 (Community):
2026-01-09 15:21:11,576 - UrbanActiveInference - INFO -     Observation: [0.  1.  0.  0.3]
2026-01-09 15:21:11,576 - UrbanActiveInference - INFO -     Belief entropy: -0.0000
2026-01-09 15:21:11,576 - UrbanActiveInference - INFO -     Surprise: 0.2624
2026-01-09 15:21:11,576 - UrbanActiveInference - INFO -     Information gain: 0.0000
2026-01-09 15:21:11,576 - UrbanActiveInference - INFO -     Free energy change: 0.4659 → 0.4659
2026-01-09 15:21:11,576 - UrbanActiveInference - INFO -     Action: Invest 3.4 in Housing at location 3
2026-01-09 15:21:11,576 - UrbanActiveInference - INFO -     Action success: False
2026-01-09 15:21:11,576 - UrbanActiveInference - INFO -     Satisfaction: 1.000
2026-01-09 15:21:11,576 - geo_infer_act.utils.analysis - DEBUG - Recorded step 19: FE=0.4659
2026-01-09 15:21:11,576 - UrbanActiveInference - INFO - 
--- Step 20/20 ---
2026-01-09 15:21:11,576 - UrbanActiveInference - INFO - Overall urban quality: 0.538
2026-01-09 15:21:11,576 - UrbanActiveInference - INFO - Cooperation index: 0.713
2026-01-09 15:21:11,576 - UrbanActiveInference - INFO -   Agent 0 (Government):
2026-01-09 15:21:11,577 - UrbanActiveInference - INFO -     Observation: [0.  1.  0.  0.3]
2026-01-09 15:21:11,577 - UrbanActiveInference - INFO -     Belief entropy: -0.0000
2026-01-09 15:21:11,577 - UrbanActiveInference - INFO -     Surprise: 0.2624
2026-01-09 15:21:11,577 - UrbanActiveInference - INFO -     Information gain: 0.0000
2026-01-09 15:21:11,577 - UrbanActiveInference - INFO -     Free energy change: 0.4659 → 0.4659
2026-01-09 15:21:11,577 - UrbanActiveInference - INFO -     Action: Invest 4.2 in Housing at location 4
2026-01-09 15:21:11,577 - UrbanActiveInference - INFO -     Action success: False
2026-01-09 15:21:11,577 - UrbanActiveInference - INFO -     Satisfaction: 1.000
2026-01-09 15:21:11,577 - geo_infer_act.utils.analysis - DEBUG - Recorded step 20: FE=0.4659
2026-01-09 15:21:11,577 - UrbanActiveInference - INFO -   Agent 1 (Developer):
2026-01-09 15:21:11,577 - UrbanActiveInference - INFO -     Observation: [0.  1.  0.  0.3]
2026-01-09 15:21:11,577 - UrbanActiveInference - INFO -     Belief entropy: -0.0000
2026-01-09 15:21:11,577 - UrbanActiveInference - INFO -     Surprise: 0.2624
2026-01-09 15:21:11,577 - UrbanActiveInference - INFO -     Information gain: 0.0000
2026-01-09 15:21:11,577 - UrbanActiveInference - INFO -     Free energy change: 0.4659 → 0.4659
2026-01-09 15:21:11,577 - UrbanActiveInference - INFO -     Action: Invest 2.1 in Housing at location 3
2026-01-09 15:21:11,577 - UrbanActiveInference - INFO -     Action success: False
2026-01-09 15:21:11,577 - UrbanActiveInference - INFO -     Satisfaction: 1.000
2026-01-09 15:21:11,577 - geo_infer_act.utils.analysis - DEBUG - Recorded step 20: FE=0.4659
2026-01-09 15:21:11,577 - UrbanActiveInference - INFO -   Agent 2 (Community):
2026-01-09 15:21:11,578 - UrbanActiveInference - INFO -     Observation: [0.  1.  0.  0.3]
2026-01-09 15:21:11,578 - UrbanActiveInference - INFO -     Belief entropy: -0.0000
2026-01-09 15:21:11,578 - UrbanActiveInference - INFO -     Surprise: 0.2624
2026-01-09 15:21:11,578 - UrbanActiveInference - INFO -     Information gain: 0.0000
2026-01-09 15:21:11,578 - UrbanActiveInference - INFO -     Free energy change: 0.4659 → 0.4659
2026-01-09 15:21:11,578 - UrbanActiveInference - INFO -     Action: Invest 3.4 in Housing at location 5
2026-01-09 15:21:11,578 - UrbanActiveInference - INFO -     Action success: True
2026-01-09 15:21:11,578 - UrbanActiveInference - INFO -     Satisfaction: 1.000
2026-01-09 15:21:11,578 - geo_infer_act.utils.analysis - DEBUG - Recorded step 20: FE=0.4659
2026-01-09 15:21:12,169 - UrbanActiveInference - INFO -     Generated urban analysis visualization
2026-01-09 15:21:12,169 - UrbanActiveInference - INFO - 
======================================================================
2026-01-09 15:21:12,169 - UrbanActiveInference - INFO - COMPREHENSIVE URBAN PLANNING ANALYSIS
2026-01-09 15:21:12,169 - UrbanActiveInference - INFO - ======================================================================
2026-01-09 15:21:12,169 - UrbanActiveInference - INFO - 
AGENT 0 (Government) ANALYSIS:
2026-01-09 15:21:12,169 - geo_infer_act.utils.analysis - INFO - Analyzing perception patterns...
2026-01-09 15:21:12,173 - geo_infer_act.utils.analysis - INFO - Analysis saved to /Users/4d/Documents/GitHub/GEO-INFER/output/urban_planning_20260109_152109/agent_0/analysis/perception_analysis.json
2026-01-09 15:21:12,173 - geo_infer_act.utils.analysis - INFO - Perception pattern analysis completed
2026-01-09 15:21:12,173 - geo_infer_act.utils.analysis - INFO - Analyzing action selection patterns...
2026-01-09 15:21:12,174 - geo_infer_act.utils.analysis - INFO - Analysis saved to /Users/4d/Documents/GitHub/GEO-INFER/output/urban_planning_20260109_152109/agent_0/analysis/action_selection_analysis.json
2026-01-09 15:21:12,174 - geo_infer_act.utils.analysis - INFO - Action selection pattern analysis completed
2026-01-09 15:21:12,174 - geo_infer_act.utils.analysis - INFO - Analyzing Variational Free Energy patterns...
2026-01-09 15:21:12,174 - geo_infer_act.utils.analysis - INFO - Analysis saved to /Users/4d/Documents/GitHub/GEO-INFER/output/urban_planning_20260109_152109/agent_0/analysis/free_energy_analysis.json
2026-01-09 15:21:12,174 - geo_infer_act.utils.analysis - INFO - Free Energy pattern analysis completed
2026-01-09 15:21:12,174 - UrbanActiveInference - INFO -   Perception quality: Fair - Limited Structure
2026-01-09 15:21:12,174 - UrbanActiveInference - INFO -   Action consistency: 1.000
2026-01-09 15:21:12,175 - UrbanActiveInference - INFO -   Free energy efficiency: -0.042
2026-01-09 15:21:12,175 - UrbanActiveInference - INFO -   Final satisfaction: 1.000
2026-01-09 15:21:12,175 - UrbanActiveInference - INFO -   Remaining budget: 21.0
2026-01-09 15:21:12,701 - geo_infer_act.utils.visualization - INFO - Perception analysis saved to /Users/4d/Documents/GitHub/GEO-INFER/output/urban_planning_20260109_152109/agent_0
2026-01-09 15:21:12,879 - geo_infer_act.utils.visualization - INFO - Action analysis saved to /Users/4d/Documents/GitHub/GEO-INFER/output/urban_planning_20260109_152109/agent_0
2026-01-09 15:21:12,885 - geo_infer_act.utils.analysis - INFO - Traces saved to CSV files in /Users/4d/Documents/GitHub/GEO-INFER/output/urban_planning_20260109_152109/agent_0/data
2026-01-09 15:21:12,885 - UrbanActiveInference - INFO - 
AGENT 1 (Developer) ANALYSIS:
2026-01-09 15:21:12,885 - geo_infer_act.utils.analysis - INFO - Analyzing perception patterns...
2026-01-09 15:21:12,887 - geo_infer_act.utils.analysis - INFO - Analysis saved to /Users/4d/Documents/GitHub/GEO-INFER/output/urban_planning_20260109_152109/agent_1/analysis/perception_analysis.json
2026-01-09 15:21:12,887 - geo_infer_act.utils.analysis - INFO - Perception pattern analysis completed
2026-01-09 15:21:12,887 - geo_infer_act.utils.analysis - INFO - Analyzing action selection patterns...
2026-01-09 15:21:12,887 - geo_infer_act.utils.analysis - INFO - Analysis saved to /Users/4d/Documents/GitHub/GEO-INFER/output/urban_planning_20260109_152109/agent_1/analysis/action_selection_analysis.json
2026-01-09 15:21:12,887 - geo_infer_act.utils.analysis - INFO - Action selection pattern analysis completed
2026-01-09 15:21:12,887 - geo_infer_act.utils.analysis - INFO - Analyzing Variational Free Energy patterns...
2026-01-09 15:21:12,887 - geo_infer_act.utils.analysis - INFO - Analysis saved to /Users/4d/Documents/GitHub/GEO-INFER/output/urban_planning_20260109_152109/agent_1/analysis/free_energy_analysis.json
2026-01-09 15:21:12,887 - geo_infer_act.utils.analysis - INFO - Free Energy pattern analysis completed
2026-01-09 15:21:12,887 - UrbanActiveInference - INFO -   Perception quality: Fair - Limited Structure
2026-01-09 15:21:12,888 - UrbanActiveInference - INFO -   Action consistency: 1.000
2026-01-09 15:21:12,888 - UrbanActiveInference - INFO -   Free energy efficiency: -0.042
2026-01-09 15:21:12,888 - UrbanActiveInference - INFO -   Final satisfaction: 1.000
2026-01-09 15:21:12,888 - UrbanActiveInference - INFO -   Remaining budget: 10.7
2026-01-09 15:21:13,402 - geo_infer_act.utils.visualization - INFO - Perception analysis saved to /Users/4d/Documents/GitHub/GEO-INFER/output/urban_planning_20260109_152109/agent_1
2026-01-09 15:21:13,632 - geo_infer_act.utils.visualization - INFO - Action analysis saved to /Users/4d/Documents/GitHub/GEO-INFER/output/urban_planning_20260109_152109/agent_1
2026-01-09 15:21:13,633 - geo_infer_act.utils.analysis - INFO - Traces saved to CSV files in /Users/4d/Documents/GitHub/GEO-INFER/output/urban_planning_20260109_152109/agent_1/data
2026-01-09 15:21:13,634 - UrbanActiveInference - INFO - 
AGENT 2 (Community) ANALYSIS:
2026-01-09 15:21:13,634 - geo_infer_act.utils.analysis - INFO - Analyzing perception patterns...
2026-01-09 15:21:13,635 - geo_infer_act.utils.analysis - INFO - Analysis saved to /Users/4d/Documents/GitHub/GEO-INFER/output/urban_planning_20260109_152109/agent_2/analysis/perception_analysis.json
2026-01-09 15:21:13,635 - geo_infer_act.utils.analysis - INFO - Perception pattern analysis completed
2026-01-09 15:21:13,635 - geo_infer_act.utils.analysis - INFO - Analyzing action selection patterns...
2026-01-09 15:21:13,636 - geo_infer_act.utils.analysis - INFO - Analysis saved to /Users/4d/Documents/GitHub/GEO-INFER/output/urban_planning_20260109_152109/agent_2/analysis/action_selection_analysis.json
2026-01-09 15:21:13,636 - geo_infer_act.utils.analysis - INFO - Action selection pattern analysis completed
2026-01-09 15:21:13,636 - geo_infer_act.utils.analysis - INFO - Analyzing Variational Free Energy patterns...
2026-01-09 15:21:13,636 - geo_infer_act.utils.analysis - INFO - Analysis saved to /Users/4d/Documents/GitHub/GEO-INFER/output/urban_planning_20260109_152109/agent_2/analysis/free_energy_analysis.json
2026-01-09 15:21:13,636 - geo_infer_act.utils.analysis - INFO - Free Energy pattern analysis completed
2026-01-09 15:21:13,636 - UrbanActiveInference - INFO -   Perception quality: Fair - Limited Structure
2026-01-09 15:21:13,636 - UrbanActiveInference - INFO -   Action consistency: 1.000
2026-01-09 15:21:13,636 - UrbanActiveInference - INFO -   Free energy efficiency: -0.042
2026-01-09 15:21:13,636 - UrbanActiveInference - INFO -   Final satisfaction: 1.000
2026-01-09 15:21:13,636 - UrbanActiveInference - INFO -   Remaining budget: 13.4
2026-01-09 15:21:14,145 - geo_infer_act.utils.visualization - INFO - Perception analysis saved to /Users/4d/Documents/GitHub/GEO-INFER/output/urban_planning_20260109_152109/agent_2
2026-01-09 15:21:14,323 - geo_infer_act.utils.visualization - INFO - Action analysis saved to /Users/4d/Documents/GitHub/GEO-INFER/output/urban_planning_20260109_152109/agent_2
2026-01-09 15:21:14,324 - geo_infer_act.utils.analysis - INFO - Traces saved to CSV files in /Users/4d/Documents/GitHub/GEO-INFER/output/urban_planning_20260109_152109/agent_2/data
2026-01-09 15:21:14,324 - UrbanActiveInference - INFO - 
SYSTEM-WIDE URBAN DEVELOPMENT ANALYSIS:
2026-01-09 15:21:14,325 - UrbanActiveInference - INFO -   Urban quality change: 0.534 → 0.538 (Δ=+0.004)
2026-01-09 15:21:14,325 - UrbanActiveInference - INFO -   Cooperation change: 0.713 → 0.713 (Δ=+0.000)
2026-01-09 15:21:14,325 - UrbanActiveInference - INFO -   Housing development: +8.03
2026-01-09 15:21:14,325 - UrbanActiveInference - INFO -   Commercial development: +6.18
2026-01-09 15:21:14,325 - UrbanActiveInference - INFO -   Transport development: +0.00
2026-01-09 15:21:14,325 - UrbanActiveInference - INFO -   Green Space development: +0.00
2026-01-09 15:21:14,325 - UrbanActiveInference - INFO -   Average agent satisfaction: 1.000 (±0.000)
2026-01-09 15:21:14,325 - UrbanActiveInference - INFO -   Development equity score: 0.946
2026-01-09 15:21:14,639 - UrbanActiveInference - INFO - 
Exporting comprehensive analysis data...
2026-01-09 15:21:14,640 - UrbanActiveInference - INFO - 
FEATURES DEMONSTRATED:
2026-01-09 15:21:14,640 - UrbanActiveInference - INFO - • Multi-agent Active Inference coordination for urban planning
2026-01-09 15:21:14,640 - UrbanActiveInference - INFO - • Comprehensive stakeholder behavior analysis and pattern detection
2026-01-09 15:21:14,640 - UrbanActiveInference - INFO - • Real-time resource allocation optimization with constraint handling
2026-01-09 15:21:14,640 - UrbanActiveInference - INFO - • Spatial-temporal urban development modeling and quality assessment
2026-01-09 15:21:14,640 - UrbanActiveInference - INFO - • Agent-specific preference learning and satisfaction tracking
2026-01-09 15:21:14,640 - UrbanActiveInference - INFO - • System-wide cooperation dynamics and equity analysis
2026-01-09 15:21:14,640 - UrbanActiveInference - INFO - • Professional visualization suite for urban planning insights
2026-01-09 15:21:14,640 - UrbanActiveInference - INFO - • Comprehensive data export and reporting for policy analysis
2026-01-09 15:21:14,640 - UrbanActiveInference - INFO - 
Urban Planning Active Inference simulation complete!
2026-01-09 15:21:14,640 - UrbanActiveInference - INFO - Results saved to: /Users/4d/Documents/GitHub/GEO-INFER/output/urban_planning_20260109_152109
2026-01-09 15:21:14,640 - UrbanActiveInference - INFO - Total simulation time: 20 steps
2026-01-09 15:21:14,640 - UrbanActiveInference - INFO - Analysis completed at: 2026-01-09 15:21:14
