2026-01-09 15:43:55,438 - ModernActiveInference - INFO - Modern Active Inference - Comprehensive Analysis
2026-01-09 15:43:55,438 - ModernActiveInference - INFO - ======================================================================
2026-01-09 15:43:55,438 - ModernActiveInference - INFO - Output directory: /Users/4d/Documents/GitHub/GEO-INFER/output/modern_active_inference_20260109_154355
2026-01-09 15:43:55,439 - geo_infer_act.api.interface - INFO - ActiveInferenceInterface initialized
2026-01-09 15:43:55,439 - ModernActiveInference - INFO - Modern Active Inference Demo initialized
2026-01-09 15:43:55,439 - ModernActiveInference - INFO - Enhanced with comprehensive analysis capabilities
2026-01-09 15:43:55,439 - ModernActiveInference - INFO - Starting comprehensive modern Active Inference demonstration
2026-01-09 15:43:55,439 - ModernActiveInference - INFO - 
==================================================
2026-01-09 15:43:55,439 - ModernActiveInference - INFO - 1. HIERARCHICAL ACTIVE INFERENCE
2026-01-09 15:43:55,439 - ModernActiveInference - INFO - ==================================================
2026-01-09 15:43:55,439 - ModernActiveInference - INFO - Creating hierarchical model: hierarchical_model
2026-01-09 15:43:55,439 - geo_infer_act.core.active_inference - INFO - Initialized ActiveInferenceModel with type: categorical
2026-01-09 15:43:55,439 - geo_infer_act.core.generative_model - INFO - Initialized 3 hierarchical levels
2026-01-09 15:43:55,439 - geo_infer_act.api.interface - INFO - Created categorical model: hierarchical_model
2026-01-09 15:43:55,439 - geo_infer_act.api.interface - INFO - Set preferences for model hierarchical_model
2026-01-09 15:43:55,440 - geo_infer_act.utils.analysis - INFO - ActiveInferenceAnalyzer initialized with output: /Users/4d/Documents/GitHub/GEO-INFER/output/modern_active_inference_20260109_154355/hierarchical
2026-01-09 15:43:55,440 - ModernActiveInference - INFO -   Created 3-level hierarchical model
2026-01-09 15:43:55,440 - ModernActiveInference - INFO -   Temporal horizons: [1, 5, 20]
2026-01-09 15:43:55,440 - ModernActiveInference - INFO -   Message passing enabled: True
2026-01-09 15:43:55,441 - geo_infer_act.utils.analysis - DEBUG - Recorded step 1: FE=-4.2914
2026-01-09 15:43:55,441 - geo_infer_act.utils.analysis - DEBUG - Recorded step 2: FE=-4.2914
2026-01-09 15:43:55,441 - geo_infer_act.utils.analysis - DEBUG - Recorded step 3: FE=-4.2914
2026-01-09 15:43:55,442 - geo_infer_act.utils.analysis - DEBUG - Recorded step 4: FE=-4.2914
2026-01-09 15:43:55,442 - geo_infer_act.utils.analysis - DEBUG - Recorded step 5: FE=-4.2914
2026-01-09 15:43:55,442 - geo_infer_act.utils.analysis - DEBUG - Recorded step 6: FE=-4.2914
2026-01-09 15:43:55,443 - geo_infer_act.utils.analysis - DEBUG - Recorded step 7: FE=-4.2914
2026-01-09 15:43:55,443 - geo_infer_act.utils.analysis - DEBUG - Recorded step 8: FE=-4.2914
2026-01-09 15:43:55,443 - geo_infer_act.utils.analysis - DEBUG - Recorded step 9: FE=-4.2914
2026-01-09 15:43:55,444 - geo_infer_act.utils.analysis - DEBUG - Recorded step 10: FE=-4.2914
2026-01-09 15:43:55,444 - geo_infer_act.utils.analysis - DEBUG - Recorded step 11: FE=-4.2914
2026-01-09 15:43:55,444 - geo_infer_act.utils.analysis - DEBUG - Recorded step 12: FE=-4.2914
2026-01-09 15:43:55,445 - geo_infer_act.utils.analysis - DEBUG - Recorded step 13: FE=-4.2914
2026-01-09 15:43:55,445 - geo_infer_act.utils.analysis - DEBUG - Recorded step 14: FE=-4.2914
2026-01-09 15:43:55,445 - geo_infer_act.utils.analysis - DEBUG - Recorded step 15: FE=-4.2914
2026-01-09 15:43:55,445 - ModernActiveInference - INFO - 
==================================================
2026-01-09 15:43:55,445 - ModernActiveInference - INFO - 2. MARKOV BLANKET ARCHITECTURE
2026-01-09 15:43:55,445 - ModernActiveInference - INFO - ==================================================
2026-01-09 15:43:55,445 - ModernActiveInference - INFO - Demonstrating Markov blanket architectures
2026-01-09 15:43:55,445 - geo_infer_act.core.active_inference - INFO - Initialized ActiveInferenceModel with type: categorical
2026-01-09 15:43:55,445 - geo_infer_act.core.generative_model - INFO - Initialized Markov blanket structure
2026-01-09 15:43:55,445 - geo_infer_act.api.interface - INFO - Created categorical model: markov_blanket_model
2026-01-09 15:43:55,446 - geo_infer_act.utils.analysis - INFO - ActiveInferenceAnalyzer initialized with output: /Users/4d/Documents/GitHub/GEO-INFER/output/modern_active_inference_20260109_154355/markov_blanket
2026-01-09 15:43:55,446 - ModernActiveInference - INFO - Running Markov blanket simulation for 30 steps
2026-01-09 15:43:55,469 - ModernActiveInference - INFO -   Step 1: external_influence
2026-01-09 15:43:55,469 - ModernActiveInference - INFO -     Conditional independence: 0.9420
2026-01-09 15:43:55,469 - ModernActiveInference - INFO -     Surprise: 0.9698
2026-01-09 15:43:55,469 - ModernActiveInference - INFO -     Information gain: 0.0000
2026-01-09 15:43:55,469 - ModernActiveInference - ERROR - Demo failed with error: ActiveInferenceAnalyzer.record_step() got an unexpected keyword argument 'step_data'
