2026-01-09 15:25:44,936 - geo_infer_act.utils.analysis - INFO - ActiveInferenceAnalyzer initialized with output: /Users/4d/Documents/GitHub/GEO-INFER/output/ecological_model_20260109_152544
2026-01-09 15:25:44,942 - geo_infer_act.utils.analysis - DEBUG - Recorded step 1: FE=-1.5599
2026-01-09 15:25:44,946 - geo_infer_act.utils.analysis - DEBUG - Recorded step 2: FE=-1.3832
2026-01-09 15:25:44,950 - geo_infer_act.utils.analysis - DEBUG - Recorded step 3: FE=-1.1942
2026-01-09 15:25:44,954 - geo_infer_act.utils.analysis - DEBUG - Recorded step 4: FE=-1.0489
2026-01-09 15:25:44,958 - geo_infer_act.utils.analysis - DEBUG - Recorded step 5: FE=-0.9368
2026-01-09 15:25:44,962 - geo_infer_act.utils.analysis - DEBUG - Recorded step 6: FE=-0.8281
2026-01-09 15:25:44,966 - geo_infer_act.utils.analysis - DEBUG - Recorded step 7: FE=-0.7274
2026-01-09 15:25:44,969 - geo_infer_act.utils.analysis - DEBUG - Recorded step 8: FE=-0.6489
2026-01-09 15:25:44,973 - geo_infer_act.utils.analysis - DEBUG - Recorded step 9: FE=-0.5868
2026-01-09 15:25:44,977 - geo_infer_act.utils.analysis - DEBUG - Recorded step 10: FE=-0.5199
2026-01-09 15:25:44,980 - geo_infer_act.utils.analysis - DEBUG - Recorded step 11: FE=-0.4517
2026-01-09 15:25:44,985 - geo_infer_act.utils.analysis - DEBUG - Recorded step 12: FE=-0.3909
2026-01-09 15:25:44,988 - geo_infer_act.utils.analysis - DEBUG - Recorded step 13: FE=-0.3572
2026-01-09 15:25:44,992 - geo_infer_act.utils.analysis - DEBUG - Recorded step 14: FE=-0.3174
2026-01-09 15:25:44,996 - geo_infer_act.utils.analysis - DEBUG - Recorded step 15: FE=-0.3170
2026-01-09 15:25:45,000 - geo_infer_act.utils.analysis - DEBUG - Recorded step 16: FE=-0.2971
2026-01-09 15:25:45,004 - geo_infer_act.utils.analysis - DEBUG - Recorded step 17: FE=-0.2816
2026-01-09 15:25:45,008 - geo_infer_act.utils.analysis - DEBUG - Recorded step 18: FE=-0.2672
2026-01-09 15:25:45,011 - geo_infer_act.utils.analysis - DEBUG - Recorded step 19: FE=-0.2529
2026-01-09 15:25:45,015 - geo_infer_act.utils.analysis - DEBUG - Recorded step 20: FE=-0.2472
2026-01-09 15:25:45,019 - geo_infer_act.utils.analysis - DEBUG - Recorded step 21: FE=-0.2621
2026-01-09 15:25:45,023 - geo_infer_act.utils.analysis - DEBUG - Recorded step 22: FE=-0.2482
2026-01-09 15:25:45,026 - geo_infer_act.utils.analysis - DEBUG - Recorded step 23: FE=-0.2425
2026-01-09 15:25:45,030 - geo_infer_act.utils.analysis - DEBUG - Recorded step 24: FE=-0.2484
2026-01-09 15:25:45,034 - geo_infer_act.utils.analysis - DEBUG - Recorded step 25: FE=-0.2535
2026-01-09 15:25:45,038 - geo_infer_act.utils.analysis - DEBUG - Recorded step 26: FE=-0.2454
2026-01-09 15:25:45,041 - geo_infer_act.utils.analysis - DEBUG - Recorded step 27: FE=-0.2424
2026-01-09 15:25:45,045 - geo_infer_act.utils.analysis - DEBUG - Recorded step 28: FE=-0.2518
2026-01-09 15:25:45,049 - geo_infer_act.utils.analysis - DEBUG - Recorded step 29: FE=-0.2524
2026-01-09 15:25:45,053 - geo_infer_act.utils.analysis - DEBUG - Recorded step 30: FE=-0.2458
2026-01-09 15:25:45,057 - geo_infer_act.utils.analysis - DEBUG - Recorded step 31: FE=-0.2427
2026-01-09 15:25:45,060 - geo_infer_act.utils.analysis - DEBUG - Recorded step 32: FE=-0.2505
2026-01-09 15:25:45,064 - geo_infer_act.utils.analysis - DEBUG - Recorded step 33: FE=-0.2676
2026-01-09 15:25:45,068 - geo_infer_act.utils.analysis - DEBUG - Recorded step 34: FE=-0.2707
2026-01-09 15:25:45,072 - geo_infer_act.utils.analysis - DEBUG - Recorded step 35: FE=-0.2497
2026-01-09 15:25:45,076 - geo_infer_act.utils.analysis - DEBUG - Recorded step 36: FE=-0.2641
2026-01-09 15:25:45,080 - geo_infer_act.utils.analysis - DEBUG - Recorded step 37: FE=-0.2773
2026-01-09 15:25:45,084 - geo_infer_act.utils.analysis - DEBUG - Recorded step 38: FE=-0.3039
2026-01-09 15:25:45,088 - geo_infer_act.utils.analysis - DEBUG - Recorded step 39: FE=-0.3057
2026-01-09 15:25:45,092 - geo_infer_act.utils.analysis - DEBUG - Recorded step 40: FE=-0.2936
2026-01-09 15:25:45,092 - geo_infer_act.utils.analysis - INFO - Analyzing perception patterns...
2026-01-09 15:25:45,094 - geo_infer_act.utils.analysis - INFO - Analysis saved to /Users/4d/Documents/GitHub/GEO-INFER/output/ecological_model_20260109_152544/analysis/perception_analysis.json
2026-01-09 15:25:45,094 - geo_infer_act.utils.analysis - INFO - Perception pattern analysis completed
2026-01-09 15:25:45,094 - geo_infer_act.utils.analysis - INFO - Analyzing action selection patterns...
2026-01-09 15:25:45,095 - geo_infer_act.utils.analysis - INFO - Analysis saved to /Users/4d/Documents/GitHub/GEO-INFER/output/ecological_model_20260109_152544/analysis/action_selection_analysis.json
2026-01-09 15:25:45,096 - geo_infer_act.utils.analysis - INFO - Action selection pattern analysis completed
2026-01-09 15:25:45,096 - geo_infer_act.utils.analysis - INFO - Analyzing Variational Free Energy patterns...
2026-01-09 15:25:45,096 - geo_infer_act.utils.analysis - INFO - Analysis saved to /Users/4d/Documents/GitHub/GEO-INFER/output/ecological_model_20260109_152544/analysis/free_energy_analysis.json
2026-01-09 15:25:45,096 - geo_infer_act.utils.analysis - INFO - Free Energy pattern analysis completed
2026-01-09 15:25:45,098 - geo_infer_act.utils.analysis - INFO - Analysis saved to /Users/4d/Documents/GitHub/GEO-INFER/output/ecological_model_20260109_152544/analysis/ecological_analysis.json
2026-01-09 15:25:45,102 - geo_infer_act.utils.analysis - INFO - Traces saved to CSV files in /Users/4d/Documents/GitHub/GEO-INFER/output/ecological_model_20260109_152544/data
2026-01-09 15:25:45,964 - geo_infer_act.utils.analysis - ERROR - Failed to create correlation analysis: can only concatenate list (not "float") to list
2026-01-09 15:25:45,964 - geo_infer_act.utils.analysis - INFO - Shared visualizations created in /Users/4d/Documents/GitHub/GEO-INFER/output/ecological_model_20260109_152544/visualizations
