2026-02-02 06:44:12,078 - geo_infer_act.utils.analysis - INFO - ActiveInferenceAnalyzer initialized with output: /Users/4d/Documents/GitHub/GEO-INFER/output/simple_model_20260202_064412
2026-02-02 06:44:12,079 - geo_infer_act.utils.analysis - DEBUG - Recorded step 1: FE=-1.3961
2026-02-02 06:44:12,079 - geo_infer_act.utils.analysis - DEBUG - Recorded step 2: FE=-1.3961
2026-02-02 06:44:12,080 - geo_infer_act.utils.analysis - DEBUG - Recorded step 3: FE=-1.3961
2026-02-02 06:44:12,081 - geo_infer_act.utils.analysis - DEBUG - Recorded step 4: FE=-1.3961
2026-02-02 06:44:12,081 - geo_infer_act.utils.analysis - DEBUG - Recorded step 5: FE=-1.3961
2026-02-02 06:44:12,082 - geo_infer_act.utils.analysis - DEBUG - Recorded step 6: FE=-1.3961
2026-02-02 06:44:12,082 - geo_infer_act.utils.analysis - DEBUG - Recorded step 7: FE=-1.3961
2026-02-02 06:44:12,083 - geo_infer_act.utils.analysis - DEBUG - Recorded step 8: FE=-1.3961
2026-02-02 06:44:12,083 - geo_infer_act.utils.analysis - DEBUG - Recorded step 9: FE=-1.3961
2026-02-02 06:44:12,084 - geo_infer_act.utils.analysis - DEBUG - Recorded step 10: FE=-1.3961
2026-02-02 06:44:12,085 - geo_infer_act.utils.analysis - DEBUG - Recorded step 11: FE=-1.3961
2026-02-02 06:44:12,085 - geo_infer_act.utils.analysis - DEBUG - Recorded step 12: FE=-1.3961
2026-02-02 06:44:12,086 - geo_infer_act.utils.analysis - DEBUG - Recorded step 13: FE=-1.3961
2026-02-02 06:44:12,086 - geo_infer_act.utils.analysis - INFO - Analyzing perception patterns...
2026-02-02 06:44:12,090 - geo_infer_act.utils.analysis - INFO - Analysis saved to /Users/4d/Documents/GitHub/GEO-INFER/output/simple_model_20260202_064412/analysis/perception_analysis.json
2026-02-02 06:44:12,090 - geo_infer_act.utils.analysis - INFO - Perception pattern analysis completed
2026-02-02 06:44:12,090 - geo_infer_act.utils.analysis - INFO - Analyzing action selection patterns...
2026-02-02 06:44:12,090 - geo_infer_act.utils.analysis - INFO - Analysis saved to /Users/4d/Documents/GitHub/GEO-INFER/output/simple_model_20260202_064412/analysis/action_selection_analysis.json
2026-02-02 06:44:12,090 - geo_infer_act.utils.analysis - INFO - Action selection pattern analysis completed
2026-02-02 06:44:12,090 - geo_infer_act.utils.analysis - INFO - Analyzing Variational Free Energy patterns...
2026-02-02 06:44:12,091 - geo_infer_act.utils.analysis - INFO - Analysis saved to /Users/4d/Documents/GitHub/GEO-INFER/output/simple_model_20260202_064412/analysis/free_energy_analysis.json
2026-02-02 06:44:12,091 - geo_infer_act.utils.analysis - INFO - Free Energy pattern analysis completed
2026-02-02 06:44:14,342 - geo_infer_act.utils.analysis - INFO - Traces saved to CSV files in /Users/4d/Documents/GitHub/GEO-INFER/output/simple_model_20260202_064412/data
2026-02-02 06:44:14,342 - geo_infer_act.utils.analysis - INFO - Generating comprehensive analysis report...
2026-02-02 06:44:14,342 - geo_infer_act.utils.analysis - INFO - Analyzing perception patterns...
2026-02-02 06:44:14,344 - geo_infer_act.utils.analysis - INFO - Analysis saved to /Users/4d/Documents/GitHub/GEO-INFER/output/simple_model_20260202_064412/analysis/perception_analysis.json
2026-02-02 06:44:14,344 - geo_infer_act.utils.analysis - INFO - Perception pattern analysis completed
2026-02-02 06:44:14,344 - geo_infer_act.utils.analysis - INFO - Analyzing action selection patterns...
2026-02-02 06:44:14,344 - geo_infer_act.utils.analysis - INFO - Analysis saved to /Users/4d/Documents/GitHub/GEO-INFER/output/simple_model_20260202_064412/analysis/action_selection_analysis.json
2026-02-02 06:44:14,344 - geo_infer_act.utils.analysis - INFO - Action selection pattern analysis completed
2026-02-02 06:44:14,344 - geo_infer_act.utils.analysis - INFO - Analyzing Variational Free Energy patterns...
2026-02-02 06:44:14,345 - geo_infer_act.utils.analysis - INFO - Analysis saved to /Users/4d/Documents/GitHub/GEO-INFER/output/simple_model_20260202_064412/analysis/free_energy_analysis.json
2026-02-02 06:44:14,345 - geo_infer_act.utils.analysis - INFO - Free Energy pattern analysis completed
2026-02-02 06:44:14,345 - geo_infer_act.utils.analysis - INFO - Comprehensive report saved to /Users/4d/Documents/GitHub/GEO-INFER/output/simple_model_20260202_064412/comprehensive_report.md
