2026-02-02 06:35:25,886 - geo_infer_act.utils.analysis - INFO - ActiveInferenceAnalyzer initialized with output: /Users/4d/Documents/GitHub/GEO-INFER/output/simple_model_20260202_063525
2026-02-02 06:35:25,886 - geo_infer_act.utils.analysis - DEBUG - Recorded step 1: FE=-1.3961
2026-02-02 06:35:25,887 - geo_infer_act.utils.analysis - DEBUG - Recorded step 2: FE=-1.3961
2026-02-02 06:35:25,888 - geo_infer_act.utils.analysis - DEBUG - Recorded step 3: FE=-1.3961
2026-02-02 06:35:25,888 - geo_infer_act.utils.analysis - DEBUG - Recorded step 4: FE=-1.3961
2026-02-02 06:35:25,889 - geo_infer_act.utils.analysis - DEBUG - Recorded step 5: FE=-1.3961
2026-02-02 06:35:25,889 - geo_infer_act.utils.analysis - DEBUG - Recorded step 6: FE=-1.3961
2026-02-02 06:35:25,889 - geo_infer_act.utils.analysis - DEBUG - Recorded step 7: FE=-1.3961
2026-02-02 06:35:25,889 - geo_infer_act.utils.analysis - DEBUG - Recorded step 8: FE=-1.3961
2026-02-02 06:35:25,890 - geo_infer_act.utils.analysis - DEBUG - Recorded step 9: FE=-1.3961
2026-02-02 06:35:25,890 - geo_infer_act.utils.analysis - DEBUG - Recorded step 10: FE=-1.3961
2026-02-02 06:35:25,891 - geo_infer_act.utils.analysis - DEBUG - Recorded step 11: FE=-1.3961
2026-02-02 06:35:25,891 - geo_infer_act.utils.analysis - DEBUG - Recorded step 12: FE=-1.3961
2026-02-02 06:35:25,891 - geo_infer_act.utils.analysis - DEBUG - Recorded step 13: FE=-1.3961
2026-02-02 06:35:25,892 - geo_infer_act.utils.analysis - INFO - Analyzing perception patterns...
2026-02-02 06:35:25,895 - geo_infer_act.utils.analysis - INFO - Analysis saved to /Users/4d/Documents/GitHub/GEO-INFER/output/simple_model_20260202_063525/analysis/perception_analysis.json
2026-02-02 06:35:25,895 - geo_infer_act.utils.analysis - INFO - Perception pattern analysis completed
2026-02-02 06:35:25,895 - geo_infer_act.utils.analysis - INFO - Analyzing action selection patterns...
2026-02-02 06:35:25,895 - geo_infer_act.utils.analysis - INFO - Analysis saved to /Users/4d/Documents/GitHub/GEO-INFER/output/simple_model_20260202_063525/analysis/action_selection_analysis.json
2026-02-02 06:35:25,895 - geo_infer_act.utils.analysis - INFO - Action selection pattern analysis completed
2026-02-02 06:35:25,895 - geo_infer_act.utils.analysis - INFO - Analyzing Variational Free Energy patterns...
2026-02-02 06:35:25,896 - geo_infer_act.utils.analysis - INFO - Analysis saved to /Users/4d/Documents/GitHub/GEO-INFER/output/simple_model_20260202_063525/analysis/free_energy_analysis.json
2026-02-02 06:35:25,896 - geo_infer_act.utils.analysis - INFO - Free Energy pattern analysis completed
2026-02-02 06:35:27,873 - geo_infer_act.utils.analysis - INFO - Traces saved to CSV files in /Users/4d/Documents/GitHub/GEO-INFER/output/simple_model_20260202_063525/data
2026-02-02 06:35:27,874 - geo_infer_act.utils.analysis - INFO - Generating comprehensive analysis report...
2026-02-02 06:35:27,874 - geo_infer_act.utils.analysis - INFO - Analyzing perception patterns...
2026-02-02 06:35:27,875 - geo_infer_act.utils.analysis - INFO - Analysis saved to /Users/4d/Documents/GitHub/GEO-INFER/output/simple_model_20260202_063525/analysis/perception_analysis.json
2026-02-02 06:35:27,875 - geo_infer_act.utils.analysis - INFO - Perception pattern analysis completed
2026-02-02 06:35:27,875 - geo_infer_act.utils.analysis - INFO - Analyzing action selection patterns...
2026-02-02 06:35:27,876 - geo_infer_act.utils.analysis - INFO - Analysis saved to /Users/4d/Documents/GitHub/GEO-INFER/output/simple_model_20260202_063525/analysis/action_selection_analysis.json
2026-02-02 06:35:27,876 - geo_infer_act.utils.analysis - INFO - Action selection pattern analysis completed
2026-02-02 06:35:27,876 - geo_infer_act.utils.analysis - INFO - Analyzing Variational Free Energy patterns...
2026-02-02 06:35:27,876 - geo_infer_act.utils.analysis - INFO - Analysis saved to /Users/4d/Documents/GitHub/GEO-INFER/output/simple_model_20260202_063525/analysis/free_energy_analysis.json
2026-02-02 06:35:27,876 - geo_infer_act.utils.analysis - INFO - Free Energy pattern analysis completed
2026-02-02 06:35:27,877 - geo_infer_act.utils.analysis - INFO - Comprehensive report saved to /Users/4d/Documents/GitHub/GEO-INFER/output/simple_model_20260202_063525/comprehensive_report.md
