2026-02-02 06:36:18,902 - geo_infer_act.utils.analysis - INFO - ActiveInferenceAnalyzer initialized with output: /Users/4d/Documents/GitHub/GEO-INFER/output/modern_active_inference_20260202_063618/markov_blanket
2026-02-02 06:36:18,902 - geo_infer_act.utils.analysis - DEBUG - Recorded step 1: FE=-1.7985
2026-02-02 06:36:18,902 - geo_infer_act.utils.analysis - DEBUG - Recorded step 2: FE=-1.7985
2026-02-02 06:36:18,903 - geo_infer_act.utils.analysis - DEBUG - Recorded step 3: FE=-1.7985
2026-02-02 06:36:18,903 - geo_infer_act.utils.analysis - DEBUG - Recorded step 4: FE=-1.7985
2026-02-02 06:36:18,903 - geo_infer_act.utils.analysis - DEBUG - Recorded step 5: FE=-1.7985
2026-02-02 06:36:18,903 - geo_infer_act.utils.analysis - DEBUG - Recorded step 6: FE=-1.7985
2026-02-02 06:36:18,904 - geo_infer_act.utils.analysis - DEBUG - Recorded step 7: FE=-1.7985
2026-02-02 06:36:18,904 - geo_infer_act.utils.analysis - DEBUG - Recorded step 8: FE=-1.7985
2026-02-02 06:36:18,904 - geo_infer_act.utils.analysis - DEBUG - Recorded step 9: FE=-1.7985
2026-02-02 06:36:18,904 - geo_infer_act.utils.analysis - DEBUG - Recorded step 10: FE=-1.7985
2026-02-02 06:36:18,905 - geo_infer_act.utils.analysis - DEBUG - Recorded step 11: FE=-1.7985
2026-02-02 06:36:18,905 - geo_infer_act.utils.analysis - DEBUG - Recorded step 12: FE=-1.7985
2026-02-02 06:36:18,905 - geo_infer_act.utils.analysis - DEBUG - Recorded step 13: FE=-1.7985
2026-02-02 06:36:18,906 - geo_infer_act.utils.analysis - DEBUG - Recorded step 14: FE=-1.7985
2026-02-02 06:36:18,906 - geo_infer_act.utils.analysis - DEBUG - Recorded step 15: FE=-1.7985
2026-02-02 06:36:18,906 - geo_infer_act.utils.analysis - DEBUG - Recorded step 16: FE=-1.7985
2026-02-02 06:36:18,906 - geo_infer_act.utils.analysis - DEBUG - Recorded step 17: FE=-1.7985
2026-02-02 06:36:18,907 - geo_infer_act.utils.analysis - DEBUG - Recorded step 18: FE=-1.7985
2026-02-02 06:36:18,907 - geo_infer_act.utils.analysis - DEBUG - Recorded step 19: FE=-1.7985
2026-02-02 06:36:18,907 - geo_infer_act.utils.analysis - DEBUG - Recorded step 20: FE=-1.7985
2026-02-02 06:36:18,907 - geo_infer_act.utils.analysis - DEBUG - Recorded step 21: FE=-1.7985
2026-02-02 06:36:18,908 - geo_infer_act.utils.analysis - DEBUG - Recorded step 22: FE=-1.7985
2026-02-02 06:36:18,908 - geo_infer_act.utils.analysis - DEBUG - Recorded step 23: FE=-1.7985
2026-02-02 06:36:18,908 - geo_infer_act.utils.analysis - DEBUG - Recorded step 24: FE=-1.7985
2026-02-02 06:36:18,908 - geo_infer_act.utils.analysis - DEBUG - Recorded step 25: FE=-1.7985
2026-02-02 06:36:18,909 - geo_infer_act.utils.analysis - DEBUG - Recorded step 26: FE=-1.7985
2026-02-02 06:36:18,909 - geo_infer_act.utils.analysis - DEBUG - Recorded step 27: FE=-1.7985
2026-02-02 06:36:18,909 - geo_infer_act.utils.analysis - DEBUG - Recorded step 28: FE=-1.7985
2026-02-02 06:36:18,909 - geo_infer_act.utils.analysis - DEBUG - Recorded step 29: FE=-1.7985
2026-02-02 06:36:18,910 - geo_infer_act.utils.analysis - DEBUG - Recorded step 30: FE=-1.7985
2026-02-02 06:36:18,910 - geo_infer_act.utils.analysis - INFO - ActiveInferenceAnalyzer initialized with output: /Users/4d/Documents/GitHub/GEO-INFER/output/modern_active_inference_20260202_063618/spatial_temporal
2026-02-02 06:36:18,911 - geo_infer_act.utils.analysis - DEBUG - Recorded step 1: FE=-2.2608
2026-02-02 06:36:18,912 - geo_infer_act.utils.analysis - DEBUG - Recorded step 2: FE=-2.2608
2026-02-02 06:36:18,912 - geo_infer_act.utils.analysis - DEBUG - Recorded step 3: FE=-2.2608
2026-02-02 06:36:18,912 - geo_infer_act.utils.analysis - DEBUG - Recorded step 4: FE=-2.2608
2026-02-02 06:36:18,913 - geo_infer_act.utils.analysis - DEBUG - Recorded step 5: FE=-2.2608
2026-02-02 06:36:18,913 - geo_infer_act.utils.analysis - DEBUG - Recorded step 6: FE=-2.2608
2026-02-02 06:36:18,913 - geo_infer_act.utils.analysis - DEBUG - Recorded step 7: FE=-2.2608
2026-02-02 06:36:18,914 - geo_infer_act.utils.analysis - DEBUG - Recorded step 8: FE=-2.2608
2026-02-02 06:36:18,914 - geo_infer_act.utils.analysis - DEBUG - Recorded step 9: FE=-2.2608
2026-02-02 06:36:18,914 - geo_infer_act.utils.analysis - DEBUG - Recorded step 10: FE=-2.2608
2026-02-02 06:36:18,915 - geo_infer_act.utils.analysis - DEBUG - Recorded step 11: FE=-2.2608
2026-02-02 06:36:18,915 - geo_infer_act.utils.analysis - DEBUG - Recorded step 12: FE=-2.2608
2026-02-02 06:36:18,915 - geo_infer_act.utils.analysis - DEBUG - Recorded step 13: FE=-2.2608
2026-02-02 06:36:18,915 - geo_infer_act.utils.analysis - DEBUG - Recorded step 14: FE=-2.2608
2026-02-02 06:36:18,916 - geo_infer_act.utils.analysis - DEBUG - Recorded step 15: FE=-2.2608
2026-02-02 06:36:18,916 - geo_infer_act.utils.analysis - DEBUG - Recorded step 16: FE=-2.2608
2026-02-02 06:36:18,916 - geo_infer_act.utils.analysis - DEBUG - Recorded step 17: FE=-2.2608
2026-02-02 06:36:18,917 - geo_infer_act.utils.analysis - DEBUG - Recorded step 18: FE=-2.2608
2026-02-02 06:36:18,917 - geo_infer_act.utils.analysis - DEBUG - Recorded step 19: FE=-2.2608
2026-02-02 06:36:18,917 - geo_infer_act.utils.analysis - DEBUG - Recorded step 20: FE=-2.2608
2026-02-02 06:36:18,918 - geo_infer_act.utils.analysis - DEBUG - Recorded step 21: FE=-2.2608
2026-02-02 06:36:18,918 - geo_infer_act.utils.analysis - DEBUG - Recorded step 22: FE=-2.2608
2026-02-02 06:36:18,918 - geo_infer_act.utils.analysis - DEBUG - Recorded step 23: FE=-2.2608
2026-02-02 06:36:18,919 - geo_infer_act.utils.analysis - DEBUG - Recorded step 24: FE=-2.2608
2026-02-02 06:36:18,919 - geo_infer_act.utils.analysis - DEBUG - Recorded step 25: FE=-2.2608
2026-02-02 06:36:18,919 - geo_infer_act.utils.analysis - INFO - ActiveInferenceAnalyzer initialized with output: /Users/4d/Documents/GitHub/GEO-INFER/output/modern_active_inference_20260202_063618/multi_agent/agent_0
2026-02-02 06:36:18,920 - geo_infer_act.utils.analysis - INFO - ActiveInferenceAnalyzer initialized with output: /Users/4d/Documents/GitHub/GEO-INFER/output/modern_active_inference_20260202_063618/multi_agent/agent_1
2026-02-02 06:36:18,920 - geo_infer_act.utils.analysis - INFO - ActiveInferenceAnalyzer initialized with output: /Users/4d/Documents/GitHub/GEO-INFER/output/modern_active_inference_20260202_063618/multi_agent/agent_2
2026-02-02 06:36:18,920 - geo_infer_act.utils.analysis - INFO - ActiveInferenceAnalyzer initialized with output: /Users/4d/Documents/GitHub/GEO-INFER/output/modern_active_inference_20260202_063618/multi_agent/agent_3
2026-02-02 06:36:18,921 - geo_infer_act.utils.analysis - DEBUG - Recorded step 1: FE=-1.7944
2026-02-02 06:36:18,921 - geo_infer_act.utils.analysis - DEBUG - Recorded step 1: FE=-1.6094
2026-02-02 06:36:18,921 - geo_infer_act.utils.analysis - DEBUG - Recorded step 1: FE=-1.3863
2026-02-02 06:36:18,922 - geo_infer_act.utils.analysis - DEBUG - Recorded step 1: FE=-1.3863
2026-02-02 06:36:18,922 - geo_infer_act.utils.analysis - DEBUG - Recorded step 2: FE=-1.7944
2026-02-02 06:36:18,922 - geo_infer_act.utils.analysis - DEBUG - Recorded step 2: FE=-1.6094
2026-02-02 06:36:18,923 - geo_infer_act.utils.analysis - DEBUG - Recorded step 2: FE=-1.3863
2026-02-02 06:36:18,923 - geo_infer_act.utils.analysis - DEBUG - Recorded step 2: FE=-1.3863
2026-02-02 06:36:18,923 - geo_infer_act.utils.analysis - DEBUG - Recorded step 3: FE=-1.7944
2026-02-02 06:36:18,923 - geo_infer_act.utils.analysis - DEBUG - Recorded step 3: FE=-1.6094
2026-02-02 06:36:18,924 - geo_infer_act.utils.analysis - DEBUG - Recorded step 3: FE=-1.3863
2026-02-02 06:36:18,924 - geo_infer_act.utils.analysis - DEBUG - Recorded step 3: FE=-1.3863
2026-02-02 06:36:18,924 - geo_infer_act.utils.analysis - DEBUG - Recorded step 4: FE=-1.7944
2026-02-02 06:36:18,925 - geo_infer_act.utils.analysis - DEBUG - Recorded step 4: FE=-1.6094
2026-02-02 06:36:18,925 - geo_infer_act.utils.analysis - DEBUG - Recorded step 4: FE=-1.3863
2026-02-02 06:36:18,925 - geo_infer_act.utils.analysis - DEBUG - Recorded step 4: FE=-1.3863
2026-02-02 06:36:18,925 - geo_infer_act.utils.analysis - DEBUG - Recorded step 5: FE=-1.7944
2026-02-02 06:36:18,926 - geo_infer_act.utils.analysis - DEBUG - Recorded step 5: FE=-1.6094
2026-02-02 06:36:18,926 - geo_infer_act.utils.analysis - DEBUG - Recorded step 5: FE=-1.3863
2026-02-02 06:36:18,926 - geo_infer_act.utils.analysis - DEBUG - Recorded step 5: FE=-1.3863
2026-02-02 06:36:18,927 - geo_infer_act.utils.analysis - DEBUG - Recorded step 6: FE=-1.7944
2026-02-02 06:36:18,927 - geo_infer_act.utils.analysis - DEBUG - Recorded step 6: FE=-1.6094
2026-02-02 06:36:18,927 - geo_infer_act.utils.analysis - DEBUG - Recorded step 6: FE=-1.3863
2026-02-02 06:36:18,927 - geo_infer_act.utils.analysis - DEBUG - Recorded step 6: FE=-1.3863
2026-02-02 06:36:18,928 - geo_infer_act.utils.analysis - DEBUG - Recorded step 7: FE=-1.7944
2026-02-02 06:36:18,928 - geo_infer_act.utils.analysis - DEBUG - Recorded step 7: FE=-1.6094
2026-02-02 06:36:18,928 - geo_infer_act.utils.analysis - DEBUG - Recorded step 7: FE=-1.3863
2026-02-02 06:36:18,928 - geo_infer_act.utils.analysis - DEBUG - Recorded step 7: FE=-1.3863
2026-02-02 06:36:18,929 - geo_infer_act.utils.analysis - DEBUG - Recorded step 8: FE=-1.7944
2026-02-02 06:36:18,929 - geo_infer_act.utils.analysis - DEBUG - Recorded step 8: FE=-1.6094
2026-02-02 06:36:18,929 - geo_infer_act.utils.analysis - DEBUG - Recorded step 8: FE=-1.3863
2026-02-02 06:36:18,930 - geo_infer_act.utils.analysis - DEBUG - Recorded step 8: FE=-1.3863
2026-02-02 06:36:18,930 - geo_infer_act.utils.analysis - DEBUG - Recorded step 9: FE=-1.7944
2026-02-02 06:36:18,930 - geo_infer_act.utils.analysis - DEBUG - Recorded step 9: FE=-1.6094
2026-02-02 06:36:18,931 - geo_infer_act.utils.analysis - DEBUG - Recorded step 9: FE=-1.3863
2026-02-02 06:36:18,931 - geo_infer_act.utils.analysis - DEBUG - Recorded step 9: FE=-1.3863
2026-02-02 06:36:18,931 - geo_infer_act.utils.analysis - DEBUG - Recorded step 10: FE=-1.7944
2026-02-02 06:36:18,931 - geo_infer_act.utils.analysis - DEBUG - Recorded step 10: FE=-1.6094
2026-02-02 06:36:18,932 - geo_infer_act.utils.analysis - DEBUG - Recorded step 10: FE=-1.3863
2026-02-02 06:36:18,932 - geo_infer_act.utils.analysis - DEBUG - Recorded step 10: FE=-1.3863
2026-02-02 06:36:18,932 - geo_infer_act.utils.analysis - DEBUG - Recorded step 11: FE=-1.7944
2026-02-02 06:36:18,933 - geo_infer_act.utils.analysis - DEBUG - Recorded step 11: FE=-1.6094
2026-02-02 06:36:18,933 - geo_infer_act.utils.analysis - DEBUG - Recorded step 11: FE=-1.3863
2026-02-02 06:36:18,933 - geo_infer_act.utils.analysis - DEBUG - Recorded step 11: FE=-1.3863
2026-02-02 06:36:18,933 - geo_infer_act.utils.analysis - DEBUG - Recorded step 12: FE=-1.7944
2026-02-02 06:36:18,934 - geo_infer_act.utils.analysis - DEBUG - Recorded step 12: FE=-1.6094
2026-02-02 06:36:18,934 - geo_infer_act.utils.analysis - DEBUG - Recorded step 12: FE=-1.3863
2026-02-02 06:36:18,934 - geo_infer_act.utils.analysis - DEBUG - Recorded step 12: FE=-1.3863
2026-02-02 06:36:18,935 - geo_infer_act.utils.analysis - DEBUG - Recorded step 13: FE=-1.7944
2026-02-02 06:36:18,935 - geo_infer_act.utils.analysis - DEBUG - Recorded step 13: FE=-1.6094
2026-02-02 06:36:18,935 - geo_infer_act.utils.analysis - DEBUG - Recorded step 13: FE=-1.3863
2026-02-02 06:36:18,935 - geo_infer_act.utils.analysis - DEBUG - Recorded step 13: FE=-1.3863
2026-02-02 06:36:18,936 - geo_infer_act.utils.analysis - DEBUG - Recorded step 14: FE=-1.7944
2026-02-02 06:36:18,936 - geo_infer_act.utils.analysis - DEBUG - Recorded step 14: FE=-1.6094
2026-02-02 06:36:18,936 - geo_infer_act.utils.analysis - DEBUG - Recorded step 14: FE=-1.3863
2026-02-02 06:36:18,936 - geo_infer_act.utils.analysis - DEBUG - Recorded step 14: FE=-1.3863
2026-02-02 06:36:18,937 - geo_infer_act.utils.analysis - DEBUG - Recorded step 15: FE=-1.7944
2026-02-02 06:36:18,937 - geo_infer_act.utils.analysis - DEBUG - Recorded step 15: FE=-1.6094
2026-02-02 06:36:18,937 - geo_infer_act.utils.analysis - DEBUG - Recorded step 15: FE=-1.3863
2026-02-02 06:36:18,938 - geo_infer_act.utils.analysis - DEBUG - Recorded step 15: FE=-1.3863
2026-02-02 06:36:18,938 - geo_infer_act.utils.analysis - DEBUG - Recorded step 16: FE=-1.7944
2026-02-02 06:36:18,938 - geo_infer_act.utils.analysis - DEBUG - Recorded step 16: FE=-1.6094
2026-02-02 06:36:18,938 - geo_infer_act.utils.analysis - DEBUG - Recorded step 16: FE=-1.3863
2026-02-02 06:36:18,939 - geo_infer_act.utils.analysis - DEBUG - Recorded step 16: FE=-1.3863
2026-02-02 06:36:18,939 - geo_infer_act.utils.analysis - DEBUG - Recorded step 17: FE=-1.7944
2026-02-02 06:36:18,940 - geo_infer_act.utils.analysis - DEBUG - Recorded step 17: FE=-1.6094
2026-02-02 06:36:18,940 - geo_infer_act.utils.analysis - DEBUG - Recorded step 17: FE=-1.3863
2026-02-02 06:36:18,940 - geo_infer_act.utils.analysis - DEBUG - Recorded step 17: FE=-1.3863
2026-02-02 06:36:18,941 - geo_infer_act.utils.analysis - DEBUG - Recorded step 18: FE=-1.7944
2026-02-02 06:36:18,941 - geo_infer_act.utils.analysis - DEBUG - Recorded step 18: FE=-1.6094
2026-02-02 06:36:18,941 - geo_infer_act.utils.analysis - DEBUG - Recorded step 18: FE=-1.3863
2026-02-02 06:36:18,941 - geo_infer_act.utils.analysis - DEBUG - Recorded step 18: FE=-1.3863
2026-02-02 06:36:18,942 - geo_infer_act.utils.analysis - DEBUG - Recorded step 19: FE=-1.7944
2026-02-02 06:36:18,942 - geo_infer_act.utils.analysis - DEBUG - Recorded step 19: FE=-1.6094
2026-02-02 06:36:18,942 - geo_infer_act.utils.analysis - DEBUG - Recorded step 19: FE=-1.3863
2026-02-02 06:36:18,943 - geo_infer_act.utils.analysis - DEBUG - Recorded step 19: FE=-1.3863
2026-02-02 06:36:18,943 - geo_infer_act.utils.analysis - DEBUG - Recorded step 20: FE=-1.7944
2026-02-02 06:36:18,943 - geo_infer_act.utils.analysis - DEBUG - Recorded step 20: FE=-1.6094
2026-02-02 06:36:18,943 - geo_infer_act.utils.analysis - DEBUG - Recorded step 20: FE=-1.3863
2026-02-02 06:36:18,944 - geo_infer_act.utils.analysis - DEBUG - Recorded step 20: FE=-1.3863
2026-02-02 06:36:18,944 - geo_infer_act.utils.analysis - INFO - Analyzing perception patterns...
2026-02-02 06:36:18,947 - geo_infer_act.utils.analysis - INFO - Analysis saved to /Users/4d/Documents/GitHub/GEO-INFER/output/modern_active_inference_20260202_063618/hierarchical/analysis/perception_analysis.json
2026-02-02 06:36:18,947 - geo_infer_act.utils.analysis - INFO - Perception pattern analysis completed
2026-02-02 06:36:18,947 - geo_infer_act.utils.analysis - INFO - Analyzing action selection patterns...
2026-02-02 06:36:18,948 - geo_infer_act.utils.analysis - INFO - Analysis saved to /Users/4d/Documents/GitHub/GEO-INFER/output/modern_active_inference_20260202_063618/hierarchical/analysis/action_selection_analysis.json
2026-02-02 06:36:18,948 - geo_infer_act.utils.analysis - INFO - Action selection pattern analysis completed
2026-02-02 06:36:18,948 - geo_infer_act.utils.analysis - INFO - Analyzing Variational Free Energy patterns...
2026-02-02 06:36:18,949 - geo_infer_act.utils.analysis - INFO - Analysis saved to /Users/4d/Documents/GitHub/GEO-INFER/output/modern_active_inference_20260202_063618/hierarchical/analysis/free_energy_analysis.json
2026-02-02 06:36:18,949 - geo_infer_act.utils.analysis - INFO - Free Energy pattern analysis completed
2026-02-02 06:36:18,949 - geo_infer_act.utils.analysis - INFO - Analyzing perception patterns...
2026-02-02 06:36:18,951 - geo_infer_act.utils.analysis - INFO - Analysis saved to /Users/4d/Documents/GitHub/GEO-INFER/output/modern_active_inference_20260202_063618/markov_blanket/analysis/perception_analysis.json
2026-02-02 06:36:18,951 - geo_infer_act.utils.analysis - INFO - Perception pattern analysis completed
2026-02-02 06:36:18,951 - geo_infer_act.utils.analysis - INFO - Analyzing action selection patterns...
2026-02-02 06:36:18,953 - geo_infer_act.utils.analysis - INFO - Analysis saved to /Users/4d/Documents/GitHub/GEO-INFER/output/modern_active_inference_20260202_063618/markov_blanket/analysis/action_selection_analysis.json
2026-02-02 06:36:18,953 - geo_infer_act.utils.analysis - INFO - Action selection pattern analysis completed
2026-02-02 06:36:18,953 - geo_infer_act.utils.analysis - INFO - Analyzing Variational Free Energy patterns...
2026-02-02 06:36:18,954 - geo_infer_act.utils.analysis - INFO - Analysis saved to /Users/4d/Documents/GitHub/GEO-INFER/output/modern_active_inference_20260202_063618/markov_blanket/analysis/free_energy_analysis.json
2026-02-02 06:36:18,954 - geo_infer_act.utils.analysis - INFO - Free Energy pattern analysis completed
2026-02-02 06:36:18,954 - geo_infer_act.utils.analysis - INFO - Analyzing perception patterns...
2026-02-02 06:36:18,959 - geo_infer_act.utils.analysis - INFO - Analysis saved to /Users/4d/Documents/GitHub/GEO-INFER/output/modern_active_inference_20260202_063618/spatial_temporal/analysis/perception_analysis.json
2026-02-02 06:36:18,959 - geo_infer_act.utils.analysis - INFO - Perception pattern analysis completed
2026-02-02 06:36:18,959 - geo_infer_act.utils.analysis - INFO - Analyzing action selection patterns...
2026-02-02 06:36:18,961 - geo_infer_act.utils.analysis - INFO - Analysis saved to /Users/4d/Documents/GitHub/GEO-INFER/output/modern_active_inference_20260202_063618/spatial_temporal/analysis/action_selection_analysis.json
2026-02-02 06:36:18,961 - geo_infer_act.utils.analysis - INFO - Action selection pattern analysis completed
2026-02-02 06:36:18,961 - geo_infer_act.utils.analysis - INFO - Analyzing Variational Free Energy patterns...
2026-02-02 06:36:18,961 - geo_infer_act.utils.analysis - INFO - Analysis saved to /Users/4d/Documents/GitHub/GEO-INFER/output/modern_active_inference_20260202_063618/spatial_temporal/analysis/free_energy_analysis.json
2026-02-02 06:36:18,961 - geo_infer_act.utils.analysis - INFO - Free Energy pattern analysis completed
2026-02-02 06:36:18,961 - geo_infer_act.utils.analysis - INFO - Analyzing perception patterns...
2026-02-02 06:36:18,964 - geo_infer_act.utils.analysis - INFO - Analysis saved to /Users/4d/Documents/GitHub/GEO-INFER/output/modern_active_inference_20260202_063618/multi_agent/agent_0/analysis/perception_analysis.json
2026-02-02 06:36:18,964 - geo_infer_act.utils.analysis - INFO - Perception pattern analysis completed
2026-02-02 06:36:18,964 - geo_infer_act.utils.analysis - INFO - Analyzing action selection patterns...
2026-02-02 06:36:18,965 - geo_infer_act.utils.analysis - INFO - Analysis saved to /Users/4d/Documents/GitHub/GEO-INFER/output/modern_active_inference_20260202_063618/multi_agent/agent_0/analysis/action_selection_analysis.json
2026-02-02 06:36:18,965 - geo_infer_act.utils.analysis - INFO - Action selection pattern analysis completed
2026-02-02 06:36:18,965 - geo_infer_act.utils.analysis - INFO - Analyzing Variational Free Energy patterns...
2026-02-02 06:36:18,966 - geo_infer_act.utils.analysis - INFO - Analysis saved to /Users/4d/Documents/GitHub/GEO-INFER/output/modern_active_inference_20260202_063618/multi_agent/agent_0/analysis/free_energy_analysis.json
2026-02-02 06:36:18,966 - geo_infer_act.utils.analysis - INFO - Free Energy pattern analysis completed
2026-02-02 06:36:18,966 - geo_infer_act.utils.analysis - INFO - Analyzing perception patterns...
2026-02-02 06:36:18,968 - geo_infer_act.utils.analysis - INFO - Analysis saved to /Users/4d/Documents/GitHub/GEO-INFER/output/modern_active_inference_20260202_063618/multi_agent/agent_1/analysis/perception_analysis.json
2026-02-02 06:36:18,968 - geo_infer_act.utils.analysis - INFO - Perception pattern analysis completed
2026-02-02 06:36:18,968 - geo_infer_act.utils.analysis - INFO - Analyzing action selection patterns...
2026-02-02 06:36:18,969 - geo_infer_act.utils.analysis - INFO - Analysis saved to /Users/4d/Documents/GitHub/GEO-INFER/output/modern_active_inference_20260202_063618/multi_agent/agent_1/analysis/action_selection_analysis.json
2026-02-02 06:36:18,969 - geo_infer_act.utils.analysis - INFO - Action selection pattern analysis completed
2026-02-02 06:36:18,969 - geo_infer_act.utils.analysis - INFO - Analyzing Variational Free Energy patterns...
2026-02-02 06:36:18,970 - geo_infer_act.utils.analysis - INFO - Analysis saved to /Users/4d/Documents/GitHub/GEO-INFER/output/modern_active_inference_20260202_063618/multi_agent/agent_1/analysis/free_energy_analysis.json
2026-02-02 06:36:18,970 - geo_infer_act.utils.analysis - INFO - Free Energy pattern analysis completed
2026-02-02 06:36:18,970 - geo_infer_act.utils.analysis - INFO - Analyzing perception patterns...
2026-02-02 06:36:18,973 - geo_infer_act.utils.analysis - INFO - Analysis saved to /Users/4d/Documents/GitHub/GEO-INFER/output/modern_active_inference_20260202_063618/multi_agent/agent_2/analysis/perception_analysis.json
2026-02-02 06:36:18,973 - geo_infer_act.utils.analysis - INFO - Perception pattern analysis completed
2026-02-02 06:36:18,973 - geo_infer_act.utils.analysis - INFO - Analyzing action selection patterns...
2026-02-02 06:36:18,974 - geo_infer_act.utils.analysis - INFO - Analysis saved to /Users/4d/Documents/GitHub/GEO-INFER/output/modern_active_inference_20260202_063618/multi_agent/agent_2/analysis/action_selection_analysis.json
2026-02-02 06:36:18,974 - geo_infer_act.utils.analysis - INFO - Action selection pattern analysis completed
2026-02-02 06:36:18,974 - geo_infer_act.utils.analysis - INFO - Analyzing Variational Free Energy patterns...
2026-02-02 06:36:18,975 - geo_infer_act.utils.analysis - INFO - Analysis saved to /Users/4d/Documents/GitHub/GEO-INFER/output/modern_active_inference_20260202_063618/multi_agent/agent_2/analysis/free_energy_analysis.json
2026-02-02 06:36:18,975 - geo_infer_act.utils.analysis - INFO - Free Energy pattern analysis completed
2026-02-02 06:36:18,975 - geo_infer_act.utils.analysis - INFO - Analyzing perception patterns...
2026-02-02 06:36:18,977 - geo_infer_act.utils.analysis - INFO - Analysis saved to /Users/4d/Documents/GitHub/GEO-INFER/output/modern_active_inference_20260202_063618/multi_agent/agent_3/analysis/perception_analysis.json
2026-02-02 06:36:18,978 - geo_infer_act.utils.analysis - INFO - Perception pattern analysis completed
2026-02-02 06:36:18,979 - geo_infer_act.utils.analysis - INFO - Analyzing action selection patterns...
2026-02-02 06:36:18,982 - geo_infer_act.utils.analysis - INFO - Analysis saved to /Users/4d/Documents/GitHub/GEO-INFER/output/modern_active_inference_20260202_063618/multi_agent/agent_3/analysis/action_selection_analysis.json
2026-02-02 06:36:18,982 - geo_infer_act.utils.analysis - INFO - Action selection pattern analysis completed
2026-02-02 06:36:18,982 - geo_infer_act.utils.analysis - INFO - Analyzing Variational Free Energy patterns...
2026-02-02 06:36:18,983 - geo_infer_act.utils.analysis - INFO - Analysis saved to /Users/4d/Documents/GitHub/GEO-INFER/output/modern_active_inference_20260202_063618/multi_agent/agent_3/analysis/free_energy_analysis.json
2026-02-02 06:36:18,983 - geo_infer_act.utils.analysis - INFO - Free Energy pattern analysis completed
