2026-01-09 15:24:33,364 - geo_infer_act.utils.analysis - INFO - ActiveInferenceAnalyzer initialized with output: /Users/4d/Documents/GitHub/GEO-INFER/output/ecological_model_20260109_152433
2026-01-09 15:24:33,370 - geo_infer_act.utils.analysis - DEBUG - Recorded step 1: FE=-1.5858
2026-01-09 15:24:33,374 - geo_infer_act.utils.analysis - DEBUG - Recorded step 2: FE=-1.4172
2026-01-09 15:24:33,378 - geo_infer_act.utils.analysis - DEBUG - Recorded step 3: FE=-1.2118
2026-01-09 15:24:33,382 - geo_infer_act.utils.analysis - DEBUG - Recorded step 4: FE=-0.9883
2026-01-09 15:24:33,385 - geo_infer_act.utils.analysis - DEBUG - Recorded step 5: FE=-0.8787
2026-01-09 15:24:33,389 - geo_infer_act.utils.analysis - DEBUG - Recorded step 6: FE=-0.7692
2026-01-09 15:24:33,393 - geo_infer_act.utils.analysis - DEBUG - Recorded step 7: FE=-0.6726
2026-01-09 15:24:33,396 - geo_infer_act.utils.analysis - DEBUG - Recorded step 8: FE=-0.6069
2026-01-09 15:24:33,400 - geo_infer_act.utils.analysis - DEBUG - Recorded step 9: FE=-0.5321
2026-01-09 15:24:33,404 - geo_infer_act.utils.analysis - DEBUG - Recorded step 10: FE=-0.4867
2026-01-09 15:24:33,407 - geo_infer_act.utils.analysis - DEBUG - Recorded step 11: FE=-0.4109
2026-01-09 15:24:33,411 - geo_infer_act.utils.analysis - DEBUG - Recorded step 12: FE=-0.3564
2026-01-09 15:24:33,414 - geo_infer_act.utils.analysis - DEBUG - Recorded step 13: FE=-0.3203
2026-01-09 15:24:33,417 - geo_infer_act.utils.analysis - DEBUG - Recorded step 14: FE=-0.2947
2026-01-09 15:24:33,421 - geo_infer_act.utils.analysis - DEBUG - Recorded step 15: FE=-0.2674
2026-01-09 15:24:33,424 - geo_infer_act.utils.analysis - DEBUG - Recorded step 16: FE=-0.2529
2026-01-09 15:24:33,427 - geo_infer_act.utils.analysis - DEBUG - Recorded step 17: FE=-0.2504
2026-01-09 15:24:33,431 - geo_infer_act.utils.analysis - DEBUG - Recorded step 18: FE=-0.2387
2026-01-09 15:24:33,435 - geo_infer_act.utils.analysis - DEBUG - Recorded step 19: FE=-0.2323
2026-01-09 15:24:33,439 - geo_infer_act.utils.analysis - DEBUG - Recorded step 20: FE=-0.2446
2026-01-09 15:24:33,442 - geo_infer_act.utils.analysis - DEBUG - Recorded step 21: FE=-0.2376
2026-01-09 15:24:33,445 - geo_infer_act.utils.analysis - DEBUG - Recorded step 22: FE=-0.2292
2026-01-09 15:24:33,449 - geo_infer_act.utils.analysis - DEBUG - Recorded step 23: FE=-0.2317
2026-01-09 15:24:33,453 - geo_infer_act.utils.analysis - DEBUG - Recorded step 24: FE=-0.2314
2026-01-09 15:24:33,457 - geo_infer_act.utils.analysis - DEBUG - Recorded step 25: FE=-0.2305
2026-01-09 15:24:33,461 - geo_infer_act.utils.analysis - DEBUG - Recorded step 26: FE=-0.2273
2026-01-09 15:24:33,465 - geo_infer_act.utils.analysis - DEBUG - Recorded step 27: FE=-0.2226
2026-01-09 15:24:33,469 - geo_infer_act.utils.analysis - DEBUG - Recorded step 28: FE=-0.2303
2026-01-09 15:24:33,473 - geo_infer_act.utils.analysis - DEBUG - Recorded step 29: FE=-0.2323
2026-01-09 15:24:33,477 - geo_infer_act.utils.analysis - DEBUG - Recorded step 30: FE=-0.2327
2026-01-09 15:24:33,481 - geo_infer_act.utils.analysis - DEBUG - Recorded step 31: FE=-0.2300
2026-01-09 15:24:33,485 - geo_infer_act.utils.analysis - DEBUG - Recorded step 32: FE=-0.2344
2026-01-09 15:24:33,488 - geo_infer_act.utils.analysis - DEBUG - Recorded step 33: FE=-0.2466
2026-01-09 15:24:33,493 - geo_infer_act.utils.analysis - DEBUG - Recorded step 34: FE=-0.2491
2026-01-09 15:24:33,497 - geo_infer_act.utils.analysis - DEBUG - Recorded step 35: FE=-0.2580
2026-01-09 15:24:33,501 - geo_infer_act.utils.analysis - DEBUG - Recorded step 36: FE=-0.2417
2026-01-09 15:24:33,504 - geo_infer_act.utils.analysis - DEBUG - Recorded step 37: FE=-0.2760
2026-01-09 15:24:33,508 - geo_infer_act.utils.analysis - DEBUG - Recorded step 38: FE=-0.2917
2026-01-09 15:24:33,511 - geo_infer_act.utils.analysis - DEBUG - Recorded step 39: FE=-0.3152
2026-01-09 15:24:33,515 - geo_infer_act.utils.analysis - DEBUG - Recorded step 40: FE=-0.3218
2026-01-09 15:24:33,515 - geo_infer_act.utils.analysis - INFO - Analyzing perception patterns...
2026-01-09 15:24:33,517 - geo_infer_act.utils.analysis - INFO - Analysis saved to /Users/4d/Documents/GitHub/GEO-INFER/output/ecological_model_20260109_152433/analysis/perception_analysis.json
2026-01-09 15:24:33,517 - geo_infer_act.utils.analysis - INFO - Perception pattern analysis completed
2026-01-09 15:24:33,517 - geo_infer_act.utils.analysis - INFO - Analyzing action selection patterns...
