2026-02-02 06:36:02,840 - geo_infer_act.utils.analysis - INFO - ActiveInferenceAnalyzer initialized with output: /Users/4d/Documents/GitHub/GEO-INFER/output/ecological_model_20260202_063602
2026-02-02 06:36:02,842 - geo_infer_act.utils.analysis - DEBUG - Recorded step 1: FE=-1.5698
2026-02-02 06:36:02,842 - geo_infer_act.utils.analysis - DEBUG - Recorded step 2: FE=-1.4297
2026-02-02 06:36:02,843 - geo_infer_act.utils.analysis - DEBUG - Recorded step 3: FE=-1.1980
2026-02-02 06:36:02,843 - geo_infer_act.utils.analysis - DEBUG - Recorded step 4: FE=-1.0421
2026-02-02 06:36:02,843 - geo_infer_act.utils.analysis - DEBUG - Recorded step 5: FE=-0.9016
2026-02-02 06:36:02,843 - geo_infer_act.utils.analysis - DEBUG - Recorded step 6: FE=-0.7778
2026-02-02 06:36:02,844 - geo_infer_act.utils.analysis - DEBUG - Recorded step 7: FE=-0.6689
2026-02-02 06:36:02,844 - geo_infer_act.utils.analysis - DEBUG - Recorded step 8: FE=-0.5403
2026-02-02 06:36:02,844 - geo_infer_act.utils.analysis - DEBUG - Recorded step 9: FE=-0.4818
2026-02-02 06:36:02,844 - geo_infer_act.utils.analysis - DEBUG - Recorded step 10: FE=-0.4102
2026-02-02 06:36:02,844 - geo_infer_act.utils.analysis - DEBUG - Recorded step 11: FE=-0.3591
2026-02-02 06:36:02,845 - geo_infer_act.utils.analysis - DEBUG - Recorded step 12: FE=-0.3314
2026-02-02 06:36:02,845 - geo_infer_act.utils.analysis - DEBUG - Recorded step 13: FE=-0.2851
2026-02-02 06:36:02,845 - geo_infer_act.utils.analysis - DEBUG - Recorded step 14: FE=-0.2685
2026-02-02 06:36:02,845 - geo_infer_act.utils.analysis - DEBUG - Recorded step 15: FE=-0.2596
2026-02-02 06:36:02,846 - geo_infer_act.utils.analysis - DEBUG - Recorded step 16: FE=-0.2560
2026-02-02 06:36:02,846 - geo_infer_act.utils.analysis - DEBUG - Recorded step 17: FE=-0.2524
2026-02-02 06:36:02,846 - geo_infer_act.utils.analysis - DEBUG - Recorded step 18: FE=-0.2426
2026-02-02 06:36:02,846 - geo_infer_act.utils.analysis - DEBUG - Recorded step 19: FE=-0.2333
2026-02-02 06:36:02,846 - geo_infer_act.utils.analysis - DEBUG - Recorded step 20: FE=-0.2285
2026-02-02 06:36:02,847 - geo_infer_act.utils.analysis - DEBUG - Recorded step 21: FE=-0.2262
2026-02-02 06:36:02,847 - geo_infer_act.utils.analysis - DEBUG - Recorded step 22: FE=-0.2197
2026-02-02 06:36:02,847 - geo_infer_act.utils.analysis - DEBUG - Recorded step 23: FE=-0.2203
2026-02-02 06:36:02,847 - geo_infer_act.utils.analysis - DEBUG - Recorded step 24: FE=-0.2200
2026-02-02 06:36:02,847 - geo_infer_act.utils.analysis - DEBUG - Recorded step 25: FE=-0.2228
2026-02-02 06:36:02,848 - geo_infer_act.utils.analysis - DEBUG - Recorded step 26: FE=-0.2202
2026-02-02 06:36:02,848 - geo_infer_act.utils.analysis - DEBUG - Recorded step 27: FE=-0.2205
2026-02-02 06:36:02,848 - geo_infer_act.utils.analysis - DEBUG - Recorded step 28: FE=-0.2221
2026-02-02 06:36:02,848 - geo_infer_act.utils.analysis - DEBUG - Recorded step 29: FE=-0.2182
2026-02-02 06:36:02,849 - geo_infer_act.utils.analysis - DEBUG - Recorded step 30: FE=-0.2203
2026-02-02 06:36:02,849 - geo_infer_act.utils.analysis - DEBUG - Recorded step 31: FE=-0.2229
2026-02-02 06:36:02,849 - geo_infer_act.utils.analysis - DEBUG - Recorded step 32: FE=-0.2276
2026-02-02 06:36:02,849 - geo_infer_act.utils.analysis - DEBUG - Recorded step 33: FE=-0.2363
2026-02-02 06:36:02,849 - geo_infer_act.utils.analysis - DEBUG - Recorded step 34: FE=-0.2439
2026-02-02 06:36:02,850 - geo_infer_act.utils.analysis - DEBUG - Recorded step 35: FE=-0.2467
2026-02-02 06:36:02,850 - geo_infer_act.utils.analysis - DEBUG - Recorded step 36: FE=-0.2622
2026-02-02 06:36:02,850 - geo_infer_act.utils.analysis - DEBUG - Recorded step 37: FE=-0.2737
2026-02-02 06:36:02,850 - geo_infer_act.utils.analysis - DEBUG - Recorded step 38: FE=-0.2894
2026-02-02 06:36:02,850 - geo_infer_act.utils.analysis - DEBUG - Recorded step 39: FE=-0.3248
2026-02-02 06:36:02,851 - geo_infer_act.utils.analysis - DEBUG - Recorded step 40: FE=-0.3672
2026-02-02 06:36:02,851 - geo_infer_act.utils.analysis - INFO - Analyzing perception patterns...
2026-02-02 06:36:02,854 - geo_infer_act.utils.analysis - INFO - Analysis saved to /Users/4d/Documents/GitHub/GEO-INFER/output/ecological_model_20260202_063602/analysis/perception_analysis.json
2026-02-02 06:36:02,854 - geo_infer_act.utils.analysis - INFO - Perception pattern analysis completed
2026-02-02 06:36:02,854 - geo_infer_act.utils.analysis - INFO - Analyzing action selection patterns...
2026-02-02 06:36:02,855 - geo_infer_act.utils.analysis - INFO - Analysis saved to /Users/4d/Documents/GitHub/GEO-INFER/output/ecological_model_20260202_063602/analysis/action_selection_analysis.json
2026-02-02 06:36:02,855 - geo_infer_act.utils.analysis - INFO - Action selection pattern analysis completed
2026-02-02 06:36:02,855 - geo_infer_act.utils.analysis - INFO - Analyzing Variational Free Energy patterns...
2026-02-02 06:36:02,855 - geo_infer_act.utils.analysis - INFO - Analysis saved to /Users/4d/Documents/GitHub/GEO-INFER/output/ecological_model_20260202_063602/analysis/free_energy_analysis.json
2026-02-02 06:36:02,855 - geo_infer_act.utils.analysis - INFO - Free Energy pattern analysis completed
2026-02-02 06:36:02,857 - geo_infer_act.utils.analysis - INFO - Analysis saved to /Users/4d/Documents/GitHub/GEO-INFER/output/ecological_model_20260202_063602/analysis/ecological_analysis.json
2026-02-02 06:36:02,860 - geo_infer_act.utils.analysis - INFO - Traces saved to CSV files in /Users/4d/Documents/GitHub/GEO-INFER/output/ecological_model_20260202_063602/data
2026-02-02 06:36:03,831 - geo_infer_act.utils.analysis - ERROR - Failed to create correlation analysis: can only concatenate list (not "float") to list
2026-02-02 06:36:03,831 - geo_infer_act.utils.analysis - INFO - Shared visualizations created in /Users/4d/Documents/GitHub/GEO-INFER/output/ecological_model_20260202_063602/visualizations
2026-02-02 06:36:06,468 - geo_infer_act.utils.analysis - INFO - Generating comprehensive analysis report...
2026-02-02 06:36:06,468 - geo_infer_act.utils.analysis - INFO - Analyzing perception patterns...
2026-02-02 06:36:06,471 - geo_infer_act.utils.analysis - INFO - Analysis saved to /Users/4d/Documents/GitHub/GEO-INFER/output/ecological_model_20260202_063602/analysis/perception_analysis.json
2026-02-02 06:36:06,471 - geo_infer_act.utils.analysis - INFO - Perception pattern analysis completed
2026-02-02 06:36:06,471 - geo_infer_act.utils.analysis - INFO - Analyzing action selection patterns...
2026-02-02 06:36:06,472 - geo_infer_act.utils.analysis - INFO - Analysis saved to /Users/4d/Documents/GitHub/GEO-INFER/output/ecological_model_20260202_063602/analysis/action_selection_analysis.json
2026-02-02 06:36:06,472 - geo_infer_act.utils.analysis - INFO - Action selection pattern analysis completed
2026-02-02 06:36:06,472 - geo_infer_act.utils.analysis - INFO - Analyzing Variational Free Energy patterns...
2026-02-02 06:36:06,473 - geo_infer_act.utils.analysis - INFO - Analysis saved to /Users/4d/Documents/GitHub/GEO-INFER/output/ecological_model_20260202_063602/analysis/free_energy_analysis.json
2026-02-02 06:36:06,473 - geo_infer_act.utils.analysis - INFO - Free Energy pattern analysis completed
2026-02-02 06:36:06,473 - geo_infer_act.utils.analysis - INFO - Comprehensive report saved to /Users/4d/Documents/GitHub/GEO-INFER/output/ecological_model_20260202_063602/comprehensive_report.md
