2026-02-02 06:37:26,266 - INFO - ============================================================
2026-02-02 06:37:26,266 - INFO - Spatial Active Inference Demo
2026-02-02 06:37:26,266 - INFO - ============================================================
2026-02-02 06:37:26,266 - INFO - Output directory: /Users/4d/Documents/GitHub/GEO-INFER/output/spatial_inference_20260202_063726
2026-02-02 06:37:26,266 - INFO - Configuration: {'h3_resolution': 9, 'n_cells': 7, 'state_dim': 4, 'obs_dim': 4, 'diffusion_rate': 0.15, 'precision_scale': 1.2, 'n_steps': 20, 'observation_pattern': 'wave'}
2026-02-02 06:37:26,266 - INFO - Creating Spatial Active Inference Agent...
2026-02-02 06:37:26,267 - INFO - SpatialActiveInferenceAgent initialized: 7 cells at resolution 9
2026-02-02 06:37:26,267 - INFO - Agent initialized with 7 cells
2026-02-02 06:37:26,267 - INFO - Running simulation for 20 steps...
2026-02-02 06:37:26,267 - INFO - ----------------------------------------
2026-02-02 06:37:26,267 - INFO - Step 1/20: FE=12.0222, Action=stay, Conf=0.382
2026-02-02 06:37:26,270 - INFO - Step 6/20: FE=15.6669, Action=stay, Conf=0.395
2026-02-02 06:37:26,272 - INFO - Step 11/20: FE=13.1284, Action=stay, Conf=0.429
2026-02-02 06:37:26,275 - INFO - Step 16/20: FE=15.7398, Action=south, Conf=0.658
2026-02-02 06:37:26,279 - INFO - Step 20/20: FE=13.2210, Action=east, Conf=0.431
2026-02-02 06:37:26,280 - INFO - ----------------------------------------
2026-02-02 06:37:26,280 - INFO - Simulation complete!
2026-02-02 06:37:26,281 - INFO - Final diagnostics:
2026-02-02 06:37:26,281 - INFO -   Mean entropy: 0.3685
2026-02-02 06:37:26,281 - INFO -   FE trend: decreasing
2026-02-02 06:37:26,281 - INFO -   Spatial coherence: 0.7357
2026-02-02 06:37:26,281 - INFO - Generating visualizations...
2026-02-02 06:37:26,509 - INFO - Exporting results...
2026-02-02 06:37:26,510 - INFO - Results exported to /Users/4d/Documents/GitHub/GEO-INFER/output/spatial_inference_20260202_063726/simulation_results.json
2026-02-02 06:37:26,510 - INFO - Exported diagnostics to /Users/4d/Documents/GitHub/GEO-INFER/output/spatial_inference_20260202_063726/diagnostics.json
2026-02-02 06:37:26,510 - INFO - Exported CSV to /Users/4d/Documents/GitHub/GEO-INFER/output/spatial_inference_20260202_063726/step_metrics.csv
2026-02-02 06:37:26,511 - INFO - ============================================================
2026-02-02 06:37:26,511 - INFO - RESULTS SUMMARY
2026-02-02 06:37:26,511 - INFO - ============================================================
2026-02-02 06:37:26,511 - INFO - Total steps: 20
2026-02-02 06:37:26,511 - INFO - Initial FE: 12.0222
2026-02-02 06:37:26,511 - INFO - Final FE: 13.2210
2026-02-02 06:37:26,511 - INFO - FE change: 1.1989
2026-02-02 06:37:26,511 - INFO - Action distribution: {'stay': 14, 'south': 3, 'east': 3}
2026-02-02 06:37:26,511 - INFO - 
Output files saved to: /Users/4d/Documents/GitHub/GEO-INFER/output/spatial_inference_20260202_063726
