2026-01-09 15:45:54,702 - ModernActiveInference - INFO - Modern Active Inference - Comprehensive Analysis
2026-01-09 15:45:54,702 - ModernActiveInference - INFO - ======================================================================
2026-01-09 15:45:54,702 - ModernActiveInference - INFO - Output directory: /Users/4d/Documents/GitHub/GEO-INFER/output/modern_active_inference_20260109_154554
2026-01-09 15:45:54,703 - geo_infer_act.api.interface - INFO - ActiveInferenceInterface initialized
2026-01-09 15:45:54,703 - ModernActiveInference - INFO - Modern Active Inference Demo initialized
2026-01-09 15:45:54,703 - ModernActiveInference - INFO - Enhanced with comprehensive analysis capabilities
2026-01-09 15:45:54,703 - ModernActiveInference - INFO - Starting comprehensive modern Active Inference demonstration
2026-01-09 15:45:54,703 - ModernActiveInference - INFO - 
==================================================
2026-01-09 15:45:54,703 - ModernActiveInference - INFO - 1. HIERARCHICAL ACTIVE INFERENCE
2026-01-09 15:45:54,703 - ModernActiveInference - INFO - ==================================================
2026-01-09 15:45:54,703 - ModernActiveInference - INFO - Creating hierarchical model: hierarchical_model
2026-01-09 15:45:54,703 - geo_infer_act.core.active_inference - INFO - Initialized ActiveInferenceModel with type: categorical
2026-01-09 15:45:54,703 - geo_infer_act.core.generative_model - INFO - Initialized 3 hierarchical levels
2026-01-09 15:45:54,703 - geo_infer_act.api.interface - INFO - Created categorical model: hierarchical_model
2026-01-09 15:45:54,703 - geo_infer_act.api.interface - INFO - Set preferences for model hierarchical_model
2026-01-09 15:45:54,704 - geo_infer_act.utils.analysis - INFO - ActiveInferenceAnalyzer initialized with output: /Users/4d/Documents/GitHub/GEO-INFER/output/modern_active_inference_20260109_154554/hierarchical
2026-01-09 15:45:54,704 - ModernActiveInference - INFO -   Created 3-level hierarchical model
2026-01-09 15:45:54,704 - ModernActiveInference - INFO -   Temporal horizons: [1, 5, 20]
2026-01-09 15:45:54,704 - ModernActiveInference - INFO -   Message passing enabled: True
2026-01-09 15:45:54,704 - geo_infer_act.utils.analysis - DEBUG - Recorded step 1: FE=-4.2914
2026-01-09 15:45:54,705 - geo_infer_act.utils.analysis - DEBUG - Recorded step 2: FE=-4.2914
2026-01-09 15:45:54,705 - geo_infer_act.utils.analysis - DEBUG - Recorded step 3: FE=-4.2914
2026-01-09 15:45:54,705 - geo_infer_act.utils.analysis - DEBUG - Recorded step 4: FE=-4.2914
2026-01-09 15:45:54,705 - geo_infer_act.utils.analysis - DEBUG - Recorded step 5: FE=-4.2914
2026-01-09 15:45:54,706 - geo_infer_act.utils.analysis - DEBUG - Recorded step 6: FE=-4.2914
2026-01-09 15:45:54,706 - geo_infer_act.utils.analysis - DEBUG - Recorded step 7: FE=-4.2914
2026-01-09 15:45:54,706 - geo_infer_act.utils.analysis - DEBUG - Recorded step 8: FE=-4.2914
2026-01-09 15:45:54,707 - geo_infer_act.utils.analysis - DEBUG - Recorded step 9: FE=-4.2914
2026-01-09 15:45:54,707 - geo_infer_act.utils.analysis - DEBUG - Recorded step 10: FE=-4.2914
2026-01-09 15:45:54,707 - geo_infer_act.utils.analysis - DEBUG - Recorded step 11: FE=-4.2914
2026-01-09 15:45:54,707 - geo_infer_act.utils.analysis - DEBUG - Recorded step 12: FE=-4.2914
2026-01-09 15:45:54,708 - geo_infer_act.utils.analysis - DEBUG - Recorded step 13: FE=-4.2914
2026-01-09 15:45:54,708 - geo_infer_act.utils.analysis - DEBUG - Recorded step 14: FE=-4.2914
2026-01-09 15:45:54,708 - geo_infer_act.utils.analysis - DEBUG - Recorded step 15: FE=-4.2914
2026-01-09 15:45:54,708 - ModernActiveInference - INFO - 
==================================================
2026-01-09 15:45:54,708 - ModernActiveInference - INFO - 2. MARKOV BLANKET ARCHITECTURE
2026-01-09 15:45:54,708 - ModernActiveInference - INFO - ==================================================
2026-01-09 15:45:54,708 - ModernActiveInference - INFO - Demonstrating Markov blanket architectures
2026-01-09 15:45:54,708 - geo_infer_act.core.active_inference - INFO - Initialized ActiveInferenceModel with type: categorical
2026-01-09 15:45:54,708 - geo_infer_act.core.generative_model - INFO - Initialized Markov blanket structure
2026-01-09 15:45:54,708 - geo_infer_act.api.interface - INFO - Created categorical model: markov_blanket_model
2026-01-09 15:45:54,709 - geo_infer_act.utils.analysis - INFO - ActiveInferenceAnalyzer initialized with output: /Users/4d/Documents/GitHub/GEO-INFER/output/modern_active_inference_20260109_154554/markov_blanket
2026-01-09 15:45:54,709 - ModernActiveInference - INFO - Running Markov blanket simulation for 30 steps
2026-01-09 15:45:54,732 - ModernActiveInference - INFO -   Step 1: external_influence
2026-01-09 15:45:54,733 - ModernActiveInference - INFO -     Conditional independence: 0.9228
2026-01-09 15:45:54,733 - ModernActiveInference - INFO -     Surprise: 0.1754
2026-01-09 15:45:54,733 - ModernActiveInference - INFO -     Information gain: 0.0000
2026-01-09 15:45:54,733 - geo_infer_act.utils.analysis - DEBUG - Recorded step 1: FE=-1.7985
2026-01-09 15:45:54,756 - ModernActiveInference - INFO -   Step 2: external_influence
2026-01-09 15:45:54,756 - ModernActiveInference - INFO -     Conditional independence: 0.9347
2026-01-09 15:45:54,756 - ModernActiveInference - INFO -     Surprise: 0.7532
2026-01-09 15:45:54,756 - ModernActiveInference - INFO -     Information gain: 0.0000
2026-01-09 15:45:54,756 - geo_infer_act.utils.analysis - DEBUG - Recorded step 2: FE=-1.7985
2026-01-09 15:45:54,779 - ModernActiveInference - INFO -   Step 3: external_influence
2026-01-09 15:45:54,779 - ModernActiveInference - INFO -     Conditional independence: 0.9283
2026-01-09 15:45:54,779 - ModernActiveInference - INFO -     Surprise: 0.7993
2026-01-09 15:45:54,779 - ModernActiveInference - INFO -     Information gain: 0.0000
2026-01-09 15:45:54,779 - geo_infer_act.utils.analysis - DEBUG - Recorded step 3: FE=-1.7985
2026-01-09 15:45:54,801 - ModernActiveInference - INFO -   Step 4: external_influence
2026-01-09 15:45:54,801 - ModernActiveInference - INFO -     Conditional independence: 0.9348
2026-01-09 15:45:54,802 - ModernActiveInference - INFO -     Surprise: 0.6328
2026-01-09 15:45:54,802 - ModernActiveInference - INFO -     Information gain: 0.0000
2026-01-09 15:45:54,802 - geo_infer_act.utils.analysis - DEBUG - Recorded step 4: FE=-1.7985
2026-01-09 15:45:54,825 - ModernActiveInference - INFO -   Step 5: external_influence
2026-01-09 15:45:54,825 - ModernActiveInference - INFO -     Conditional independence: 0.9413
2026-01-09 15:45:54,825 - ModernActiveInference - INFO -     Surprise: 0.1658
2026-01-09 15:45:54,825 - ModernActiveInference - INFO -     Information gain: 0.0000
2026-01-09 15:45:54,825 - geo_infer_act.utils.analysis - DEBUG - Recorded step 5: FE=-1.7985
2026-01-09 15:45:54,847 - ModernActiveInference - INFO -   Step 6: external_influence
2026-01-09 15:45:54,847 - ModernActiveInference - INFO -     Conditional independence: 0.9081
2026-01-09 15:45:54,847 - ModernActiveInference - INFO -     Surprise: 0.3384
2026-01-09 15:45:54,847 - ModernActiveInference - INFO -     Information gain: 0.0000
2026-01-09 15:45:54,847 - geo_infer_act.utils.analysis - DEBUG - Recorded step 6: FE=-1.7985
2026-01-09 15:45:54,869 - ModernActiveInference - INFO -   Step 7: external_influence
2026-01-09 15:45:54,869 - ModernActiveInference - INFO -     Conditional independence: 0.9531
2026-01-09 15:45:54,869 - ModernActiveInference - INFO -     Surprise: 2.2840
2026-01-09 15:45:54,869 - ModernActiveInference - INFO -     Information gain: 0.0000
2026-01-09 15:45:54,869 - geo_infer_act.utils.analysis - DEBUG - Recorded step 7: FE=-1.7985
2026-01-09 15:45:54,891 - ModernActiveInference - INFO -   Step 8: external_influence
2026-01-09 15:45:54,891 - ModernActiveInference - INFO -     Conditional independence: 0.9422
2026-01-09 15:45:54,891 - ModernActiveInference - INFO -     Surprise: 0.6959
2026-01-09 15:45:54,891 - ModernActiveInference - INFO -     Information gain: 0.0000
2026-01-09 15:45:54,891 - geo_infer_act.utils.analysis - DEBUG - Recorded step 8: FE=-1.7985
2026-01-09 15:45:54,915 - ModernActiveInference - INFO -   Step 9: external_influence
2026-01-09 15:45:54,915 - ModernActiveInference - INFO -     Conditional independence: 0.9123
2026-01-09 15:45:54,915 - ModernActiveInference - INFO -     Surprise: 0.5549
2026-01-09 15:45:54,915 - ModernActiveInference - INFO -     Information gain: 0.0000
2026-01-09 15:45:54,915 - geo_infer_act.utils.analysis - DEBUG - Recorded step 9: FE=-1.7985
2026-01-09 15:45:54,940 - ModernActiveInference - INFO -   Step 10: external_influence
2026-01-09 15:45:54,940 - ModernActiveInference - INFO -     Conditional independence: 0.9490
2026-01-09 15:45:54,941 - ModernActiveInference - INFO -     Surprise: 1.2007
2026-01-09 15:45:54,941 - ModernActiveInference - INFO -     Information gain: 0.0000
2026-01-09 15:45:54,941 - geo_infer_act.utils.analysis - DEBUG - Recorded step 10: FE=-1.7985
2026-01-09 15:45:54,962 - ModernActiveInference - INFO -   Step 11: internal_processing
2026-01-09 15:45:54,962 - ModernActiveInference - INFO -     Conditional independence: 0.9975
2026-01-09 15:45:54,962 - ModernActiveInference - INFO -     Surprise: 0.3520
2026-01-09 15:45:54,962 - ModernActiveInference - INFO -     Information gain: 0.0000
2026-01-09 15:45:54,962 - geo_infer_act.utils.analysis - DEBUG - Recorded step 11: FE=-1.7985
2026-01-09 15:45:54,983 - ModernActiveInference - INFO -   Step 12: internal_processing
2026-01-09 15:45:54,983 - ModernActiveInference - INFO -     Conditional independence: 0.9793
2026-01-09 15:45:54,983 - ModernActiveInference - INFO -     Surprise: 1.7085
2026-01-09 15:45:54,983 - ModernActiveInference - INFO -     Information gain: 0.0000
2026-01-09 15:45:54,983 - geo_infer_act.utils.analysis - DEBUG - Recorded step 12: FE=-1.7985
2026-01-09 15:45:55,005 - ModernActiveInference - INFO -   Step 13: internal_processing
2026-01-09 15:45:55,005 - ModernActiveInference - INFO -     Conditional independence: 0.9933
2026-01-09 15:45:55,006 - ModernActiveInference - INFO -     Surprise: 2.4389
2026-01-09 15:45:55,006 - ModernActiveInference - INFO -     Information gain: 0.0000
2026-01-09 15:45:55,006 - geo_infer_act.utils.analysis - DEBUG - Recorded step 13: FE=-1.7985
2026-01-09 15:45:55,029 - ModernActiveInference - INFO -   Step 14: internal_processing
2026-01-09 15:45:55,029 - ModernActiveInference - INFO -     Conditional independence: 0.9347
2026-01-09 15:45:55,029 - ModernActiveInference - INFO -     Surprise: 0.8305
2026-01-09 15:45:55,029 - ModernActiveInference - INFO -     Information gain: 0.0000
2026-01-09 15:45:55,029 - geo_infer_act.utils.analysis - DEBUG - Recorded step 14: FE=-1.7985
2026-01-09 15:45:55,053 - ModernActiveInference - INFO -   Step 15: internal_processing
2026-01-09 15:45:55,053 - ModernActiveInference - INFO -     Conditional independence: 0.9560
2026-01-09 15:45:55,053 - ModernActiveInference - INFO -     Surprise: 1.2963
2026-01-09 15:45:55,053 - ModernActiveInference - INFO -     Information gain: 0.0000
2026-01-09 15:45:55,053 - geo_infer_act.utils.analysis - DEBUG - Recorded step 15: FE=-1.7985
2026-01-09 15:45:55,075 - ModernActiveInference - INFO -   Step 16: internal_processing
2026-01-09 15:45:55,075 - ModernActiveInference - INFO -     Conditional independence: 0.9704
2026-01-09 15:45:55,075 - ModernActiveInference - INFO -     Surprise: 1.1705
2026-01-09 15:45:55,075 - ModernActiveInference - INFO -     Information gain: 0.0000
2026-01-09 15:45:55,075 - geo_infer_act.utils.analysis - DEBUG - Recorded step 16: FE=-1.7985
2026-01-09 15:45:55,097 - ModernActiveInference - INFO -   Step 17: internal_processing
2026-01-09 15:45:55,097 - ModernActiveInference - INFO -     Conditional independence: 0.9632
2026-01-09 15:45:55,097 - ModernActiveInference - INFO -     Surprise: 1.3807
2026-01-09 15:45:55,097 - ModernActiveInference - INFO -     Information gain: 0.0000
2026-01-09 15:45:55,097 - geo_infer_act.utils.analysis - DEBUG - Recorded step 17: FE=-1.7985
2026-01-09 15:45:55,119 - ModernActiveInference - INFO -   Step 18: internal_processing
2026-01-09 15:45:55,119 - ModernActiveInference - INFO -     Conditional independence: 0.9482
2026-01-09 15:45:55,119 - ModernActiveInference - INFO -     Surprise: 0.0000
2026-01-09 15:45:55,119 - ModernActiveInference - INFO -     Information gain: 0.0000
2026-01-09 15:45:55,119 - geo_infer_act.utils.analysis - DEBUG - Recorded step 18: FE=-1.7985
2026-01-09 15:45:55,143 - ModernActiveInference - INFO -   Step 19: internal_processing
2026-01-09 15:45:55,143 - ModernActiveInference - INFO -     Conditional independence: 0.9530
2026-01-09 15:45:55,143 - ModernActiveInference - INFO -     Surprise: 1.8835
2026-01-09 15:45:55,143 - ModernActiveInference - INFO -     Information gain: 0.0000
2026-01-09 15:45:55,143 - geo_infer_act.utils.analysis - DEBUG - Recorded step 19: FE=-1.7985
2026-01-09 15:45:55,165 - ModernActiveInference - INFO -   Step 20: internal_processing
2026-01-09 15:45:55,165 - ModernActiveInference - INFO -     Conditional independence: 0.9961
2026-01-09 15:45:55,165 - ModernActiveInference - INFO -     Surprise: 0.9349
2026-01-09 15:45:55,165 - ModernActiveInference - INFO -     Information gain: 0.0000
2026-01-09 15:45:55,165 - geo_infer_act.utils.analysis - DEBUG - Recorded step 20: FE=-1.7985
2026-01-09 15:45:55,189 - ModernActiveInference - INFO -   Step 21: active_sampling
2026-01-09 15:45:55,189 - ModernActiveInference - INFO -     Conditional independence: 0.9397
2026-01-09 15:45:55,189 - ModernActiveInference - INFO -     Surprise: 1.3607
2026-01-09 15:45:55,189 - ModernActiveInference - INFO -     Information gain: 0.0000
2026-01-09 15:45:55,189 - geo_infer_act.utils.analysis - DEBUG - Recorded step 21: FE=-1.7985
2026-01-09 15:45:55,211 - ModernActiveInference - INFO -   Step 22: active_sampling
2026-01-09 15:45:55,211 - ModernActiveInference - INFO -     Conditional independence: 0.9129
2026-01-09 15:45:55,211 - ModernActiveInference - INFO -     Surprise: 0.0605
2026-01-09 15:45:55,211 - ModernActiveInference - INFO -     Information gain: 0.0000
2026-01-09 15:45:55,211 - geo_infer_act.utils.analysis - DEBUG - Recorded step 22: FE=-1.7985
2026-01-09 15:45:55,234 - ModernActiveInference - INFO -   Step 23: active_sampling
2026-01-09 15:45:55,234 - ModernActiveInference - INFO -     Conditional independence: 0.9432
2026-01-09 15:45:55,234 - ModernActiveInference - INFO -     Surprise: 0.0000
2026-01-09 15:45:55,234 - ModernActiveInference - INFO -     Information gain: 0.0000
2026-01-09 15:45:55,234 - geo_infer_act.utils.analysis - DEBUG - Recorded step 23: FE=-1.7985
2026-01-09 15:45:55,256 - ModernActiveInference - INFO -   Step 24: active_sampling
2026-01-09 15:45:55,256 - ModernActiveInference - INFO -     Conditional independence: 0.9066
2026-01-09 15:45:55,256 - ModernActiveInference - INFO -     Surprise: 0.2225
2026-01-09 15:45:55,256 - ModernActiveInference - INFO -     Information gain: 0.0000
2026-01-09 15:45:55,256 - geo_infer_act.utils.analysis - DEBUG - Recorded step 24: FE=-1.7985
2026-01-09 15:45:55,279 - ModernActiveInference - INFO -   Step 25: active_sampling
2026-01-09 15:45:55,279 - ModernActiveInference - INFO -     Conditional independence: 0.9421
2026-01-09 15:45:55,279 - ModernActiveInference - INFO -     Surprise: 1.1059
2026-01-09 15:45:55,279 - ModernActiveInference - INFO -     Information gain: 0.0000
2026-01-09 15:45:55,279 - geo_infer_act.utils.analysis - DEBUG - Recorded step 25: FE=-1.7985
2026-01-09 15:45:55,302 - ModernActiveInference - INFO -   Step 26: active_sampling
2026-01-09 15:45:55,302 - ModernActiveInference - INFO -     Conditional independence: 0.8823
2026-01-09 15:45:55,302 - ModernActiveInference - INFO -     Surprise: 1.4745
2026-01-09 15:45:55,302 - ModernActiveInference - INFO -     Information gain: 0.0000
2026-01-09 15:45:55,302 - geo_infer_act.utils.analysis - DEBUG - Recorded step 26: FE=-1.7985
2026-01-09 15:45:55,325 - ModernActiveInference - INFO -   Step 27: active_sampling
2026-01-09 15:45:55,325 - ModernActiveInference - INFO -     Conditional independence: 0.9404
2026-01-09 15:45:55,325 - ModernActiveInference - INFO -     Surprise: 0.3973
2026-01-09 15:45:55,325 - ModernActiveInference - INFO -     Information gain: 0.0000
2026-01-09 15:45:55,325 - geo_infer_act.utils.analysis - DEBUG - Recorded step 27: FE=-1.7985
2026-01-09 15:45:55,348 - ModernActiveInference - INFO -   Step 28: active_sampling
2026-01-09 15:45:55,348 - ModernActiveInference - INFO -     Conditional independence: 0.9724
2026-01-09 15:45:55,348 - ModernActiveInference - INFO -     Surprise: 0.0000
2026-01-09 15:45:55,348 - ModernActiveInference - INFO -     Information gain: 0.0000
2026-01-09 15:45:55,348 - geo_infer_act.utils.analysis - DEBUG - Recorded step 28: FE=-1.7985
2026-01-09 15:45:55,371 - ModernActiveInference - INFO -   Step 29: active_sampling
2026-01-09 15:45:55,371 - ModernActiveInference - INFO -     Conditional independence: 0.9505
2026-01-09 15:45:55,371 - ModernActiveInference - INFO -     Surprise: 1.3493
2026-01-09 15:45:55,371 - ModernActiveInference - INFO -     Information gain: 0.0000
2026-01-09 15:45:55,371 - geo_infer_act.utils.analysis - DEBUG - Recorded step 29: FE=-1.7985
2026-01-09 15:45:55,394 - ModernActiveInference - INFO -   Step 30: active_sampling
2026-01-09 15:45:55,394 - ModernActiveInference - INFO -     Conditional independence: 0.9729
2026-01-09 15:45:55,394 - ModernActiveInference - INFO -     Surprise: 0.1939
2026-01-09 15:45:55,394 - ModernActiveInference - INFO -     Information gain: 0.0000
2026-01-09 15:45:55,394 - geo_infer_act.utils.analysis - DEBUG - Recorded step 30: FE=-1.7985
2026-01-09 15:45:55,394 - ModernActiveInference - INFO - Markov blanket analysis complete:
2026-01-09 15:45:55,394 - ModernActiveInference - INFO -   Average conditional independence: 0.9461
2026-01-09 15:45:55,394 - ModernActiveInference - INFO -   Independence stability: 0.9731
2026-01-09 15:45:55,394 - ModernActiveInference - INFO - 
==================================================
2026-01-09 15:45:55,394 - ModernActiveInference - INFO - 4. SPATIAL-TEMPORAL DYNAMICS
2026-01-09 15:45:55,394 - ModernActiveInference - INFO - ==================================================
2026-01-09 15:45:55,394 - ModernActiveInference - INFO - Demonstrating spatial-temporal dynamics
2026-01-09 15:45:55,394 - geo_infer_act.core.active_inference - INFO - Initialized ActiveInferenceModel with type: categorical
2026-01-09 15:45:55,394 - geo_infer_act.api.interface - INFO - Created categorical model: spatial_temporal_model
2026-01-09 15:45:55,394 - geo_infer_act.core.generative_model - INFO - Enabled spatial navigation with 3x3 grid
2026-01-09 15:45:55,395 - geo_infer_act.utils.analysis - INFO - ActiveInferenceAnalyzer initialized with output: /Users/4d/Documents/GitHub/GEO-INFER/output/modern_active_inference_20260109_154554/spatial_temporal
2026-01-09 15:45:55,395 - ModernActiveInference - INFO - Running spatial-temporal simulation for 25 steps
2026-01-09 15:45:55,399 - ModernActiveInference - INFO -   Step 1:
2026-01-09 15:45:55,399 - ModernActiveInference - INFO -     Spatial correlation: nan
2026-01-09 15:45:55,399 - ModernActiveInference - INFO -     Surprise: 0.8347
2026-01-09 15:45:55,399 - geo_infer_act.utils.analysis - DEBUG - Recorded step 1: FE=-2.2608
2026-01-09 15:45:55,403 - ModernActiveInference - INFO -   Step 2:
2026-01-09 15:45:55,403 - ModernActiveInference - INFO -     Spatial correlation: nan
2026-01-09 15:45:55,403 - ModernActiveInference - INFO -     Temporal coherence: 1.0000
2026-01-09 15:45:55,403 - ModernActiveInference - INFO -     Surprise: 0.4710
2026-01-09 15:45:55,403 - geo_infer_act.utils.analysis - DEBUG - Recorded step 2: FE=-2.2608
2026-01-09 15:45:55,406 - ModernActiveInference - INFO -   Step 3:
2026-01-09 15:45:55,406 - ModernActiveInference - INFO -     Spatial correlation: nan
2026-01-09 15:45:55,406 - ModernActiveInference - INFO -     Temporal coherence: 1.0000
2026-01-09 15:45:55,406 - ModernActiveInference - INFO -     Surprise: 1.0757
2026-01-09 15:45:55,406 - geo_infer_act.utils.analysis - DEBUG - Recorded step 3: FE=-2.2608
2026-01-09 15:45:55,409 - ModernActiveInference - INFO -   Step 4:
2026-01-09 15:45:55,409 - ModernActiveInference - INFO -     Spatial correlation: nan
2026-01-09 15:45:55,409 - ModernActiveInference - INFO -     Temporal coherence: 1.0000
2026-01-09 15:45:55,409 - ModernActiveInference - INFO -     Surprise: 2.5923
2026-01-09 15:45:55,409 - geo_infer_act.utils.analysis - DEBUG - Recorded step 4: FE=-2.2608
2026-01-09 15:45:55,411 - ModernActiveInference - INFO -   Step 5:
2026-01-09 15:45:55,412 - ModernActiveInference - INFO -     Spatial correlation: nan
2026-01-09 15:45:55,412 - ModernActiveInference - INFO -     Temporal coherence: 1.0000
2026-01-09 15:45:55,412 - ModernActiveInference - INFO -     Surprise: 1.5980
2026-01-09 15:45:55,412 - geo_infer_act.utils.analysis - DEBUG - Recorded step 5: FE=-2.2608
2026-01-09 15:45:55,414 - ModernActiveInference - INFO -   Step 6:
2026-01-09 15:45:55,414 - ModernActiveInference - INFO -     Spatial correlation: nan
2026-01-09 15:45:55,415 - ModernActiveInference - INFO -     Temporal coherence: 1.0000
2026-01-09 15:45:55,415 - ModernActiveInference - INFO -     Surprise: 3.5199
2026-01-09 15:45:55,415 - geo_infer_act.utils.analysis - DEBUG - Recorded step 6: FE=-2.2608
2026-01-09 15:45:55,417 - ModernActiveInference - INFO -   Step 7:
2026-01-09 15:45:55,417 - ModernActiveInference - INFO -     Spatial correlation: nan
2026-01-09 15:45:55,417 - ModernActiveInference - INFO -     Temporal coherence: 1.0000
2026-01-09 15:45:55,417 - ModernActiveInference - INFO -     Surprise: 3.6854
2026-01-09 15:45:55,417 - geo_infer_act.utils.analysis - DEBUG - Recorded step 7: FE=-2.2608
2026-01-09 15:45:55,420 - ModernActiveInference - INFO -   Step 8:
2026-01-09 15:45:55,420 - ModernActiveInference - INFO -     Spatial correlation: nan
2026-01-09 15:45:55,420 - ModernActiveInference - INFO -     Temporal coherence: 1.0000
2026-01-09 15:45:55,420 - ModernActiveInference - INFO -     Surprise: 4.7691
2026-01-09 15:45:55,420 - geo_infer_act.utils.analysis - DEBUG - Recorded step 8: FE=-2.2608
2026-01-09 15:45:55,423 - ModernActiveInference - INFO -   Step 9:
2026-01-09 15:45:55,423 - ModernActiveInference - INFO -     Spatial correlation: nan
2026-01-09 15:45:55,423 - ModernActiveInference - INFO -     Temporal coherence: 1.0000
2026-01-09 15:45:55,423 - ModernActiveInference - INFO -     Surprise: 4.1691
2026-01-09 15:45:55,423 - geo_infer_act.utils.analysis - DEBUG - Recorded step 9: FE=-2.2608
2026-01-09 15:45:55,426 - ModernActiveInference - INFO -   Step 10:
2026-01-09 15:45:55,426 - ModernActiveInference - INFO -     Spatial correlation: nan
2026-01-09 15:45:55,426 - ModernActiveInference - INFO -     Temporal coherence: 1.0000
2026-01-09 15:45:55,426 - ModernActiveInference - INFO -     Surprise: 3.8391
2026-01-09 15:45:55,426 - geo_infer_act.utils.analysis - DEBUG - Recorded step 10: FE=-2.2608
2026-01-09 15:45:55,429 - ModernActiveInference - INFO -   Step 11:
2026-01-09 15:45:55,429 - ModernActiveInference - INFO -     Spatial correlation: nan
2026-01-09 15:45:55,429 - ModernActiveInference - INFO -     Temporal coherence: 1.0000
2026-01-09 15:45:55,429 - ModernActiveInference - INFO -     Surprise: 4.6243
2026-01-09 15:45:55,429 - geo_infer_act.utils.analysis - DEBUG - Recorded step 11: FE=-2.2608
2026-01-09 15:45:55,432 - ModernActiveInference - INFO -   Step 12:
2026-01-09 15:45:55,432 - ModernActiveInference - INFO -     Spatial correlation: nan
2026-01-09 15:45:55,432 - ModernActiveInference - INFO -     Temporal coherence: 1.0000
2026-01-09 15:45:55,432 - ModernActiveInference - INFO -     Surprise: 5.6971
2026-01-09 15:45:55,432 - geo_infer_act.utils.analysis - DEBUG - Recorded step 12: FE=-2.2608
2026-01-09 15:45:55,435 - ModernActiveInference - INFO -   Step 13:
2026-01-09 15:45:55,435 - ModernActiveInference - INFO -     Spatial correlation: nan
2026-01-09 15:45:55,435 - ModernActiveInference - INFO -     Temporal coherence: 1.0000
2026-01-09 15:45:55,435 - ModernActiveInference - INFO -     Surprise: 5.3321
2026-01-09 15:45:55,435 - geo_infer_act.utils.analysis - DEBUG - Recorded step 13: FE=-2.2608
2026-01-09 15:45:55,438 - ModernActiveInference - INFO -   Step 14:
2026-01-09 15:45:55,438 - ModernActiveInference - INFO -     Spatial correlation: nan
2026-01-09 15:45:55,439 - ModernActiveInference - INFO -     Temporal coherence: 1.0000
2026-01-09 15:45:55,439 - ModernActiveInference - INFO -     Surprise: 3.7809
2026-01-09 15:45:55,439 - geo_infer_act.utils.analysis - DEBUG - Recorded step 14: FE=-2.2608
2026-01-09 15:45:55,441 - ModernActiveInference - INFO -   Step 15:
2026-01-09 15:45:55,441 - ModernActiveInference - INFO -     Spatial correlation: nan
2026-01-09 15:45:55,441 - ModernActiveInference - INFO -     Temporal coherence: 1.0000
2026-01-09 15:45:55,441 - ModernActiveInference - INFO -     Surprise: 2.8038
2026-01-09 15:45:55,442 - geo_infer_act.utils.analysis - DEBUG - Recorded step 15: FE=-2.2608
2026-01-09 15:45:55,444 - ModernActiveInference - INFO -   Step 16:
2026-01-09 15:45:55,444 - ModernActiveInference - INFO -     Spatial correlation: nan
2026-01-09 15:45:55,444 - ModernActiveInference - INFO -     Temporal coherence: 1.0000
2026-01-09 15:45:55,444 - ModernActiveInference - INFO -     Surprise: 2.5731
2026-01-09 15:45:55,444 - geo_infer_act.utils.analysis - DEBUG - Recorded step 16: FE=-2.2608
2026-01-09 15:45:55,447 - ModernActiveInference - INFO -   Step 17:
2026-01-09 15:45:55,447 - ModernActiveInference - INFO -     Spatial correlation: nan
2026-01-09 15:45:55,447 - ModernActiveInference - INFO -     Temporal coherence: 1.0000
2026-01-09 15:45:55,447 - ModernActiveInference - INFO -     Surprise: 3.1263
2026-01-09 15:45:55,447 - geo_infer_act.utils.analysis - DEBUG - Recorded step 17: FE=-2.2608
2026-01-09 15:45:55,450 - ModernActiveInference - INFO -   Step 18:
2026-01-09 15:45:55,450 - ModernActiveInference - INFO -     Spatial correlation: nan
2026-01-09 15:45:55,450 - ModernActiveInference - INFO -     Temporal coherence: 1.0000
2026-01-09 15:45:55,450 - ModernActiveInference - INFO -     Surprise: 2.5535
2026-01-09 15:45:55,450 - geo_infer_act.utils.analysis - DEBUG - Recorded step 18: FE=-2.2608
2026-01-09 15:45:55,453 - ModernActiveInference - INFO -   Step 19:
2026-01-09 15:45:55,453 - ModernActiveInference - INFO -     Spatial correlation: nan
2026-01-09 15:45:55,453 - ModernActiveInference - INFO -     Temporal coherence: 1.0000
2026-01-09 15:45:55,453 - ModernActiveInference - INFO -     Surprise: 3.5551
2026-01-09 15:45:55,453 - geo_infer_act.utils.analysis - DEBUG - Recorded step 19: FE=-2.2608
2026-01-09 15:45:55,456 - ModernActiveInference - INFO -   Step 20:
2026-01-09 15:45:55,456 - ModernActiveInference - INFO -     Spatial correlation: nan
2026-01-09 15:45:55,456 - ModernActiveInference - INFO -     Temporal coherence: 1.0000
2026-01-09 15:45:55,456 - ModernActiveInference - INFO -     Surprise: 4.8873
2026-01-09 15:45:55,456 - geo_infer_act.utils.analysis - DEBUG - Recorded step 20: FE=-2.2608
2026-01-09 15:45:55,459 - ModernActiveInference - INFO -   Step 21:
2026-01-09 15:45:55,459 - ModernActiveInference - INFO -     Spatial correlation: nan
2026-01-09 15:45:55,459 - ModernActiveInference - INFO -     Temporal coherence: 1.0000
2026-01-09 15:45:55,459 - ModernActiveInference - INFO -     Surprise: 4.9995
2026-01-09 15:45:55,459 - geo_infer_act.utils.analysis - DEBUG - Recorded step 21: FE=-2.2608
2026-01-09 15:45:55,462 - ModernActiveInference - INFO -   Step 22:
2026-01-09 15:45:55,462 - ModernActiveInference - INFO -     Spatial correlation: nan
2026-01-09 15:45:55,462 - ModernActiveInference - INFO -     Temporal coherence: 1.0000
2026-01-09 15:45:55,462 - ModernActiveInference - INFO -     Surprise: 3.2700
2026-01-09 15:45:55,462 - geo_infer_act.utils.analysis - DEBUG - Recorded step 22: FE=-2.2608
2026-01-09 15:45:55,465 - ModernActiveInference - INFO -   Step 23:
2026-01-09 15:45:55,465 - ModernActiveInference - INFO -     Spatial correlation: nan
2026-01-09 15:45:55,465 - ModernActiveInference - INFO -     Temporal coherence: 1.0000
2026-01-09 15:45:55,465 - ModernActiveInference - INFO -     Surprise: 1.8364
2026-01-09 15:45:55,465 - geo_infer_act.utils.analysis - DEBUG - Recorded step 23: FE=-2.2608
2026-01-09 15:45:55,468 - ModernActiveInference - INFO -   Step 24:
2026-01-09 15:45:55,468 - ModernActiveInference - INFO -     Spatial correlation: nan
2026-01-09 15:45:55,468 - ModernActiveInference - INFO -     Temporal coherence: 1.0000
2026-01-09 15:45:55,468 - ModernActiveInference - INFO -     Surprise: 1.6459
2026-01-09 15:45:55,468 - geo_infer_act.utils.analysis - DEBUG - Recorded step 24: FE=-2.2608
2026-01-09 15:45:55,470 - ModernActiveInference - INFO -   Step 25:
2026-01-09 15:45:55,470 - ModernActiveInference - INFO -     Spatial correlation: nan
2026-01-09 15:45:55,471 - ModernActiveInference - INFO -     Temporal coherence: 1.0000
2026-01-09 15:45:55,471 - ModernActiveInference - INFO -     Surprise: 1.2241
2026-01-09 15:45:55,471 - geo_infer_act.utils.analysis - DEBUG - Recorded step 25: FE=-2.2608
2026-01-09 15:45:55,471 - ModernActiveInference - INFO - Spatial-temporal analysis complete:
2026-01-09 15:45:55,471 - ModernActiveInference - INFO -   Average spatial correlation: nan
2026-01-09 15:45:55,471 - ModernActiveInference - INFO -   Average temporal coherence: 1.0000
2026-01-09 15:45:55,471 - ModernActiveInference - INFO -   Spatial stability: nan
2026-01-09 15:45:55,471 - ModernActiveInference - INFO - 
==================================================
2026-01-09 15:45:55,471 - ModernActiveInference - INFO - 5. MULTI-AGENT COORDINATION
2026-01-09 15:45:55,471 - ModernActiveInference - INFO - ==================================================
2026-01-09 15:45:55,471 - ModernActiveInference - INFO - Demonstrating multi-agent coordination
2026-01-09 15:45:55,471 - geo_infer_act.core.active_inference - INFO - Initialized ActiveInferenceModel with type: categorical
2026-01-09 15:45:55,471 - geo_infer_act.api.interface - INFO - Created categorical model: multi_agent_agent_0
2026-01-09 15:45:55,471 - geo_infer_act.utils.analysis - INFO - ActiveInferenceAnalyzer initialized with output: /Users/4d/Documents/GitHub/GEO-INFER/output/modern_active_inference_20260109_154554/multi_agent/agent_0
2026-01-09 15:45:55,471 - ModernActiveInference - INFO -   Created agent 0 (Leader)
2026-01-09 15:45:55,471 - geo_infer_act.core.active_inference - INFO - Initialized ActiveInferenceModel with type: categorical
2026-01-09 15:45:55,471 - geo_infer_act.api.interface - INFO - Created categorical model: multi_agent_agent_1
2026-01-09 15:45:55,472 - geo_infer_act.utils.analysis - INFO - ActiveInferenceAnalyzer initialized with output: /Users/4d/Documents/GitHub/GEO-INFER/output/modern_active_inference_20260109_154554/multi_agent/agent_1
2026-01-09 15:45:55,472 - ModernActiveInference - INFO -   Created agent 1 (Coordinator)
2026-01-09 15:45:55,472 - geo_infer_act.core.active_inference - INFO - Initialized ActiveInferenceModel with type: categorical
2026-01-09 15:45:55,472 - geo_infer_act.api.interface - INFO - Created categorical model: multi_agent_agent_2
2026-01-09 15:45:55,472 - geo_infer_act.utils.analysis - INFO - ActiveInferenceAnalyzer initialized with output: /Users/4d/Documents/GitHub/GEO-INFER/output/modern_active_inference_20260109_154554/multi_agent/agent_2
2026-01-09 15:45:55,472 - ModernActiveInference - INFO -   Created agent 2 (Follower)
2026-01-09 15:45:55,472 - geo_infer_act.core.active_inference - INFO - Initialized ActiveInferenceModel with type: categorical
2026-01-09 15:45:55,472 - geo_infer_act.api.interface - INFO - Created categorical model: multi_agent_agent_3
2026-01-09 15:45:55,473 - geo_infer_act.utils.analysis - INFO - ActiveInferenceAnalyzer initialized with output: /Users/4d/Documents/GitHub/GEO-INFER/output/modern_active_inference_20260109_154554/multi_agent/agent_3
2026-01-09 15:45:55,473 - ModernActiveInference - INFO -   Created agent 3 (Follower)
2026-01-09 15:45:55,473 - ModernActiveInference - INFO - Running multi-agent coordination for 20 steps
2026-01-09 15:45:55,497 - geo_infer_act.utils.analysis - DEBUG - Recorded step 1: FE=-1.7944
2026-01-09 15:45:55,498 - geo_infer_act.utils.analysis - DEBUG - Recorded step 1: FE=-1.6094
2026-01-09 15:45:55,499 - geo_infer_act.utils.analysis - DEBUG - Recorded step 1: FE=-1.3863
2026-01-09 15:45:55,499 - geo_infer_act.utils.analysis - DEBUG - Recorded step 1: FE=-1.3863
2026-01-09 15:45:55,499 - ModernActiveInference - INFO -   Step 1: coordination_challenge
2026-01-09 15:45:55,499 - ModernActiveInference - INFO -     Coordination score: 0.0000
2026-01-09 15:45:55,499 - ModernActiveInference - INFO -     Action consensus: 0.6667
2026-01-09 15:45:55,499 - ModernActiveInference - INFO -     Agent actions: [0, 1, 2, 1]
2026-01-09 15:45:55,522 - geo_infer_act.utils.analysis - DEBUG - Recorded step 2: FE=-1.7944
2026-01-09 15:45:55,524 - geo_infer_act.utils.analysis - DEBUG - Recorded step 2: FE=-1.6094
2026-01-09 15:45:55,524 - geo_infer_act.utils.analysis - DEBUG - Recorded step 2: FE=-1.3863
2026-01-09 15:45:55,524 - geo_infer_act.utils.analysis - DEBUG - Recorded step 2: FE=-1.3863
2026-01-09 15:45:55,525 - ModernActiveInference - INFO -   Step 2: coordination_challenge
2026-01-09 15:45:55,525 - ModernActiveInference - INFO -     Coordination score: 0.0000
2026-01-09 15:45:55,525 - ModernActiveInference - INFO -     Action consensus: 0.8000
2026-01-09 15:45:55,525 - ModernActiveInference - INFO -     Agent actions: [1, 0, 1, 0]
2026-01-09 15:45:55,548 - geo_infer_act.utils.analysis - DEBUG - Recorded step 3: FE=-1.7944
2026-01-09 15:45:55,550 - geo_infer_act.utils.analysis - DEBUG - Recorded step 3: FE=-1.6094
2026-01-09 15:45:55,550 - geo_infer_act.utils.analysis - DEBUG - Recorded step 3: FE=-1.3863
2026-01-09 15:45:55,550 - geo_infer_act.utils.analysis - DEBUG - Recorded step 3: FE=-1.3863
2026-01-09 15:45:55,551 - ModernActiveInference - INFO -   Step 3: coordination_challenge
2026-01-09 15:45:55,551 - ModernActiveInference - INFO -     Coordination score: 0.0000
2026-01-09 15:45:55,551 - ModernActiveInference - INFO -     Action consensus: 0.5714
2026-01-09 15:45:55,551 - ModernActiveInference - INFO -     Agent actions: [0, 2, 0, 0]
2026-01-09 15:45:55,574 - geo_infer_act.utils.analysis - DEBUG - Recorded step 4: FE=-1.7944
2026-01-09 15:45:55,576 - geo_infer_act.utils.analysis - DEBUG - Recorded step 4: FE=-1.6094
2026-01-09 15:45:55,576 - geo_infer_act.utils.analysis - DEBUG - Recorded step 4: FE=-1.3863
2026-01-09 15:45:55,576 - geo_infer_act.utils.analysis - DEBUG - Recorded step 4: FE=-1.3863
2026-01-09 15:45:55,577 - ModernActiveInference - INFO -   Step 4: coordination_challenge
2026-01-09 15:45:55,577 - ModernActiveInference - INFO -     Coordination score: 0.0000
2026-01-09 15:45:55,577 - ModernActiveInference - INFO -     Action consensus: 0.5926
2026-01-09 15:45:55,577 - ModernActiveInference - INFO -     Agent actions: [1, 2, 2, 0]
2026-01-09 15:45:55,600 - geo_infer_act.utils.analysis - DEBUG - Recorded step 5: FE=-1.7944
2026-01-09 15:45:55,601 - geo_infer_act.utils.analysis - DEBUG - Recorded step 5: FE=-1.6094
2026-01-09 15:45:55,602 - geo_infer_act.utils.analysis - DEBUG - Recorded step 5: FE=-1.3863
2026-01-09 15:45:55,602 - geo_infer_act.utils.analysis - DEBUG - Recorded step 5: FE=-1.3863
2026-01-09 15:45:55,602 - ModernActiveInference - INFO -   Step 5: coordination_challenge
2026-01-09 15:45:55,602 - ModernActiveInference - INFO -     Coordination score: 0.0000
2026-01-09 15:45:55,602 - ModernActiveInference - INFO -     Action consensus: 0.5714
2026-01-09 15:45:55,602 - ModernActiveInference - INFO -     Agent actions: [0, 2, 0, 0]
2026-01-09 15:45:55,625 - geo_infer_act.utils.analysis - DEBUG - Recorded step 6: FE=-1.7944
2026-01-09 15:45:55,626 - geo_infer_act.utils.analysis - DEBUG - Recorded step 6: FE=-1.6094
2026-01-09 15:45:55,627 - geo_infer_act.utils.analysis - DEBUG - Recorded step 6: FE=-1.3863
2026-01-09 15:45:55,627 - geo_infer_act.utils.analysis - DEBUG - Recorded step 6: FE=-1.3863
2026-01-09 15:45:55,627 - ModernActiveInference - INFO -   Step 6: coordination_challenge
2026-01-09 15:45:55,627 - ModernActiveInference - INFO -     Coordination score: 0.0000
2026-01-09 15:45:55,627 - ModernActiveInference - INFO -     Action consensus: 0.8421
2026-01-09 15:45:55,627 - ModernActiveInference - INFO -     Agent actions: [0, 0, 0, 1]
2026-01-09 15:45:55,651 - geo_infer_act.utils.analysis - DEBUG - Recorded step 7: FE=-1.7944
2026-01-09 15:45:55,653 - geo_infer_act.utils.analysis - DEBUG - Recorded step 7: FE=-1.6094
2026-01-09 15:45:55,653 - geo_infer_act.utils.analysis - DEBUG - Recorded step 7: FE=-1.3863
2026-01-09 15:45:55,654 - geo_infer_act.utils.analysis - DEBUG - Recorded step 7: FE=-1.3863
2026-01-09 15:45:55,654 - ModernActiveInference - INFO -   Step 7: coordination_challenge
2026-01-09 15:45:55,654 - ModernActiveInference - INFO -     Coordination score: 0.0000
2026-01-09 15:45:55,654 - ModernActiveInference - INFO -     Action consensus: 0.6667
2026-01-09 15:45:55,654 - ModernActiveInference - INFO -     Agent actions: [1, 1, 2, 0]
2026-01-09 15:45:55,678 - geo_infer_act.utils.analysis - DEBUG - Recorded step 8: FE=-1.7944
2026-01-09 15:45:55,679 - geo_infer_act.utils.analysis - DEBUG - Recorded step 8: FE=-1.6094
2026-01-09 15:45:55,679 - geo_infer_act.utils.analysis - DEBUG - Recorded step 8: FE=-1.3863
2026-01-09 15:45:55,680 - geo_infer_act.utils.analysis - DEBUG - Recorded step 8: FE=-1.3863
2026-01-09 15:45:55,680 - ModernActiveInference - INFO -   Step 8: consensus_building
2026-01-09 15:45:55,680 - ModernActiveInference - INFO -     Coordination score: 0.0000
2026-01-09 15:45:55,680 - ModernActiveInference - INFO -     Action consensus: 0.8000
2026-01-09 15:45:55,680 - ModernActiveInference - INFO -     Agent actions: [2, 1, 1, 2]
2026-01-09 15:45:55,704 - geo_infer_act.utils.analysis - DEBUG - Recorded step 9: FE=-1.7944
2026-01-09 15:45:55,705 - geo_infer_act.utils.analysis - DEBUG - Recorded step 9: FE=-1.6094
2026-01-09 15:45:55,705 - geo_infer_act.utils.analysis - DEBUG - Recorded step 9: FE=-1.3863
2026-01-09 15:45:55,706 - geo_infer_act.utils.analysis - DEBUG - Recorded step 9: FE=-1.3863
2026-01-09 15:45:55,706 - ModernActiveInference - INFO -   Step 9: consensus_building
2026-01-09 15:45:55,706 - ModernActiveInference - INFO -     Coordination score: 0.0000
2026-01-09 15:45:55,706 - ModernActiveInference - INFO -     Action consensus: 0.8421
2026-01-09 15:45:55,706 - ModernActiveInference - INFO -     Agent actions: [2, 2, 1, 2]
2026-01-09 15:45:55,729 - geo_infer_act.utils.analysis - DEBUG - Recorded step 10: FE=-1.7944
2026-01-09 15:45:55,730 - geo_infer_act.utils.analysis - DEBUG - Recorded step 10: FE=-1.6094
2026-01-09 15:45:55,731 - geo_infer_act.utils.analysis - DEBUG - Recorded step 10: FE=-1.3863
2026-01-09 15:45:55,731 - geo_infer_act.utils.analysis - DEBUG - Recorded step 10: FE=-1.3863
2026-01-09 15:45:55,731 - ModernActiveInference - INFO -   Step 10: consensus_building
2026-01-09 15:45:55,731 - ModernActiveInference - INFO -     Coordination score: 0.0000
2026-01-09 15:45:55,731 - ModernActiveInference - INFO -     Action consensus: 0.8000
2026-01-09 15:45:55,731 - ModernActiveInference - INFO -     Agent actions: [1, 0, 1, 0]
2026-01-09 15:45:55,753 - geo_infer_act.utils.analysis - DEBUG - Recorded step 11: FE=-1.7944
2026-01-09 15:45:55,755 - geo_infer_act.utils.analysis - DEBUG - Recorded step 11: FE=-1.6094
2026-01-09 15:45:55,755 - geo_infer_act.utils.analysis - DEBUG - Recorded step 11: FE=-1.3863
2026-01-09 15:45:55,755 - geo_infer_act.utils.analysis - DEBUG - Recorded step 11: FE=-1.3863
2026-01-09 15:45:55,755 - ModernActiveInference - INFO -   Step 11: consensus_building
2026-01-09 15:45:55,755 - ModernActiveInference - INFO -     Coordination score: 0.0000
2026-01-09 15:45:55,756 - ModernActiveInference - INFO -     Action consensus: 0.6667
2026-01-09 15:45:55,756 - ModernActiveInference - INFO -     Agent actions: [1, 2, 1, 0]
2026-01-09 15:45:55,779 - geo_infer_act.utils.analysis - DEBUG - Recorded step 12: FE=-1.7944
2026-01-09 15:45:55,780 - geo_infer_act.utils.analysis - DEBUG - Recorded step 12: FE=-1.6094
2026-01-09 15:45:55,780 - geo_infer_act.utils.analysis - DEBUG - Recorded step 12: FE=-1.3863
2026-01-09 15:45:55,781 - geo_infer_act.utils.analysis - DEBUG - Recorded step 12: FE=-1.3863
2026-01-09 15:45:55,781 - ModernActiveInference - INFO -   Step 12: consensus_building
2026-01-09 15:45:55,781 - ModernActiveInference - INFO -     Coordination score: 0.0000
2026-01-09 15:45:55,781 - ModernActiveInference - INFO -     Action consensus: 0.6667
2026-01-09 15:45:55,781 - ModernActiveInference - INFO -     Agent actions: [0, 1, 2, 1]
2026-01-09 15:45:55,804 - geo_infer_act.utils.analysis - DEBUG - Recorded step 13: FE=-1.7944
2026-01-09 15:45:55,806 - geo_infer_act.utils.analysis - DEBUG - Recorded step 13: FE=-1.6094
2026-01-09 15:45:55,806 - geo_infer_act.utils.analysis - DEBUG - Recorded step 13: FE=-1.3863
2026-01-09 15:45:55,806 - geo_infer_act.utils.analysis - DEBUG - Recorded step 13: FE=-1.3863
2026-01-09 15:45:55,806 - ModernActiveInference - INFO -   Step 13: consensus_building
2026-01-09 15:45:55,806 - ModernActiveInference - INFO -     Coordination score: 0.0000
2026-01-09 15:45:55,806 - ModernActiveInference - INFO -     Action consensus: 0.5714
2026-01-09 15:45:55,806 - ModernActiveInference - INFO -     Agent actions: [0, 2, 2, 2]
2026-01-09 15:45:55,831 - geo_infer_act.utils.analysis - DEBUG - Recorded step 14: FE=-1.7944
2026-01-09 15:45:55,832 - geo_infer_act.utils.analysis - DEBUG - Recorded step 14: FE=-1.6094
2026-01-09 15:45:55,833 - geo_infer_act.utils.analysis - DEBUG - Recorded step 14: FE=-1.3863
2026-01-09 15:45:55,833 - geo_infer_act.utils.analysis - DEBUG - Recorded step 14: FE=-1.3863
2026-01-09 15:45:55,833 - ModernActiveInference - INFO -   Step 14: consensus_building
2026-01-09 15:45:55,833 - ModernActiveInference - INFO -     Coordination score: 0.0000
2026-01-09 15:45:55,833 - ModernActiveInference - INFO -     Action consensus: 0.5926
2026-01-09 15:45:55,833 - ModernActiveInference - INFO -     Agent actions: [0, 2, 2, 1]
2026-01-09 15:45:55,856 - geo_infer_act.utils.analysis - DEBUG - Recorded step 15: FE=-1.7944
2026-01-09 15:45:55,857 - geo_infer_act.utils.analysis - DEBUG - Recorded step 15: FE=-1.6094
2026-01-09 15:45:55,857 - geo_infer_act.utils.analysis - DEBUG - Recorded step 15: FE=-1.3863
2026-01-09 15:45:55,858 - geo_infer_act.utils.analysis - DEBUG - Recorded step 15: FE=-1.3863
2026-01-09 15:45:55,858 - ModernActiveInference - INFO -   Step 15: synchronized_action
2026-01-09 15:45:55,858 - ModernActiveInference - INFO -     Coordination score: 0.0000
2026-01-09 15:45:55,858 - ModernActiveInference - INFO -     Action consensus: 1.0000
2026-01-09 15:45:55,858 - ModernActiveInference - INFO -     Agent actions: [1, 1, 1, 1]
2026-01-09 15:45:55,881 - geo_infer_act.utils.analysis - DEBUG - Recorded step 16: FE=-1.7944
2026-01-09 15:45:55,882 - geo_infer_act.utils.analysis - DEBUG - Recorded step 16: FE=-1.6094
2026-01-09 15:45:55,883 - geo_infer_act.utils.analysis - DEBUG - Recorded step 16: FE=-1.3863
2026-01-09 15:45:55,883 - geo_infer_act.utils.analysis - DEBUG - Recorded step 16: FE=-1.3863
2026-01-09 15:45:55,883 - ModernActiveInference - INFO -   Step 16: synchronized_action
2026-01-09 15:45:55,883 - ModernActiveInference - INFO -     Coordination score: 0.0000
2026-01-09 15:45:55,883 - ModernActiveInference - INFO -     Action consensus: 0.6667
2026-01-09 15:45:55,883 - ModernActiveInference - INFO -     Agent actions: [2, 1, 1, 0]
2026-01-09 15:45:55,905 - geo_infer_act.utils.analysis - DEBUG - Recorded step 17: FE=-1.7944
2026-01-09 15:45:55,907 - geo_infer_act.utils.analysis - DEBUG - Recorded step 17: FE=-1.6094
2026-01-09 15:45:55,907 - geo_infer_act.utils.analysis - DEBUG - Recorded step 17: FE=-1.3863
2026-01-09 15:45:55,908 - geo_infer_act.utils.analysis - DEBUG - Recorded step 17: FE=-1.3863
2026-01-09 15:45:55,908 - ModernActiveInference - INFO -   Step 17: synchronized_action
2026-01-09 15:45:55,908 - ModernActiveInference - INFO -     Coordination score: 0.0000
2026-01-09 15:45:55,908 - ModernActiveInference - INFO -     Action consensus: 0.8421
2026-01-09 15:45:55,908 - ModernActiveInference - INFO -     Agent actions: [1, 2, 1, 1]
2026-01-09 15:45:55,932 - geo_infer_act.utils.analysis - DEBUG - Recorded step 18: FE=-1.7944
2026-01-09 15:45:55,934 - geo_infer_act.utils.analysis - DEBUG - Recorded step 18: FE=-1.6094
2026-01-09 15:45:55,935 - geo_infer_act.utils.analysis - DEBUG - Recorded step 18: FE=-1.3863
2026-01-09 15:45:55,935 - geo_infer_act.utils.analysis - DEBUG - Recorded step 18: FE=-1.3863
2026-01-09 15:45:55,935 - ModernActiveInference - INFO -   Step 18: synchronized_action
2026-01-09 15:45:55,935 - ModernActiveInference - INFO -     Coordination score: 0.0000
2026-01-09 15:45:55,935 - ModernActiveInference - INFO -     Action consensus: 0.5926
2026-01-09 15:45:55,935 - ModernActiveInference - INFO -     Agent actions: [0, 2, 1, 0]
2026-01-09 15:45:55,959 - geo_infer_act.utils.analysis - DEBUG - Recorded step 19: FE=-1.7944
2026-01-09 15:45:55,961 - geo_infer_act.utils.analysis - DEBUG - Recorded step 19: FE=-1.6094
2026-01-09 15:45:55,961 - geo_infer_act.utils.analysis - DEBUG - Recorded step 19: FE=-1.3863
2026-01-09 15:45:55,961 - geo_infer_act.utils.analysis - DEBUG - Recorded step 19: FE=-1.3863
2026-01-09 15:45:55,961 - ModernActiveInference - INFO -   Step 19: synchronized_action
2026-01-09 15:45:55,961 - ModernActiveInference - INFO -     Coordination score: 0.0000
2026-01-09 15:45:55,961 - ModernActiveInference - INFO -     Action consensus: 0.8421
2026-01-09 15:45:55,961 - ModernActiveInference - INFO -     Agent actions: [1, 1, 1, 2]
2026-01-09 15:45:55,985 - geo_infer_act.utils.analysis - DEBUG - Recorded step 20: FE=-1.7944
2026-01-09 15:45:55,987 - geo_infer_act.utils.analysis - DEBUG - Recorded step 20: FE=-1.6094
2026-01-09 15:45:55,987 - geo_infer_act.utils.analysis - DEBUG - Recorded step 20: FE=-1.3863
2026-01-09 15:45:55,987 - geo_infer_act.utils.analysis - DEBUG - Recorded step 20: FE=-1.3863
2026-01-09 15:45:55,987 - ModernActiveInference - INFO -   Step 20: synchronized_action
2026-01-09 15:45:55,987 - ModernActiveInference - INFO -     Coordination score: 0.0000
2026-01-09 15:45:55,987 - ModernActiveInference - INFO -     Action consensus: 0.6667
2026-01-09 15:45:55,988 - ModernActiveInference - INFO -     Agent actions: [2, 1, 1, 0]
2026-01-09 15:45:55,988 - ModernActiveInference - INFO - Multi-agent coordination analysis complete:
2026-01-09 15:45:55,988 - ModernActiveInference - INFO -   Average coordination: 0.0000
2026-01-09 15:45:55,988 - ModernActiveInference - INFO -   Average consensus: 0.7130
2026-01-09 15:45:55,988 - ModernActiveInference - INFO -   Coordination improvement: 0.0000
2026-01-09 15:45:55,988 - ModernActiveInference - INFO - 
==================================================
2026-01-09 15:45:55,988 - ModernActiveInference - INFO - 6. PERFORMANCE BENCHMARKING
2026-01-09 15:45:55,988 - ModernActiveInference - INFO - ==================================================
2026-01-09 15:45:55,988 - ModernActiveInference - INFO - Benchmarking performance across all models
2026-01-09 15:45:55,988 - geo_infer_act.utils.analysis - INFO - Analyzing perception patterns...
2026-01-09 15:45:55,992 - geo_infer_act.utils.analysis - INFO - Analysis saved to /Users/4d/Documents/GitHub/GEO-INFER/output/modern_active_inference_20260109_154554/hierarchical/analysis/perception_analysis.json
2026-01-09 15:45:55,992 - geo_infer_act.utils.analysis - INFO - Perception pattern analysis completed
2026-01-09 15:45:55,994 - ModernActiveInference - ERROR - Demo failed with error: 'ActiveInferenceAnalyzer' object has no attribute 'analyze_action_patterns'
