2026-02-02 06:44:24,803 - UrbanActiveInference - INFO - Urban Planning Active Inference - Comprehensive Analysis
2026-02-02 06:44:24,804 - UrbanActiveInference - INFO - ======================================================================
2026-02-02 06:44:24,804 - UrbanActiveInference - INFO - Output directory: /Users/4d/Documents/GitHub/GEO-INFER/output/urban_planning_20260202_064424
2026-02-02 06:44:24,804 - UrbanActiveInference - INFO - Starting Urban Planning Active Inference Model
2026-02-02 06:44:24,804 - UrbanActiveInference - INFO - Multi-agent resource allocation and coordination simulation
2026-02-02 06:44:24,804 - UrbanActiveInference - INFO - Initialized urban model: 6 locations, 4 resources, 3 agents
2026-02-02 06:44:24,805 - geo_infer_act.api.interface - INFO - ActiveInferenceInterface initialized
2026-02-02 06:44:24,805 - geo_infer_act.core.active_inference - INFO - Initialized ActiveInferenceModel with type: categorical
2026-02-02 06:44:24,805 - geo_infer_act.api.interface - INFO - Created categorical model: agent_0_government
2026-02-02 06:44:24,805 - geo_infer_act.api.interface - INFO - Set preferences for model agent_0_government
2026-02-02 06:44:24,806 - geo_infer_act.utils.analysis - INFO - ActiveInferenceAnalyzer initialized with output: /Users/4d/Documents/GitHub/GEO-INFER/output/urban_planning_20260202_064424/agent_0
2026-02-02 06:44:24,806 - UrbanActiveInference - INFO - Created model for Government agent (ID: 0)
2026-02-02 06:44:24,806 - geo_infer_act.core.active_inference - INFO - Initialized ActiveInferenceModel with type: categorical
2026-02-02 06:44:24,806 - geo_infer_act.api.interface - INFO - Created categorical model: agent_1_developer
2026-02-02 06:44:24,806 - geo_infer_act.api.interface - INFO - Set preferences for model agent_1_developer
2026-02-02 06:44:24,806 - geo_infer_act.utils.analysis - INFO - ActiveInferenceAnalyzer initialized with output: /Users/4d/Documents/GitHub/GEO-INFER/output/urban_planning_20260202_064424/agent_1
2026-02-02 06:44:24,806 - UrbanActiveInference - INFO - Created model for Developer agent (ID: 1)
2026-02-02 06:44:24,806 - geo_infer_act.core.active_inference - INFO - Initialized ActiveInferenceModel with type: categorical
2026-02-02 06:44:24,806 - geo_infer_act.api.interface - INFO - Created categorical model: agent_2_community
2026-02-02 06:44:24,806 - geo_infer_act.api.interface - INFO - Set preferences for model agent_2_community
2026-02-02 06:44:24,806 - geo_infer_act.utils.analysis - INFO - ActiveInferenceAnalyzer initialized with output: /Users/4d/Documents/GitHub/GEO-INFER/output/urban_planning_20260202_064424/agent_2
2026-02-02 06:44:24,806 - UrbanActiveInference - INFO - Created model for Community agent (ID: 2)
2026-02-02 06:44:24,806 - UrbanActiveInference - INFO - Running urban development simulation for 20 steps...
2026-02-02 06:44:24,806 - UrbanActiveInference - INFO - 
--- Step 1/20 ---
2026-02-02 06:44:24,806 - UrbanActiveInference - INFO - Overall urban quality: 0.521
2026-02-02 06:44:24,806 - UrbanActiveInference - INFO - Cooperation index: 0.781
2026-02-02 06:44:24,807 - UrbanActiveInference - INFO -   Agent 0 (Government):
2026-02-02 06:44:24,807 - UrbanActiveInference - INFO -     Observation: [0.  1.  0.  0.3]
2026-02-02 06:44:24,807 - UrbanActiveInference - INFO -     Belief entropy: 0.7103
2026-02-02 06:44:24,807 - UrbanActiveInference - INFO -     Surprise: 1.3863
2026-02-02 06:44:24,807 - UrbanActiveInference - INFO -     Information gain: 0.6760
2026-02-02 06:44:24,807 - UrbanActiveInference - INFO -     Free energy change: -1.3863 → -0.7103
2026-02-02 06:44:24,807 - UrbanActiveInference - INFO -     Action: Invest 20.0 in Housing at location 1
2026-02-02 06:44:24,807 - UrbanActiveInference - INFO -     Action success: True
2026-02-02 06:44:24,807 - UrbanActiveInference - INFO -     Satisfaction: 0.691
2026-02-02 06:44:24,807 - geo_infer_act.utils.analysis - DEBUG - Recorded step 1: FE=-0.7103
2026-02-02 06:44:24,808 - UrbanActiveInference - INFO -   Agent 1 (Developer):
2026-02-02 06:44:24,808 - UrbanActiveInference - INFO -     Observation: [0.  1.  0.  0.3]
2026-02-02 06:44:24,808 - UrbanActiveInference - INFO -     Belief entropy: 0.7103
2026-02-02 06:44:24,808 - UrbanActiveInference - INFO -     Surprise: 1.3863
2026-02-02 06:44:24,808 - UrbanActiveInference - INFO -     Information gain: 0.6760
2026-02-02 06:44:24,808 - UrbanActiveInference - INFO -     Free energy change: -1.3863 → -0.7103
2026-02-02 06:44:24,808 - UrbanActiveInference - INFO -     Action: Invest 20.0 in Housing at location 4
2026-02-02 06:44:24,808 - UrbanActiveInference - INFO -     Action success: True
2026-02-02 06:44:24,808 - UrbanActiveInference - INFO -     Satisfaction: 0.600
2026-02-02 06:44:24,808 - geo_infer_act.utils.analysis - DEBUG - Recorded step 1: FE=-0.7103
2026-02-02 06:44:24,809 - UrbanActiveInference - INFO -   Agent 2 (Community):
2026-02-02 06:44:24,809 - UrbanActiveInference - INFO -     Observation: [0.  1.  0.  0.3]
2026-02-02 06:44:24,809 - UrbanActiveInference - INFO -     Belief entropy: 0.7103
2026-02-02 06:44:24,809 - UrbanActiveInference - INFO -     Surprise: 1.3863
2026-02-02 06:44:24,809 - UrbanActiveInference - INFO -     Information gain: 0.6760
2026-02-02 06:44:24,809 - UrbanActiveInference - INFO -     Free energy change: -1.3863 → -0.7103
2026-02-02 06:44:24,809 - UrbanActiveInference - INFO -     Action: Invest 20.0 in Housing at location 2
2026-02-02 06:44:24,809 - UrbanActiveInference - INFO -     Action success: True
2026-02-02 06:44:24,809 - UrbanActiveInference - INFO -     Satisfaction: 0.601
2026-02-02 06:44:24,809 - geo_infer_act.utils.analysis - DEBUG - Recorded step 1: FE=-0.7103
2026-02-02 06:44:24,809 - UrbanActiveInference - INFO - 
--- Step 2/20 ---
2026-02-02 06:44:24,809 - UrbanActiveInference - INFO - Overall urban quality: 0.522
2026-02-02 06:44:24,809 - UrbanActiveInference - INFO - Cooperation index: 0.781
2026-02-02 06:44:24,809 - UrbanActiveInference - INFO -   Agent 0 (Government):
2026-02-02 06:44:24,809 - UrbanActiveInference - INFO -     Observation: [0.  1.  0.  0.3]
2026-02-02 06:44:24,809 - UrbanActiveInference - INFO -     Belief entropy: 0.1370
2026-02-02 06:44:24,809 - UrbanActiveInference - INFO -     Surprise: 0.4493
2026-02-02 06:44:24,809 - UrbanActiveInference - INFO -     Information gain: 0.5733
2026-02-02 06:44:24,809 - UrbanActiveInference - INFO -     Free energy change: -0.7103 → -0.1370
2026-02-02 06:44:24,809 - UrbanActiveInference - INFO -     Action: Invest 16.0 in Housing at location 1
2026-02-02 06:44:24,809 - UrbanActiveInference - INFO -     Action success: True
2026-02-02 06:44:24,809 - UrbanActiveInference - INFO -     Satisfaction: 0.843
2026-02-02 06:44:24,809 - geo_infer_act.utils.analysis - DEBUG - Recorded step 2: FE=-0.1370
2026-02-02 06:44:24,810 - UrbanActiveInference - INFO -   Agent 1 (Developer):
2026-02-02 06:44:24,810 - UrbanActiveInference - INFO -     Observation: [0.  1.  0.  0.3]
2026-02-02 06:44:24,810 - UrbanActiveInference - INFO -     Belief entropy: 0.1370
2026-02-02 06:44:24,810 - UrbanActiveInference - INFO -     Surprise: 0.4493
2026-02-02 06:44:24,810 - UrbanActiveInference - INFO -     Information gain: 0.5733
2026-02-02 06:44:24,810 - UrbanActiveInference - INFO -     Free energy change: -0.7103 → -0.1370
2026-02-02 06:44:24,810 - UrbanActiveInference - INFO -     Action: Invest 16.0 in Housing at location 5
2026-02-02 06:44:24,810 - UrbanActiveInference - INFO -     Action success: False
2026-02-02 06:44:24,810 - UrbanActiveInference - INFO -     Satisfaction: 0.600
2026-02-02 06:44:24,810 - geo_infer_act.utils.analysis - DEBUG - Recorded step 2: FE=-0.1370
2026-02-02 06:44:24,810 - UrbanActiveInference - INFO -   Agent 2 (Community):
2026-02-02 06:44:24,810 - UrbanActiveInference - INFO -     Observation: [0.  1.  0.  0.3]
2026-02-02 06:44:24,810 - UrbanActiveInference - INFO -     Belief entropy: 0.1370
2026-02-02 06:44:24,810 - UrbanActiveInference - INFO -     Surprise: 0.4493
2026-02-02 06:44:24,810 - UrbanActiveInference - INFO -     Information gain: 0.5733
2026-02-02 06:44:24,810 - UrbanActiveInference - INFO -     Free energy change: -0.7103 → -0.1370
2026-02-02 06:44:24,810 - UrbanActiveInference - INFO -     Action: Invest 16.0 in Housing at location 5
2026-02-02 06:44:24,810 - UrbanActiveInference - INFO -     Action success: False
2026-02-02 06:44:24,810 - UrbanActiveInference - INFO -     Satisfaction: 0.601
2026-02-02 06:44:24,810 - geo_infer_act.utils.analysis - DEBUG - Recorded step 2: FE=-0.1370
2026-02-02 06:44:24,810 - UrbanActiveInference - INFO - 
--- Step 3/20 ---
2026-02-02 06:44:24,811 - UrbanActiveInference - INFO - Overall urban quality: 0.522
2026-02-02 06:44:24,811 - UrbanActiveInference - INFO - Cooperation index: 0.781
2026-02-02 06:44:24,812 - UrbanActiveInference - INFO -   Agent 0 (Government):
2026-02-02 06:44:24,812 - UrbanActiveInference - INFO -     Observation: [0.  1.  0.  0.3]
2026-02-02 06:44:24,816 - UrbanActiveInference - INFO -     Belief entropy: 0.0219
2026-02-02 06:44:24,816 - UrbanActiveInference - INFO -     Surprise: 0.2822
2026-02-02 06:44:24,816 - UrbanActiveInference - INFO -     Information gain: 0.1151
2026-02-02 06:44:24,816 - UrbanActiveInference - INFO -     Free energy change: -0.1370 → -0.0219
2026-02-02 06:44:24,816 - UrbanActiveInference - INFO -     Action: Invest 12.8 in Housing at location 3
2026-02-02 06:44:24,816 - UrbanActiveInference - INFO -     Action success: False
2026-02-02 06:44:24,816 - UrbanActiveInference - INFO -     Satisfaction: 0.843
2026-02-02 06:44:24,816 - geo_infer_act.utils.analysis - DEBUG - Recorded step 3: FE=-0.0219
2026-02-02 06:44:24,816 - UrbanActiveInference - INFO -   Agent 1 (Developer):
2026-02-02 06:44:24,816 - UrbanActiveInference - INFO -     Observation: [0.  1.  0.  0.3]
2026-02-02 06:44:24,816 - UrbanActiveInference - INFO -     Belief entropy: 0.0219
2026-02-02 06:44:24,816 - UrbanActiveInference - INFO -     Surprise: 0.2822
2026-02-02 06:44:24,816 - UrbanActiveInference - INFO -     Information gain: 0.1151
2026-02-02 06:44:24,816 - UrbanActiveInference - INFO -     Free energy change: -0.1370 → -0.0219
2026-02-02 06:44:24,816 - UrbanActiveInference - INFO -     Action: Invest 16.0 in Housing at location 2
2026-02-02 06:44:24,816 - UrbanActiveInference - INFO -     Action success: True
2026-02-02 06:44:24,816 - UrbanActiveInference - INFO -     Satisfaction: 0.681
2026-02-02 06:44:24,816 - geo_infer_act.utils.analysis - DEBUG - Recorded step 3: FE=-0.0219
2026-02-02 06:44:24,817 - UrbanActiveInference - INFO -   Agent 2 (Community):
2026-02-02 06:44:24,817 - UrbanActiveInference - INFO -     Observation: [0.  1.  0.  0.3]
2026-02-02 06:44:24,817 - UrbanActiveInference - INFO -     Belief entropy: 0.0219
2026-02-02 06:44:24,817 - UrbanActiveInference - INFO -     Surprise: 0.2822
2026-02-02 06:44:24,817 - UrbanActiveInference - INFO -     Information gain: 0.1151
2026-02-02 06:44:24,817 - UrbanActiveInference - INFO -     Free energy change: -0.1370 → -0.0219
2026-02-02 06:44:24,817 - UrbanActiveInference - INFO -     Action: Invest 16.0 in Housing at location 0
2026-02-02 06:44:24,817 - UrbanActiveInference - INFO -     Action success: True
2026-02-02 06:44:24,817 - UrbanActiveInference - INFO -     Satisfaction: 0.638
2026-02-02 06:44:24,817 - geo_infer_act.utils.analysis - DEBUG - Recorded step 3: FE=-0.0219
2026-02-02 06:44:24,817 - UrbanActiveInference - INFO - 
--- Step 4/20 ---
2026-02-02 06:44:24,817 - UrbanActiveInference - INFO - Overall urban quality: 0.523
2026-02-02 06:44:24,817 - UrbanActiveInference - INFO - Cooperation index: 0.781
2026-02-02 06:44:24,817 - UrbanActiveInference - INFO -   Agent 0 (Government):
2026-02-02 06:44:24,817 - UrbanActiveInference - INFO -     Observation: [0.  1.  0.  0.3]
2026-02-02 06:44:24,817 - UrbanActiveInference - INFO -     Belief entropy: 0.0035
2026-02-02 06:44:24,817 - UrbanActiveInference - INFO -     Surprise: 0.2646
2026-02-02 06:44:24,817 - UrbanActiveInference - INFO -     Information gain: 0.0184
2026-02-02 06:44:24,817 - UrbanActiveInference - INFO -     Free energy change: -0.0219 → -0.0035
2026-02-02 06:44:24,817 - UrbanActiveInference - INFO -     Action: Invest 12.8 in Housing at location 3
2026-02-02 06:44:24,817 - UrbanActiveInference - INFO -     Action success: False
2026-02-02 06:44:24,817 - UrbanActiveInference - INFO -     Satisfaction: 0.843
2026-02-02 06:44:24,817 - geo_infer_act.utils.analysis - DEBUG - Recorded step 4: FE=-0.0035
2026-02-02 06:44:24,818 - UrbanActiveInference - INFO -   Agent 1 (Developer):
2026-02-02 06:44:24,818 - UrbanActiveInference - INFO -     Observation: [0.  1.  0.  0.3]
2026-02-02 06:44:24,818 - UrbanActiveInference - INFO -     Belief entropy: 0.0035
2026-02-02 06:44:24,818 - UrbanActiveInference - INFO -     Surprise: 0.2646
2026-02-02 06:44:24,818 - UrbanActiveInference - INFO -     Information gain: 0.0184
2026-02-02 06:44:24,818 - UrbanActiveInference - INFO -     Free energy change: -0.0219 → -0.0035
2026-02-02 06:44:24,818 - UrbanActiveInference - INFO -     Action: Invest 12.8 in Housing at location 5
2026-02-02 06:44:24,818 - UrbanActiveInference - INFO -     Action success: False
2026-02-02 06:44:24,818 - UrbanActiveInference - INFO -     Satisfaction: 0.681
2026-02-02 06:44:24,818 - geo_infer_act.utils.analysis - DEBUG - Recorded step 4: FE=-0.0035
2026-02-02 06:44:24,818 - UrbanActiveInference - INFO -   Agent 2 (Community):
2026-02-02 06:44:24,818 - UrbanActiveInference - INFO -     Observation: [0.  1.  0.  0.3]
2026-02-02 06:44:24,818 - UrbanActiveInference - INFO -     Belief entropy: 0.0035
2026-02-02 06:44:24,818 - UrbanActiveInference - INFO -     Surprise: 0.2646
2026-02-02 06:44:24,818 - UrbanActiveInference - INFO -     Information gain: 0.0184
2026-02-02 06:44:24,818 - UrbanActiveInference - INFO -     Free energy change: -0.0219 → -0.0035
2026-02-02 06:44:24,818 - UrbanActiveInference - INFO -     Action: Invest 12.8 in Housing at location 4
2026-02-02 06:44:24,818 - UrbanActiveInference - INFO -     Action success: True
2026-02-02 06:44:24,818 - UrbanActiveInference - INFO -     Satisfaction: 0.701
2026-02-02 06:44:24,818 - geo_infer_act.utils.analysis - DEBUG - Recorded step 4: FE=-0.0035
2026-02-02 06:44:24,818 - UrbanActiveInference - INFO - 
--- Step 5/20 ---
2026-02-02 06:44:24,818 - UrbanActiveInference - INFO - Overall urban quality: 0.523
2026-02-02 06:44:24,819 - UrbanActiveInference - INFO - Cooperation index: 0.781
2026-02-02 06:44:24,819 - UrbanActiveInference - INFO -   Agent 0 (Government):
2026-02-02 06:44:24,819 - UrbanActiveInference - INFO -     Observation: [0.  1.  0.  0.3]
2026-02-02 06:44:24,819 - UrbanActiveInference - INFO -     Belief entropy: 0.0006
2026-02-02 06:44:24,819 - UrbanActiveInference - INFO -     Surprise: 0.2626
2026-02-02 06:44:24,819 - UrbanActiveInference - INFO -     Information gain: 0.0029
2026-02-02 06:44:24,819 - UrbanActiveInference - INFO -     Free energy change: -0.0035 → -0.0006
2026-02-02 06:44:24,819 - UrbanActiveInference - INFO -     Action: Invest 12.8 in Housing at location 4
2026-02-02 06:44:24,819 - UrbanActiveInference - INFO -     Action success: True
2026-02-02 06:44:24,819 - UrbanActiveInference - INFO -     Satisfaction: 0.966
2026-02-02 06:44:24,819 - geo_infer_act.utils.analysis - DEBUG - Recorded step 5: FE=-0.0006
2026-02-02 06:44:24,819 - UrbanActiveInference - INFO -   Agent 1 (Developer):
2026-02-02 06:44:24,819 - UrbanActiveInference - INFO -     Observation: [0.  1.  0.  0.3]
2026-02-02 06:44:24,819 - UrbanActiveInference - INFO -     Belief entropy: 0.0006
2026-02-02 06:44:24,819 - UrbanActiveInference - INFO -     Surprise: 0.2626
2026-02-02 06:44:24,819 - UrbanActiveInference - INFO -     Information gain: 0.0029
2026-02-02 06:44:24,819 - UrbanActiveInference - INFO -     Free energy change: -0.0035 → -0.0006
2026-02-02 06:44:24,819 - UrbanActiveInference - INFO -     Action: Invest 12.8 in Housing at location 1
2026-02-02 06:44:24,819 - UrbanActiveInference - INFO -     Action success: True
2026-02-02 06:44:24,819 - UrbanActiveInference - INFO -     Satisfaction: 0.744
2026-02-02 06:44:24,820 - geo_infer_act.utils.analysis - DEBUG - Recorded step 5: FE=-0.0006
2026-02-02 06:44:24,820 - UrbanActiveInference - INFO -   Agent 2 (Community):
2026-02-02 06:44:24,820 - UrbanActiveInference - INFO -     Observation: [0.  1.  0.  0.3]
2026-02-02 06:44:24,820 - UrbanActiveInference - INFO -     Belief entropy: 0.0006
2026-02-02 06:44:24,820 - UrbanActiveInference - INFO -     Surprise: 0.2626
2026-02-02 06:44:24,820 - UrbanActiveInference - INFO -     Information gain: 0.0029
2026-02-02 06:44:24,820 - UrbanActiveInference - INFO -     Free energy change: -0.0035 → -0.0006
2026-02-02 06:44:24,820 - UrbanActiveInference - INFO -     Action: Invest 10.2 in Housing at location 5
2026-02-02 06:44:24,820 - UrbanActiveInference - INFO -     Action success: False
2026-02-02 06:44:24,820 - UrbanActiveInference - INFO -     Satisfaction: 0.701
2026-02-02 06:44:24,820 - geo_infer_act.utils.analysis - DEBUG - Recorded step 5: FE=-0.0006
2026-02-02 06:44:25,481 - UrbanActiveInference - INFO -     Generated urban analysis visualization
2026-02-02 06:44:25,481 - UrbanActiveInference - INFO - 
--- Step 6/20 ---
2026-02-02 06:44:25,481 - UrbanActiveInference - INFO - Overall urban quality: 0.524
2026-02-02 06:44:25,481 - UrbanActiveInference - INFO - Cooperation index: 0.781
2026-02-02 06:44:25,481 - UrbanActiveInference - INFO -   Agent 0 (Government):
2026-02-02 06:44:25,481 - UrbanActiveInference - INFO -     Observation: [0.  1.  0.  0.3]
2026-02-02 06:44:25,481 - UrbanActiveInference - INFO -     Belief entropy: 0.0001
2026-02-02 06:44:25,481 - UrbanActiveInference - INFO -     Surprise: 0.2624
2026-02-02 06:44:25,481 - UrbanActiveInference - INFO -     Information gain: 0.0005
2026-02-02 06:44:25,481 - UrbanActiveInference - INFO -     Free energy change: -0.0006 → -0.0001
2026-02-02 06:44:25,482 - UrbanActiveInference - INFO -     Action: Invest 10.2 in Housing at location 4
2026-02-02 06:44:25,482 - UrbanActiveInference - INFO -     Action success: True
2026-02-02 06:44:25,482 - UrbanActiveInference - INFO -     Satisfaction: 1.000
2026-02-02 06:44:25,482 - geo_infer_act.utils.analysis - DEBUG - Recorded step 6: FE=-0.0001
2026-02-02 06:44:25,482 - UrbanActiveInference - INFO -   Agent 1 (Developer):
2026-02-02 06:44:25,482 - UrbanActiveInference - INFO -     Observation: [0.  1.  0.  0.3]
2026-02-02 06:44:25,482 - UrbanActiveInference - INFO -     Belief entropy: 0.0001
2026-02-02 06:44:25,482 - UrbanActiveInference - INFO -     Surprise: 0.2624
2026-02-02 06:44:25,482 - UrbanActiveInference - INFO -     Information gain: 0.0005
2026-02-02 06:44:25,482 - UrbanActiveInference - INFO -     Free energy change: -0.0006 → -0.0001
2026-02-02 06:44:25,482 - UrbanActiveInference - INFO -     Action: Invest 10.2 in Housing at location 1
2026-02-02 06:44:25,482 - UrbanActiveInference - INFO -     Action success: True
2026-02-02 06:44:25,482 - UrbanActiveInference - INFO -     Satisfaction: 0.795
2026-02-02 06:44:25,482 - geo_infer_act.utils.analysis - DEBUG - Recorded step 6: FE=-0.0001
2026-02-02 06:44:25,482 - UrbanActiveInference - INFO -   Agent 2 (Community):
2026-02-02 06:44:25,483 - UrbanActiveInference - INFO -     Observation: [0.  1.  0.  0.3]
2026-02-02 06:44:25,483 - UrbanActiveInference - INFO -     Belief entropy: 0.0001
2026-02-02 06:44:25,483 - UrbanActiveInference - INFO -     Surprise: 0.2624
2026-02-02 06:44:25,483 - UrbanActiveInference - INFO -     Information gain: 0.0005
2026-02-02 06:44:25,483 - UrbanActiveInference - INFO -     Free energy change: -0.0006 → -0.0001
2026-02-02 06:44:25,483 - UrbanActiveInference - INFO -     Action: Invest 10.2 in Housing at location 5
2026-02-02 06:44:25,483 - UrbanActiveInference - INFO -     Action success: False
2026-02-02 06:44:25,483 - UrbanActiveInference - INFO -     Satisfaction: 0.701
2026-02-02 06:44:25,483 - geo_infer_act.utils.analysis - DEBUG - Recorded step 6: FE=-0.0001
2026-02-02 06:44:25,483 - UrbanActiveInference - INFO - 
--- Step 7/20 ---
2026-02-02 06:44:25,483 - UrbanActiveInference - INFO - Overall urban quality: 0.524
2026-02-02 06:44:25,483 - UrbanActiveInference - INFO - Cooperation index: 0.781
2026-02-02 06:44:25,483 - UrbanActiveInference - INFO -   Agent 0 (Government):
2026-02-02 06:44:25,483 - UrbanActiveInference - INFO -     Observation: [0.  1.  0.  0.3]
2026-02-02 06:44:25,483 - UrbanActiveInference - INFO -     Belief entropy: 0.0000
2026-02-02 06:44:25,483 - UrbanActiveInference - INFO -     Surprise: 0.2624
2026-02-02 06:44:25,483 - UrbanActiveInference - INFO -     Information gain: 0.0001
2026-02-02 06:44:25,483 - UrbanActiveInference - INFO -     Free energy change: -0.0001 → -0.0000
2026-02-02 06:44:25,483 - UrbanActiveInference - INFO -     Action: Invest 8.2 in Housing at location 2
2026-02-02 06:44:25,483 - UrbanActiveInference - INFO -     Action success: True
2026-02-02 06:44:25,483 - UrbanActiveInference - INFO -     Satisfaction: 1.000
2026-02-02 06:44:25,483 - geo_infer_act.utils.analysis - DEBUG - Recorded step 7: FE=-0.0000
2026-02-02 06:44:25,484 - UrbanActiveInference - INFO -   Agent 1 (Developer):
2026-02-02 06:44:25,484 - UrbanActiveInference - INFO -     Observation: [0.  1.  0.  0.3]
2026-02-02 06:44:25,484 - UrbanActiveInference - INFO -     Belief entropy: 0.0000
2026-02-02 06:44:25,484 - UrbanActiveInference - INFO -     Surprise: 0.2624
2026-02-02 06:44:25,484 - UrbanActiveInference - INFO -     Information gain: 0.0001
2026-02-02 06:44:25,484 - UrbanActiveInference - INFO -     Free energy change: -0.0001 → -0.0000
2026-02-02 06:44:25,484 - UrbanActiveInference - INFO -     Action: Invest 8.2 in Housing at location 0
2026-02-02 06:44:25,484 - UrbanActiveInference - INFO -     Action success: True
2026-02-02 06:44:25,484 - UrbanActiveInference - INFO -     Satisfaction: 0.814
2026-02-02 06:44:25,484 - geo_infer_act.utils.analysis - DEBUG - Recorded step 7: FE=-0.0000
2026-02-02 06:44:25,484 - UrbanActiveInference - INFO -   Agent 2 (Community):
2026-02-02 06:44:25,484 - UrbanActiveInference - INFO -     Observation: [0.  1.  0.  0.3]
2026-02-02 06:44:25,484 - UrbanActiveInference - INFO -     Belief entropy: 0.0000
2026-02-02 06:44:25,484 - UrbanActiveInference - INFO -     Surprise: 0.2624
2026-02-02 06:44:25,484 - UrbanActiveInference - INFO -     Information gain: 0.0001
2026-02-02 06:44:25,485 - UrbanActiveInference - INFO -     Free energy change: -0.0001 → -0.0000
2026-02-02 06:44:25,485 - UrbanActiveInference - INFO -     Action: Invest 10.2 in Housing at location 5
2026-02-02 06:44:25,485 - UrbanActiveInference - INFO -     Action success: False
2026-02-02 06:44:25,485 - UrbanActiveInference - INFO -     Satisfaction: 0.701
2026-02-02 06:44:25,485 - geo_infer_act.utils.analysis - DEBUG - Recorded step 7: FE=-0.0000
2026-02-02 06:44:25,485 - UrbanActiveInference - INFO - 
--- Step 8/20 ---
2026-02-02 06:44:25,485 - UrbanActiveInference - INFO - Overall urban quality: 0.524
2026-02-02 06:44:25,485 - UrbanActiveInference - INFO - Cooperation index: 0.781
2026-02-02 06:44:25,485 - UrbanActiveInference - INFO -   Agent 0 (Government):
2026-02-02 06:44:25,485 - UrbanActiveInference - INFO -     Observation: [0.  1.  0.  0.3]
2026-02-02 06:44:25,485 - UrbanActiveInference - INFO -     Belief entropy: 0.0000
2026-02-02 06:44:25,485 - UrbanActiveInference - INFO -     Surprise: 0.2624
2026-02-02 06:44:25,485 - UrbanActiveInference - INFO -     Information gain: 0.0000
2026-02-02 06:44:25,485 - UrbanActiveInference - INFO -     Free energy change: -0.0000 → -0.0000
2026-02-02 06:44:25,485 - UrbanActiveInference - INFO -     Action: Invest 6.6 in Housing at location 5
2026-02-02 06:44:25,485 - UrbanActiveInference - INFO -     Action success: False
2026-02-02 06:44:25,485 - UrbanActiveInference - INFO -     Satisfaction: 1.000
2026-02-02 06:44:25,485 - geo_infer_act.utils.analysis - DEBUG - Recorded step 8: FE=-0.0000
2026-02-02 06:44:25,485 - UrbanActiveInference - INFO -   Agent 1 (Developer):
2026-02-02 06:44:25,486 - UrbanActiveInference - INFO -     Observation: [0.  1.  0.  0.3]
2026-02-02 06:44:25,486 - UrbanActiveInference - INFO -     Belief entropy: 0.0000
2026-02-02 06:44:25,486 - UrbanActiveInference - INFO -     Surprise: 0.2624
2026-02-02 06:44:25,486 - UrbanActiveInference - INFO -     Information gain: 0.0000
2026-02-02 06:44:25,486 - UrbanActiveInference - INFO -     Free energy change: -0.0000 → -0.0000
2026-02-02 06:44:25,486 - UrbanActiveInference - INFO -     Action: Invest 6.6 in Housing at location 3
2026-02-02 06:44:25,486 - UrbanActiveInference - INFO -     Action success: False
2026-02-02 06:44:25,486 - UrbanActiveInference - INFO -     Satisfaction: 0.814
2026-02-02 06:44:25,486 - geo_infer_act.utils.analysis - DEBUG - Recorded step 8: FE=-0.0000
2026-02-02 06:44:25,486 - UrbanActiveInference - INFO -   Agent 2 (Community):
2026-02-02 06:44:25,486 - UrbanActiveInference - INFO -     Observation: [0.  1.  0.  0.3]
2026-02-02 06:44:25,486 - UrbanActiveInference - INFO -     Belief entropy: 0.0000
2026-02-02 06:44:25,486 - UrbanActiveInference - INFO -     Surprise: 0.2624
2026-02-02 06:44:25,486 - UrbanActiveInference - INFO -     Information gain: 0.0000
2026-02-02 06:44:25,486 - UrbanActiveInference - INFO -     Free energy change: -0.0000 → -0.0000
2026-02-02 06:44:25,486 - UrbanActiveInference - INFO -     Action: Invest 10.2 in Housing at location 5
2026-02-02 06:44:25,486 - UrbanActiveInference - INFO -     Action success: False
2026-02-02 06:44:25,486 - UrbanActiveInference - INFO -     Satisfaction: 0.701
2026-02-02 06:44:25,486 - geo_infer_act.utils.analysis - DEBUG - Recorded step 8: FE=-0.0000
2026-02-02 06:44:25,486 - UrbanActiveInference - INFO - 
--- Step 9/20 ---
2026-02-02 06:44:25,486 - UrbanActiveInference - INFO - Overall urban quality: 0.524
2026-02-02 06:44:25,486 - UrbanActiveInference - INFO - Cooperation index: 0.781
2026-02-02 06:44:25,487 - UrbanActiveInference - INFO -   Agent 0 (Government):
2026-02-02 06:44:25,487 - UrbanActiveInference - INFO -     Observation: [0.  1.  0.  0.3]
2026-02-02 06:44:25,487 - UrbanActiveInference - INFO -     Belief entropy: 0.0000
2026-02-02 06:44:25,487 - UrbanActiveInference - INFO -     Surprise: 0.2624
2026-02-02 06:44:25,487 - UrbanActiveInference - INFO -     Information gain: 0.0000
2026-02-02 06:44:25,487 - UrbanActiveInference - INFO -     Free energy change: -0.0000 → -0.0000
2026-02-02 06:44:25,487 - UrbanActiveInference - INFO -     Action: Invest 6.6 in Housing at location 2
2026-02-02 06:44:25,487 - UrbanActiveInference - INFO -     Action success: True
2026-02-02 06:44:25,487 - UrbanActiveInference - INFO -     Satisfaction: 1.000
2026-02-02 06:44:25,487 - geo_infer_act.utils.analysis - DEBUG - Recorded step 9: FE=-0.0000
2026-02-02 06:44:25,487 - UrbanActiveInference - INFO -   Agent 1 (Developer):
2026-02-02 06:44:25,487 - UrbanActiveInference - INFO -     Observation: [0.  1.  0.  0.3]
2026-02-02 06:44:25,487 - UrbanActiveInference - INFO -     Belief entropy: 0.0000
2026-02-02 06:44:25,487 - UrbanActiveInference - INFO -     Surprise: 0.2624
2026-02-02 06:44:25,487 - UrbanActiveInference - INFO -     Information gain: 0.0000
2026-02-02 06:44:25,487 - UrbanActiveInference - INFO -     Free energy change: -0.0000 → -0.0000
2026-02-02 06:44:25,487 - UrbanActiveInference - INFO -     Action: Invest 6.6 in Housing at location 3
2026-02-02 06:44:25,487 - UrbanActiveInference - INFO -     Action success: False
2026-02-02 06:44:25,487 - UrbanActiveInference - INFO -     Satisfaction: 0.814
2026-02-02 06:44:25,487 - geo_infer_act.utils.analysis - DEBUG - Recorded step 9: FE=-0.0000
2026-02-02 06:44:25,488 - UrbanActiveInference - INFO -   Agent 2 (Community):
2026-02-02 06:44:25,488 - UrbanActiveInference - INFO -     Observation: [0.  1.  0.  0.3]
2026-02-02 06:44:25,488 - UrbanActiveInference - INFO -     Belief entropy: 0.0000
2026-02-02 06:44:25,488 - UrbanActiveInference - INFO -     Surprise: 0.2624
2026-02-02 06:44:25,488 - UrbanActiveInference - INFO -     Information gain: 0.0000
2026-02-02 06:44:25,488 - UrbanActiveInference - INFO -     Free energy change: -0.0000 → -0.0000
2026-02-02 06:44:25,488 - UrbanActiveInference - INFO -     Action: Invest 10.2 in Housing at location 1
2026-02-02 06:44:25,488 - UrbanActiveInference - INFO -     Action success: True
2026-02-02 06:44:25,488 - UrbanActiveInference - INFO -     Satisfaction: 0.752
2026-02-02 06:44:25,488 - geo_infer_act.utils.analysis - DEBUG - Recorded step 9: FE=-0.0000
2026-02-02 06:44:25,488 - UrbanActiveInference - INFO - 
--- Step 10/20 ---
2026-02-02 06:44:25,488 - UrbanActiveInference - INFO - Overall urban quality: 0.525
2026-02-02 06:44:25,488 - UrbanActiveInference - INFO - Cooperation index: 0.781
2026-02-02 06:44:25,488 - UrbanActiveInference - INFO -   Agent 0 (Government):
2026-02-02 06:44:25,488 - UrbanActiveInference - INFO -     Observation: [0.  1.  0.  0.3]
2026-02-02 06:44:25,488 - UrbanActiveInference - INFO -     Belief entropy: 0.0000
2026-02-02 06:44:25,488 - UrbanActiveInference - INFO -     Surprise: 0.2624
2026-02-02 06:44:25,488 - UrbanActiveInference - INFO -     Information gain: 0.0000
2026-02-02 06:44:25,488 - UrbanActiveInference - INFO -     Free energy change: -0.0000 → -0.0000
2026-02-02 06:44:25,488 - UrbanActiveInference - INFO -     Action: Invest 5.2 in Housing at location 3
2026-02-02 06:44:25,488 - UrbanActiveInference - INFO -     Action success: False
2026-02-02 06:44:25,488 - UrbanActiveInference - INFO -     Satisfaction: 1.000
2026-02-02 06:44:25,488 - geo_infer_act.utils.analysis - DEBUG - Recorded step 10: FE=-0.0000
2026-02-02 06:44:25,489 - UrbanActiveInference - INFO -   Agent 1 (Developer):
2026-02-02 06:44:25,489 - UrbanActiveInference - INFO -     Observation: [0.  1.  0.  0.3]
2026-02-02 06:44:25,489 - UrbanActiveInference - INFO -     Belief entropy: 0.0000
2026-02-02 06:44:25,489 - UrbanActiveInference - INFO -     Surprise: 0.2624
2026-02-02 06:44:25,489 - UrbanActiveInference - INFO -     Information gain: 0.0000
2026-02-02 06:44:25,489 - UrbanActiveInference - INFO -     Free energy change: -0.0000 → -0.0000
2026-02-02 06:44:25,489 - UrbanActiveInference - INFO -     Action: Invest 6.6 in Housing at location 4
2026-02-02 06:44:25,489 - UrbanActiveInference - INFO -     Action success: True
2026-02-02 06:44:25,489 - UrbanActiveInference - INFO -     Satisfaction: 0.847
2026-02-02 06:44:25,489 - geo_infer_act.utils.analysis - DEBUG - Recorded step 10: FE=-0.0000
2026-02-02 06:44:25,489 - UrbanActiveInference - INFO -   Agent 2 (Community):
2026-02-02 06:44:25,489 - UrbanActiveInference - INFO -     Observation: [0.  1.  0.  0.3]
2026-02-02 06:44:25,489 - UrbanActiveInference - INFO -     Belief entropy: 0.0000
2026-02-02 06:44:25,489 - UrbanActiveInference - INFO -     Surprise: 0.2624
2026-02-02 06:44:25,489 - UrbanActiveInference - INFO -     Information gain: 0.0000
2026-02-02 06:44:25,489 - UrbanActiveInference - INFO -     Free energy change: -0.0000 → -0.0000
2026-02-02 06:44:25,489 - UrbanActiveInference - INFO -     Action: Invest 8.2 in Housing at location 5
2026-02-02 06:44:25,489 - UrbanActiveInference - INFO -     Action success: False
2026-02-02 06:44:25,489 - UrbanActiveInference - INFO -     Satisfaction: 0.752
2026-02-02 06:44:25,489 - geo_infer_act.utils.analysis - DEBUG - Recorded step 10: FE=-0.0000
2026-02-02 06:44:26,077 - UrbanActiveInference - INFO -     Generated urban analysis visualization
2026-02-02 06:44:26,077 - UrbanActiveInference - INFO - 
--- Step 11/20 ---
2026-02-02 06:44:26,077 - UrbanActiveInference - INFO - Overall urban quality: 0.525
2026-02-02 06:44:26,077 - UrbanActiveInference - INFO - Cooperation index: 0.781
2026-02-02 06:44:26,077 - UrbanActiveInference - INFO -   Agent 0 (Government):
2026-02-02 06:44:26,078 - UrbanActiveInference - INFO -     Observation: [0.  1.  0.  0.3]
2026-02-02 06:44:26,078 - UrbanActiveInference - INFO -     Belief entropy: -0.0000
2026-02-02 06:44:26,078 - UrbanActiveInference - INFO -     Surprise: 0.2624
2026-02-02 06:44:26,078 - UrbanActiveInference - INFO -     Information gain: 0.0000
2026-02-02 06:44:26,078 - UrbanActiveInference - INFO -     Free energy change: -0.0000 → -0.0000
2026-02-02 06:44:26,078 - UrbanActiveInference - INFO -     Action: Invest 5.2 in Housing at location 3
2026-02-02 06:44:26,078 - UrbanActiveInference - INFO -     Action success: False
2026-02-02 06:44:26,078 - UrbanActiveInference - INFO -     Satisfaction: 1.000
2026-02-02 06:44:26,078 - geo_infer_act.utils.analysis - DEBUG - Recorded step 11: FE=-0.0000
2026-02-02 06:44:26,078 - UrbanActiveInference - INFO -   Agent 1 (Developer):
2026-02-02 06:44:26,078 - UrbanActiveInference - INFO -     Observation: [0.  1.  0.  0.3]
2026-02-02 06:44:26,078 - UrbanActiveInference - INFO -     Belief entropy: -0.0000
2026-02-02 06:44:26,078 - UrbanActiveInference - INFO -     Surprise: 0.2624
2026-02-02 06:44:26,078 - UrbanActiveInference - INFO -     Information gain: 0.0000
2026-02-02 06:44:26,078 - UrbanActiveInference - INFO -     Free energy change: -0.0000 → -0.0000
2026-02-02 06:44:26,078 - UrbanActiveInference - INFO -     Action: Invest 5.2 in Housing at location 0
2026-02-02 06:44:26,078 - UrbanActiveInference - INFO -     Action success: True
2026-02-02 06:44:26,078 - UrbanActiveInference - INFO -     Satisfaction: 0.859
2026-02-02 06:44:26,078 - geo_infer_act.utils.analysis - DEBUG - Recorded step 11: FE=-0.0000
2026-02-02 06:44:26,079 - UrbanActiveInference - INFO -   Agent 2 (Community):
2026-02-02 06:44:26,079 - UrbanActiveInference - INFO -     Observation: [0.  1.  0.  0.3]
2026-02-02 06:44:26,079 - UrbanActiveInference - INFO -     Belief entropy: -0.0000
2026-02-02 06:44:26,079 - UrbanActiveInference - INFO -     Surprise: 0.2624
2026-02-02 06:44:26,079 - UrbanActiveInference - INFO -     Information gain: 0.0000
2026-02-02 06:44:26,079 - UrbanActiveInference - INFO -     Free energy change: -0.0000 → -0.0000
2026-02-02 06:44:26,079 - UrbanActiveInference - INFO -     Action: Invest 8.2 in Housing at location 4
2026-02-02 06:44:26,079 - UrbanActiveInference - INFO -     Action success: True
2026-02-02 06:44:26,079 - UrbanActiveInference - INFO -     Satisfaction: 0.793
2026-02-02 06:44:26,079 - geo_infer_act.utils.analysis - DEBUG - Recorded step 11: FE=-0.0000
2026-02-02 06:44:26,079 - UrbanActiveInference - INFO - 
--- Step 12/20 ---
2026-02-02 06:44:26,079 - UrbanActiveInference - INFO - Overall urban quality: 0.525
2026-02-02 06:44:26,079 - UrbanActiveInference - INFO - Cooperation index: 0.781
2026-02-02 06:44:26,079 - UrbanActiveInference - INFO -   Agent 0 (Government):
2026-02-02 06:44:26,079 - UrbanActiveInference - INFO -     Observation: [0.  1.  0.  0.3]
2026-02-02 06:44:26,079 - UrbanActiveInference - INFO -     Belief entropy: -0.0000
2026-02-02 06:44:26,079 - UrbanActiveInference - INFO -     Surprise: 0.2624
2026-02-02 06:44:26,079 - UrbanActiveInference - INFO -     Information gain: 0.0000
2026-02-02 06:44:26,079 - UrbanActiveInference - INFO -     Free energy change: -0.0000 → -0.0000
2026-02-02 06:44:26,079 - UrbanActiveInference - INFO -     Action: Invest 5.2 in Housing at location 1
2026-02-02 06:44:26,079 - UrbanActiveInference - INFO -     Action success: True
2026-02-02 06:44:26,079 - UrbanActiveInference - INFO -     Satisfaction: 1.000
2026-02-02 06:44:26,079 - geo_infer_act.utils.analysis - DEBUG - Recorded step 12: FE=-0.0000
2026-02-02 06:44:26,080 - UrbanActiveInference - INFO -   Agent 1 (Developer):
2026-02-02 06:44:26,080 - UrbanActiveInference - INFO -     Observation: [0.  1.  0.  0.3]
2026-02-02 06:44:26,080 - UrbanActiveInference - INFO -     Belief entropy: -0.0000
2026-02-02 06:44:26,080 - UrbanActiveInference - INFO -     Surprise: 0.2624
2026-02-02 06:44:26,080 - UrbanActiveInference - INFO -     Information gain: 0.0000
2026-02-02 06:44:26,080 - UrbanActiveInference - INFO -     Free energy change: -0.0000 → -0.0000
2026-02-02 06:44:26,080 - UrbanActiveInference - INFO -     Action: Invest 4.2 in Housing at location 0
2026-02-02 06:44:26,080 - UrbanActiveInference - INFO -     Action success: True
2026-02-02 06:44:26,080 - UrbanActiveInference - INFO -     Satisfaction: 0.869
2026-02-02 06:44:26,080 - geo_infer_act.utils.analysis - DEBUG - Recorded step 12: FE=-0.0000
2026-02-02 06:44:26,080 - UrbanActiveInference - INFO -   Agent 2 (Community):
2026-02-02 06:44:26,080 - UrbanActiveInference - INFO -     Observation: [0.  1.  0.  0.3]
2026-02-02 06:44:26,080 - UrbanActiveInference - INFO -     Belief entropy: -0.0000
2026-02-02 06:44:26,080 - UrbanActiveInference - INFO -     Surprise: 0.2624
2026-02-02 06:44:26,080 - UrbanActiveInference - INFO -     Information gain: 0.0000
2026-02-02 06:44:26,080 - UrbanActiveInference - INFO -     Free energy change: -0.0000 → -0.0000
2026-02-02 06:44:26,080 - UrbanActiveInference - INFO -     Action: Invest 6.6 in Housing at location 0
2026-02-02 06:44:26,080 - UrbanActiveInference - INFO -     Action success: True
2026-02-02 06:44:26,080 - UrbanActiveInference - INFO -     Satisfaction: 0.808
2026-02-02 06:44:26,080 - geo_infer_act.utils.analysis - DEBUG - Recorded step 12: FE=-0.0000
2026-02-02 06:44:26,080 - UrbanActiveInference - INFO - 
--- Step 13/20 ---
2026-02-02 06:44:26,081 - UrbanActiveInference - INFO - Overall urban quality: 0.525
2026-02-02 06:44:26,081 - UrbanActiveInference - INFO - Cooperation index: 0.781
2026-02-02 06:44:26,081 - UrbanActiveInference - INFO -   Agent 0 (Government):
2026-02-02 06:44:26,081 - UrbanActiveInference - INFO -     Observation: [0.  1.  0.  0.3]
2026-02-02 06:44:26,081 - UrbanActiveInference - INFO -     Belief entropy: -0.0000
2026-02-02 06:44:26,081 - UrbanActiveInference - INFO -     Surprise: 0.2624
2026-02-02 06:44:26,081 - UrbanActiveInference - INFO -     Information gain: 0.0000
2026-02-02 06:44:26,081 - UrbanActiveInference - INFO -     Free energy change: -0.0000 → -0.0000
2026-02-02 06:44:26,081 - UrbanActiveInference - INFO -     Action: Invest 4.2 in Housing at location 2
2026-02-02 06:44:26,081 - UrbanActiveInference - INFO -     Action success: True
2026-02-02 06:44:26,081 - UrbanActiveInference - INFO -     Satisfaction: 1.000
2026-02-02 06:44:26,081 - geo_infer_act.utils.analysis - DEBUG - Recorded step 13: FE=-0.0000
2026-02-02 06:44:26,081 - UrbanActiveInference - INFO -   Agent 1 (Developer):
2026-02-02 06:44:26,081 - UrbanActiveInference - INFO -     Observation: [0.  1.  0.  0.3]
2026-02-02 06:44:26,081 - UrbanActiveInference - INFO -     Belief entropy: -0.0000
2026-02-02 06:44:26,082 - UrbanActiveInference - INFO -     Surprise: 0.2624
2026-02-02 06:44:26,082 - UrbanActiveInference - INFO -     Information gain: 0.0000
2026-02-02 06:44:26,082 - UrbanActiveInference - INFO -     Free energy change: -0.0000 → -0.0000
2026-02-02 06:44:26,082 - UrbanActiveInference - INFO -     Action: Invest 3.4 in Housing at location 2
2026-02-02 06:44:26,082 - UrbanActiveInference - INFO -     Action success: True
2026-02-02 06:44:26,082 - UrbanActiveInference - INFO -     Satisfaction: 0.886
2026-02-02 06:44:26,082 - geo_infer_act.utils.analysis - DEBUG - Recorded step 13: FE=-0.0000
2026-02-02 06:44:26,082 - UrbanActiveInference - INFO -   Agent 2 (Community):
2026-02-02 06:44:26,082 - UrbanActiveInference - INFO -     Observation: [0.  1.  0.  0.3]
2026-02-02 06:44:26,082 - UrbanActiveInference - INFO -     Belief entropy: -0.0000
2026-02-02 06:44:26,082 - UrbanActiveInference - INFO -     Surprise: 0.2624
2026-02-02 06:44:26,082 - UrbanActiveInference - INFO -     Information gain: 0.0000
2026-02-02 06:44:26,082 - UrbanActiveInference - INFO -     Free energy change: -0.0000 → -0.0000
2026-02-02 06:44:26,082 - UrbanActiveInference - INFO -     Action: Invest 5.2 in Housing at location 3
2026-02-02 06:44:26,082 - UrbanActiveInference - INFO -     Action success: False
2026-02-02 06:44:26,082 - UrbanActiveInference - INFO -     Satisfaction: 0.808
2026-02-02 06:44:26,082 - geo_infer_act.utils.analysis - DEBUG - Recorded step 13: FE=-0.0000
2026-02-02 06:44:26,082 - UrbanActiveInference - INFO - 
--- Step 14/20 ---
2026-02-02 06:44:26,082 - UrbanActiveInference - INFO - Overall urban quality: 0.525
2026-02-02 06:44:26,082 - UrbanActiveInference - INFO - Cooperation index: 0.781
2026-02-02 06:44:26,083 - UrbanActiveInference - INFO -   Agent 0 (Government):
2026-02-02 06:44:26,083 - UrbanActiveInference - INFO -     Observation: [0.  1.  0.  0.3]
2026-02-02 06:44:26,083 - UrbanActiveInference - INFO -     Belief entropy: -0.0000
2026-02-02 06:44:26,083 - UrbanActiveInference - INFO -     Surprise: 0.2624
2026-02-02 06:44:26,083 - UrbanActiveInference - INFO -     Information gain: 0.0000
2026-02-02 06:44:26,083 - UrbanActiveInference - INFO -     Free energy change: -0.0000 → -0.0000
2026-02-02 06:44:26,083 - UrbanActiveInference - INFO -     Action: Invest 3.4 in Housing at location 5
2026-02-02 06:44:26,083 - UrbanActiveInference - INFO -     Action success: False
2026-02-02 06:44:26,083 - UrbanActiveInference - INFO -     Satisfaction: 1.000
2026-02-02 06:44:26,083 - geo_infer_act.utils.analysis - DEBUG - Recorded step 14: FE=-0.0000
2026-02-02 06:44:26,083 - UrbanActiveInference - INFO -   Agent 1 (Developer):
2026-02-02 06:44:26,083 - UrbanActiveInference - INFO -     Observation: [0.  1.  0.  0.3]
2026-02-02 06:44:26,083 - UrbanActiveInference - INFO -     Belief entropy: -0.0000
2026-02-02 06:44:26,083 - UrbanActiveInference - INFO -     Surprise: 0.2624
2026-02-02 06:44:26,083 - UrbanActiveInference - INFO -     Information gain: 0.0000
2026-02-02 06:44:26,083 - UrbanActiveInference - INFO -     Free energy change: -0.0000 → -0.0000
2026-02-02 06:44:26,083 - UrbanActiveInference - INFO -     Action: Invest 2.7 in Housing at location 4
2026-02-02 06:44:26,083 - UrbanActiveInference - INFO -     Action success: True
2026-02-02 06:44:26,083 - UrbanActiveInference - INFO -     Satisfaction: 0.899
2026-02-02 06:44:26,083 - geo_infer_act.utils.analysis - DEBUG - Recorded step 14: FE=-0.0000
2026-02-02 06:44:26,084 - UrbanActiveInference - INFO -   Agent 2 (Community):
2026-02-02 06:44:26,084 - UrbanActiveInference - INFO -     Observation: [0.  1.  0.  0.3]
2026-02-02 06:44:26,084 - UrbanActiveInference - INFO -     Belief entropy: -0.0000
2026-02-02 06:44:26,084 - UrbanActiveInference - INFO -     Surprise: 0.2624
2026-02-02 06:44:26,084 - UrbanActiveInference - INFO -     Information gain: 0.0000
2026-02-02 06:44:26,084 - UrbanActiveInference - INFO -     Free energy change: -0.0000 → -0.0000
2026-02-02 06:44:26,084 - UrbanActiveInference - INFO -     Action: Invest 5.2 in Housing at location 1
2026-02-02 06:44:26,084 - UrbanActiveInference - INFO -     Action success: True
2026-02-02 06:44:26,084 - UrbanActiveInference - INFO -     Satisfaction: 0.834
2026-02-02 06:44:26,084 - geo_infer_act.utils.analysis - DEBUG - Recorded step 14: FE=-0.0000
2026-02-02 06:44:26,084 - UrbanActiveInference - INFO - 
--- Step 15/20 ---
2026-02-02 06:44:26,084 - UrbanActiveInference - INFO - Overall urban quality: 0.526
2026-02-02 06:44:26,084 - UrbanActiveInference - INFO - Cooperation index: 0.781
2026-02-02 06:44:26,084 - UrbanActiveInference - INFO -   Agent 0 (Government):
2026-02-02 06:44:26,084 - UrbanActiveInference - INFO -     Observation: [0.  1.  0.  0.3]
2026-02-02 06:44:26,084 - UrbanActiveInference - INFO -     Belief entropy: -0.0000
2026-02-02 06:44:26,084 - UrbanActiveInference - INFO -     Surprise: 0.2624
2026-02-02 06:44:26,084 - UrbanActiveInference - INFO -     Information gain: 0.0000
2026-02-02 06:44:26,084 - UrbanActiveInference - INFO -     Free energy change: -0.0000 → -0.0000
2026-02-02 06:44:26,084 - UrbanActiveInference - INFO -     Action: Invest 3.4 in Housing at location 3
2026-02-02 06:44:26,084 - UrbanActiveInference - INFO -     Action success: False
2026-02-02 06:44:26,084 - UrbanActiveInference - INFO -     Satisfaction: 1.000
2026-02-02 06:44:26,085 - geo_infer_act.utils.analysis - DEBUG - Recorded step 15: FE=-0.0000
2026-02-02 06:44:26,085 - UrbanActiveInference - INFO -   Agent 1 (Developer):
2026-02-02 06:44:26,085 - UrbanActiveInference - INFO -     Observation: [0.  1.  0.  0.3]
2026-02-02 06:44:26,085 - UrbanActiveInference - INFO -     Belief entropy: -0.0000
2026-02-02 06:44:26,085 - UrbanActiveInference - INFO -     Surprise: 0.2624
2026-02-02 06:44:26,085 - UrbanActiveInference - INFO -     Information gain: 0.0000
2026-02-02 06:44:26,085 - UrbanActiveInference - INFO -     Free energy change: -0.0000 → -0.0000
2026-02-02 06:44:26,085 - UrbanActiveInference - INFO -     Action: Invest 2.1 in Housing at location 2
2026-02-02 06:44:26,085 - UrbanActiveInference - INFO -     Action success: True
2026-02-02 06:44:26,085 - UrbanActiveInference - INFO -     Satisfaction: 0.910
2026-02-02 06:44:26,085 - geo_infer_act.utils.analysis - DEBUG - Recorded step 15: FE=-0.0000
2026-02-02 06:44:26,085 - UrbanActiveInference - INFO -   Agent 2 (Community):
2026-02-02 06:44:26,085 - UrbanActiveInference - INFO -     Observation: [0.  1.  0.  0.3]
2026-02-02 06:44:26,085 - UrbanActiveInference - INFO -     Belief entropy: -0.0000
2026-02-02 06:44:26,085 - UrbanActiveInference - INFO -     Surprise: 0.2624
2026-02-02 06:44:26,086 - UrbanActiveInference - INFO -     Information gain: 0.0000
2026-02-02 06:44:26,086 - UrbanActiveInference - INFO -     Free energy change: -0.0000 → -0.0000
2026-02-02 06:44:26,086 - UrbanActiveInference - INFO -     Action: Invest 4.2 in Housing at location 1
2026-02-02 06:44:26,086 - UrbanActiveInference - INFO -     Action success: True
2026-02-02 06:44:26,086 - UrbanActiveInference - INFO -     Satisfaction: 0.855
2026-02-02 06:44:26,086 - geo_infer_act.utils.analysis - DEBUG - Recorded step 15: FE=-0.0000
2026-02-02 06:44:26,698 - UrbanActiveInference - INFO -     Generated urban analysis visualization
2026-02-02 06:44:26,698 - UrbanActiveInference - INFO - 
--- Step 16/20 ---
2026-02-02 06:44:26,698 - UrbanActiveInference - INFO - Overall urban quality: 0.526
2026-02-02 06:44:26,698 - UrbanActiveInference - INFO - Cooperation index: 0.781
2026-02-02 06:44:26,698 - UrbanActiveInference - INFO -   Agent 0 (Government):
2026-02-02 06:44:26,698 - UrbanActiveInference - INFO -     Observation: [0.  1.  0.  0.3]
2026-02-02 06:44:26,698 - UrbanActiveInference - INFO -     Belief entropy: -0.0000
2026-02-02 06:44:26,698 - UrbanActiveInference - INFO -     Surprise: 0.2624
2026-02-02 06:44:26,698 - UrbanActiveInference - INFO -     Information gain: 0.0000
2026-02-02 06:44:26,698 - UrbanActiveInference - INFO -     Free energy change: -0.0000 → -0.0000
2026-02-02 06:44:26,698 - UrbanActiveInference - INFO -     Action: Invest 3.4 in Housing at location 2
2026-02-02 06:44:26,698 - UrbanActiveInference - INFO -     Action success: True
2026-02-02 06:44:26,698 - UrbanActiveInference - INFO -     Satisfaction: 1.000
2026-02-02 06:44:26,698 - geo_infer_act.utils.analysis - DEBUG - Recorded step 16: FE=-0.0000
2026-02-02 06:44:26,699 - UrbanActiveInference - INFO -   Agent 1 (Developer):
2026-02-02 06:44:26,699 - UrbanActiveInference - INFO -     Observation: [0.  1.  0.  0.3]
2026-02-02 06:44:26,699 - UrbanActiveInference - INFO -     Belief entropy: -0.0000
2026-02-02 06:44:26,699 - UrbanActiveInference - INFO -     Surprise: 0.2624
2026-02-02 06:44:26,699 - UrbanActiveInference - INFO -     Information gain: 0.0000
2026-02-02 06:44:26,699 - UrbanActiveInference - INFO -     Free energy change: -0.0000 → -0.0000
2026-02-02 06:44:26,699 - UrbanActiveInference - INFO -     Action: Invest 1.7 in Housing at location 0
2026-02-02 06:44:26,699 - UrbanActiveInference - INFO -     Action success: True
2026-02-02 06:44:26,699 - UrbanActiveInference - INFO -     Satisfaction: 0.914
2026-02-02 06:44:26,699 - geo_infer_act.utils.analysis - DEBUG - Recorded step 16: FE=-0.0000
2026-02-02 06:44:26,699 - UrbanActiveInference - INFO -   Agent 2 (Community):
2026-02-02 06:44:26,699 - UrbanActiveInference - INFO -     Observation: [0.  1.  0.  0.3]
2026-02-02 06:44:26,699 - UrbanActiveInference - INFO -     Belief entropy: -0.0000
2026-02-02 06:44:26,699 - UrbanActiveInference - INFO -     Surprise: 0.2624
2026-02-02 06:44:26,699 - UrbanActiveInference - INFO -     Information gain: 0.0000
2026-02-02 06:44:26,699 - UrbanActiveInference - INFO -     Free energy change: -0.0000 → -0.0000
2026-02-02 06:44:26,699 - UrbanActiveInference - INFO -     Action: Invest 3.4 in Housing at location 5
2026-02-02 06:44:26,699 - UrbanActiveInference - INFO -     Action success: False
2026-02-02 06:44:26,699 - UrbanActiveInference - INFO -     Satisfaction: 0.855
2026-02-02 06:44:26,700 - geo_infer_act.utils.analysis - DEBUG - Recorded step 16: FE=-0.0000
2026-02-02 06:44:26,700 - UrbanActiveInference - INFO - 
--- Step 17/20 ---
2026-02-02 06:44:26,700 - UrbanActiveInference - INFO - Overall urban quality: 0.526
2026-02-02 06:44:26,700 - UrbanActiveInference - INFO - Cooperation index: 0.781
2026-02-02 06:44:26,700 - UrbanActiveInference - INFO -   Agent 0 (Government):
2026-02-02 06:44:26,700 - UrbanActiveInference - INFO -     Observation: [0.  1.  0.  0.3]
2026-02-02 06:44:26,700 - UrbanActiveInference - INFO -     Belief entropy: -0.0000
2026-02-02 06:44:26,700 - UrbanActiveInference - INFO -     Surprise: 0.2624
2026-02-02 06:44:26,700 - UrbanActiveInference - INFO -     Information gain: 0.0000
2026-02-02 06:44:26,700 - UrbanActiveInference - INFO -     Free energy change: -0.0000 → -0.0000
2026-02-02 06:44:26,700 - UrbanActiveInference - INFO -     Action: Invest 2.7 in Housing at location 3
2026-02-02 06:44:26,700 - UrbanActiveInference - INFO -     Action success: False
2026-02-02 06:44:26,700 - UrbanActiveInference - INFO -     Satisfaction: 1.000
2026-02-02 06:44:26,700 - geo_infer_act.utils.analysis - DEBUG - Recorded step 17: FE=-0.0000
2026-02-02 06:44:26,701 - UrbanActiveInference - INFO -   Agent 1 (Developer):
2026-02-02 06:44:26,701 - UrbanActiveInference - INFO -     Observation: [0.  1.  0.  0.3]
2026-02-02 06:44:26,701 - UrbanActiveInference - INFO -     Belief entropy: -0.0000
2026-02-02 06:44:26,701 - UrbanActiveInference - INFO -     Surprise: 0.2624
2026-02-02 06:44:26,701 - UrbanActiveInference - INFO -     Information gain: 0.0000
2026-02-02 06:44:26,701 - UrbanActiveInference - INFO -     Free energy change: -0.0000 → -0.0000
2026-02-02 06:44:26,701 - UrbanActiveInference - INFO -     Action: Invest 1.4 in Housing at location 0
2026-02-02 06:44:26,701 - UrbanActiveInference - INFO -     Action success: True
2026-02-02 06:44:26,701 - UrbanActiveInference - INFO -     Satisfaction: 0.917
2026-02-02 06:44:26,701 - geo_infer_act.utils.analysis - DEBUG - Recorded step 17: FE=-0.0000
2026-02-02 06:44:26,701 - UrbanActiveInference - INFO -   Agent 2 (Community):
2026-02-02 06:44:26,701 - UrbanActiveInference - INFO -     Observation: [0.  1.  0.  0.3]
2026-02-02 06:44:26,701 - UrbanActiveInference - INFO -     Belief entropy: -0.0000
2026-02-02 06:44:26,701 - UrbanActiveInference - INFO -     Surprise: 0.2624
2026-02-02 06:44:26,701 - UrbanActiveInference - INFO -     Information gain: 0.0000
2026-02-02 06:44:26,701 - UrbanActiveInference - INFO -     Free energy change: -0.0000 → -0.0000
2026-02-02 06:44:26,701 - UrbanActiveInference - INFO -     Action: Invest 3.4 in Housing at location 3
2026-02-02 06:44:26,701 - UrbanActiveInference - INFO -     Action success: False
2026-02-02 06:44:26,701 - UrbanActiveInference - INFO -     Satisfaction: 0.855
2026-02-02 06:44:26,701 - geo_infer_act.utils.analysis - DEBUG - Recorded step 17: FE=-0.0000
2026-02-02 06:44:26,701 - UrbanActiveInference - INFO - 
--- Step 18/20 ---
2026-02-02 06:44:26,701 - UrbanActiveInference - INFO - Overall urban quality: 0.526
2026-02-02 06:44:26,701 - UrbanActiveInference - INFO - Cooperation index: 0.781
2026-02-02 06:44:26,702 - UrbanActiveInference - INFO -   Agent 0 (Government):
2026-02-02 06:44:26,702 - UrbanActiveInference - INFO -     Observation: [0.  1.  0.  0.3]
2026-02-02 06:44:26,702 - UrbanActiveInference - INFO -     Belief entropy: -0.0000
2026-02-02 06:44:26,702 - UrbanActiveInference - INFO -     Surprise: 0.2624
2026-02-02 06:44:26,702 - UrbanActiveInference - INFO -     Information gain: 0.0000
2026-02-02 06:44:26,702 - UrbanActiveInference - INFO -     Free energy change: -0.0000 → -0.0000
2026-02-02 06:44:26,702 - UrbanActiveInference - INFO -     Action: Invest 2.7 in Housing at location 0
2026-02-02 06:44:26,702 - UrbanActiveInference - INFO -     Action success: True
2026-02-02 06:44:26,702 - UrbanActiveInference - INFO -     Satisfaction: 1.000
2026-02-02 06:44:26,702 - geo_infer_act.utils.analysis - DEBUG - Recorded step 18: FE=-0.0000
2026-02-02 06:44:26,702 - UrbanActiveInference - INFO -   Agent 1 (Developer):
2026-02-02 06:44:26,702 - UrbanActiveInference - INFO -     Observation: [0.  1.  0.  0.3]
2026-02-02 06:44:26,702 - UrbanActiveInference - INFO -     Belief entropy: -0.0000
2026-02-02 06:44:26,702 - UrbanActiveInference - INFO -     Surprise: 0.2624
2026-02-02 06:44:26,702 - UrbanActiveInference - INFO -     Information gain: 0.0000
2026-02-02 06:44:26,702 - UrbanActiveInference - INFO -     Free energy change: -0.0000 → -0.0000
2026-02-02 06:44:26,702 - UrbanActiveInference - INFO -     Action: Invest 1.1 in Housing at location 4
2026-02-02 06:44:26,702 - UrbanActiveInference - INFO -     Action success: True
2026-02-02 06:44:26,702 - UrbanActiveInference - INFO -     Satisfaction: 0.923
2026-02-02 06:44:26,702 - geo_infer_act.utils.analysis - DEBUG - Recorded step 18: FE=-0.0000
2026-02-02 06:44:26,703 - UrbanActiveInference - INFO -   Agent 2 (Community):
2026-02-02 06:44:26,703 - UrbanActiveInference - INFO -     Observation: [0.  1.  0.  0.3]
2026-02-02 06:44:26,703 - UrbanActiveInference - INFO -     Belief entropy: -0.0000
2026-02-02 06:44:26,703 - UrbanActiveInference - INFO -     Surprise: 0.2624
2026-02-02 06:44:26,703 - UrbanActiveInference - INFO -     Information gain: 0.0000
2026-02-02 06:44:26,703 - UrbanActiveInference - INFO -     Free energy change: -0.0000 → -0.0000
2026-02-02 06:44:26,703 - UrbanActiveInference - INFO -     Action: Invest 3.4 in Housing at location 5
2026-02-02 06:44:26,703 - UrbanActiveInference - INFO -     Action success: False
2026-02-02 06:44:26,703 - UrbanActiveInference - INFO -     Satisfaction: 0.855
2026-02-02 06:44:26,703 - geo_infer_act.utils.analysis - DEBUG - Recorded step 18: FE=-0.0000
2026-02-02 06:44:26,703 - UrbanActiveInference - INFO - 
--- Step 19/20 ---
2026-02-02 06:44:26,703 - UrbanActiveInference - INFO - Overall urban quality: 0.526
2026-02-02 06:44:26,703 - UrbanActiveInference - INFO - Cooperation index: 0.781
2026-02-02 06:44:26,703 - UrbanActiveInference - INFO -   Agent 0 (Government):
2026-02-02 06:44:26,703 - UrbanActiveInference - INFO -     Observation: [0.  1.  0.  0.3]
2026-02-02 06:44:26,703 - UrbanActiveInference - INFO -     Belief entropy: -0.0000
2026-02-02 06:44:26,703 - UrbanActiveInference - INFO -     Surprise: 0.2624
2026-02-02 06:44:26,703 - UrbanActiveInference - INFO -     Information gain: 0.0000
2026-02-02 06:44:26,703 - UrbanActiveInference - INFO -     Free energy change: -0.0000 → -0.0000
2026-02-02 06:44:26,703 - UrbanActiveInference - INFO -     Action: Invest 2.1 in Housing at location 2
2026-02-02 06:44:26,703 - UrbanActiveInference - INFO -     Action success: True
2026-02-02 06:44:26,703 - UrbanActiveInference - INFO -     Satisfaction: 1.000
2026-02-02 06:44:26,703 - geo_infer_act.utils.analysis - DEBUG - Recorded step 19: FE=-0.0000
2026-02-02 06:44:26,704 - UrbanActiveInference - INFO -   Agent 1 (Developer):
2026-02-02 06:44:26,704 - UrbanActiveInference - INFO -     Observation: [0.  1.  0.  0.3]
2026-02-02 06:44:26,704 - UrbanActiveInference - INFO -     Belief entropy: -0.0000
2026-02-02 06:44:26,704 - UrbanActiveInference - INFO -     Surprise: 0.2624
2026-02-02 06:44:26,704 - UrbanActiveInference - INFO -     Information gain: 0.0000
2026-02-02 06:44:26,704 - UrbanActiveInference - INFO -     Free energy change: -0.0000 → -0.0000
2026-02-02 06:44:26,704 - UrbanActiveInference - INFO -     Action: Invest 0.9 in Housing at location 0
2026-02-02 06:44:26,704 - UrbanActiveInference - INFO -     Action success: True
2026-02-02 06:44:26,704 - UrbanActiveInference - INFO -     Satisfaction: 0.925
2026-02-02 06:44:26,704 - geo_infer_act.utils.analysis - DEBUG - Recorded step 19: FE=-0.0000
2026-02-02 06:44:26,704 - UrbanActiveInference - INFO -   Agent 2 (Community):
2026-02-02 06:44:26,704 - UrbanActiveInference - INFO -     Observation: [0.  1.  0.  0.3]
2026-02-02 06:44:26,704 - UrbanActiveInference - INFO -     Belief entropy: -0.0000
2026-02-02 06:44:26,704 - UrbanActiveInference - INFO -     Surprise: 0.2624
2026-02-02 06:44:26,704 - UrbanActiveInference - INFO -     Information gain: 0.0000
2026-02-02 06:44:26,704 - UrbanActiveInference - INFO -     Free energy change: -0.0000 → -0.0000
2026-02-02 06:44:26,704 - UrbanActiveInference - INFO -     Action: Invest 3.4 in Housing at location 1
2026-02-02 06:44:26,704 - UrbanActiveInference - INFO -     Action success: True
2026-02-02 06:44:26,704 - UrbanActiveInference - INFO -     Satisfaction: 0.872
2026-02-02 06:44:26,704 - geo_infer_act.utils.analysis - DEBUG - Recorded step 19: FE=-0.0000
2026-02-02 06:44:26,704 - UrbanActiveInference - INFO - 
--- Step 20/20 ---
2026-02-02 06:44:26,705 - UrbanActiveInference - INFO - Overall urban quality: 0.526
2026-02-02 06:44:26,705 - UrbanActiveInference - INFO - Cooperation index: 0.781
2026-02-02 06:44:26,705 - UrbanActiveInference - INFO -   Agent 0 (Government):
2026-02-02 06:44:26,705 - UrbanActiveInference - INFO -     Observation: [0.  1.  0.  0.3]
2026-02-02 06:44:26,705 - UrbanActiveInference - INFO -     Belief entropy: -0.0000
2026-02-02 06:44:26,705 - UrbanActiveInference - INFO -     Surprise: 0.2624
2026-02-02 06:44:26,705 - UrbanActiveInference - INFO -     Information gain: 0.0000
2026-02-02 06:44:26,705 - UrbanActiveInference - INFO -     Free energy change: -0.0000 → -0.0000
2026-02-02 06:44:26,705 - UrbanActiveInference - INFO -     Action: Invest 1.7 in Housing at location 3
2026-02-02 06:44:26,705 - UrbanActiveInference - INFO -     Action success: False
2026-02-02 06:44:26,705 - UrbanActiveInference - INFO -     Satisfaction: 1.000
2026-02-02 06:44:26,705 - geo_infer_act.utils.analysis - DEBUG - Recorded step 20: FE=-0.0000
2026-02-02 06:44:26,705 - UrbanActiveInference - INFO -   Agent 1 (Developer):
2026-02-02 06:44:26,705 - UrbanActiveInference - INFO -     Observation: [0.  1.  0.  0.3]
2026-02-02 06:44:26,705 - UrbanActiveInference - INFO -     Belief entropy: -0.0000
2026-02-02 06:44:26,705 - UrbanActiveInference - INFO -     Surprise: 0.2624
2026-02-02 06:44:26,705 - UrbanActiveInference - INFO -     Information gain: 0.0000
2026-02-02 06:44:26,705 - UrbanActiveInference - INFO -     Free energy change: -0.0000 → -0.0000
2026-02-02 06:44:26,705 - UrbanActiveInference - INFO -     Action: Invest 0.7 in Housing at location 1
2026-02-02 06:44:26,705 - UrbanActiveInference - INFO -     Action success: True
2026-02-02 06:44:26,705 - UrbanActiveInference - INFO -     Satisfaction: 0.928
2026-02-02 06:44:26,705 - geo_infer_act.utils.analysis - DEBUG - Recorded step 20: FE=-0.0000
2026-02-02 06:44:26,706 - UrbanActiveInference - INFO -   Agent 2 (Community):
2026-02-02 06:44:26,706 - UrbanActiveInference - INFO -     Observation: [0.  1.  0.  0.3]
2026-02-02 06:44:26,706 - UrbanActiveInference - INFO -     Belief entropy: -0.0000
2026-02-02 06:44:26,706 - UrbanActiveInference - INFO -     Surprise: 0.2624
2026-02-02 06:44:26,706 - UrbanActiveInference - INFO -     Information gain: 0.0000
2026-02-02 06:44:26,706 - UrbanActiveInference - INFO -     Free energy change: -0.0000 → -0.0000
2026-02-02 06:44:26,706 - UrbanActiveInference - INFO -     Action: Invest 2.7 in Housing at location 2
2026-02-02 06:44:26,706 - UrbanActiveInference - INFO -     Action success: True
2026-02-02 06:44:26,706 - UrbanActiveInference - INFO -     Satisfaction: 0.885
2026-02-02 06:44:26,706 - geo_infer_act.utils.analysis - DEBUG - Recorded step 20: FE=-0.0000
2026-02-02 06:44:27,373 - UrbanActiveInference - INFO -     Generated urban analysis visualization
2026-02-02 06:44:27,373 - UrbanActiveInference - INFO - 
======================================================================
2026-02-02 06:44:27,373 - UrbanActiveInference - INFO - COMPREHENSIVE URBAN PLANNING ANALYSIS
2026-02-02 06:44:27,373 - UrbanActiveInference - INFO - ======================================================================
2026-02-02 06:44:27,373 - UrbanActiveInference - INFO - 
AGENT 0 (Government) ANALYSIS:
2026-02-02 06:44:27,373 - geo_infer_act.utils.analysis - INFO - Analyzing perception patterns...
2026-02-02 06:44:27,377 - geo_infer_act.utils.analysis - INFO - Analysis saved to /Users/4d/Documents/GitHub/GEO-INFER/output/urban_planning_20260202_064424/agent_0/analysis/perception_analysis.json
2026-02-02 06:44:27,377 - geo_infer_act.utils.analysis - INFO - Perception pattern analysis completed
2026-02-02 06:44:27,377 - geo_infer_act.utils.analysis - INFO - Analyzing action selection patterns...
2026-02-02 06:44:27,378 - geo_infer_act.utils.analysis - INFO - Analysis saved to /Users/4d/Documents/GitHub/GEO-INFER/output/urban_planning_20260202_064424/agent_0/analysis/action_selection_analysis.json
2026-02-02 06:44:27,379 - geo_infer_act.utils.analysis - INFO - Action selection pattern analysis completed
2026-02-02 06:44:27,379 - geo_infer_act.utils.analysis - INFO - Analyzing Variational Free Energy patterns...
2026-02-02 06:44:27,379 - geo_infer_act.utils.analysis - INFO - Analysis saved to /Users/4d/Documents/GitHub/GEO-INFER/output/urban_planning_20260202_064424/agent_0/analysis/free_energy_analysis.json
2026-02-02 06:44:27,379 - geo_infer_act.utils.analysis - INFO - Free Energy pattern analysis completed
2026-02-02 06:44:27,379 - UrbanActiveInference - INFO -   Perception quality: Fair - Limited Structure
2026-02-02 06:44:27,379 - UrbanActiveInference - INFO -   Action consistency: 1.000
2026-02-02 06:44:27,379 - UrbanActiveInference - INFO -   Free energy efficiency: -0.036
2026-02-02 06:44:27,379 - UrbanActiveInference - INFO -   Final satisfaction: 1.000
2026-02-02 06:44:27,379 - UrbanActiveInference - INFO -   Remaining budget: 8.6
2026-02-02 06:44:27,956 - geo_infer_act.utils.visualization - INFO - Perception analysis saved to /Users/4d/Documents/GitHub/GEO-INFER/output/urban_planning_20260202_064424/agent_0
2026-02-02 06:44:28,473 - geo_infer_act.utils.visualization - INFO - Action analysis saved to /Users/4d/Documents/GitHub/GEO-INFER/output/urban_planning_20260202_064424/agent_0
2026-02-02 06:44:28,476 - geo_infer_act.utils.analysis - INFO - Traces saved to CSV files in /Users/4d/Documents/GitHub/GEO-INFER/output/urban_planning_20260202_064424/agent_0/data
2026-02-02 06:44:28,476 - UrbanActiveInference - INFO - 
AGENT 1 (Developer) ANALYSIS:
2026-02-02 06:44:28,476 - geo_infer_act.utils.analysis - INFO - Analyzing perception patterns...
2026-02-02 06:44:28,477 - geo_infer_act.utils.analysis - INFO - Analysis saved to /Users/4d/Documents/GitHub/GEO-INFER/output/urban_planning_20260202_064424/agent_1/analysis/perception_analysis.json
2026-02-02 06:44:28,477 - geo_infer_act.utils.analysis - INFO - Perception pattern analysis completed
2026-02-02 06:44:28,477 - geo_infer_act.utils.analysis - INFO - Analyzing action selection patterns...
2026-02-02 06:44:28,478 - geo_infer_act.utils.analysis - INFO - Analysis saved to /Users/4d/Documents/GitHub/GEO-INFER/output/urban_planning_20260202_064424/agent_1/analysis/action_selection_analysis.json
2026-02-02 06:44:28,478 - geo_infer_act.utils.analysis - INFO - Action selection pattern analysis completed
2026-02-02 06:44:28,479 - geo_infer_act.utils.analysis - INFO - Analyzing Variational Free Energy patterns...
2026-02-02 06:44:28,479 - geo_infer_act.utils.analysis - INFO - Analysis saved to /Users/4d/Documents/GitHub/GEO-INFER/output/urban_planning_20260202_064424/agent_1/analysis/free_energy_analysis.json
2026-02-02 06:44:28,479 - geo_infer_act.utils.analysis - INFO - Free Energy pattern analysis completed
2026-02-02 06:44:28,479 - UrbanActiveInference - INFO -   Perception quality: Fair - Limited Structure
2026-02-02 06:44:28,479 - UrbanActiveInference - INFO -   Action consistency: 1.000
2026-02-02 06:44:28,479 - UrbanActiveInference - INFO -   Free energy efficiency: -0.036
2026-02-02 06:44:28,479 - UrbanActiveInference - INFO -   Final satisfaction: 0.928
2026-02-02 06:44:28,479 - UrbanActiveInference - INFO -   Remaining budget: 2.8
2026-02-02 06:44:29,040 - geo_infer_act.utils.visualization - INFO - Perception analysis saved to /Users/4d/Documents/GitHub/GEO-INFER/output/urban_planning_20260202_064424/agent_1
2026-02-02 06:44:29,507 - geo_infer_act.utils.visualization - INFO - Action analysis saved to /Users/4d/Documents/GitHub/GEO-INFER/output/urban_planning_20260202_064424/agent_1
2026-02-02 06:44:29,509 - geo_infer_act.utils.analysis - INFO - Traces saved to CSV files in /Users/4d/Documents/GitHub/GEO-INFER/output/urban_planning_20260202_064424/agent_1/data
2026-02-02 06:44:29,509 - UrbanActiveInference - INFO - 
AGENT 2 (Community) ANALYSIS:
2026-02-02 06:44:29,509 - geo_infer_act.utils.analysis - INFO - Analyzing perception patterns...
2026-02-02 06:44:29,510 - geo_infer_act.utils.analysis - INFO - Analysis saved to /Users/4d/Documents/GitHub/GEO-INFER/output/urban_planning_20260202_064424/agent_2/analysis/perception_analysis.json
2026-02-02 06:44:29,510 - geo_infer_act.utils.analysis - INFO - Perception pattern analysis completed
2026-02-02 06:44:29,510 - geo_infer_act.utils.analysis - INFO - Analyzing action selection patterns...
2026-02-02 06:44:29,512 - geo_infer_act.utils.analysis - INFO - Analysis saved to /Users/4d/Documents/GitHub/GEO-INFER/output/urban_planning_20260202_064424/agent_2/analysis/action_selection_analysis.json
2026-02-02 06:44:29,512 - geo_infer_act.utils.analysis - INFO - Action selection pattern analysis completed
2026-02-02 06:44:29,512 - geo_infer_act.utils.analysis - INFO - Analyzing Variational Free Energy patterns...
2026-02-02 06:44:29,512 - geo_infer_act.utils.analysis - INFO - Analysis saved to /Users/4d/Documents/GitHub/GEO-INFER/output/urban_planning_20260202_064424/agent_2/analysis/free_energy_analysis.json
2026-02-02 06:44:29,512 - geo_infer_act.utils.analysis - INFO - Free Energy pattern analysis completed
2026-02-02 06:44:29,512 - UrbanActiveInference - INFO -   Perception quality: Fair - Limited Structure
2026-02-02 06:44:29,512 - UrbanActiveInference - INFO -   Action consistency: 1.000
2026-02-02 06:44:29,512 - UrbanActiveInference - INFO -   Free energy efficiency: -0.036
2026-02-02 06:44:29,512 - UrbanActiveInference - INFO -   Final satisfaction: 0.885
2026-02-02 06:44:29,512 - UrbanActiveInference - INFO -   Remaining budget: 10.7
2026-02-02 06:44:30,072 - geo_infer_act.utils.visualization - INFO - Perception analysis saved to /Users/4d/Documents/GitHub/GEO-INFER/output/urban_planning_20260202_064424/agent_2
2026-02-02 06:44:30,628 - geo_infer_act.utils.visualization - INFO - Action analysis saved to /Users/4d/Documents/GitHub/GEO-INFER/output/urban_planning_20260202_064424/agent_2
2026-02-02 06:44:30,630 - geo_infer_act.utils.analysis - INFO - Traces saved to CSV files in /Users/4d/Documents/GitHub/GEO-INFER/output/urban_planning_20260202_064424/agent_2/data
2026-02-02 06:44:30,631 - UrbanActiveInference - INFO - 
SYSTEM-WIDE URBAN DEVELOPMENT ANALYSIS:
2026-02-02 06:44:30,631 - UrbanActiveInference - INFO -   Urban quality change: 0.521 → 0.526 (Δ=+0.005)
2026-02-02 06:44:30,631 - UrbanActiveInference - INFO -   Cooperation change: 0.781 → 0.781 (Δ=+0.000)
2026-02-02 06:44:30,631 - UrbanActiveInference - INFO -   Housing development: +7.22
2026-02-02 06:44:30,631 - UrbanActiveInference - INFO -   Commercial development: +6.40
2026-02-02 06:44:30,631 - UrbanActiveInference - INFO -   Transport development: +4.96
2026-02-02 06:44:30,631 - UrbanActiveInference - INFO -   Green Space development: +0.00
2026-02-02 06:44:30,631 - UrbanActiveInference - INFO -   Average agent satisfaction: 0.938 (±0.047)
2026-02-02 06:44:30,631 - UrbanActiveInference - INFO -   Development equity score: 0.915
2026-02-02 06:44:31,001 - UrbanActiveInference - INFO - 
Exporting comprehensive analysis data...
2026-02-02 06:44:31,003 - UrbanActiveInference - INFO - 
FEATURES DEMONSTRATED:
2026-02-02 06:44:31,003 - UrbanActiveInference - INFO - • Multi-agent Active Inference coordination for urban planning
2026-02-02 06:44:31,003 - UrbanActiveInference - INFO - • Comprehensive stakeholder behavior analysis and pattern detection
2026-02-02 06:44:31,003 - UrbanActiveInference - INFO - • Real-time resource allocation optimization with constraint handling
2026-02-02 06:44:31,003 - UrbanActiveInference - INFO - • Spatial-temporal urban development modeling and quality assessment
2026-02-02 06:44:31,003 - UrbanActiveInference - INFO - • Agent-specific preference learning and satisfaction tracking
2026-02-02 06:44:31,003 - UrbanActiveInference - INFO - • System-wide cooperation dynamics and equity analysis
2026-02-02 06:44:31,003 - UrbanActiveInference - INFO - • Professional visualization suite for urban planning insights
2026-02-02 06:44:31,003 - UrbanActiveInference - INFO - • Comprehensive data export and reporting for policy analysis
2026-02-02 06:44:31,003 - UrbanActiveInference - INFO - 
Urban Planning Active Inference simulation complete!
2026-02-02 06:44:31,003 - UrbanActiveInference - INFO - Results saved to: /Users/4d/Documents/GitHub/GEO-INFER/output/urban_planning_20260202_064424
2026-02-02 06:44:31,003 - UrbanActiveInference - INFO - Total simulation time: 20 steps
2026-02-02 06:44:31,003 - UrbanActiveInference - INFO - Analysis completed at: 2026-02-02 06:44:31
