2026-02-02 06:46:14,014 - ModernActiveInference - INFO - Modern Active Inference - Comprehensive Analysis
2026-02-02 06:46:14,014 - ModernActiveInference - INFO - ======================================================================
2026-02-02 06:46:14,014 - ModernActiveInference - INFO - Output directory: /Users/4d/Documents/GitHub/GEO-INFER/output/modern_active_inference_20260202_064614
2026-02-02 06:46:14,016 - geo_infer_act.api.interface - INFO - ActiveInferenceInterface initialized
2026-02-02 06:46:14,016 - ModernActiveInference - INFO - Modern Active Inference Demo initialized
2026-02-02 06:46:14,016 - ModernActiveInference - INFO - Enhanced with comprehensive analysis capabilities
2026-02-02 06:46:14,016 - ModernActiveInference - INFO - Starting comprehensive modern Active Inference demonstration
2026-02-02 06:46:14,016 - ModernActiveInference - INFO - 
==================================================
2026-02-02 06:46:14,016 - ModernActiveInference - INFO - 1. HIERARCHICAL ACTIVE INFERENCE
2026-02-02 06:46:14,016 - ModernActiveInference - INFO - ==================================================
2026-02-02 06:46:14,016 - ModernActiveInference - INFO - Creating hierarchical model: hierarchical_model
2026-02-02 06:46:14,016 - geo_infer_act.core.active_inference - INFO - Initialized ActiveInferenceModel with type: categorical
2026-02-02 06:46:14,016 - geo_infer_act.core.generative_model - INFO - Initialized 3 hierarchical levels
2026-02-02 06:46:14,016 - geo_infer_act.api.interface - INFO - Created categorical model: hierarchical_model
2026-02-02 06:46:14,016 - geo_infer_act.api.interface - INFO - Set preferences for model hierarchical_model
2026-02-02 06:46:14,016 - geo_infer_act.utils.analysis - INFO - ActiveInferenceAnalyzer initialized with output: /Users/4d/Documents/GitHub/GEO-INFER/output/modern_active_inference_20260202_064614/hierarchical
2026-02-02 06:46:14,016 - ModernActiveInference - INFO -   Created 3-level hierarchical model
2026-02-02 06:46:14,016 - ModernActiveInference - INFO -   Temporal horizons: [1, 5, 20]
2026-02-02 06:46:14,016 - ModernActiveInference - INFO -   Message passing enabled: True
2026-02-02 06:46:14,017 - geo_infer_act.utils.analysis - DEBUG - Recorded step 1: FE=-4.2914
2026-02-02 06:46:14,017 - geo_infer_act.utils.analysis - DEBUG - Recorded step 2: FE=-4.2914
2026-02-02 06:46:14,018 - geo_infer_act.utils.analysis - DEBUG - Recorded step 3: FE=-4.2914
2026-02-02 06:46:14,018 - geo_infer_act.utils.analysis - DEBUG - Recorded step 4: FE=-4.2914
2026-02-02 06:46:14,018 - geo_infer_act.utils.analysis - DEBUG - Recorded step 5: FE=-4.2914
2026-02-02 06:46:14,018 - geo_infer_act.utils.analysis - DEBUG - Recorded step 6: FE=-4.2914
2026-02-02 06:46:14,019 - geo_infer_act.utils.analysis - DEBUG - Recorded step 7: FE=-4.2914
2026-02-02 06:46:14,019 - geo_infer_act.utils.analysis - DEBUG - Recorded step 8: FE=-4.2914
2026-02-02 06:46:14,019 - geo_infer_act.utils.analysis - DEBUG - Recorded step 9: FE=-4.2914
2026-02-02 06:46:14,020 - geo_infer_act.utils.analysis - DEBUG - Recorded step 10: FE=-4.2914
2026-02-02 06:46:14,020 - geo_infer_act.utils.analysis - DEBUG - Recorded step 11: FE=-4.2914
2026-02-02 06:46:14,020 - geo_infer_act.utils.analysis - DEBUG - Recorded step 12: FE=-4.2914
2026-02-02 06:46:14,021 - geo_infer_act.utils.analysis - DEBUG - Recorded step 13: FE=-4.2914
2026-02-02 06:46:14,021 - geo_infer_act.utils.analysis - DEBUG - Recorded step 14: FE=-4.2914
2026-02-02 06:46:14,021 - geo_infer_act.utils.analysis - DEBUG - Recorded step 15: FE=-4.2914
2026-02-02 06:46:14,021 - ModernActiveInference - INFO - 
==================================================
2026-02-02 06:46:14,021 - ModernActiveInference - INFO - 2. MARKOV BLANKET ARCHITECTURE
2026-02-02 06:46:14,021 - ModernActiveInference - INFO - ==================================================
2026-02-02 06:46:14,021 - ModernActiveInference - INFO - Demonstrating Markov blanket architectures
2026-02-02 06:46:14,021 - geo_infer_act.core.active_inference - INFO - Initialized ActiveInferenceModel with type: categorical
2026-02-02 06:46:14,021 - geo_infer_act.core.generative_model - INFO - Initialized Markov blanket structure
2026-02-02 06:46:14,021 - geo_infer_act.api.interface - INFO - Created categorical model: markov_blanket_model
2026-02-02 06:46:14,022 - geo_infer_act.utils.analysis - INFO - ActiveInferenceAnalyzer initialized with output: /Users/4d/Documents/GitHub/GEO-INFER/output/modern_active_inference_20260202_064614/markov_blanket
2026-02-02 06:46:14,022 - ModernActiveInference - INFO - Running Markov blanket simulation for 30 steps
2026-02-02 06:46:14,049 - ModernActiveInference - INFO -   Step 1: external_influence
2026-02-02 06:46:14,049 - ModernActiveInference - INFO -     Conditional independence: 0.9068
2026-02-02 06:46:14,049 - ModernActiveInference - INFO -     Surprise: 1.5810
2026-02-02 06:46:14,049 - ModernActiveInference - INFO -     Information gain: 0.0000
2026-02-02 06:46:14,049 - geo_infer_act.utils.analysis - DEBUG - Recorded step 1: FE=-1.7985
2026-02-02 06:46:14,075 - ModernActiveInference - INFO -   Step 2: external_influence
2026-02-02 06:46:14,075 - ModernActiveInference - INFO -     Conditional independence: 0.9383
2026-02-02 06:46:14,075 - ModernActiveInference - INFO -     Surprise: 0.6792
2026-02-02 06:46:14,075 - ModernActiveInference - INFO -     Information gain: 0.0000
2026-02-02 06:46:14,075 - geo_infer_act.utils.analysis - DEBUG - Recorded step 2: FE=-1.7985
2026-02-02 06:46:14,099 - ModernActiveInference - INFO -   Step 3: external_influence
2026-02-02 06:46:14,100 - ModernActiveInference - INFO -     Conditional independence: 0.9263
2026-02-02 06:46:14,100 - ModernActiveInference - INFO -     Surprise: 0.5654
2026-02-02 06:46:14,100 - ModernActiveInference - INFO -     Information gain: 0.0000
2026-02-02 06:46:14,100 - geo_infer_act.utils.analysis - DEBUG - Recorded step 3: FE=-1.7985
2026-02-02 06:46:14,125 - ModernActiveInference - INFO -   Step 4: external_influence
2026-02-02 06:46:14,125 - ModernActiveInference - INFO -     Conditional independence: 0.9289
2026-02-02 06:46:14,125 - ModernActiveInference - INFO -     Surprise: 1.4264
2026-02-02 06:46:14,125 - ModernActiveInference - INFO -     Information gain: 0.0000
2026-02-02 06:46:14,125 - geo_infer_act.utils.analysis - DEBUG - Recorded step 4: FE=-1.7985
2026-02-02 06:46:14,194 - ModernActiveInference - INFO -   Step 5: external_influence
2026-02-02 06:46:14,194 - ModernActiveInference - INFO -     Conditional independence: 0.8997
2026-02-02 06:46:14,194 - ModernActiveInference - INFO -     Surprise: 0.0842
2026-02-02 06:46:14,195 - ModernActiveInference - INFO -     Information gain: 0.0000
2026-02-02 06:46:14,195 - geo_infer_act.utils.analysis - DEBUG - Recorded step 5: FE=-1.7985
2026-02-02 06:46:14,219 - ModernActiveInference - INFO -   Step 6: external_influence
2026-02-02 06:46:14,219 - ModernActiveInference - INFO -     Conditional independence: 0.9491
2026-02-02 06:46:14,219 - ModernActiveInference - INFO -     Surprise: 0.6309
2026-02-02 06:46:14,219 - ModernActiveInference - INFO -     Information gain: 0.0000
2026-02-02 06:46:14,219 - geo_infer_act.utils.analysis - DEBUG - Recorded step 6: FE=-1.7985
2026-02-02 06:46:14,244 - ModernActiveInference - INFO -   Step 7: external_influence
2026-02-02 06:46:14,244 - ModernActiveInference - INFO -     Conditional independence: 0.9136
2026-02-02 06:46:14,244 - ModernActiveInference - INFO -     Surprise: 0.5294
2026-02-02 06:46:14,244 - ModernActiveInference - INFO -     Information gain: 0.0000
2026-02-02 06:46:14,244 - geo_infer_act.utils.analysis - DEBUG - Recorded step 7: FE=-1.7985
2026-02-02 06:46:14,268 - ModernActiveInference - INFO -   Step 8: external_influence
2026-02-02 06:46:14,269 - ModernActiveInference - INFO -     Conditional independence: 0.9294
2026-02-02 06:46:14,269 - ModernActiveInference - INFO -     Surprise: 0.9864
2026-02-02 06:46:14,269 - ModernActiveInference - INFO -     Information gain: 0.0000
2026-02-02 06:46:14,269 - geo_infer_act.utils.analysis - DEBUG - Recorded step 8: FE=-1.7985
2026-02-02 06:46:14,293 - ModernActiveInference - INFO -   Step 9: external_influence
2026-02-02 06:46:14,293 - ModernActiveInference - INFO -     Conditional independence: 0.9634
2026-02-02 06:46:14,293 - ModernActiveInference - INFO -     Surprise: 0.9917
2026-02-02 06:46:14,293 - ModernActiveInference - INFO -     Information gain: 0.0000
2026-02-02 06:46:14,293 - geo_infer_act.utils.analysis - DEBUG - Recorded step 9: FE=-1.7985
2026-02-02 06:46:14,319 - ModernActiveInference - INFO -   Step 10: external_influence
2026-02-02 06:46:14,319 - ModernActiveInference - INFO -     Conditional independence: 0.9461
2026-02-02 06:46:14,319 - ModernActiveInference - INFO -     Surprise: 0.5568
2026-02-02 06:46:14,319 - ModernActiveInference - INFO -     Information gain: 0.0000
2026-02-02 06:46:14,320 - geo_infer_act.utils.analysis - DEBUG - Recorded step 10: FE=-1.7985
2026-02-02 06:46:14,345 - ModernActiveInference - INFO -   Step 11: internal_processing
2026-02-02 06:46:14,345 - ModernActiveInference - INFO -     Conditional independence: 0.9730
2026-02-02 06:46:14,345 - ModernActiveInference - INFO -     Surprise: 0.8073
2026-02-02 06:46:14,345 - ModernActiveInference - INFO -     Information gain: 0.0000
2026-02-02 06:46:14,345 - geo_infer_act.utils.analysis - DEBUG - Recorded step 11: FE=-1.7985
2026-02-02 06:46:14,373 - ModernActiveInference - INFO -   Step 12: internal_processing
2026-02-02 06:46:14,373 - ModernActiveInference - INFO -     Conditional independence: 0.9960
2026-02-02 06:46:14,373 - ModernActiveInference - INFO -     Surprise: 0.2147
2026-02-02 06:46:14,373 - ModernActiveInference - INFO -     Information gain: 0.0000
2026-02-02 06:46:14,373 - geo_infer_act.utils.analysis - DEBUG - Recorded step 12: FE=-1.7985
2026-02-02 06:46:14,398 - ModernActiveInference - INFO -   Step 13: internal_processing
2026-02-02 06:46:14,398 - ModernActiveInference - INFO -     Conditional independence: 0.9900
2026-02-02 06:46:14,398 - ModernActiveInference - INFO -     Surprise: 1.2357
2026-02-02 06:46:14,398 - ModernActiveInference - INFO -     Information gain: 0.0000
2026-02-02 06:46:14,398 - geo_infer_act.utils.analysis - DEBUG - Recorded step 13: FE=-1.7985
2026-02-02 06:46:14,422 - ModernActiveInference - INFO -   Step 14: internal_processing
2026-02-02 06:46:14,422 - ModernActiveInference - INFO -     Conditional independence: 0.9758
2026-02-02 06:46:14,422 - ModernActiveInference - INFO -     Surprise: 0.3964
2026-02-02 06:46:14,422 - ModernActiveInference - INFO -     Information gain: 0.0000
2026-02-02 06:46:14,422 - geo_infer_act.utils.analysis - DEBUG - Recorded step 14: FE=-1.7985
2026-02-02 06:46:14,447 - ModernActiveInference - INFO -   Step 15: internal_processing
2026-02-02 06:46:14,447 - ModernActiveInference - INFO -     Conditional independence: 0.9922
2026-02-02 06:46:14,447 - ModernActiveInference - INFO -     Surprise: 0.0000
2026-02-02 06:46:14,447 - ModernActiveInference - INFO -     Information gain: 0.0000
2026-02-02 06:46:14,447 - geo_infer_act.utils.analysis - DEBUG - Recorded step 15: FE=-1.7985
2026-02-02 06:46:14,474 - ModernActiveInference - INFO -   Step 16: internal_processing
2026-02-02 06:46:14,474 - ModernActiveInference - INFO -     Conditional independence: 0.8977
2026-02-02 06:46:14,474 - ModernActiveInference - INFO -     Surprise: 0.6744
2026-02-02 06:46:14,474 - ModernActiveInference - INFO -     Information gain: 0.0000
2026-02-02 06:46:14,474 - geo_infer_act.utils.analysis - DEBUG - Recorded step 16: FE=-1.7985
2026-02-02 06:46:14,501 - ModernActiveInference - INFO -   Step 17: internal_processing
2026-02-02 06:46:14,501 - ModernActiveInference - INFO -     Conditional independence: 0.9601
2026-02-02 06:46:14,501 - ModernActiveInference - INFO -     Surprise: 1.7857
2026-02-02 06:46:14,501 - ModernActiveInference - INFO -     Information gain: 0.0000
2026-02-02 06:46:14,501 - geo_infer_act.utils.analysis - DEBUG - Recorded step 17: FE=-1.7985
2026-02-02 06:46:14,525 - ModernActiveInference - INFO -   Step 18: internal_processing
2026-02-02 06:46:14,525 - ModernActiveInference - INFO -     Conditional independence: 0.9733
2026-02-02 06:46:14,525 - ModernActiveInference - INFO -     Surprise: 1.9417
2026-02-02 06:46:14,525 - ModernActiveInference - INFO -     Information gain: 0.0000
2026-02-02 06:46:14,525 - geo_infer_act.utils.analysis - DEBUG - Recorded step 18: FE=-1.7985
2026-02-02 06:46:14,549 - ModernActiveInference - INFO -   Step 19: internal_processing
2026-02-02 06:46:14,549 - ModernActiveInference - INFO -     Conditional independence: 0.9148
2026-02-02 06:46:14,549 - ModernActiveInference - INFO -     Surprise: 1.3832
2026-02-02 06:46:14,549 - ModernActiveInference - INFO -     Information gain: 0.0000
2026-02-02 06:46:14,549 - geo_infer_act.utils.analysis - DEBUG - Recorded step 19: FE=-1.7985
2026-02-02 06:46:14,576 - ModernActiveInference - INFO -   Step 20: internal_processing
2026-02-02 06:46:14,576 - ModernActiveInference - INFO -     Conditional independence: 0.9419
2026-02-02 06:46:14,576 - ModernActiveInference - INFO -     Surprise: 2.0213
2026-02-02 06:46:14,576 - ModernActiveInference - INFO -     Information gain: 0.0000
2026-02-02 06:46:14,576 - geo_infer_act.utils.analysis - DEBUG - Recorded step 20: FE=-1.7985
2026-02-02 06:46:14,601 - ModernActiveInference - INFO -   Step 21: active_sampling
2026-02-02 06:46:14,601 - ModernActiveInference - INFO -     Conditional independence: 0.9230
2026-02-02 06:46:14,601 - ModernActiveInference - INFO -     Surprise: 1.7574
2026-02-02 06:46:14,601 - ModernActiveInference - INFO -     Information gain: 0.0000
2026-02-02 06:46:14,601 - geo_infer_act.utils.analysis - DEBUG - Recorded step 21: FE=-1.7985
2026-02-02 06:46:14,626 - ModernActiveInference - INFO -   Step 22: active_sampling
2026-02-02 06:46:14,627 - ModernActiveInference - INFO -     Conditional independence: 0.9375
2026-02-02 06:46:14,627 - ModernActiveInference - INFO -     Surprise: 0.5818
2026-02-02 06:46:14,627 - ModernActiveInference - INFO -     Information gain: 0.0000
2026-02-02 06:46:14,627 - geo_infer_act.utils.analysis - DEBUG - Recorded step 22: FE=-1.7985
2026-02-02 06:46:14,652 - ModernActiveInference - INFO -   Step 23: active_sampling
2026-02-02 06:46:14,652 - ModernActiveInference - INFO -     Conditional independence: 0.9430
2026-02-02 06:46:14,652 - ModernActiveInference - INFO -     Surprise: 0.6550
2026-02-02 06:46:14,652 - ModernActiveInference - INFO -     Information gain: 0.0000
2026-02-02 06:46:14,652 - geo_infer_act.utils.analysis - DEBUG - Recorded step 23: FE=-1.7985
2026-02-02 06:46:14,676 - ModernActiveInference - INFO -   Step 24: active_sampling
2026-02-02 06:46:14,676 - ModernActiveInference - INFO -     Conditional independence: 0.9822
2026-02-02 06:46:14,676 - ModernActiveInference - INFO -     Surprise: 0.4044
2026-02-02 06:46:14,676 - ModernActiveInference - INFO -     Information gain: 0.0000
2026-02-02 06:46:14,676 - geo_infer_act.utils.analysis - DEBUG - Recorded step 24: FE=-1.7985
2026-02-02 06:46:14,701 - ModernActiveInference - INFO -   Step 25: active_sampling
2026-02-02 06:46:14,701 - ModernActiveInference - INFO -     Conditional independence: 0.9741
2026-02-02 06:46:14,701 - ModernActiveInference - INFO -     Surprise: 0.1086
2026-02-02 06:46:14,701 - ModernActiveInference - INFO -     Information gain: 0.0000
2026-02-02 06:46:14,701 - geo_infer_act.utils.analysis - DEBUG - Recorded step 25: FE=-1.7985
2026-02-02 06:46:14,727 - ModernActiveInference - INFO -   Step 26: active_sampling
2026-02-02 06:46:14,727 - ModernActiveInference - INFO -     Conditional independence: 0.9364
2026-02-02 06:46:14,727 - ModernActiveInference - INFO -     Surprise: 1.5983
2026-02-02 06:46:14,727 - ModernActiveInference - INFO -     Information gain: 0.0000
2026-02-02 06:46:14,727 - geo_infer_act.utils.analysis - DEBUG - Recorded step 26: FE=-1.7985
2026-02-02 06:46:14,753 - ModernActiveInference - INFO -   Step 27: active_sampling
2026-02-02 06:46:14,753 - ModernActiveInference - INFO -     Conditional independence: 0.9061
2026-02-02 06:46:14,753 - ModernActiveInference - INFO -     Surprise: 1.0555
2026-02-02 06:46:14,753 - ModernActiveInference - INFO -     Information gain: 0.0000
2026-02-02 06:46:14,753 - geo_infer_act.utils.analysis - DEBUG - Recorded step 27: FE=-1.7985
2026-02-02 06:46:14,778 - ModernActiveInference - INFO -   Step 28: active_sampling
2026-02-02 06:46:14,778 - ModernActiveInference - INFO -     Conditional independence: 0.8766
2026-02-02 06:46:14,778 - ModernActiveInference - INFO -     Surprise: 1.1557
2026-02-02 06:46:14,778 - ModernActiveInference - INFO -     Information gain: 0.0000
2026-02-02 06:46:14,778 - geo_infer_act.utils.analysis - DEBUG - Recorded step 28: FE=-1.7985
2026-02-02 06:46:14,802 - ModernActiveInference - INFO -   Step 29: active_sampling
2026-02-02 06:46:14,802 - ModernActiveInference - INFO -     Conditional independence: 0.9702
2026-02-02 06:46:14,802 - ModernActiveInference - INFO -     Surprise: 0.3160
2026-02-02 06:46:14,802 - ModernActiveInference - INFO -     Information gain: 0.0000
2026-02-02 06:46:14,802 - geo_infer_act.utils.analysis - DEBUG - Recorded step 29: FE=-1.7985
2026-02-02 06:46:14,826 - ModernActiveInference - INFO -   Step 30: active_sampling
2026-02-02 06:46:14,826 - ModernActiveInference - INFO -     Conditional independence: 0.9566
2026-02-02 06:46:14,826 - ModernActiveInference - INFO -     Surprise: 1.4430
2026-02-02 06:46:14,826 - ModernActiveInference - INFO -     Information gain: 0.0000
2026-02-02 06:46:14,826 - geo_infer_act.utils.analysis - DEBUG - Recorded step 30: FE=-1.7985
2026-02-02 06:46:14,826 - ModernActiveInference - INFO - Markov blanket analysis complete:
2026-02-02 06:46:14,826 - ModernActiveInference - INFO -   Average conditional independence: 0.9441
2026-02-02 06:46:14,826 - ModernActiveInference - INFO -   Independence stability: 0.9693
2026-02-02 06:46:14,826 - ModernActiveInference - INFO - 
==================================================
2026-02-02 06:46:14,826 - ModernActiveInference - INFO - 4. SPATIAL-TEMPORAL DYNAMICS
2026-02-02 06:46:14,826 - ModernActiveInference - INFO - ==================================================
2026-02-02 06:46:14,826 - ModernActiveInference - INFO - Demonstrating spatial-temporal dynamics
2026-02-02 06:46:14,826 - geo_infer_act.core.active_inference - INFO - Initialized ActiveInferenceModel with type: categorical
2026-02-02 06:46:14,826 - geo_infer_act.api.interface - INFO - Created categorical model: spatial_temporal_model
2026-02-02 06:46:14,826 - geo_infer_act.core.generative_model - INFO - Enabled spatial navigation with 3x3 grid
2026-02-02 06:46:14,827 - geo_infer_act.utils.analysis - INFO - ActiveInferenceAnalyzer initialized with output: /Users/4d/Documents/GitHub/GEO-INFER/output/modern_active_inference_20260202_064614/spatial_temporal
2026-02-02 06:46:14,827 - ModernActiveInference - INFO - Running spatial-temporal simulation for 25 steps
2026-02-02 06:46:14,834 - ModernActiveInference - INFO -   Step 1:
2026-02-02 06:46:14,834 - ModernActiveInference - INFO -     Spatial correlation: nan
2026-02-02 06:46:14,834 - ModernActiveInference - INFO -     Surprise: 1.5734
2026-02-02 06:46:14,834 - geo_infer_act.utils.analysis - DEBUG - Recorded step 1: FE=-2.2608
2026-02-02 06:46:14,837 - ModernActiveInference - INFO -   Step 2:
2026-02-02 06:46:14,837 - ModernActiveInference - INFO -     Spatial correlation: nan
2026-02-02 06:46:14,837 - ModernActiveInference - INFO -     Temporal coherence: 1.0000
2026-02-02 06:46:14,837 - ModernActiveInference - INFO -     Surprise: 2.9358
2026-02-02 06:46:14,837 - geo_infer_act.utils.analysis - DEBUG - Recorded step 2: FE=-2.2608
2026-02-02 06:46:14,841 - ModernActiveInference - INFO -   Step 3:
2026-02-02 06:46:14,841 - ModernActiveInference - INFO -     Spatial correlation: nan
2026-02-02 06:46:14,841 - ModernActiveInference - INFO -     Temporal coherence: 1.0000
2026-02-02 06:46:14,841 - ModernActiveInference - INFO -     Surprise: 2.9718
2026-02-02 06:46:14,841 - geo_infer_act.utils.analysis - DEBUG - Recorded step 3: FE=-2.2608
2026-02-02 06:46:14,845 - ModernActiveInference - INFO -   Step 4:
2026-02-02 06:46:14,845 - ModernActiveInference - INFO -     Spatial correlation: nan
2026-02-02 06:46:14,845 - ModernActiveInference - INFO -     Temporal coherence: 1.0000
2026-02-02 06:46:14,845 - ModernActiveInference - INFO -     Surprise: 3.6733
2026-02-02 06:46:14,845 - geo_infer_act.utils.analysis - DEBUG - Recorded step 4: FE=-2.2608
2026-02-02 06:46:14,848 - ModernActiveInference - INFO -   Step 5:
2026-02-02 06:46:14,848 - ModernActiveInference - INFO -     Spatial correlation: nan
2026-02-02 06:46:14,848 - ModernActiveInference - INFO -     Temporal coherence: 1.0000
2026-02-02 06:46:14,848 - ModernActiveInference - INFO -     Surprise: 2.9568
2026-02-02 06:46:14,848 - geo_infer_act.utils.analysis - DEBUG - Recorded step 5: FE=-2.2608
2026-02-02 06:46:14,852 - ModernActiveInference - INFO -   Step 6:
2026-02-02 06:46:14,852 - ModernActiveInference - INFO -     Spatial correlation: nan
2026-02-02 06:46:14,852 - ModernActiveInference - INFO -     Temporal coherence: 1.0000
2026-02-02 06:46:14,852 - ModernActiveInference - INFO -     Surprise: 3.1768
2026-02-02 06:46:14,852 - geo_infer_act.utils.analysis - DEBUG - Recorded step 6: FE=-2.2608
2026-02-02 06:46:14,856 - ModernActiveInference - INFO -   Step 7:
2026-02-02 06:46:14,856 - ModernActiveInference - INFO -     Spatial correlation: nan
2026-02-02 06:46:14,856 - ModernActiveInference - INFO -     Temporal coherence: 1.0000
2026-02-02 06:46:14,856 - ModernActiveInference - INFO -     Surprise: 5.3177
2026-02-02 06:46:14,856 - geo_infer_act.utils.analysis - DEBUG - Recorded step 7: FE=-2.2608
2026-02-02 06:46:14,860 - ModernActiveInference - INFO -   Step 8:
2026-02-02 06:46:14,860 - ModernActiveInference - INFO -     Spatial correlation: nan
2026-02-02 06:46:14,860 - ModernActiveInference - INFO -     Temporal coherence: 1.0000
2026-02-02 06:46:14,860 - ModernActiveInference - INFO -     Surprise: 3.3957
2026-02-02 06:46:14,860 - geo_infer_act.utils.analysis - DEBUG - Recorded step 8: FE=-2.2608
2026-02-02 06:46:14,863 - ModernActiveInference - INFO -   Step 9:
2026-02-02 06:46:14,863 - ModernActiveInference - INFO -     Spatial correlation: nan
2026-02-02 06:46:14,863 - ModernActiveInference - INFO -     Temporal coherence: 1.0000
2026-02-02 06:46:14,863 - ModernActiveInference - INFO -     Surprise: 4.6657
2026-02-02 06:46:14,863 - geo_infer_act.utils.analysis - DEBUG - Recorded step 9: FE=-2.2608
2026-02-02 06:46:14,866 - ModernActiveInference - INFO -   Step 10:
2026-02-02 06:46:14,866 - ModernActiveInference - INFO -     Spatial correlation: nan
2026-02-02 06:46:14,866 - ModernActiveInference - INFO -     Temporal coherence: 1.0000
2026-02-02 06:46:14,866 - ModernActiveInference - INFO -     Surprise: 5.7664
2026-02-02 06:46:14,866 - geo_infer_act.utils.analysis - DEBUG - Recorded step 10: FE=-2.2608
2026-02-02 06:46:14,870 - ModernActiveInference - INFO -   Step 11:
2026-02-02 06:46:14,870 - ModernActiveInference - INFO -     Spatial correlation: nan
2026-02-02 06:46:14,870 - ModernActiveInference - INFO -     Temporal coherence: 1.0000
2026-02-02 06:46:14,870 - ModernActiveInference - INFO -     Surprise: 4.3613
2026-02-02 06:46:14,870 - geo_infer_act.utils.analysis - DEBUG - Recorded step 11: FE=-2.2608
2026-02-02 06:46:14,873 - ModernActiveInference - INFO -   Step 12:
2026-02-02 06:46:14,873 - ModernActiveInference - INFO -     Spatial correlation: nan
2026-02-02 06:46:14,873 - ModernActiveInference - INFO -     Temporal coherence: 1.0000
2026-02-02 06:46:14,873 - ModernActiveInference - INFO -     Surprise: 5.0932
2026-02-02 06:46:14,873 - geo_infer_act.utils.analysis - DEBUG - Recorded step 12: FE=-2.2608
2026-02-02 06:46:14,876 - ModernActiveInference - INFO -   Step 13:
2026-02-02 06:46:14,877 - ModernActiveInference - INFO -     Spatial correlation: nan
2026-02-02 06:46:14,877 - ModernActiveInference - INFO -     Temporal coherence: 1.0000
2026-02-02 06:46:14,877 - ModernActiveInference - INFO -     Surprise: 3.8047
2026-02-02 06:46:14,877 - geo_infer_act.utils.analysis - DEBUG - Recorded step 13: FE=-2.2608
2026-02-02 06:46:14,880 - ModernActiveInference - INFO -   Step 14:
2026-02-02 06:46:14,880 - ModernActiveInference - INFO -     Spatial correlation: nan
2026-02-02 06:46:14,880 - ModernActiveInference - INFO -     Temporal coherence: 1.0000
2026-02-02 06:46:14,880 - ModernActiveInference - INFO -     Surprise: 2.9774
2026-02-02 06:46:14,880 - geo_infer_act.utils.analysis - DEBUG - Recorded step 14: FE=-2.2608
2026-02-02 06:46:14,884 - ModernActiveInference - INFO -   Step 15:
2026-02-02 06:46:14,884 - ModernActiveInference - INFO -     Spatial correlation: nan
2026-02-02 06:46:14,884 - ModernActiveInference - INFO -     Temporal coherence: 1.0000
2026-02-02 06:46:14,884 - ModernActiveInference - INFO -     Surprise: 4.2124
2026-02-02 06:46:14,884 - geo_infer_act.utils.analysis - DEBUG - Recorded step 15: FE=-2.2608
2026-02-02 06:46:14,887 - ModernActiveInference - INFO -   Step 16:
2026-02-02 06:46:14,887 - ModernActiveInference - INFO -     Spatial correlation: nan
2026-02-02 06:46:14,887 - ModernActiveInference - INFO -     Temporal coherence: 1.0000
2026-02-02 06:46:14,887 - ModernActiveInference - INFO -     Surprise: 2.9183
2026-02-02 06:46:14,888 - geo_infer_act.utils.analysis - DEBUG - Recorded step 16: FE=-2.2608
2026-02-02 06:46:14,891 - ModernActiveInference - INFO -   Step 17:
2026-02-02 06:46:14,891 - ModernActiveInference - INFO -     Spatial correlation: nan
2026-02-02 06:46:14,891 - ModernActiveInference - INFO -     Temporal coherence: 1.0000
2026-02-02 06:46:14,891 - ModernActiveInference - INFO -     Surprise: 2.9109
2026-02-02 06:46:14,891 - geo_infer_act.utils.analysis - DEBUG - Recorded step 17: FE=-2.2608
2026-02-02 06:46:14,894 - ModernActiveInference - INFO -   Step 18:
2026-02-02 06:46:14,894 - ModernActiveInference - INFO -     Spatial correlation: nan
2026-02-02 06:46:14,894 - ModernActiveInference - INFO -     Temporal coherence: 1.0000
2026-02-02 06:46:14,894 - ModernActiveInference - INFO -     Surprise: 2.6554
2026-02-02 06:46:14,894 - geo_infer_act.utils.analysis - DEBUG - Recorded step 18: FE=-2.2608
2026-02-02 06:46:14,898 - ModernActiveInference - INFO -   Step 19:
2026-02-02 06:46:14,898 - ModernActiveInference - INFO -     Spatial correlation: nan
2026-02-02 06:46:14,898 - ModernActiveInference - INFO -     Temporal coherence: 1.0000
2026-02-02 06:46:14,898 - ModernActiveInference - INFO -     Surprise: 2.1096
2026-02-02 06:46:14,898 - geo_infer_act.utils.analysis - DEBUG - Recorded step 19: FE=-2.2608
2026-02-02 06:46:14,901 - ModernActiveInference - INFO -   Step 20:
2026-02-02 06:46:14,901 - ModernActiveInference - INFO -     Spatial correlation: nan
2026-02-02 06:46:14,901 - ModernActiveInference - INFO -     Temporal coherence: 1.0000
2026-02-02 06:46:14,901 - ModernActiveInference - INFO -     Surprise: 2.3064
2026-02-02 06:46:14,901 - geo_infer_act.utils.analysis - DEBUG - Recorded step 20: FE=-2.2608
2026-02-02 06:46:14,905 - ModernActiveInference - INFO -   Step 21:
2026-02-02 06:46:14,905 - ModernActiveInference - INFO -     Spatial correlation: nan
2026-02-02 06:46:14,905 - ModernActiveInference - INFO -     Temporal coherence: 1.0000
2026-02-02 06:46:14,905 - ModernActiveInference - INFO -     Surprise: 2.3929
2026-02-02 06:46:14,905 - geo_infer_act.utils.analysis - DEBUG - Recorded step 21: FE=-2.2608
2026-02-02 06:46:14,908 - ModernActiveInference - INFO -   Step 22:
2026-02-02 06:46:14,908 - ModernActiveInference - INFO -     Spatial correlation: nan
2026-02-02 06:46:14,908 - ModernActiveInference - INFO -     Temporal coherence: 1.0000
2026-02-02 06:46:14,908 - ModernActiveInference - INFO -     Surprise: 1.5815
2026-02-02 06:46:14,908 - geo_infer_act.utils.analysis - DEBUG - Recorded step 22: FE=-2.2608
2026-02-02 06:46:14,911 - ModernActiveInference - INFO -   Step 23:
2026-02-02 06:46:14,911 - ModernActiveInference - INFO -     Spatial correlation: nan
2026-02-02 06:46:14,911 - ModernActiveInference - INFO -     Temporal coherence: 1.0000
2026-02-02 06:46:14,911 - ModernActiveInference - INFO -     Surprise: 1.5090
2026-02-02 06:46:14,911 - geo_infer_act.utils.analysis - DEBUG - Recorded step 23: FE=-2.2608
2026-02-02 06:46:14,914 - ModernActiveInference - INFO -   Step 24:
2026-02-02 06:46:14,914 - ModernActiveInference - INFO -     Spatial correlation: nan
2026-02-02 06:46:14,914 - ModernActiveInference - INFO -     Temporal coherence: 1.0000
2026-02-02 06:46:14,914 - ModernActiveInference - INFO -     Surprise: 1.8983
2026-02-02 06:46:14,914 - geo_infer_act.utils.analysis - DEBUG - Recorded step 24: FE=-2.2608
2026-02-02 06:46:14,918 - ModernActiveInference - INFO -   Step 25:
2026-02-02 06:46:14,918 - ModernActiveInference - INFO -     Spatial correlation: nan
2026-02-02 06:46:14,918 - ModernActiveInference - INFO -     Temporal coherence: 1.0000
2026-02-02 06:46:14,918 - ModernActiveInference - INFO -     Surprise: 2.3104
2026-02-02 06:46:14,918 - geo_infer_act.utils.analysis - DEBUG - Recorded step 25: FE=-2.2608
2026-02-02 06:46:14,918 - ModernActiveInference - INFO - Spatial-temporal analysis complete:
2026-02-02 06:46:14,918 - ModernActiveInference - INFO -   Average spatial correlation: nan
2026-02-02 06:46:14,918 - ModernActiveInference - INFO -   Average temporal coherence: 1.0000
2026-02-02 06:46:14,918 - ModernActiveInference - INFO -   Spatial stability: nan
2026-02-02 06:46:14,918 - ModernActiveInference - INFO - 
==================================================
2026-02-02 06:46:14,918 - ModernActiveInference - INFO - 5. MULTI-AGENT COORDINATION
2026-02-02 06:46:14,918 - ModernActiveInference - INFO - ==================================================
2026-02-02 06:46:14,918 - ModernActiveInference - INFO - Demonstrating multi-agent coordination
2026-02-02 06:46:14,918 - geo_infer_act.core.active_inference - INFO - Initialized ActiveInferenceModel with type: categorical
2026-02-02 06:46:14,918 - geo_infer_act.api.interface - INFO - Created categorical model: multi_agent_agent_0
2026-02-02 06:46:14,918 - geo_infer_act.utils.analysis - INFO - ActiveInferenceAnalyzer initialized with output: /Users/4d/Documents/GitHub/GEO-INFER/output/modern_active_inference_20260202_064614/multi_agent/agent_0
2026-02-02 06:46:14,919 - ModernActiveInference - INFO -   Created agent 0 (Leader)
2026-02-02 06:46:14,919 - geo_infer_act.core.active_inference - INFO - Initialized ActiveInferenceModel with type: categorical
2026-02-02 06:46:14,919 - geo_infer_act.api.interface - INFO - Created categorical model: multi_agent_agent_1
2026-02-02 06:46:14,919 - geo_infer_act.utils.analysis - INFO - ActiveInferenceAnalyzer initialized with output: /Users/4d/Documents/GitHub/GEO-INFER/output/modern_active_inference_20260202_064614/multi_agent/agent_1
2026-02-02 06:46:14,919 - ModernActiveInference - INFO -   Created agent 1 (Coordinator)
2026-02-02 06:46:14,919 - geo_infer_act.core.active_inference - INFO - Initialized ActiveInferenceModel with type: categorical
2026-02-02 06:46:14,919 - geo_infer_act.api.interface - INFO - Created categorical model: multi_agent_agent_2
2026-02-02 06:46:14,919 - geo_infer_act.utils.analysis - INFO - ActiveInferenceAnalyzer initialized with output: /Users/4d/Documents/GitHub/GEO-INFER/output/modern_active_inference_20260202_064614/multi_agent/agent_2
2026-02-02 06:46:14,919 - ModernActiveInference - INFO -   Created agent 2 (Follower)
2026-02-02 06:46:14,919 - geo_infer_act.core.active_inference - INFO - Initialized ActiveInferenceModel with type: categorical
2026-02-02 06:46:14,919 - geo_infer_act.api.interface - INFO - Created categorical model: multi_agent_agent_3
2026-02-02 06:46:14,920 - geo_infer_act.utils.analysis - INFO - ActiveInferenceAnalyzer initialized with output: /Users/4d/Documents/GitHub/GEO-INFER/output/modern_active_inference_20260202_064614/multi_agent/agent_3
2026-02-02 06:46:14,920 - ModernActiveInference - INFO -   Created agent 3 (Follower)
2026-02-02 06:46:14,920 - ModernActiveInference - INFO - Running multi-agent coordination for 20 steps
2026-02-02 06:46:14,958 - geo_infer_act.utils.analysis - DEBUG - Recorded step 1: FE=-1.7944
2026-02-02 06:46:14,960 - geo_infer_act.utils.analysis - DEBUG - Recorded step 1: FE=-1.6094
2026-02-02 06:46:14,961 - geo_infer_act.utils.analysis - DEBUG - Recorded step 1: FE=-1.3863
2026-02-02 06:46:14,961 - geo_infer_act.utils.analysis - DEBUG - Recorded step 1: FE=-1.3863
2026-02-02 06:46:14,961 - ModernActiveInference - INFO -   Step 1: coordination_challenge
2026-02-02 06:46:14,961 - ModernActiveInference - INFO -     Coordination score: 0.0000
2026-02-02 06:46:14,961 - ModernActiveInference - INFO -     Action consensus: 0.5926
2026-02-02 06:46:14,961 - ModernActiveInference - INFO -     Agent actions: [0, 0, 2, 1]
2026-02-02 06:46:14,990 - geo_infer_act.utils.analysis - DEBUG - Recorded step 2: FE=-1.7944
2026-02-02 06:46:14,992 - geo_infer_act.utils.analysis - DEBUG - Recorded step 2: FE=-1.6094
2026-02-02 06:46:14,993 - geo_infer_act.utils.analysis - DEBUG - Recorded step 2: FE=-1.3863
2026-02-02 06:46:14,993 - geo_infer_act.utils.analysis - DEBUG - Recorded step 2: FE=-1.3863
2026-02-02 06:46:14,993 - ModernActiveInference - INFO -   Step 2: coordination_challenge
2026-02-02 06:46:14,993 - ModernActiveInference - INFO -     Coordination score: 0.0000
2026-02-02 06:46:14,993 - ModernActiveInference - INFO -     Action consensus: 0.8000
2026-02-02 06:46:14,993 - ModernActiveInference - INFO -     Agent actions: [1, 0, 1, 0]
2026-02-02 06:46:15,020 - geo_infer_act.utils.analysis - DEBUG - Recorded step 3: FE=-1.7944
2026-02-02 06:46:15,022 - geo_infer_act.utils.analysis - DEBUG - Recorded step 3: FE=-1.6094
2026-02-02 06:46:15,022 - geo_infer_act.utils.analysis - DEBUG - Recorded step 3: FE=-1.3863
2026-02-02 06:46:15,022 - geo_infer_act.utils.analysis - DEBUG - Recorded step 3: FE=-1.3863
2026-02-02 06:46:15,022 - ModernActiveInference - INFO -   Step 3: coordination_challenge
2026-02-02 06:46:15,023 - ModernActiveInference - INFO -     Coordination score: 0.0000
2026-02-02 06:46:15,023 - ModernActiveInference - INFO -     Action consensus: 0.5926
2026-02-02 06:46:15,023 - ModernActiveInference - INFO -     Agent actions: [0, 1, 2, 0]
2026-02-02 06:46:15,049 - geo_infer_act.utils.analysis - DEBUG - Recorded step 4: FE=-1.7944
2026-02-02 06:46:15,051 - geo_infer_act.utils.analysis - DEBUG - Recorded step 4: FE=-1.6094
2026-02-02 06:46:15,051 - geo_infer_act.utils.analysis - DEBUG - Recorded step 4: FE=-1.3863
2026-02-02 06:46:15,051 - geo_infer_act.utils.analysis - DEBUG - Recorded step 4: FE=-1.3863
2026-02-02 06:46:15,052 - ModernActiveInference - INFO -   Step 4: coordination_challenge
2026-02-02 06:46:15,052 - ModernActiveInference - INFO -     Coordination score: 0.0000
2026-02-02 06:46:15,052 - ModernActiveInference - INFO -     Action consensus: 0.5926
2026-02-02 06:46:15,052 - ModernActiveInference - INFO -     Agent actions: [2, 1, 0, 2]
2026-02-02 06:46:15,077 - geo_infer_act.utils.analysis - DEBUG - Recorded step 5: FE=-1.7944
2026-02-02 06:46:15,079 - geo_infer_act.utils.analysis - DEBUG - Recorded step 5: FE=-1.6094
2026-02-02 06:46:15,079 - geo_infer_act.utils.analysis - DEBUG - Recorded step 5: FE=-1.3863
2026-02-02 06:46:15,080 - geo_infer_act.utils.analysis - DEBUG - Recorded step 5: FE=-1.3863
2026-02-02 06:46:15,080 - ModernActiveInference - INFO -   Step 5: coordination_challenge
2026-02-02 06:46:15,080 - ModernActiveInference - INFO -     Coordination score: 0.0000
2026-02-02 06:46:15,080 - ModernActiveInference - INFO -     Action consensus: 0.6667
2026-02-02 06:46:15,080 - ModernActiveInference - INFO -     Agent actions: [1, 0, 1, 2]
2026-02-02 06:46:15,108 - geo_infer_act.utils.analysis - DEBUG - Recorded step 6: FE=-1.7944
2026-02-02 06:46:15,110 - geo_infer_act.utils.analysis - DEBUG - Recorded step 6: FE=-1.6094
2026-02-02 06:46:15,110 - geo_infer_act.utils.analysis - DEBUG - Recorded step 6: FE=-1.3863
2026-02-02 06:46:15,110 - geo_infer_act.utils.analysis - DEBUG - Recorded step 6: FE=-1.3863
2026-02-02 06:46:15,111 - ModernActiveInference - INFO -   Step 6: coordination_challenge
2026-02-02 06:46:15,111 - ModernActiveInference - INFO -     Coordination score: 0.0000
2026-02-02 06:46:15,111 - ModernActiveInference - INFO -     Action consensus: 0.5714
2026-02-02 06:46:15,111 - ModernActiveInference - INFO -     Agent actions: [0, 0, 2, 0]
2026-02-02 06:46:15,137 - geo_infer_act.utils.analysis - DEBUG - Recorded step 7: FE=-1.7944
2026-02-02 06:46:15,139 - geo_infer_act.utils.analysis - DEBUG - Recorded step 7: FE=-1.6094
2026-02-02 06:46:15,139 - geo_infer_act.utils.analysis - DEBUG - Recorded step 7: FE=-1.3863
2026-02-02 06:46:15,139 - geo_infer_act.utils.analysis - DEBUG - Recorded step 7: FE=-1.3863
2026-02-02 06:46:15,140 - ModernActiveInference - INFO -   Step 7: coordination_challenge
2026-02-02 06:46:15,140 - ModernActiveInference - INFO -     Coordination score: 0.0000
2026-02-02 06:46:15,140 - ModernActiveInference - INFO -     Action consensus: 0.5714
2026-02-02 06:46:15,140 - ModernActiveInference - INFO -     Agent actions: [0, 2, 0, 0]
2026-02-02 06:46:15,166 - geo_infer_act.utils.analysis - DEBUG - Recorded step 8: FE=-1.7944
2026-02-02 06:46:15,168 - geo_infer_act.utils.analysis - DEBUG - Recorded step 8: FE=-1.6094
2026-02-02 06:46:15,169 - geo_infer_act.utils.analysis - DEBUG - Recorded step 8: FE=-1.3863
2026-02-02 06:46:15,169 - geo_infer_act.utils.analysis - DEBUG - Recorded step 8: FE=-1.3863
2026-02-02 06:46:15,169 - ModernActiveInference - INFO -   Step 8: consensus_building
2026-02-02 06:46:15,169 - ModernActiveInference - INFO -     Coordination score: 0.0000
2026-02-02 06:46:15,169 - ModernActiveInference - INFO -     Action consensus: 0.8421
2026-02-02 06:46:15,169 - ModernActiveInference - INFO -     Agent actions: [1, 2, 1, 1]
2026-02-02 06:46:15,197 - geo_infer_act.utils.analysis - DEBUG - Recorded step 9: FE=-1.7944
2026-02-02 06:46:15,199 - geo_infer_act.utils.analysis - DEBUG - Recorded step 9: FE=-1.6094
2026-02-02 06:46:15,199 - geo_infer_act.utils.analysis - DEBUG - Recorded step 9: FE=-1.3863
2026-02-02 06:46:15,199 - geo_infer_act.utils.analysis - DEBUG - Recorded step 9: FE=-1.3863
2026-02-02 06:46:15,200 - ModernActiveInference - INFO -   Step 9: consensus_building
2026-02-02 06:46:15,200 - ModernActiveInference - INFO -     Coordination score: 0.0000
2026-02-02 06:46:15,200 - ModernActiveInference - INFO -     Action consensus: 0.5926
2026-02-02 06:46:15,200 - ModernActiveInference - INFO -     Agent actions: [1, 0, 0, 2]
2026-02-02 06:46:15,226 - geo_infer_act.utils.analysis - DEBUG - Recorded step 10: FE=-1.7944
2026-02-02 06:46:15,228 - geo_infer_act.utils.analysis - DEBUG - Recorded step 10: FE=-1.6094
2026-02-02 06:46:15,229 - geo_infer_act.utils.analysis - DEBUG - Recorded step 10: FE=-1.3863
2026-02-02 06:46:15,229 - geo_infer_act.utils.analysis - DEBUG - Recorded step 10: FE=-1.3863
2026-02-02 06:46:15,229 - ModernActiveInference - INFO -   Step 10: consensus_building
2026-02-02 06:46:15,229 - ModernActiveInference - INFO -     Coordination score: 0.0000
2026-02-02 06:46:15,229 - ModernActiveInference - INFO -     Action consensus: 1.0000
2026-02-02 06:46:15,229 - ModernActiveInference - INFO -     Agent actions: [2, 2, 2, 2]
2026-02-02 06:46:15,256 - geo_infer_act.utils.analysis - DEBUG - Recorded step 11: FE=-1.7944
2026-02-02 06:46:15,258 - geo_infer_act.utils.analysis - DEBUG - Recorded step 11: FE=-1.6094
2026-02-02 06:46:15,258 - geo_infer_act.utils.analysis - DEBUG - Recorded step 11: FE=-1.3863
2026-02-02 06:46:15,259 - geo_infer_act.utils.analysis - DEBUG - Recorded step 11: FE=-1.3863
2026-02-02 06:46:15,259 - ModernActiveInference - INFO -   Step 11: consensus_building
2026-02-02 06:46:15,259 - ModernActiveInference - INFO -     Coordination score: 0.0000
2026-02-02 06:46:15,259 - ModernActiveInference - INFO -     Action consensus: 0.8000
2026-02-02 06:46:15,259 - ModernActiveInference - INFO -     Agent actions: [1, 1, 0, 0]
2026-02-02 06:46:15,286 - geo_infer_act.utils.analysis - DEBUG - Recorded step 12: FE=-1.7944
2026-02-02 06:46:15,288 - geo_infer_act.utils.analysis - DEBUG - Recorded step 12: FE=-1.6094
2026-02-02 06:46:15,288 - geo_infer_act.utils.analysis - DEBUG - Recorded step 12: FE=-1.3863
2026-02-02 06:46:15,288 - geo_infer_act.utils.analysis - DEBUG - Recorded step 12: FE=-1.3863
2026-02-02 06:46:15,288 - ModernActiveInference - INFO -   Step 12: consensus_building
2026-02-02 06:46:15,288 - ModernActiveInference - INFO -     Coordination score: 0.0000
2026-02-02 06:46:15,288 - ModernActiveInference - INFO -     Action consensus: 0.8421
2026-02-02 06:46:15,289 - ModernActiveInference - INFO -     Agent actions: [2, 1, 1, 1]
2026-02-02 06:46:15,314 - geo_infer_act.utils.analysis - DEBUG - Recorded step 13: FE=-1.7944
2026-02-02 06:46:15,316 - geo_infer_act.utils.analysis - DEBUG - Recorded step 13: FE=-1.6094
2026-02-02 06:46:15,316 - geo_infer_act.utils.analysis - DEBUG - Recorded step 13: FE=-1.3863
2026-02-02 06:46:15,317 - geo_infer_act.utils.analysis - DEBUG - Recorded step 13: FE=-1.3863
2026-02-02 06:46:15,317 - ModernActiveInference - INFO -   Step 13: consensus_building
2026-02-02 06:46:15,317 - ModernActiveInference - INFO -     Coordination score: 0.0000
2026-02-02 06:46:15,317 - ModernActiveInference - INFO -     Action consensus: 0.8000
2026-02-02 06:46:15,317 - ModernActiveInference - INFO -     Agent actions: [1, 2, 2, 1]
2026-02-02 06:46:15,343 - geo_infer_act.utils.analysis - DEBUG - Recorded step 14: FE=-1.7944
2026-02-02 06:46:15,345 - geo_infer_act.utils.analysis - DEBUG - Recorded step 14: FE=-1.6094
2026-02-02 06:46:15,346 - geo_infer_act.utils.analysis - DEBUG - Recorded step 14: FE=-1.3863
2026-02-02 06:46:15,346 - geo_infer_act.utils.analysis - DEBUG - Recorded step 14: FE=-1.3863
2026-02-02 06:46:15,346 - ModernActiveInference - INFO -   Step 14: consensus_building
2026-02-02 06:46:15,346 - ModernActiveInference - INFO -     Coordination score: 0.0000
2026-02-02 06:46:15,346 - ModernActiveInference - INFO -     Action consensus: 0.8421
2026-02-02 06:46:15,346 - ModernActiveInference - INFO -     Agent actions: [0, 1, 0, 0]
2026-02-02 06:46:15,372 - geo_infer_act.utils.analysis - DEBUG - Recorded step 15: FE=-1.7944
2026-02-02 06:46:15,374 - geo_infer_act.utils.analysis - DEBUG - Recorded step 15: FE=-1.6094
2026-02-02 06:46:15,374 - geo_infer_act.utils.analysis - DEBUG - Recorded step 15: FE=-1.3863
2026-02-02 06:46:15,375 - geo_infer_act.utils.analysis - DEBUG - Recorded step 15: FE=-1.3863
2026-02-02 06:46:15,375 - ModernActiveInference - INFO -   Step 15: synchronized_action
2026-02-02 06:46:15,375 - ModernActiveInference - INFO -     Coordination score: 0.0000
2026-02-02 06:46:15,375 - ModernActiveInference - INFO -     Action consensus: 0.5926
2026-02-02 06:46:15,375 - ModernActiveInference - INFO -     Agent actions: [0, 1, 2, 0]
2026-02-02 06:46:15,402 - geo_infer_act.utils.analysis - DEBUG - Recorded step 16: FE=-1.7944
2026-02-02 06:46:15,404 - geo_infer_act.utils.analysis - DEBUG - Recorded step 16: FE=-1.6094
2026-02-02 06:46:15,404 - geo_infer_act.utils.analysis - DEBUG - Recorded step 16: FE=-1.3863
2026-02-02 06:46:15,405 - geo_infer_act.utils.analysis - DEBUG - Recorded step 16: FE=-1.3863
2026-02-02 06:46:15,405 - ModernActiveInference - INFO -   Step 16: synchronized_action
2026-02-02 06:46:15,405 - ModernActiveInference - INFO -     Coordination score: 0.0000
2026-02-02 06:46:15,405 - ModernActiveInference - INFO -     Action consensus: 0.8000
2026-02-02 06:46:15,405 - ModernActiveInference - INFO -     Agent actions: [1, 0, 0, 1]
2026-02-02 06:46:15,431 - geo_infer_act.utils.analysis - DEBUG - Recorded step 17: FE=-1.7944
2026-02-02 06:46:15,433 - geo_infer_act.utils.analysis - DEBUG - Recorded step 17: FE=-1.6094
2026-02-02 06:46:15,434 - geo_infer_act.utils.analysis - DEBUG - Recorded step 17: FE=-1.3863
2026-02-02 06:46:15,434 - geo_infer_act.utils.analysis - DEBUG - Recorded step 17: FE=-1.3863
2026-02-02 06:46:15,434 - ModernActiveInference - INFO -   Step 17: synchronized_action
2026-02-02 06:46:15,434 - ModernActiveInference - INFO -     Coordination score: 0.0000
2026-02-02 06:46:15,434 - ModernActiveInference - INFO -     Action consensus: 0.5000
2026-02-02 06:46:15,434 - ModernActiveInference - INFO -     Agent actions: [2, 0, 2, 0]
2026-02-02 06:46:15,461 - geo_infer_act.utils.analysis - DEBUG - Recorded step 18: FE=-1.7944
2026-02-02 06:46:15,463 - geo_infer_act.utils.analysis - DEBUG - Recorded step 18: FE=-1.6094
2026-02-02 06:46:15,464 - geo_infer_act.utils.analysis - DEBUG - Recorded step 18: FE=-1.3863
2026-02-02 06:46:15,464 - geo_infer_act.utils.analysis - DEBUG - Recorded step 18: FE=-1.3863
2026-02-02 06:46:15,464 - ModernActiveInference - INFO -   Step 18: synchronized_action
2026-02-02 06:46:15,464 - ModernActiveInference - INFO -     Coordination score: 0.0000
2026-02-02 06:46:15,464 - ModernActiveInference - INFO -     Action consensus: 0.5714
2026-02-02 06:46:15,464 - ModernActiveInference - INFO -     Agent actions: [0, 0, 2, 0]
2026-02-02 06:46:15,491 - geo_infer_act.utils.analysis - DEBUG - Recorded step 19: FE=-1.7944
2026-02-02 06:46:15,493 - geo_infer_act.utils.analysis - DEBUG - Recorded step 19: FE=-1.6094
2026-02-02 06:46:15,493 - geo_infer_act.utils.analysis - DEBUG - Recorded step 19: FE=-1.3863
2026-02-02 06:46:15,494 - geo_infer_act.utils.analysis - DEBUG - Recorded step 19: FE=-1.3863
2026-02-02 06:46:15,494 - ModernActiveInference - INFO -   Step 19: synchronized_action
2026-02-02 06:46:15,494 - ModernActiveInference - INFO -     Coordination score: 0.0000
2026-02-02 06:46:15,494 - ModernActiveInference - INFO -     Action consensus: 0.8000
2026-02-02 06:46:15,494 - ModernActiveInference - INFO -     Agent actions: [1, 2, 2, 1]
2026-02-02 06:46:15,519 - geo_infer_act.utils.analysis - DEBUG - Recorded step 20: FE=-1.7944
2026-02-02 06:46:15,521 - geo_infer_act.utils.analysis - DEBUG - Recorded step 20: FE=-1.6094
2026-02-02 06:46:15,522 - geo_infer_act.utils.analysis - DEBUG - Recorded step 20: FE=-1.3863
2026-02-02 06:46:15,522 - geo_infer_act.utils.analysis - DEBUG - Recorded step 20: FE=-1.3863
2026-02-02 06:46:15,522 - ModernActiveInference - INFO -   Step 20: synchronized_action
2026-02-02 06:46:15,522 - ModernActiveInference - INFO -     Coordination score: 0.0000
2026-02-02 06:46:15,523 - ModernActiveInference - INFO -     Action consensus: 0.6667
2026-02-02 06:46:15,523 - ModernActiveInference - INFO -     Agent actions: [0, 2, 1, 1]
2026-02-02 06:46:15,523 - ModernActiveInference - INFO - Multi-agent coordination analysis complete:
2026-02-02 06:46:15,523 - ModernActiveInference - INFO -   Average coordination: 0.0000
2026-02-02 06:46:15,523 - ModernActiveInference - INFO -   Average consensus: 0.7018
2026-02-02 06:46:15,523 - ModernActiveInference - INFO -   Coordination improvement: 0.0000
2026-02-02 06:46:15,523 - ModernActiveInference - INFO - 
==================================================
2026-02-02 06:46:15,523 - ModernActiveInference - INFO - 6. PERFORMANCE BENCHMARKING
2026-02-02 06:46:15,523 - ModernActiveInference - INFO - ==================================================
2026-02-02 06:46:15,523 - ModernActiveInference - INFO - Benchmarking performance across all models
2026-02-02 06:46:15,523 - geo_infer_act.utils.analysis - INFO - Analyzing perception patterns...
2026-02-02 06:46:15,526 - geo_infer_act.utils.analysis - INFO - Analysis saved to /Users/4d/Documents/GitHub/GEO-INFER/output/modern_active_inference_20260202_064614/hierarchical/analysis/perception_analysis.json
2026-02-02 06:46:15,526 - geo_infer_act.utils.analysis - INFO - Perception pattern analysis completed
2026-02-02 06:46:15,526 - geo_infer_act.utils.analysis - INFO - Analyzing action selection patterns...
2026-02-02 06:46:15,527 - geo_infer_act.utils.analysis - INFO - Analysis saved to /Users/4d/Documents/GitHub/GEO-INFER/output/modern_active_inference_20260202_064614/hierarchical/analysis/action_selection_analysis.json
2026-02-02 06:46:15,527 - geo_infer_act.utils.analysis - INFO - Action selection pattern analysis completed
2026-02-02 06:46:15,527 - geo_infer_act.utils.analysis - INFO - Analyzing Variational Free Energy patterns...
2026-02-02 06:46:15,528 - geo_infer_act.utils.analysis - INFO - Analysis saved to /Users/4d/Documents/GitHub/GEO-INFER/output/modern_active_inference_20260202_064614/hierarchical/analysis/free_energy_analysis.json
2026-02-02 06:46:15,528 - geo_infer_act.utils.analysis - INFO - Free Energy pattern analysis completed
2026-02-02 06:46:15,528 - ModernActiveInference - INFO -   hierarchical_model:
2026-02-02 06:46:15,528 - ModernActiveInference - INFO -     Perception quality: 0.000
2026-02-02 06:46:15,528 - ModernActiveInference - INFO -     Action consistency: 0.133
2026-02-02 06:46:15,528 - ModernActiveInference - INFO -     Free energy efficiency: 0.000
2026-02-02 06:46:15,528 - ModernActiveInference - INFO -     Convergence: False
2026-02-02 06:46:15,528 - ModernActiveInference - INFO -     Stability: False
2026-02-02 06:46:15,528 - geo_infer_act.utils.analysis - INFO - Analyzing perception patterns...
2026-02-02 06:46:15,531 - geo_infer_act.utils.analysis - INFO - Analysis saved to /Users/4d/Documents/GitHub/GEO-INFER/output/modern_active_inference_20260202_064614/markov_blanket/analysis/perception_analysis.json
2026-02-02 06:46:15,531 - geo_infer_act.utils.analysis - INFO - Perception pattern analysis completed
2026-02-02 06:46:15,531 - geo_infer_act.utils.analysis - INFO - Analyzing action selection patterns...
2026-02-02 06:46:15,532 - geo_infer_act.utils.analysis - INFO - Analysis saved to /Users/4d/Documents/GitHub/GEO-INFER/output/modern_active_inference_20260202_064614/markov_blanket/analysis/action_selection_analysis.json
2026-02-02 06:46:15,532 - geo_infer_act.utils.analysis - INFO - Action selection pattern analysis completed
2026-02-02 06:46:15,532 - geo_infer_act.utils.analysis - INFO - Analyzing Variational Free Energy patterns...
2026-02-02 06:46:15,533 - geo_infer_act.utils.analysis - INFO - Analysis saved to /Users/4d/Documents/GitHub/GEO-INFER/output/modern_active_inference_20260202_064614/markov_blanket/analysis/free_energy_analysis.json
2026-02-02 06:46:15,533 - geo_infer_act.utils.analysis - INFO - Free Energy pattern analysis completed
2026-02-02 06:46:15,533 - ModernActiveInference - INFO -   markov_blanket_model:
2026-02-02 06:46:15,533 - ModernActiveInference - INFO -     Perception quality: 0.000
2026-02-02 06:46:15,533 - ModernActiveInference - INFO -     Action consistency: 0.267
2026-02-02 06:46:15,533 - ModernActiveInference - INFO -     Free energy efficiency: 0.000
2026-02-02 06:46:15,533 - ModernActiveInference - INFO -     Convergence: False
2026-02-02 06:46:15,533 - ModernActiveInference - INFO -     Stability: False
2026-02-02 06:46:15,533 - geo_infer_act.utils.analysis - INFO - Analyzing perception patterns...
2026-02-02 06:46:15,536 - geo_infer_act.utils.analysis - INFO - Analysis saved to /Users/4d/Documents/GitHub/GEO-INFER/output/modern_active_inference_20260202_064614/spatial_temporal/analysis/perception_analysis.json
2026-02-02 06:46:15,537 - geo_infer_act.utils.analysis - INFO - Perception pattern analysis completed
2026-02-02 06:46:15,537 - geo_infer_act.utils.analysis - INFO - Analyzing action selection patterns...
2026-02-02 06:46:15,538 - geo_infer_act.utils.analysis - INFO - Analysis saved to /Users/4d/Documents/GitHub/GEO-INFER/output/modern_active_inference_20260202_064614/spatial_temporal/analysis/action_selection_analysis.json
2026-02-02 06:46:15,538 - geo_infer_act.utils.analysis - INFO - Action selection pattern analysis completed
2026-02-02 06:46:15,538 - geo_infer_act.utils.analysis - INFO - Analyzing Variational Free Energy patterns...
2026-02-02 06:46:15,538 - geo_infer_act.utils.analysis - INFO - Analysis saved to /Users/4d/Documents/GitHub/GEO-INFER/output/modern_active_inference_20260202_064614/spatial_temporal/analysis/free_energy_analysis.json
2026-02-02 06:46:15,538 - geo_infer_act.utils.analysis - INFO - Free Energy pattern analysis completed
2026-02-02 06:46:15,538 - ModernActiveInference - INFO -   spatial_temporal_model:
2026-02-02 06:46:15,538 - ModernActiveInference - INFO -     Perception quality: 0.000
2026-02-02 06:46:15,538 - ModernActiveInference - INFO -     Action consistency: 0.520
2026-02-02 06:46:15,538 - ModernActiveInference - INFO -     Free energy efficiency: 0.000
2026-02-02 06:46:15,538 - ModernActiveInference - INFO -     Convergence: False
2026-02-02 06:46:15,538 - ModernActiveInference - INFO -     Stability: False
2026-02-02 06:46:15,538 - geo_infer_act.utils.analysis - INFO - Analyzing perception patterns...
2026-02-02 06:46:15,541 - geo_infer_act.utils.analysis - INFO - Analysis saved to /Users/4d/Documents/GitHub/GEO-INFER/output/modern_active_inference_20260202_064614/multi_agent/agent_0/analysis/perception_analysis.json
2026-02-02 06:46:15,541 - geo_infer_act.utils.analysis - INFO - Perception pattern analysis completed
2026-02-02 06:46:15,541 - geo_infer_act.utils.analysis - INFO - Analyzing action selection patterns...
2026-02-02 06:46:15,542 - geo_infer_act.utils.analysis - INFO - Analysis saved to /Users/4d/Documents/GitHub/GEO-INFER/output/modern_active_inference_20260202_064614/multi_agent/agent_0/analysis/action_selection_analysis.json
2026-02-02 06:46:15,542 - geo_infer_act.utils.analysis - INFO - Action selection pattern analysis completed
2026-02-02 06:46:15,542 - geo_infer_act.utils.analysis - INFO - Analyzing Variational Free Energy patterns...
2026-02-02 06:46:15,542 - geo_infer_act.utils.analysis - INFO - Analysis saved to /Users/4d/Documents/GitHub/GEO-INFER/output/modern_active_inference_20260202_064614/multi_agent/agent_0/analysis/free_energy_analysis.json
2026-02-02 06:46:15,542 - geo_infer_act.utils.analysis - INFO - Free Energy pattern analysis completed
2026-02-02 06:46:15,543 - ModernActiveInference - INFO -   multi_agent_agent_0:
2026-02-02 06:46:15,543 - ModernActiveInference - INFO -     Perception quality: 0.000
2026-02-02 06:46:15,543 - ModernActiveInference - INFO -     Action consistency: 0.200
2026-02-02 06:46:15,543 - ModernActiveInference - INFO -     Free energy efficiency: 0.000
2026-02-02 06:46:15,543 - ModernActiveInference - INFO -     Convergence: False
2026-02-02 06:46:15,543 - ModernActiveInference - INFO -     Stability: False
2026-02-02 06:46:15,543 - geo_infer_act.utils.analysis - INFO - Analyzing perception patterns...
2026-02-02 06:46:15,545 - geo_infer_act.utils.analysis - INFO - Analysis saved to /Users/4d/Documents/GitHub/GEO-INFER/output/modern_active_inference_20260202_064614/multi_agent/agent_1/analysis/perception_analysis.json
2026-02-02 06:46:15,545 - geo_infer_act.utils.analysis - INFO - Perception pattern analysis completed
2026-02-02 06:46:15,545 - geo_infer_act.utils.analysis - INFO - Analyzing action selection patterns...
2026-02-02 06:46:15,546 - geo_infer_act.utils.analysis - INFO - Analysis saved to /Users/4d/Documents/GitHub/GEO-INFER/output/modern_active_inference_20260202_064614/multi_agent/agent_1/analysis/action_selection_analysis.json
2026-02-02 06:46:15,546 - geo_infer_act.utils.analysis - INFO - Action selection pattern analysis completed
2026-02-02 06:46:15,546 - geo_infer_act.utils.analysis - INFO - Analyzing Variational Free Energy patterns...
2026-02-02 06:46:15,546 - geo_infer_act.utils.analysis - INFO - Analysis saved to /Users/4d/Documents/GitHub/GEO-INFER/output/modern_active_inference_20260202_064614/multi_agent/agent_1/analysis/free_energy_analysis.json
2026-02-02 06:46:15,546 - geo_infer_act.utils.analysis - INFO - Free Energy pattern analysis completed
2026-02-02 06:46:15,546 - ModernActiveInference - INFO -   multi_agent_agent_1:
2026-02-02 06:46:15,546 - ModernActiveInference - INFO -     Perception quality: 0.000
2026-02-02 06:46:15,546 - ModernActiveInference - INFO -     Action consistency: 0.500
2026-02-02 06:46:15,546 - ModernActiveInference - INFO -     Free energy efficiency: 0.000
2026-02-02 06:46:15,547 - ModernActiveInference - INFO -     Convergence: False
2026-02-02 06:46:15,547 - ModernActiveInference - INFO -     Stability: False
2026-02-02 06:46:15,547 - geo_infer_act.utils.analysis - INFO - Analyzing perception patterns...
2026-02-02 06:46:15,548 - geo_infer_act.utils.analysis - INFO - Analysis saved to /Users/4d/Documents/GitHub/GEO-INFER/output/modern_active_inference_20260202_064614/multi_agent/agent_2/analysis/perception_analysis.json
2026-02-02 06:46:15,548 - geo_infer_act.utils.analysis - INFO - Perception pattern analysis completed
2026-02-02 06:46:15,548 - geo_infer_act.utils.analysis - INFO - Analyzing action selection patterns...
2026-02-02 06:46:15,550 - geo_infer_act.utils.analysis - INFO - Analysis saved to /Users/4d/Documents/GitHub/GEO-INFER/output/modern_active_inference_20260202_064614/multi_agent/agent_2/analysis/action_selection_analysis.json
2026-02-02 06:46:15,550 - geo_infer_act.utils.analysis - INFO - Action selection pattern analysis completed
2026-02-02 06:46:15,550 - geo_infer_act.utils.analysis - INFO - Analyzing Variational Free Energy patterns...
2026-02-02 06:46:15,551 - geo_infer_act.utils.analysis - INFO - Analysis saved to /Users/4d/Documents/GitHub/GEO-INFER/output/modern_active_inference_20260202_064614/multi_agent/agent_2/analysis/free_energy_analysis.json
2026-02-02 06:46:15,551 - geo_infer_act.utils.analysis - INFO - Free Energy pattern analysis completed
2026-02-02 06:46:15,551 - ModernActiveInference - INFO -   multi_agent_agent_2:
2026-02-02 06:46:15,551 - ModernActiveInference - INFO -     Perception quality: 0.000
2026-02-02 06:46:15,551 - ModernActiveInference - INFO -     Action consistency: 0.150
2026-02-02 06:46:15,551 - ModernActiveInference - INFO -     Free energy efficiency: 0.000
2026-02-02 06:46:15,551 - ModernActiveInference - INFO -     Convergence: False
2026-02-02 06:46:15,551 - ModernActiveInference - INFO -     Stability: False
2026-02-02 06:46:15,551 - geo_infer_act.utils.analysis - INFO - Analyzing perception patterns...
2026-02-02 06:46:15,553 - geo_infer_act.utils.analysis - INFO - Analysis saved to /Users/4d/Documents/GitHub/GEO-INFER/output/modern_active_inference_20260202_064614/multi_agent/agent_3/analysis/perception_analysis.json
2026-02-02 06:46:15,553 - geo_infer_act.utils.analysis - INFO - Perception pattern analysis completed
2026-02-02 06:46:15,553 - geo_infer_act.utils.analysis - INFO - Analyzing action selection patterns...
2026-02-02 06:46:15,554 - geo_infer_act.utils.analysis - INFO - Analysis saved to /Users/4d/Documents/GitHub/GEO-INFER/output/modern_active_inference_20260202_064614/multi_agent/agent_3/analysis/action_selection_analysis.json
2026-02-02 06:46:15,554 - geo_infer_act.utils.analysis - INFO - Action selection pattern analysis completed
2026-02-02 06:46:15,554 - geo_infer_act.utils.analysis - INFO - Analyzing Variational Free Energy patterns...
2026-02-02 06:46:15,554 - geo_infer_act.utils.analysis - INFO - Analysis saved to /Users/4d/Documents/GitHub/GEO-INFER/output/modern_active_inference_20260202_064614/multi_agent/agent_3/analysis/free_energy_analysis.json
2026-02-02 06:46:15,554 - geo_infer_act.utils.analysis - INFO - Free Energy pattern analysis completed
2026-02-02 06:46:15,555 - ModernActiveInference - INFO -   multi_agent_agent_3:
2026-02-02 06:46:15,555 - ModernActiveInference - INFO -     Perception quality: 0.000
2026-02-02 06:46:15,555 - ModernActiveInference - INFO -     Action consistency: 0.450
2026-02-02 06:46:15,555 - ModernActiveInference - INFO -     Free energy efficiency: 0.000
2026-02-02 06:46:15,555 - ModernActiveInference - INFO -     Convergence: False
2026-02-02 06:46:15,555 - ModernActiveInference - INFO -     Stability: False
2026-02-02 06:46:15,555 - ModernActiveInference - INFO - Overall Performance Summary:
2026-02-02 06:46:15,555 - ModernActiveInference - INFO -   Average Perception Quality: 0.000
2026-02-02 06:46:15,555 - ModernActiveInference - INFO -   Average Action Consistency: 0.317
2026-02-02 06:46:15,555 - ModernActiveInference - INFO -   Average FE efficiency: 0.000
2026-02-02 06:46:15,555 - ModernActiveInference - INFO - 
==================================================
2026-02-02 06:46:15,555 - ModernActiveInference - INFO - 7. COMPREHENSIVE VISUALIZATIONS
2026-02-02 06:46:15,555 - ModernActiveInference - INFO - ==================================================
2026-02-02 06:46:15,555 - ModernActiveInference - INFO - Creating comprehensive visualizations
2026-02-02 06:46:16,243 - geo_infer_act.utils.visualization - INFO - Perception analysis saved to /Users/4d/Documents/GitHub/GEO-INFER/output/modern_active_inference_20260202_064614/hierarchical
2026-02-02 06:46:16,742 - geo_infer_act.utils.visualization - INFO - Action analysis saved to /Users/4d/Documents/GitHub/GEO-INFER/output/modern_active_inference_20260202_064614/hierarchical
2026-02-02 06:46:17,451 - geo_infer_act.utils.visualization - INFO - Interpretability dashboard saved to /Users/4d/Documents/GitHub/GEO-INFER/output/modern_active_inference_20260202_064614/hierarchical
2026-02-02 06:46:17,452 - ModernActiveInference - INFO -   Generated visualizations for hierarchical_model
2026-02-02 06:46:18,200 - geo_infer_act.utils.visualization - INFO - Perception analysis saved to /Users/4d/Documents/GitHub/GEO-INFER/output/modern_active_inference_20260202_064614/markov_blanket
2026-02-02 06:46:18,729 - geo_infer_act.utils.visualization - INFO - Action analysis saved to /Users/4d/Documents/GitHub/GEO-INFER/output/modern_active_inference_20260202_064614/markov_blanket
2026-02-02 06:46:19,481 - geo_infer_act.utils.visualization - INFO - Interpretability dashboard saved to /Users/4d/Documents/GitHub/GEO-INFER/output/modern_active_inference_20260202_064614/markov_blanket
2026-02-02 06:46:19,482 - ModernActiveInference - INFO -   Generated visualizations for markov_blanket_model
2026-02-02 06:46:20,286 - geo_infer_act.utils.visualization - INFO - Perception analysis saved to /Users/4d/Documents/GitHub/GEO-INFER/output/modern_active_inference_20260202_064614/spatial_temporal
2026-02-02 06:46:20,778 - geo_infer_act.utils.visualization - INFO - Action analysis saved to /Users/4d/Documents/GitHub/GEO-INFER/output/modern_active_inference_20260202_064614/spatial_temporal
2026-02-02 06:46:21,386 - geo_infer_act.utils.visualization - INFO - Interpretability dashboard saved to /Users/4d/Documents/GitHub/GEO-INFER/output/modern_active_inference_20260202_064614/spatial_temporal
2026-02-02 06:46:21,386 - ModernActiveInference - INFO -   Generated visualizations for spatial_temporal_model
2026-02-02 06:46:22,118 - geo_infer_act.utils.visualization - INFO - Perception analysis saved to /Users/4d/Documents/GitHub/GEO-INFER/output/modern_active_inference_20260202_064614/multi_agent/agent_0
2026-02-02 06:46:22,615 - geo_infer_act.utils.visualization - INFO - Action analysis saved to /Users/4d/Documents/GitHub/GEO-INFER/output/modern_active_inference_20260202_064614/multi_agent/agent_0
2026-02-02 06:46:23,222 - geo_infer_act.utils.visualization - INFO - Interpretability dashboard saved to /Users/4d/Documents/GitHub/GEO-INFER/output/modern_active_inference_20260202_064614/multi_agent/agent_0
2026-02-02 06:46:23,222 - ModernActiveInference - INFO -   Generated visualizations for multi_agent_agent_0
2026-02-02 06:46:23,994 - geo_infer_act.utils.visualization - INFO - Perception analysis saved to /Users/4d/Documents/GitHub/GEO-INFER/output/modern_active_inference_20260202_064614/multi_agent/agent_1
2026-02-02 06:46:24,828 - geo_infer_act.utils.visualization - INFO - Action analysis saved to /Users/4d/Documents/GitHub/GEO-INFER/output/modern_active_inference_20260202_064614/multi_agent/agent_1
2026-02-02 06:46:25,844 - geo_infer_act.utils.visualization - INFO - Interpretability dashboard saved to /Users/4d/Documents/GitHub/GEO-INFER/output/modern_active_inference_20260202_064614/multi_agent/agent_1
2026-02-02 06:46:25,845 - ModernActiveInference - INFO -   Generated visualizations for multi_agent_agent_1
2026-02-02 06:46:26,624 - geo_infer_act.utils.visualization - INFO - Perception analysis saved to /Users/4d/Documents/GitHub/GEO-INFER/output/modern_active_inference_20260202_064614/multi_agent/agent_2
2026-02-02 06:46:27,119 - geo_infer_act.utils.visualization - INFO - Action analysis saved to /Users/4d/Documents/GitHub/GEO-INFER/output/modern_active_inference_20260202_064614/multi_agent/agent_2
2026-02-02 06:46:27,674 - geo_infer_act.utils.visualization - INFO - Interpretability dashboard saved to /Users/4d/Documents/GitHub/GEO-INFER/output/modern_active_inference_20260202_064614/multi_agent/agent_2
2026-02-02 06:46:27,674 - ModernActiveInference - INFO -   Generated visualizations for multi_agent_agent_2
2026-02-02 06:46:28,340 - geo_infer_act.utils.visualization - INFO - Perception analysis saved to /Users/4d/Documents/GitHub/GEO-INFER/output/modern_active_inference_20260202_064614/multi_agent/agent_3
2026-02-02 06:46:28,913 - geo_infer_act.utils.visualization - INFO - Action analysis saved to /Users/4d/Documents/GitHub/GEO-INFER/output/modern_active_inference_20260202_064614/multi_agent/agent_3
2026-02-02 06:46:29,484 - geo_infer_act.utils.visualization - INFO - Interpretability dashboard saved to /Users/4d/Documents/GitHub/GEO-INFER/output/modern_active_inference_20260202_064614/multi_agent/agent_3
2026-02-02 06:46:29,484 - ModernActiveInference - INFO -   Generated visualizations for multi_agent_agent_3
2026-02-02 06:46:29,484 - ModernActiveInference - INFO - 
==================================================
2026-02-02 06:46:29,484 - ModernActiveInference - INFO - 8. GENERATING COMPREHENSIVE REPORT
2026-02-02 06:46:29,484 - ModernActiveInference - INFO - ==================================================
2026-02-02 06:46:29,484 - ModernActiveInference - INFO - Comprehensive report saved to: /Users/4d/Documents/GitHub/GEO-INFER/output/modern_active_inference_20260202_064614/comprehensive_modern_ai_report.txt
2026-02-02 06:46:29,484 - ModernActiveInference - INFO - Modern Active Inference demonstration completed successfully
