2026-01-09 15:48:18,660 - geo_infer_act.utils.analysis - INFO - ActiveInferenceAnalyzer initialized with output: /Users/4d/Documents/GitHub/GEO-INFER/output/modern_active_inference_20260109_154817/spatial_temporal
2026-01-09 15:48:18,664 - geo_infer_act.utils.analysis - DEBUG - Recorded step 1: FE=-2.2608
2026-01-09 15:48:18,667 - geo_infer_act.utils.analysis - DEBUG - Recorded step 2: FE=-2.2608
2026-01-09 15:48:18,670 - geo_infer_act.utils.analysis - DEBUG - Recorded step 3: FE=-2.2608
2026-01-09 15:48:18,674 - geo_infer_act.utils.analysis - DEBUG - Recorded step 4: FE=-2.2608
2026-01-09 15:48:18,677 - geo_infer_act.utils.analysis - DEBUG - Recorded step 5: FE=-2.2608
2026-01-09 15:48:18,680 - geo_infer_act.utils.analysis - DEBUG - Recorded step 6: FE=-2.2608
2026-01-09 15:48:18,683 - geo_infer_act.utils.analysis - DEBUG - Recorded step 7: FE=-2.2608
2026-01-09 15:48:18,686 - geo_infer_act.utils.analysis - DEBUG - Recorded step 8: FE=-2.2608
2026-01-09 15:48:18,689 - geo_infer_act.utils.analysis - DEBUG - Recorded step 9: FE=-2.2608
2026-01-09 15:48:18,692 - geo_infer_act.utils.analysis - DEBUG - Recorded step 10: FE=-2.2608
2026-01-09 15:48:18,696 - geo_infer_act.utils.analysis - DEBUG - Recorded step 11: FE=-2.2608
2026-01-09 15:48:18,699 - geo_infer_act.utils.analysis - DEBUG - Recorded step 12: FE=-2.2608
2026-01-09 15:48:18,702 - geo_infer_act.utils.analysis - DEBUG - Recorded step 13: FE=-2.2608
2026-01-09 15:48:18,705 - geo_infer_act.utils.analysis - DEBUG - Recorded step 14: FE=-2.2608
2026-01-09 15:48:18,708 - geo_infer_act.utils.analysis - DEBUG - Recorded step 15: FE=-2.2608
2026-01-09 15:48:18,712 - geo_infer_act.utils.analysis - DEBUG - Recorded step 16: FE=-2.2608
2026-01-09 15:48:18,715 - geo_infer_act.utils.analysis - DEBUG - Recorded step 17: FE=-2.2608
2026-01-09 15:48:18,718 - geo_infer_act.utils.analysis - DEBUG - Recorded step 18: FE=-2.2608
2026-01-09 15:48:18,722 - geo_infer_act.utils.analysis - DEBUG - Recorded step 19: FE=-2.2608
2026-01-09 15:48:18,725 - geo_infer_act.utils.analysis - DEBUG - Recorded step 20: FE=-2.2608
2026-01-09 15:48:18,728 - geo_infer_act.utils.analysis - DEBUG - Recorded step 21: FE=-2.2608
2026-01-09 15:48:18,731 - geo_infer_act.utils.analysis - DEBUG - Recorded step 22: FE=-2.2608
2026-01-09 15:48:18,734 - geo_infer_act.utils.analysis - DEBUG - Recorded step 23: FE=-2.2608
2026-01-09 15:48:18,737 - geo_infer_act.utils.analysis - DEBUG - Recorded step 24: FE=-2.2608
2026-01-09 15:48:18,740 - geo_infer_act.utils.analysis - DEBUG - Recorded step 25: FE=-2.2608
2026-01-09 15:48:18,741 - geo_infer_act.utils.analysis - INFO - ActiveInferenceAnalyzer initialized with output: /Users/4d/Documents/GitHub/GEO-INFER/output/modern_active_inference_20260109_154817/multi_agent/agent_0
2026-01-09 15:48:18,741 - geo_infer_act.utils.analysis - INFO - ActiveInferenceAnalyzer initialized with output: /Users/4d/Documents/GitHub/GEO-INFER/output/modern_active_inference_20260109_154817/multi_agent/agent_1
2026-01-09 15:48:18,742 - geo_infer_act.utils.analysis - INFO - ActiveInferenceAnalyzer initialized with output: /Users/4d/Documents/GitHub/GEO-INFER/output/modern_active_inference_20260109_154817/multi_agent/agent_2
2026-01-09 15:48:18,742 - geo_infer_act.utils.analysis - INFO - ActiveInferenceAnalyzer initialized with output: /Users/4d/Documents/GitHub/GEO-INFER/output/modern_active_inference_20260109_154817/multi_agent/agent_3
2026-01-09 15:48:18,769 - geo_infer_act.utils.analysis - DEBUG - Recorded step 1: FE=-1.7944
2026-01-09 15:48:18,771 - geo_infer_act.utils.analysis - DEBUG - Recorded step 1: FE=-1.6094
2026-01-09 15:48:18,771 - geo_infer_act.utils.analysis - DEBUG - Recorded step 1: FE=-1.3863
2026-01-09 15:48:18,772 - geo_infer_act.utils.analysis - DEBUG - Recorded step 1: FE=-1.3863
2026-01-09 15:48:18,796 - geo_infer_act.utils.analysis - DEBUG - Recorded step 2: FE=-1.7944
2026-01-09 15:48:18,798 - geo_infer_act.utils.analysis - DEBUG - Recorded step 2: FE=-1.6094
2026-01-09 15:48:18,798 - geo_infer_act.utils.analysis - DEBUG - Recorded step 2: FE=-1.3863
2026-01-09 15:48:18,799 - geo_infer_act.utils.analysis - DEBUG - Recorded step 2: FE=-1.3863
2026-01-09 15:48:18,824 - geo_infer_act.utils.analysis - DEBUG - Recorded step 3: FE=-1.7944
2026-01-09 15:48:18,825 - geo_infer_act.utils.analysis - DEBUG - Recorded step 3: FE=-1.6094
2026-01-09 15:48:18,825 - geo_infer_act.utils.analysis - DEBUG - Recorded step 3: FE=-1.3863
2026-01-09 15:48:18,826 - geo_infer_act.utils.analysis - DEBUG - Recorded step 3: FE=-1.3863
2026-01-09 15:48:18,850 - geo_infer_act.utils.analysis - DEBUG - Recorded step 4: FE=-1.7944
2026-01-09 15:48:18,852 - geo_infer_act.utils.analysis - DEBUG - Recorded step 4: FE=-1.6094
2026-01-09 15:48:18,852 - geo_infer_act.utils.analysis - DEBUG - Recorded step 4: FE=-1.3863
2026-01-09 15:48:18,852 - geo_infer_act.utils.analysis - DEBUG - Recorded step 4: FE=-1.3863
2026-01-09 15:48:18,877 - geo_infer_act.utils.analysis - DEBUG - Recorded step 5: FE=-1.7944
2026-01-09 15:48:18,878 - geo_infer_act.utils.analysis - DEBUG - Recorded step 5: FE=-1.6094
2026-01-09 15:48:18,879 - geo_infer_act.utils.analysis - DEBUG - Recorded step 5: FE=-1.3863
2026-01-09 15:48:18,879 - geo_infer_act.utils.analysis - DEBUG - Recorded step 5: FE=-1.3863
2026-01-09 15:48:18,903 - geo_infer_act.utils.analysis - DEBUG - Recorded step 6: FE=-1.7944
2026-01-09 15:48:18,905 - geo_infer_act.utils.analysis - DEBUG - Recorded step 6: FE=-1.6094
2026-01-09 15:48:18,905 - geo_infer_act.utils.analysis - DEBUG - Recorded step 6: FE=-1.3863
2026-01-09 15:48:18,906 - geo_infer_act.utils.analysis - DEBUG - Recorded step 6: FE=-1.3863
2026-01-09 15:48:18,932 - geo_infer_act.utils.analysis - DEBUG - Recorded step 7: FE=-1.7944
2026-01-09 15:48:18,933 - geo_infer_act.utils.analysis - DEBUG - Recorded step 7: FE=-1.6094
2026-01-09 15:48:18,934 - geo_infer_act.utils.analysis - DEBUG - Recorded step 7: FE=-1.3863
2026-01-09 15:48:18,934 - geo_infer_act.utils.analysis - DEBUG - Recorded step 7: FE=-1.3863
2026-01-09 15:48:18,960 - geo_infer_act.utils.analysis - DEBUG - Recorded step 8: FE=-1.7944
2026-01-09 15:48:18,962 - geo_infer_act.utils.analysis - DEBUG - Recorded step 8: FE=-1.6094
2026-01-09 15:48:18,962 - geo_infer_act.utils.analysis - DEBUG - Recorded step 8: FE=-1.3863
2026-01-09 15:48:18,962 - geo_infer_act.utils.analysis - DEBUG - Recorded step 8: FE=-1.3863
2026-01-09 15:48:18,987 - geo_infer_act.utils.analysis - DEBUG - Recorded step 9: FE=-1.7944
2026-01-09 15:48:18,989 - geo_infer_act.utils.analysis - DEBUG - Recorded step 9: FE=-1.6094
2026-01-09 15:48:18,989 - geo_infer_act.utils.analysis - DEBUG - Recorded step 9: FE=-1.3863
2026-01-09 15:48:18,990 - geo_infer_act.utils.analysis - DEBUG - Recorded step 9: FE=-1.3863
2026-01-09 15:48:19,016 - geo_infer_act.utils.analysis - DEBUG - Recorded step 10: FE=-1.7944
2026-01-09 15:48:19,018 - geo_infer_act.utils.analysis - DEBUG - Recorded step 10: FE=-1.6094
2026-01-09 15:48:19,018 - geo_infer_act.utils.analysis - DEBUG - Recorded step 10: FE=-1.3863
2026-01-09 15:48:19,019 - geo_infer_act.utils.analysis - DEBUG - Recorded step 10: FE=-1.3863
2026-01-09 15:48:19,045 - geo_infer_act.utils.analysis - DEBUG - Recorded step 11: FE=-1.7944
2026-01-09 15:48:19,047 - geo_infer_act.utils.analysis - DEBUG - Recorded step 11: FE=-1.6094
2026-01-09 15:48:19,047 - geo_infer_act.utils.analysis - DEBUG - Recorded step 11: FE=-1.3863
2026-01-09 15:48:19,047 - geo_infer_act.utils.analysis - DEBUG - Recorded step 11: FE=-1.3863
2026-01-09 15:48:19,071 - geo_infer_act.utils.analysis - DEBUG - Recorded step 12: FE=-1.7944
2026-01-09 15:48:19,073 - geo_infer_act.utils.analysis - DEBUG - Recorded step 12: FE=-1.6094
2026-01-09 15:48:19,073 - geo_infer_act.utils.analysis - DEBUG - Recorded step 12: FE=-1.3863
2026-01-09 15:48:19,073 - geo_infer_act.utils.analysis - DEBUG - Recorded step 12: FE=-1.3863
2026-01-09 15:48:19,097 - geo_infer_act.utils.analysis - DEBUG - Recorded step 13: FE=-1.7944
2026-01-09 15:48:19,098 - geo_infer_act.utils.analysis - DEBUG - Recorded step 13: FE=-1.6094
2026-01-09 15:48:19,099 - geo_infer_act.utils.analysis - DEBUG - Recorded step 13: FE=-1.3863
2026-01-09 15:48:19,099 - geo_infer_act.utils.analysis - DEBUG - Recorded step 13: FE=-1.3863
2026-01-09 15:48:19,124 - geo_infer_act.utils.analysis - DEBUG - Recorded step 14: FE=-1.7944
2026-01-09 15:48:19,125 - geo_infer_act.utils.analysis - DEBUG - Recorded step 14: FE=-1.6094
2026-01-09 15:48:19,126 - geo_infer_act.utils.analysis - DEBUG - Recorded step 14: FE=-1.3863
2026-01-09 15:48:19,126 - geo_infer_act.utils.analysis - DEBUG - Recorded step 14: FE=-1.3863
2026-01-09 15:48:19,151 - geo_infer_act.utils.analysis - DEBUG - Recorded step 15: FE=-1.7944
2026-01-09 15:48:19,153 - geo_infer_act.utils.analysis - DEBUG - Recorded step 15: FE=-1.6094
2026-01-09 15:48:19,154 - geo_infer_act.utils.analysis - DEBUG - Recorded step 15: FE=-1.3863
2026-01-09 15:48:19,154 - geo_infer_act.utils.analysis - DEBUG - Recorded step 15: FE=-1.3863
2026-01-09 15:48:19,178 - geo_infer_act.utils.analysis - DEBUG - Recorded step 16: FE=-1.7944
2026-01-09 15:48:19,179 - geo_infer_act.utils.analysis - DEBUG - Recorded step 16: FE=-1.6094
2026-01-09 15:48:19,180 - geo_infer_act.utils.analysis - DEBUG - Recorded step 16: FE=-1.3863
2026-01-09 15:48:19,180 - geo_infer_act.utils.analysis - DEBUG - Recorded step 16: FE=-1.3863
2026-01-09 15:48:19,205 - geo_infer_act.utils.analysis - DEBUG - Recorded step 17: FE=-1.7944
2026-01-09 15:48:19,207 - geo_infer_act.utils.analysis - DEBUG - Recorded step 17: FE=-1.6094
2026-01-09 15:48:19,207 - geo_infer_act.utils.analysis - DEBUG - Recorded step 17: FE=-1.3863
2026-01-09 15:48:19,207 - geo_infer_act.utils.analysis - DEBUG - Recorded step 17: FE=-1.3863
2026-01-09 15:48:19,232 - geo_infer_act.utils.analysis - DEBUG - Recorded step 18: FE=-1.7944
2026-01-09 15:48:19,234 - geo_infer_act.utils.analysis - DEBUG - Recorded step 18: FE=-1.6094
2026-01-09 15:48:19,234 - geo_infer_act.utils.analysis - DEBUG - Recorded step 18: FE=-1.3863
2026-01-09 15:48:19,235 - geo_infer_act.utils.analysis - DEBUG - Recorded step 18: FE=-1.3863
2026-01-09 15:48:19,259 - geo_infer_act.utils.analysis - DEBUG - Recorded step 19: FE=-1.7944
2026-01-09 15:48:19,261 - geo_infer_act.utils.analysis - DEBUG - Recorded step 19: FE=-1.6094
2026-01-09 15:48:19,261 - geo_infer_act.utils.analysis - DEBUG - Recorded step 19: FE=-1.3863
2026-01-09 15:48:19,262 - geo_infer_act.utils.analysis - DEBUG - Recorded step 19: FE=-1.3863
2026-01-09 15:48:19,286 - geo_infer_act.utils.analysis - DEBUG - Recorded step 20: FE=-1.7944
2026-01-09 15:48:19,288 - geo_infer_act.utils.analysis - DEBUG - Recorded step 20: FE=-1.6094
2026-01-09 15:48:19,288 - geo_infer_act.utils.analysis - DEBUG - Recorded step 20: FE=-1.3863
2026-01-09 15:48:19,289 - geo_infer_act.utils.analysis - DEBUG - Recorded step 20: FE=-1.3863
2026-01-09 15:48:19,289 - geo_infer_act.utils.analysis - INFO - Analyzing perception patterns...
2026-01-09 15:48:19,292 - geo_infer_act.utils.analysis - INFO - Analysis saved to /Users/4d/Documents/GitHub/GEO-INFER/output/modern_active_inference_20260109_154817/hierarchical/analysis/perception_analysis.json
2026-01-09 15:48:19,292 - geo_infer_act.utils.analysis - INFO - Perception pattern analysis completed
2026-01-09 15:48:19,292 - geo_infer_act.utils.analysis - INFO - Analyzing action selection patterns...
2026-01-09 15:48:19,293 - geo_infer_act.utils.analysis - INFO - Analysis saved to /Users/4d/Documents/GitHub/GEO-INFER/output/modern_active_inference_20260109_154817/hierarchical/analysis/action_selection_analysis.json
2026-01-09 15:48:19,293 - geo_infer_act.utils.analysis - INFO - Action selection pattern analysis completed
2026-01-09 15:48:19,293 - geo_infer_act.utils.analysis - INFO - Analyzing Variational Free Energy patterns...
2026-01-09 15:48:19,293 - geo_infer_act.utils.analysis - INFO - Analysis saved to /Users/4d/Documents/GitHub/GEO-INFER/output/modern_active_inference_20260109_154817/hierarchical/analysis/free_energy_analysis.json
2026-01-09 15:48:19,293 - geo_infer_act.utils.analysis - INFO - Free Energy pattern analysis completed
2026-01-09 15:48:19,293 - geo_infer_act.utils.analysis - INFO - Analyzing perception patterns...
2026-01-09 15:48:19,295 - geo_infer_act.utils.analysis - INFO - Analysis saved to /Users/4d/Documents/GitHub/GEO-INFER/output/modern_active_inference_20260109_154817/markov_blanket/analysis/perception_analysis.json
2026-01-09 15:48:19,295 - geo_infer_act.utils.analysis - INFO - Perception pattern analysis completed
2026-01-09 15:48:19,295 - geo_infer_act.utils.analysis - INFO - Analyzing action selection patterns...
2026-01-09 15:48:19,297 - geo_infer_act.utils.analysis - INFO - Analysis saved to /Users/4d/Documents/GitHub/GEO-INFER/output/modern_active_inference_20260109_154817/markov_blanket/analysis/action_selection_analysis.json
2026-01-09 15:48:19,297 - geo_infer_act.utils.analysis - INFO - Action selection pattern analysis completed
2026-01-09 15:48:19,297 - geo_infer_act.utils.analysis - INFO - Analyzing Variational Free Energy patterns...
2026-01-09 15:48:19,297 - geo_infer_act.utils.analysis - INFO - Analysis saved to /Users/4d/Documents/GitHub/GEO-INFER/output/modern_active_inference_20260109_154817/markov_blanket/analysis/free_energy_analysis.json
2026-01-09 15:48:19,297 - geo_infer_act.utils.analysis - INFO - Free Energy pattern analysis completed
2026-01-09 15:48:19,297 - geo_infer_act.utils.analysis - INFO - Analyzing perception patterns...
2026-01-09 15:48:19,301 - geo_infer_act.utils.analysis - INFO - Analysis saved to /Users/4d/Documents/GitHub/GEO-INFER/output/modern_active_inference_20260109_154817/spatial_temporal/analysis/perception_analysis.json
2026-01-09 15:48:19,301 - geo_infer_act.utils.analysis - INFO - Perception pattern analysis completed
2026-01-09 15:48:19,301 - geo_infer_act.utils.analysis - INFO - Analyzing action selection patterns...
2026-01-09 15:48:19,302 - geo_infer_act.utils.analysis - INFO - Analysis saved to /Users/4d/Documents/GitHub/GEO-INFER/output/modern_active_inference_20260109_154817/spatial_temporal/analysis/action_selection_analysis.json
2026-01-09 15:48:19,302 - geo_infer_act.utils.analysis - INFO - Action selection pattern analysis completed
2026-01-09 15:48:19,302 - geo_infer_act.utils.analysis - INFO - Analyzing Variational Free Energy patterns...
2026-01-09 15:48:19,302 - geo_infer_act.utils.analysis - INFO - Analysis saved to /Users/4d/Documents/GitHub/GEO-INFER/output/modern_active_inference_20260109_154817/spatial_temporal/analysis/free_energy_analysis.json
2026-01-09 15:48:19,302 - geo_infer_act.utils.analysis - INFO - Free Energy pattern analysis completed
2026-01-09 15:48:19,303 - geo_infer_act.utils.analysis - INFO - Analyzing perception patterns...
2026-01-09 15:48:19,304 - geo_infer_act.utils.analysis - INFO - Analysis saved to /Users/4d/Documents/GitHub/GEO-INFER/output/modern_active_inference_20260109_154817/multi_agent/agent_0/analysis/perception_analysis.json
2026-01-09 15:48:19,305 - geo_infer_act.utils.analysis - INFO - Perception pattern analysis completed
2026-01-09 15:48:19,305 - geo_infer_act.utils.analysis - INFO - Analyzing action selection patterns...
2026-01-09 15:48:19,306 - geo_infer_act.utils.analysis - INFO - Analysis saved to /Users/4d/Documents/GitHub/GEO-INFER/output/modern_active_inference_20260109_154817/multi_agent/agent_0/analysis/action_selection_analysis.json
2026-01-09 15:48:19,306 - geo_infer_act.utils.analysis - INFO - Action selection pattern analysis completed
2026-01-09 15:48:19,306 - geo_infer_act.utils.analysis - INFO - Analyzing Variational Free Energy patterns...
2026-01-09 15:48:19,306 - geo_infer_act.utils.analysis - INFO - Analysis saved to /Users/4d/Documents/GitHub/GEO-INFER/output/modern_active_inference_20260109_154817/multi_agent/agent_0/analysis/free_energy_analysis.json
2026-01-09 15:48:19,306 - geo_infer_act.utils.analysis - INFO - Free Energy pattern analysis completed
2026-01-09 15:48:19,306 - geo_infer_act.utils.analysis - INFO - Analyzing perception patterns...
2026-01-09 15:48:19,308 - geo_infer_act.utils.analysis - INFO - Analysis saved to /Users/4d/Documents/GitHub/GEO-INFER/output/modern_active_inference_20260109_154817/multi_agent/agent_1/analysis/perception_analysis.json
2026-01-09 15:48:19,308 - geo_infer_act.utils.analysis - INFO - Perception pattern analysis completed
2026-01-09 15:48:19,308 - geo_infer_act.utils.analysis - INFO - Analyzing action selection patterns...
2026-01-09 15:48:19,309 - geo_infer_act.utils.analysis - INFO - Analysis saved to /Users/4d/Documents/GitHub/GEO-INFER/output/modern_active_inference_20260109_154817/multi_agent/agent_1/analysis/action_selection_analysis.json
2026-01-09 15:48:19,309 - geo_infer_act.utils.analysis - INFO - Action selection pattern analysis completed
2026-01-09 15:48:19,309 - geo_infer_act.utils.analysis - INFO - Analyzing Variational Free Energy patterns...
2026-01-09 15:48:19,309 - geo_infer_act.utils.analysis - INFO - Analysis saved to /Users/4d/Documents/GitHub/GEO-INFER/output/modern_active_inference_20260109_154817/multi_agent/agent_1/analysis/free_energy_analysis.json
2026-01-09 15:48:19,309 - geo_infer_act.utils.analysis - INFO - Free Energy pattern analysis completed
2026-01-09 15:48:19,310 - geo_infer_act.utils.analysis - INFO - Analyzing perception patterns...
2026-01-09 15:48:19,311 - geo_infer_act.utils.analysis - INFO - Analysis saved to /Users/4d/Documents/GitHub/GEO-INFER/output/modern_active_inference_20260109_154817/multi_agent/agent_2/analysis/perception_analysis.json
2026-01-09 15:48:19,311 - geo_infer_act.utils.analysis - INFO - Perception pattern analysis completed
2026-01-09 15:48:19,311 - geo_infer_act.utils.analysis - INFO - Analyzing action selection patterns...
2026-01-09 15:48:19,312 - geo_infer_act.utils.analysis - INFO - Analysis saved to /Users/4d/Documents/GitHub/GEO-INFER/output/modern_active_inference_20260109_154817/multi_agent/agent_2/analysis/action_selection_analysis.json
2026-01-09 15:48:19,312 - geo_infer_act.utils.analysis - INFO - Action selection pattern analysis completed
2026-01-09 15:48:19,312 - geo_infer_act.utils.analysis - INFO - Analyzing Variational Free Energy patterns...
2026-01-09 15:48:19,312 - geo_infer_act.utils.analysis - INFO - Analysis saved to /Users/4d/Documents/GitHub/GEO-INFER/output/modern_active_inference_20260109_154817/multi_agent/agent_2/analysis/free_energy_analysis.json
2026-01-09 15:48:19,312 - geo_infer_act.utils.analysis - INFO - Free Energy pattern analysis completed
2026-01-09 15:48:19,313 - geo_infer_act.utils.analysis - INFO - Analyzing perception patterns...
2026-01-09 15:48:19,314 - geo_infer_act.utils.analysis - INFO - Analysis saved to /Users/4d/Documents/GitHub/GEO-INFER/output/modern_active_inference_20260109_154817/multi_agent/agent_3/analysis/perception_analysis.json
2026-01-09 15:48:19,314 - geo_infer_act.utils.analysis - INFO - Perception pattern analysis completed
2026-01-09 15:48:19,314 - geo_infer_act.utils.analysis - INFO - Analyzing action selection patterns...
2026-01-09 15:48:19,315 - geo_infer_act.utils.analysis - INFO - Analysis saved to /Users/4d/Documents/GitHub/GEO-INFER/output/modern_active_inference_20260109_154817/multi_agent/agent_3/analysis/action_selection_analysis.json
2026-01-09 15:48:19,315 - geo_infer_act.utils.analysis - INFO - Action selection pattern analysis completed
2026-01-09 15:48:19,315 - geo_infer_act.utils.analysis - INFO - Analyzing Variational Free Energy patterns...
2026-01-09 15:48:19,316 - geo_infer_act.utils.analysis - INFO - Analysis saved to /Users/4d/Documents/GitHub/GEO-INFER/output/modern_active_inference_20260109_154817/multi_agent/agent_3/analysis/free_energy_analysis.json
2026-01-09 15:48:19,316 - geo_infer_act.utils.analysis - INFO - Free Energy pattern analysis completed
