2026-01-09 15:24:14,185 - geo_infer_act.utils.analysis - INFO - ActiveInferenceAnalyzer initialized with output: /Users/4d/Documents/GitHub/GEO-INFER/output/ecological_model_20260109_152414
2026-01-09 15:24:14,191 - geo_infer_act.utils.analysis - DEBUG - Recorded step 1: FE=-1.5261
2026-01-09 15:24:14,196 - geo_infer_act.utils.analysis - DEBUG - Recorded step 2: FE=-1.3683
2026-01-09 15:24:14,200 - geo_infer_act.utils.analysis - DEBUG - Recorded step 3: FE=-1.2146
2026-01-09 15:24:14,203 - geo_infer_act.utils.analysis - DEBUG - Recorded step 4: FE=-1.0859
2026-01-09 15:24:14,207 - geo_infer_act.utils.analysis - DEBUG - Recorded step 5: FE=-0.9535
2026-01-09 15:24:14,211 - geo_infer_act.utils.analysis - DEBUG - Recorded step 6: FE=-0.8209
2026-01-09 15:24:14,215 - geo_infer_act.utils.analysis - DEBUG - Recorded step 7: FE=-0.7011
2026-01-09 15:24:14,219 - geo_infer_act.utils.analysis - DEBUG - Recorded step 8: FE=-0.6184
2026-01-09 15:24:14,222 - geo_infer_act.utils.analysis - DEBUG - Recorded step 9: FE=-0.5478
2026-01-09 15:24:14,225 - geo_infer_act.utils.analysis - DEBUG - Recorded step 10: FE=-0.5104
2026-01-09 15:24:14,228 - geo_infer_act.utils.analysis - DEBUG - Recorded step 11: FE=-0.4268
2026-01-09 15:24:14,232 - geo_infer_act.utils.analysis - DEBUG - Recorded step 12: FE=-0.3853
2026-01-09 15:24:14,235 - geo_infer_act.utils.analysis - DEBUG - Recorded step 13: FE=-0.3463
2026-01-09 15:24:14,239 - geo_infer_act.utils.analysis - DEBUG - Recorded step 14: FE=-0.3352
2026-01-09 15:24:14,242 - geo_infer_act.utils.analysis - DEBUG - Recorded step 15: FE=-0.3915
2026-01-09 15:24:14,246 - geo_infer_act.utils.analysis - DEBUG - Recorded step 16: FE=-0.3414
2026-01-09 15:24:14,249 - geo_infer_act.utils.analysis - DEBUG - Recorded step 17: FE=-0.3290
2026-01-09 15:24:14,252 - geo_infer_act.utils.analysis - DEBUG - Recorded step 18: FE=-0.3039
2026-01-09 15:24:14,256 - geo_infer_act.utils.analysis - DEBUG - Recorded step 19: FE=-0.3027
2026-01-09 15:24:14,260 - geo_infer_act.utils.analysis - DEBUG - Recorded step 20: FE=-0.2888
2026-01-09 15:24:14,264 - geo_infer_act.utils.analysis - DEBUG - Recorded step 21: FE=-0.2863
2026-01-09 15:24:14,268 - geo_infer_act.utils.analysis - DEBUG - Recorded step 22: FE=-0.2899
2026-01-09 15:24:14,272 - geo_infer_act.utils.analysis - DEBUG - Recorded step 23: FE=-0.2885
2026-01-09 15:24:14,276 - geo_infer_act.utils.analysis - DEBUG - Recorded step 24: FE=-0.2819
2026-01-09 15:24:14,280 - geo_infer_act.utils.analysis - DEBUG - Recorded step 25: FE=-0.2742
2026-01-09 15:24:14,284 - geo_infer_act.utils.analysis - DEBUG - Recorded step 26: FE=-0.2697
2026-01-09 15:24:14,287 - geo_infer_act.utils.analysis - DEBUG - Recorded step 27: FE=-0.2806
2026-01-09 15:24:14,290 - geo_infer_act.utils.analysis - DEBUG - Recorded step 28: FE=-0.2776
2026-01-09 15:24:14,295 - geo_infer_act.utils.analysis - DEBUG - Recorded step 29: FE=-0.2668
2026-01-09 15:24:14,298 - geo_infer_act.utils.analysis - DEBUG - Recorded step 30: FE=-0.2800
2026-01-09 15:24:14,302 - geo_infer_act.utils.analysis - DEBUG - Recorded step 31: FE=-0.2874
2026-01-09 15:24:14,306 - geo_infer_act.utils.analysis - DEBUG - Recorded step 32: FE=-0.2886
2026-01-09 15:24:14,309 - geo_infer_act.utils.analysis - DEBUG - Recorded step 33: FE=-0.2892
2026-01-09 15:24:14,313 - geo_infer_act.utils.analysis - DEBUG - Recorded step 34: FE=-0.3150
2026-01-09 15:24:14,317 - geo_infer_act.utils.analysis - DEBUG - Recorded step 35: FE=-0.3304
2026-01-09 15:24:14,321 - geo_infer_act.utils.analysis - DEBUG - Recorded step 36: FE=-0.3510
2026-01-09 15:24:14,325 - geo_infer_act.utils.analysis - DEBUG - Recorded step 37: FE=-0.4151
2026-01-09 15:24:14,328 - geo_infer_act.utils.analysis - DEBUG - Recorded step 38: FE=-0.4401
2026-01-09 15:24:14,331 - geo_infer_act.utils.analysis - DEBUG - Recorded step 39: FE=-0.5211
2026-01-09 15:24:14,335 - geo_infer_act.utils.analysis - DEBUG - Recorded step 40: FE=-0.5548
2026-01-09 15:24:14,335 - geo_infer_act.utils.analysis - INFO - Analyzing perception patterns...
2026-01-09 15:24:14,339 - geo_infer_act.utils.analysis - INFO - Analysis saved to /Users/4d/Documents/GitHub/GEO-INFER/output/ecological_model_20260109_152414/analysis/perception_analysis.json
2026-01-09 15:24:14,339 - geo_infer_act.utils.analysis - INFO - Perception pattern analysis completed
2026-01-09 15:24:14,339 - geo_infer_act.utils.analysis - INFO - Analyzing action selection patterns...
2026-01-09 15:24:14,339 - geo_infer_act.utils.analysis - INFO - Analysis saved to /Users/4d/Documents/GitHub/GEO-INFER/output/ecological_model_20260109_152414/analysis/action_selection_analysis.json
2026-01-09 15:24:14,340 - geo_infer_act.utils.analysis - INFO - Action selection pattern analysis completed
2026-01-09 15:24:14,340 - geo_infer_act.utils.analysis - INFO - Analyzing Variational Free Energy patterns...
2026-01-09 15:24:14,340 - geo_infer_act.utils.analysis - INFO - Analysis saved to /Users/4d/Documents/GitHub/GEO-INFER/output/ecological_model_20260109_152414/analysis/free_energy_analysis.json
2026-01-09 15:24:14,340 - geo_infer_act.utils.analysis - INFO - Free Energy pattern analysis completed
2026-01-09 15:24:14,342 - geo_infer_act.utils.analysis - INFO - Analysis saved to /Users/4d/Documents/GitHub/GEO-INFER/output/ecological_model_20260109_152414/analysis/ecological_analysis.json
2026-01-09 15:24:14,345 - geo_infer_act.utils.analysis - INFO - Traces saved to CSV files in /Users/4d/Documents/GitHub/GEO-INFER/output/ecological_model_20260109_152414/data
2026-01-09 15:24:15,205 - geo_infer_act.utils.analysis - INFO - Shared visualizations created in /Users/4d/Documents/GitHub/GEO-INFER/output/ecological_model_20260109_152414/visualizations
