2026-05-18 19:29:18,139 INFO Starting section active_inference_model
2026-05-18 19:29:19,408 INFO Initialized ActiveInferenceModel with type: categorical
2026-05-18 19:29:19,410 INFO H3 library v4.3.0 loaded successfully
2026-05-18 19:29:19,410 INFO Registered spatial backend: h3
2026-05-18 19:29:19,410 INFO H3 backend loaded successfully
2026-05-18 19:29:19,410 WARNING SRAI library is not available
2026-05-18 19:29:19,410 WARNING SRAI backend initialized but library is not available
2026-05-18 19:29:19,410 INFO Registered spatial backend: srai
2026-05-18 19:29:19,410 INFO SRAI backend loaded successfully
2026-05-18 19:29:19,411 INFO Enabled H3 spatial mode with 56 cells
2026-05-18 19:29:19,411 INFO Initialized ActiveInferenceModel with type: categorical
2026-05-18 19:29:19,421 INFO Starting section generative_model
2026-05-18 19:29:19,421 INFO Added nested model of type categorical
2026-05-18 19:29:19,421 INFO Enabled spatial navigation with 2x2 grid
2026-05-18 19:29:19,422 INFO Enabled H3 spatial mode with 56 cells
2026-05-18 19:29:19,424 INFO Starting section free_energy_and_policy
2026-05-18 19:29:19,425 INFO Starting section inference_math
2026-05-18 19:29:19,428 INFO Starting section spatial_agent
2026-05-18 19:29:19,428 INFO SpatialActiveInferenceAgent initialized: 7 cells at resolution 8
2026-05-18 19:29:19,431 INFO Results exported to /Users/4d/Documents/GitHub/GEO-INFER/GEO-INFER-ACT/examples/output/comprehensive_act_audit/method_audit/spatial_agent/spatial_agent_export.json
2026-05-18 19:29:19,431 INFO Agent reset to initial state
2026-05-18 19:29:19,433 INFO Starting section domain_models
2026-05-18 19:29:19,433 INFO Initialized ActiveInferenceModel with type: categorical
2026-05-18 19:29:19,433 INFO ClimateModel initialized with [3, 3] states and [3, 3] observations
2026-05-18 19:29:19,433 INFO Initialized ActiveInferenceModel with type: categorical
2026-05-18 19:29:19,434 INFO ResourceModel initialized: 2 resources × 3 locations, replenishment=0.05, depletion=0.1
2026-05-18 19:29:19,434 INFO ResourceModel reset
2026-05-18 19:29:19,434 INFO Initialized ActiveInferenceModel with type: categorical
2026-05-18 19:29:19,434 INFO Initialized ActiveInferenceModel with type: categorical
2026-05-18 19:29:19,436 INFO Enabled H3 spatial mode with 14 cells and 14 agents
2026-05-18 19:29:19,437 INFO Completed H3 lattice simulation: 2 timesteps, 14 cells
2026-05-18 19:29:19,440 INFO Starting section api_interface
2026-05-18 19:29:19,507 INFO ActiveInferenceInterface initialized
2026-05-18 19:29:19,507 INFO Initialized ActiveInferenceModel with type: categorical
2026-05-18 19:29:19,507 INFO Created categorical model: audit_model
2026-05-18 19:29:19,507 INFO Set preferences for model audit_model
2026-05-18 19:29:19,508 INFO Starting section visualization_methods
2026-05-18 19:29:20,306 INFO Belief evolution plot saved to /Users/4d/Documents/GitHub/GEO-INFER/GEO-INFER-ACT/examples/output/comprehensive_act_audit/method_audit/visualization_methods/figures/belief_visualizer_evolution.png
2026-05-18 19:29:20,635 INFO Free energy trace saved to /Users/4d/Documents/GitHub/GEO-INFER/GEO-INFER-ACT/examples/output/comprehensive_act_audit/method_audit/visualization_methods/figures/belief_visualizer_free_energy.png
2026-05-18 19:29:20,635 INFO Starting section scenario_outputs
2026-05-18 19:29:20,637 INFO ActiveInferenceAnalyzer initialized with output: /Users/4d/Documents/GitHub/GEO-INFER/GEO-INFER-ACT/examples/output/comprehensive_act_audit/method_audit/scenario_outputs/scenario_suite/simple
2026-05-18 19:29:20,637 INFO Initialized ActiveInferenceModel with type: categorical
2026-05-18 19:29:20,637 DEBUG Recorded step 1: FE=1.3863
2026-05-18 19:29:20,638 DEBUG Recorded step 2: FE=1.3863
2026-05-18 19:29:20,638 DEBUG Recorded step 3: FE=1.3863
2026-05-18 19:29:20,639 DEBUG Recorded step 4: FE=1.3863
2026-05-18 19:29:20,639 DEBUG Recorded step 5: FE=1.3863
2026-05-18 19:29:20,639 DEBUG Recorded step 6: FE=1.3863
2026-05-18 19:29:20,640 DEBUG Recorded step 7: FE=1.3863
2026-05-18 19:29:20,640 DEBUG Recorded step 8: FE=1.3863
2026-05-18 19:29:20,640 INFO Full history exported to /Users/4d/Documents/GitHub/GEO-INFER/GEO-INFER-ACT/examples/output/comprehensive_act_audit/method_audit/scenario_outputs/scenario_suite/simple/data/full_history.json
2026-05-18 19:29:20,644 INFO Traces saved to CSV files in /Users/4d/Documents/GitHub/GEO-INFER/GEO-INFER-ACT/examples/output/comprehensive_act_audit/method_audit/scenario_outputs/scenario_suite/simple/data
2026-05-18 19:29:20,644 INFO Analyzing perception patterns...
2026-05-18 19:29:20,645 INFO Analysis saved to /Users/4d/Documents/GitHub/GEO-INFER/GEO-INFER-ACT/examples/output/comprehensive_act_audit/method_audit/scenario_outputs/scenario_suite/simple/analysis/perception_analysis.json
2026-05-18 19:29:20,645 INFO Perception pattern analysis completed
2026-05-18 19:29:20,645 INFO Analyzing action selection patterns...
2026-05-18 19:29:20,646 INFO Analysis saved to /Users/4d/Documents/GitHub/GEO-INFER/GEO-INFER-ACT/examples/output/comprehensive_act_audit/method_audit/scenario_outputs/scenario_suite/simple/analysis/action_selection_analysis.json
2026-05-18 19:29:20,646 INFO Action selection pattern analysis completed
2026-05-18 19:29:20,646 INFO Analyzing Variational Free Energy patterns...
2026-05-18 19:29:20,646 INFO Analysis saved to /Users/4d/Documents/GitHub/GEO-INFER/GEO-INFER-ACT/examples/output/comprehensive_act_audit/method_audit/scenario_outputs/scenario_suite/simple/analysis/free_energy_analysis.json
2026-05-18 19:29:20,646 INFO Free Energy pattern analysis completed
2026-05-18 19:29:20,646 INFO Generating comprehensive analysis report...
2026-05-18 19:29:20,646 INFO Analyzing perception patterns...
2026-05-18 19:29:20,647 INFO Analysis saved to /Users/4d/Documents/GitHub/GEO-INFER/GEO-INFER-ACT/examples/output/comprehensive_act_audit/method_audit/scenario_outputs/scenario_suite/simple/analysis/perception_analysis.json
2026-05-18 19:29:20,647 INFO Perception pattern analysis completed
2026-05-18 19:29:20,647 INFO Analyzing action selection patterns...
2026-05-18 19:29:20,647 INFO Analysis saved to /Users/4d/Documents/GitHub/GEO-INFER/GEO-INFER-ACT/examples/output/comprehensive_act_audit/method_audit/scenario_outputs/scenario_suite/simple/analysis/action_selection_analysis.json
2026-05-18 19:29:20,647 INFO Action selection pattern analysis completed
2026-05-18 19:29:20,647 INFO Analyzing Variational Free Energy patterns...
2026-05-18 19:29:20,648 INFO Analysis saved to /Users/4d/Documents/GitHub/GEO-INFER/GEO-INFER-ACT/examples/output/comprehensive_act_audit/method_audit/scenario_outputs/scenario_suite/simple/analysis/free_energy_analysis.json
2026-05-18 19:29:20,648 INFO Free Energy pattern analysis completed
2026-05-18 19:29:20,649 INFO Comprehensive report saved to /Users/4d/Documents/GitHub/GEO-INFER/GEO-INFER-ACT/examples/output/comprehensive_act_audit/method_audit/scenario_outputs/scenario_suite/simple/comprehensive_report.md
2026-05-18 19:29:20,755 INFO ActiveInferenceAnalyzer initialized with output: /Users/4d/Documents/GitHub/GEO-INFER/GEO-INFER-ACT/examples/output/comprehensive_act_audit/method_audit/scenario_outputs/scenario_suite/modern
2026-05-18 19:29:20,756 INFO Initialized ActiveInferenceModel with type: categorical
2026-05-18 19:29:20,756 DEBUG Recorded step 1: FE=1.3863
2026-05-18 19:29:20,757 DEBUG Recorded step 2: FE=1.3863
2026-05-18 19:29:20,757 DEBUG Recorded step 3: FE=1.3863
2026-05-18 19:29:20,757 DEBUG Recorded step 4: FE=1.3863
2026-05-18 19:29:20,758 DEBUG Recorded step 5: FE=1.3863
2026-05-18 19:29:20,758 DEBUG Recorded step 6: FE=1.3863
2026-05-18 19:29:20,758 DEBUG Recorded step 7: FE=1.3863
2026-05-18 19:29:20,759 DEBUG Recorded step 8: FE=1.3863
2026-05-18 19:29:20,759 INFO Full history exported to /Users/4d/Documents/GitHub/GEO-INFER/GEO-INFER-ACT/examples/output/comprehensive_act_audit/method_audit/scenario_outputs/scenario_suite/modern/data/full_history.json
2026-05-18 19:29:20,761 INFO Traces saved to CSV files in /Users/4d/Documents/GitHub/GEO-INFER/GEO-INFER-ACT/examples/output/comprehensive_act_audit/method_audit/scenario_outputs/scenario_suite/modern/data
2026-05-18 19:29:20,761 INFO Analyzing perception patterns...
2026-05-18 19:29:20,762 INFO Analysis saved to /Users/4d/Documents/GitHub/GEO-INFER/GEO-INFER-ACT/examples/output/comprehensive_act_audit/method_audit/scenario_outputs/scenario_suite/modern/analysis/perception_analysis.json
2026-05-18 19:29:20,762 INFO Perception pattern analysis completed
2026-05-18 19:29:20,762 INFO Analyzing action selection patterns...
2026-05-18 19:29:20,762 INFO Analysis saved to /Users/4d/Documents/GitHub/GEO-INFER/GEO-INFER-ACT/examples/output/comprehensive_act_audit/method_audit/scenario_outputs/scenario_suite/modern/analysis/action_selection_analysis.json
2026-05-18 19:29:20,762 INFO Action selection pattern analysis completed
2026-05-18 19:29:20,762 INFO Analyzing Variational Free Energy patterns...
2026-05-18 19:29:20,763 INFO Analysis saved to /Users/4d/Documents/GitHub/GEO-INFER/GEO-INFER-ACT/examples/output/comprehensive_act_audit/method_audit/scenario_outputs/scenario_suite/modern/analysis/free_energy_analysis.json
2026-05-18 19:29:20,763 INFO Free Energy pattern analysis completed
2026-05-18 19:29:20,763 INFO Generating comprehensive analysis report...
2026-05-18 19:29:20,763 INFO Analyzing perception patterns...
2026-05-18 19:29:20,764 INFO Analysis saved to /Users/4d/Documents/GitHub/GEO-INFER/GEO-INFER-ACT/examples/output/comprehensive_act_audit/method_audit/scenario_outputs/scenario_suite/modern/analysis/perception_analysis.json
2026-05-18 19:29:20,764 INFO Perception pattern analysis completed
2026-05-18 19:29:20,764 INFO Analyzing action selection patterns...
2026-05-18 19:29:20,764 INFO Analysis saved to /Users/4d/Documents/GitHub/GEO-INFER/GEO-INFER-ACT/examples/output/comprehensive_act_audit/method_audit/scenario_outputs/scenario_suite/modern/analysis/action_selection_analysis.json
2026-05-18 19:29:20,764 INFO Action selection pattern analysis completed
2026-05-18 19:29:20,764 INFO Analyzing Variational Free Energy patterns...
2026-05-18 19:29:20,765 INFO Analysis saved to /Users/4d/Documents/GitHub/GEO-INFER/GEO-INFER-ACT/examples/output/comprehensive_act_audit/method_audit/scenario_outputs/scenario_suite/modern/analysis/free_energy_analysis.json
2026-05-18 19:29:20,765 INFO Free Energy pattern analysis completed
2026-05-18 19:29:20,765 INFO Comprehensive report saved to /Users/4d/Documents/GitHub/GEO-INFER/GEO-INFER-ACT/examples/output/comprehensive_act_audit/method_audit/scenario_outputs/scenario_suite/modern/comprehensive_report.md
2026-05-18 19:29:20,867 INFO ActiveInferenceAnalyzer initialized with output: /Users/4d/Documents/GitHub/GEO-INFER/GEO-INFER-ACT/examples/output/comprehensive_act_audit/method_audit/scenario_outputs/scenario_suite/spatial
2026-05-18 19:29:20,869 DEBUG Recorded step 1: FE=15.8847
2026-05-18 19:29:20,871 DEBUG Recorded step 2: FE=16.7823
2026-05-18 19:29:20,872 DEBUG Recorded step 3: FE=18.0444
2026-05-18 19:29:20,874 DEBUG Recorded step 4: FE=19.3315
2026-05-18 19:29:20,875 DEBUG Recorded step 5: FE=20.4271
2026-05-18 19:29:20,877 DEBUG Recorded step 6: FE=21.1784
2026-05-18 19:29:20,879 DEBUG Recorded step 7: FE=21.5046
2026-05-18 19:29:20,880 DEBUG Recorded step 8: FE=21.4154
2026-05-18 19:29:20,881 INFO Full history exported to /Users/4d/Documents/GitHub/GEO-INFER/GEO-INFER-ACT/examples/output/comprehensive_act_audit/method_audit/scenario_outputs/scenario_suite/spatial/data/full_history.json
2026-05-18 19:29:20,883 INFO Traces saved to CSV files in /Users/4d/Documents/GitHub/GEO-INFER/GEO-INFER-ACT/examples/output/comprehensive_act_audit/method_audit/scenario_outputs/scenario_suite/spatial/data
2026-05-18 19:29:20,883 INFO Analyzing perception patterns...
2026-05-18 19:29:20,884 INFO Analysis saved to /Users/4d/Documents/GitHub/GEO-INFER/GEO-INFER-ACT/examples/output/comprehensive_act_audit/method_audit/scenario_outputs/scenario_suite/spatial/analysis/perception_analysis.json
2026-05-18 19:29:20,884 INFO Perception pattern analysis completed
2026-05-18 19:29:20,885 INFO Analyzing action selection patterns...
2026-05-18 19:29:20,885 INFO Analysis saved to /Users/4d/Documents/GitHub/GEO-INFER/GEO-INFER-ACT/examples/output/comprehensive_act_audit/method_audit/scenario_outputs/scenario_suite/spatial/analysis/action_selection_analysis.json
2026-05-18 19:29:20,885 INFO Action selection pattern analysis completed
2026-05-18 19:29:20,885 INFO Analyzing Variational Free Energy patterns...
2026-05-18 19:29:20,885 INFO Analysis saved to /Users/4d/Documents/GitHub/GEO-INFER/GEO-INFER-ACT/examples/output/comprehensive_act_audit/method_audit/scenario_outputs/scenario_suite/spatial/analysis/free_energy_analysis.json
2026-05-18 19:29:20,885 INFO Free Energy pattern analysis completed
2026-05-18 19:29:20,885 INFO Generating comprehensive analysis report...
2026-05-18 19:29:20,885 INFO Analyzing perception patterns...
2026-05-18 19:29:20,887 INFO Analysis saved to /Users/4d/Documents/GitHub/GEO-INFER/GEO-INFER-ACT/examples/output/comprehensive_act_audit/method_audit/scenario_outputs/scenario_suite/spatial/analysis/perception_analysis.json
2026-05-18 19:29:20,887 INFO Perception pattern analysis completed
2026-05-18 19:29:20,887 INFO Analyzing action selection patterns...
2026-05-18 19:29:20,887 INFO Analysis saved to /Users/4d/Documents/GitHub/GEO-INFER/GEO-INFER-ACT/examples/output/comprehensive_act_audit/method_audit/scenario_outputs/scenario_suite/spatial/analysis/action_selection_analysis.json
2026-05-18 19:29:20,887 INFO Action selection pattern analysis completed
2026-05-18 19:29:20,887 INFO Analyzing Variational Free Energy patterns...
2026-05-18 19:29:20,887 INFO Analysis saved to /Users/4d/Documents/GitHub/GEO-INFER/GEO-INFER-ACT/examples/output/comprehensive_act_audit/method_audit/scenario_outputs/scenario_suite/spatial/analysis/free_energy_analysis.json
2026-05-18 19:29:20,887 INFO Free Energy pattern analysis completed
2026-05-18 19:29:20,888 INFO Comprehensive report saved to /Users/4d/Documents/GitHub/GEO-INFER/GEO-INFER-ACT/examples/output/comprehensive_act_audit/method_audit/scenario_outputs/scenario_suite/spatial/comprehensive_report.md
2026-05-18 19:29:21,300 INFO Initialized ActiveInferenceModel with type: categorical
2026-05-18 19:29:21,300 INFO ActiveInferenceAnalyzer initialized with output: /Users/4d/Documents/GitHub/GEO-INFER/GEO-INFER-ACT/examples/output/comprehensive_act_audit/method_audit/scenario_outputs/scenario_suite/h3
2026-05-18 19:29:21,304 DEBUG Recorded step 1: FE=1.3863
2026-05-18 19:29:21,308 DEBUG Recorded step 2: FE=1.3863
2026-05-18 19:29:21,312 DEBUG Recorded step 3: FE=1.3863
2026-05-18 19:29:21,316 DEBUG Recorded step 4: FE=1.3863
2026-05-18 19:29:21,320 DEBUG Recorded step 5: FE=1.3863
2026-05-18 19:29:21,323 DEBUG Recorded step 6: FE=1.3863
2026-05-18 19:29:21,327 DEBUG Recorded step 7: FE=1.3863
2026-05-18 19:29:21,331 DEBUG Recorded step 8: FE=1.3863
2026-05-18 19:29:21,332 INFO Full history exported to /Users/4d/Documents/GitHub/GEO-INFER/GEO-INFER-ACT/examples/output/comprehensive_act_audit/method_audit/scenario_outputs/scenario_suite/h3/data/full_history.json
2026-05-18 19:29:21,333 INFO Traces saved to CSV files in /Users/4d/Documents/GitHub/GEO-INFER/GEO-INFER-ACT/examples/output/comprehensive_act_audit/method_audit/scenario_outputs/scenario_suite/h3/data
2026-05-18 19:29:21,333 INFO Analyzing perception patterns...
2026-05-18 19:29:21,335 INFO Analysis saved to /Users/4d/Documents/GitHub/GEO-INFER/GEO-INFER-ACT/examples/output/comprehensive_act_audit/method_audit/scenario_outputs/scenario_suite/h3/analysis/perception_analysis.json
2026-05-18 19:29:21,335 INFO Perception pattern analysis completed
2026-05-18 19:29:21,335 INFO Analyzing action selection patterns...
2026-05-18 19:29:21,335 INFO Analysis saved to /Users/4d/Documents/GitHub/GEO-INFER/GEO-INFER-ACT/examples/output/comprehensive_act_audit/method_audit/scenario_outputs/scenario_suite/h3/analysis/action_selection_analysis.json
2026-05-18 19:29:21,335 INFO Action selection pattern analysis completed
2026-05-18 19:29:21,335 INFO Analyzing Variational Free Energy patterns...
2026-05-18 19:29:21,335 INFO Analysis saved to /Users/4d/Documents/GitHub/GEO-INFER/GEO-INFER-ACT/examples/output/comprehensive_act_audit/method_audit/scenario_outputs/scenario_suite/h3/analysis/free_energy_analysis.json
2026-05-18 19:29:21,335 INFO Free Energy pattern analysis completed
2026-05-18 19:29:21,335 INFO Generating comprehensive analysis report...
2026-05-18 19:29:21,335 INFO Analyzing perception patterns...
2026-05-18 19:29:21,337 INFO Analysis saved to /Users/4d/Documents/GitHub/GEO-INFER/GEO-INFER-ACT/examples/output/comprehensive_act_audit/method_audit/scenario_outputs/scenario_suite/h3/analysis/perception_analysis.json
2026-05-18 19:29:21,337 INFO Perception pattern analysis completed
2026-05-18 19:29:21,337 INFO Analyzing action selection patterns...
2026-05-18 19:29:21,337 INFO Analysis saved to /Users/4d/Documents/GitHub/GEO-INFER/GEO-INFER-ACT/examples/output/comprehensive_act_audit/method_audit/scenario_outputs/scenario_suite/h3/analysis/action_selection_analysis.json
2026-05-18 19:29:21,337 INFO Action selection pattern analysis completed
2026-05-18 19:29:21,337 INFO Analyzing Variational Free Energy patterns...
2026-05-18 19:29:21,337 INFO Analysis saved to /Users/4d/Documents/GitHub/GEO-INFER/GEO-INFER-ACT/examples/output/comprehensive_act_audit/method_audit/scenario_outputs/scenario_suite/h3/analysis/free_energy_analysis.json
2026-05-18 19:29:21,337 INFO Free Energy pattern analysis completed
2026-05-18 19:29:21,338 INFO Comprehensive report saved to /Users/4d/Documents/GitHub/GEO-INFER/GEO-INFER-ACT/examples/output/comprehensive_act_audit/method_audit/scenario_outputs/scenario_suite/h3/comprehensive_report.md
2026-05-18 19:29:21,576 INFO ActiveInferenceAnalyzer initialized with output: /Users/4d/Documents/GitHub/GEO-INFER/GEO-INFER-ACT/examples/output/comprehensive_act_audit/method_audit/scenario_outputs/scenario_suite/ecological
2026-05-18 19:29:21,577 INFO Initialized ActiveInferenceModel with type: categorical
2026-05-18 19:29:21,577 DEBUG Recorded step 1: FE=1.3863
2026-05-18 19:29:21,577 DEBUG Recorded step 2: FE=1.3863
2026-05-18 19:29:21,578 DEBUG Recorded step 3: FE=1.3863
2026-05-18 19:29:21,578 DEBUG Recorded step 4: FE=1.3863
2026-05-18 19:29:21,579 DEBUG Recorded step 5: FE=1.3863
2026-05-18 19:29:21,579 DEBUG Recorded step 6: FE=1.3863
2026-05-18 19:29:21,580 DEBUG Recorded step 7: FE=1.3863
2026-05-18 19:29:21,580 DEBUG Recorded step 8: FE=1.3863
2026-05-18 19:29:21,581 INFO Full history exported to /Users/4d/Documents/GitHub/GEO-INFER/GEO-INFER-ACT/examples/output/comprehensive_act_audit/method_audit/scenario_outputs/scenario_suite/ecological/data/full_history.json
2026-05-18 19:29:21,582 INFO Traces saved to CSV files in /Users/4d/Documents/GitHub/GEO-INFER/GEO-INFER-ACT/examples/output/comprehensive_act_audit/method_audit/scenario_outputs/scenario_suite/ecological/data
2026-05-18 19:29:21,582 INFO Analyzing perception patterns...
2026-05-18 19:29:21,584 INFO Analysis saved to /Users/4d/Documents/GitHub/GEO-INFER/GEO-INFER-ACT/examples/output/comprehensive_act_audit/method_audit/scenario_outputs/scenario_suite/ecological/analysis/perception_analysis.json
2026-05-18 19:29:21,584 INFO Perception pattern analysis completed
2026-05-18 19:29:21,584 INFO Analyzing action selection patterns...
2026-05-18 19:29:21,584 INFO Analysis saved to /Users/4d/Documents/GitHub/GEO-INFER/GEO-INFER-ACT/examples/output/comprehensive_act_audit/method_audit/scenario_outputs/scenario_suite/ecological/analysis/action_selection_analysis.json
2026-05-18 19:29:21,584 INFO Action selection pattern analysis completed
2026-05-18 19:29:21,584 INFO Analyzing Variational Free Energy patterns...
2026-05-18 19:29:21,585 INFO Analysis saved to /Users/4d/Documents/GitHub/GEO-INFER/GEO-INFER-ACT/examples/output/comprehensive_act_audit/method_audit/scenario_outputs/scenario_suite/ecological/analysis/free_energy_analysis.json
2026-05-18 19:29:21,585 INFO Free Energy pattern analysis completed
2026-05-18 19:29:21,585 INFO Generating comprehensive analysis report...
2026-05-18 19:29:21,585 INFO Analyzing perception patterns...
2026-05-18 19:29:21,586 INFO Analysis saved to /Users/4d/Documents/GitHub/GEO-INFER/GEO-INFER-ACT/examples/output/comprehensive_act_audit/method_audit/scenario_outputs/scenario_suite/ecological/analysis/perception_analysis.json
2026-05-18 19:29:21,586 INFO Perception pattern analysis completed
2026-05-18 19:29:21,586 INFO Analyzing action selection patterns...
2026-05-18 19:29:21,587 INFO Analysis saved to /Users/4d/Documents/GitHub/GEO-INFER/GEO-INFER-ACT/examples/output/comprehensive_act_audit/method_audit/scenario_outputs/scenario_suite/ecological/analysis/action_selection_analysis.json
2026-05-18 19:29:21,587 INFO Action selection pattern analysis completed
2026-05-18 19:29:21,587 INFO Analyzing Variational Free Energy patterns...
2026-05-18 19:29:21,587 INFO Analysis saved to /Users/4d/Documents/GitHub/GEO-INFER/GEO-INFER-ACT/examples/output/comprehensive_act_audit/method_audit/scenario_outputs/scenario_suite/ecological/analysis/free_energy_analysis.json
2026-05-18 19:29:21,587 INFO Free Energy pattern analysis completed
2026-05-18 19:29:21,587 INFO Comprehensive report saved to /Users/4d/Documents/GitHub/GEO-INFER/GEO-INFER-ACT/examples/output/comprehensive_act_audit/method_audit/scenario_outputs/scenario_suite/ecological/comprehensive_report.md
2026-05-18 19:29:21,692 INFO ActiveInferenceAnalyzer initialized with output: /Users/4d/Documents/GitHub/GEO-INFER/GEO-INFER-ACT/examples/output/comprehensive_act_audit/method_audit/scenario_outputs/scenario_suite/urban_planning
2026-05-18 19:29:21,692 INFO Initialized ActiveInferenceModel with type: categorical
2026-05-18 19:29:21,693 DEBUG Recorded step 1: FE=1.3863
2026-05-18 19:29:21,693 DEBUG Recorded step 2: FE=1.3863
2026-05-18 19:29:21,694 DEBUG Recorded step 3: FE=1.3863
2026-05-18 19:29:21,694 DEBUG Recorded step 4: FE=1.3863
2026-05-18 19:29:21,695 DEBUG Recorded step 5: FE=1.3863
2026-05-18 19:29:21,695 DEBUG Recorded step 6: FE=1.3863
2026-05-18 19:29:21,695 DEBUG Recorded step 7: FE=1.3863
2026-05-18 19:29:21,696 DEBUG Recorded step 8: FE=1.3863
2026-05-18 19:29:21,696 INFO Full history exported to /Users/4d/Documents/GitHub/GEO-INFER/GEO-INFER-ACT/examples/output/comprehensive_act_audit/method_audit/scenario_outputs/scenario_suite/urban_planning/data/full_history.json
2026-05-18 19:29:21,697 INFO Traces saved to CSV files in /Users/4d/Documents/GitHub/GEO-INFER/GEO-INFER-ACT/examples/output/comprehensive_act_audit/method_audit/scenario_outputs/scenario_suite/urban_planning/data
2026-05-18 19:29:21,697 INFO Analyzing perception patterns...
2026-05-18 19:29:21,699 INFO Analysis saved to /Users/4d/Documents/GitHub/GEO-INFER/GEO-INFER-ACT/examples/output/comprehensive_act_audit/method_audit/scenario_outputs/scenario_suite/urban_planning/analysis/perception_analysis.json
2026-05-18 19:29:21,699 INFO Perception pattern analysis completed
2026-05-18 19:29:21,699 INFO Analyzing action selection patterns...
2026-05-18 19:29:21,699 INFO Analysis saved to /Users/4d/Documents/GitHub/GEO-INFER/GEO-INFER-ACT/examples/output/comprehensive_act_audit/method_audit/scenario_outputs/scenario_suite/urban_planning/analysis/action_selection_analysis.json
2026-05-18 19:29:21,699 INFO Action selection pattern analysis completed
2026-05-18 19:29:21,699 INFO Analyzing Variational Free Energy patterns...
2026-05-18 19:29:21,700 INFO Analysis saved to /Users/4d/Documents/GitHub/GEO-INFER/GEO-INFER-ACT/examples/output/comprehensive_act_audit/method_audit/scenario_outputs/scenario_suite/urban_planning/analysis/free_energy_analysis.json
2026-05-18 19:29:21,700 INFO Free Energy pattern analysis completed
2026-05-18 19:29:21,700 INFO Generating comprehensive analysis report...
2026-05-18 19:29:21,700 INFO Analyzing perception patterns...
2026-05-18 19:29:21,702 INFO Analysis saved to /Users/4d/Documents/GitHub/GEO-INFER/GEO-INFER-ACT/examples/output/comprehensive_act_audit/method_audit/scenario_outputs/scenario_suite/urban_planning/analysis/perception_analysis.json
2026-05-18 19:29:21,702 INFO Perception pattern analysis completed
2026-05-18 19:29:21,702 INFO Analyzing action selection patterns...
2026-05-18 19:29:21,702 INFO Analysis saved to /Users/4d/Documents/GitHub/GEO-INFER/GEO-INFER-ACT/examples/output/comprehensive_act_audit/method_audit/scenario_outputs/scenario_suite/urban_planning/analysis/action_selection_analysis.json
2026-05-18 19:29:21,702 INFO Action selection pattern analysis completed
2026-05-18 19:29:21,702 INFO Analyzing Variational Free Energy patterns...
2026-05-18 19:29:21,702 INFO Analysis saved to /Users/4d/Documents/GitHub/GEO-INFER/GEO-INFER-ACT/examples/output/comprehensive_act_audit/method_audit/scenario_outputs/scenario_suite/urban_planning/analysis/free_energy_analysis.json
2026-05-18 19:29:21,702 INFO Free Energy pattern analysis completed
2026-05-18 19:29:21,702 INFO Comprehensive report saved to /Users/4d/Documents/GitHub/GEO-INFER/GEO-INFER-ACT/examples/output/comprehensive_act_audit/method_audit/scenario_outputs/scenario_suite/urban_planning/comprehensive_report.md
2026-05-18 19:29:21,803 INFO ActiveInferenceAnalyzer initialized with output: /Users/4d/Documents/GitHub/GEO-INFER/GEO-INFER-ACT/examples/output/comprehensive_act_audit/method_audit/scenario_outputs/scenario_suite/verification
2026-05-18 19:29:21,803 INFO Initialized ActiveInferenceModel with type: categorical
2026-05-18 19:29:21,803 DEBUG Recorded step 1: FE=1.3863
2026-05-18 19:29:21,804 DEBUG Recorded step 2: FE=1.3863
2026-05-18 19:29:21,804 DEBUG Recorded step 3: FE=1.3863
2026-05-18 19:29:21,805 DEBUG Recorded step 4: FE=1.3863
2026-05-18 19:29:21,805 DEBUG Recorded step 5: FE=1.3863
2026-05-18 19:29:21,806 DEBUG Recorded step 6: FE=1.3863
2026-05-18 19:29:21,806 DEBUG Recorded step 7: FE=1.3863
2026-05-18 19:29:21,807 DEBUG Recorded step 8: FE=1.3863
2026-05-18 19:29:21,807 INFO Full history exported to /Users/4d/Documents/GitHub/GEO-INFER/GEO-INFER-ACT/examples/output/comprehensive_act_audit/method_audit/scenario_outputs/scenario_suite/verification/data/full_history.json
2026-05-18 19:29:21,809 INFO Traces saved to CSV files in /Users/4d/Documents/GitHub/GEO-INFER/GEO-INFER-ACT/examples/output/comprehensive_act_audit/method_audit/scenario_outputs/scenario_suite/verification/data
2026-05-18 19:29:21,809 INFO Analyzing perception patterns...
2026-05-18 19:29:21,810 INFO Analysis saved to /Users/4d/Documents/GitHub/GEO-INFER/GEO-INFER-ACT/examples/output/comprehensive_act_audit/method_audit/scenario_outputs/scenario_suite/verification/analysis/perception_analysis.json
2026-05-18 19:29:21,810 INFO Perception pattern analysis completed
2026-05-18 19:29:21,810 INFO Analyzing action selection patterns...
2026-05-18 19:29:21,811 INFO Analysis saved to /Users/4d/Documents/GitHub/GEO-INFER/GEO-INFER-ACT/examples/output/comprehensive_act_audit/method_audit/scenario_outputs/scenario_suite/verification/analysis/action_selection_analysis.json
2026-05-18 19:29:21,811 INFO Action selection pattern analysis completed
2026-05-18 19:29:21,811 INFO Analyzing Variational Free Energy patterns...
2026-05-18 19:29:21,811 INFO Analysis saved to /Users/4d/Documents/GitHub/GEO-INFER/GEO-INFER-ACT/examples/output/comprehensive_act_audit/method_audit/scenario_outputs/scenario_suite/verification/analysis/free_energy_analysis.json
2026-05-18 19:29:21,811 INFO Free Energy pattern analysis completed
2026-05-18 19:29:21,811 INFO Generating comprehensive analysis report...
2026-05-18 19:29:21,811 INFO Analyzing perception patterns...
2026-05-18 19:29:21,813 INFO Analysis saved to /Users/4d/Documents/GitHub/GEO-INFER/GEO-INFER-ACT/examples/output/comprehensive_act_audit/method_audit/scenario_outputs/scenario_suite/verification/analysis/perception_analysis.json
2026-05-18 19:29:21,813 INFO Perception pattern analysis completed
2026-05-18 19:29:21,813 INFO Analyzing action selection patterns...
2026-05-18 19:29:21,813 INFO Analysis saved to /Users/4d/Documents/GitHub/GEO-INFER/GEO-INFER-ACT/examples/output/comprehensive_act_audit/method_audit/scenario_outputs/scenario_suite/verification/analysis/action_selection_analysis.json
2026-05-18 19:29:21,813 INFO Action selection pattern analysis completed
2026-05-18 19:29:21,813 INFO Analyzing Variational Free Energy patterns...
2026-05-18 19:29:21,814 INFO Analysis saved to /Users/4d/Documents/GitHub/GEO-INFER/GEO-INFER-ACT/examples/output/comprehensive_act_audit/method_audit/scenario_outputs/scenario_suite/verification/analysis/free_energy_analysis.json
2026-05-18 19:29:21,814 INFO Free Energy pattern analysis completed
2026-05-18 19:29:21,814 INFO Comprehensive report saved to /Users/4d/Documents/GitHub/GEO-INFER/GEO-INFER-ACT/examples/output/comprehensive_act_audit/method_audit/scenario_outputs/scenario_suite/verification/comprehensive_report.md
2026-05-18 19:29:21,955 INFO ActiveInferenceAnalyzer initialized with output: /Users/4d/Documents/GitHub/GEO-INFER/GEO-INFER-ACT/examples/output/comprehensive_act_audit/method_audit/scenario_outputs/scenario_suite/debug
2026-05-18 19:29:21,956 INFO Initialized ActiveInferenceModel with type: categorical
2026-05-18 19:29:21,956 DEBUG Recorded step 1: FE=1.3863
2026-05-18 19:29:21,957 DEBUG Recorded step 2: FE=1.3863
2026-05-18 19:29:21,957 DEBUG Recorded step 3: FE=1.3863
2026-05-18 19:29:21,958 DEBUG Recorded step 4: FE=1.3863
2026-05-18 19:29:21,958 DEBUG Recorded step 5: FE=1.3863
2026-05-18 19:29:21,959 DEBUG Recorded step 6: FE=1.3863
2026-05-18 19:29:21,959 DEBUG Recorded step 7: FE=1.3863
2026-05-18 19:29:21,959 DEBUG Recorded step 8: FE=1.3863
2026-05-18 19:29:21,960 INFO Full history exported to /Users/4d/Documents/GitHub/GEO-INFER/GEO-INFER-ACT/examples/output/comprehensive_act_audit/method_audit/scenario_outputs/scenario_suite/debug/data/full_history.json
2026-05-18 19:29:21,961 INFO Traces saved to CSV files in /Users/4d/Documents/GitHub/GEO-INFER/GEO-INFER-ACT/examples/output/comprehensive_act_audit/method_audit/scenario_outputs/scenario_suite/debug/data
2026-05-18 19:29:21,961 INFO Analyzing perception patterns...
2026-05-18 19:29:21,962 INFO Analysis saved to /Users/4d/Documents/GitHub/GEO-INFER/GEO-INFER-ACT/examples/output/comprehensive_act_audit/method_audit/scenario_outputs/scenario_suite/debug/analysis/perception_analysis.json
2026-05-18 19:29:21,962 INFO Perception pattern analysis completed
2026-05-18 19:29:21,962 INFO Analyzing action selection patterns...
2026-05-18 19:29:21,963 INFO Analysis saved to /Users/4d/Documents/GitHub/GEO-INFER/GEO-INFER-ACT/examples/output/comprehensive_act_audit/method_audit/scenario_outputs/scenario_suite/debug/analysis/action_selection_analysis.json
2026-05-18 19:29:21,963 INFO Action selection pattern analysis completed
2026-05-18 19:29:21,963 INFO Analyzing Variational Free Energy patterns...
2026-05-18 19:29:21,963 INFO Analysis saved to /Users/4d/Documents/GitHub/GEO-INFER/GEO-INFER-ACT/examples/output/comprehensive_act_audit/method_audit/scenario_outputs/scenario_suite/debug/analysis/free_energy_analysis.json
2026-05-18 19:29:21,963 INFO Free Energy pattern analysis completed
2026-05-18 19:29:21,963 INFO Generating comprehensive analysis report...
2026-05-18 19:29:21,963 INFO Analyzing perception patterns...
2026-05-18 19:29:21,965 INFO Analysis saved to /Users/4d/Documents/GitHub/GEO-INFER/GEO-INFER-ACT/examples/output/comprehensive_act_audit/method_audit/scenario_outputs/scenario_suite/debug/analysis/perception_analysis.json
2026-05-18 19:29:21,965 INFO Perception pattern analysis completed
2026-05-18 19:29:21,965 INFO Analyzing action selection patterns...
2026-05-18 19:29:21,965 INFO Analysis saved to /Users/4d/Documents/GitHub/GEO-INFER/GEO-INFER-ACT/examples/output/comprehensive_act_audit/method_audit/scenario_outputs/scenario_suite/debug/analysis/action_selection_analysis.json
2026-05-18 19:29:21,965 INFO Action selection pattern analysis completed
2026-05-18 19:29:21,965 INFO Analyzing Variational Free Energy patterns...
2026-05-18 19:29:21,965 INFO Analysis saved to /Users/4d/Documents/GitHub/GEO-INFER/GEO-INFER-ACT/examples/output/comprehensive_act_audit/method_audit/scenario_outputs/scenario_suite/debug/analysis/free_energy_analysis.json
2026-05-18 19:29:21,966 INFO Free Energy pattern analysis completed
2026-05-18 19:29:21,966 INFO Comprehensive report saved to /Users/4d/Documents/GitHub/GEO-INFER/GEO-INFER-ACT/examples/output/comprehensive_act_audit/method_audit/scenario_outputs/scenario_suite/debug/comprehensive_report.md
2026-05-18 19:29:22,136 INFO Starting section docs_and_mermaid
