2026-01-09 15:26:32,635 - geo_infer_act.utils.analysis - INFO - ActiveInferenceAnalyzer initialized with output: /Users/4d/Documents/GitHub/GEO-INFER/output/ecological_model_20260109_152632
2026-01-09 15:26:32,641 - geo_infer_act.utils.analysis - DEBUG - Recorded step 1: FE=-1.5643
2026-01-09 15:26:32,645 - geo_infer_act.utils.analysis - DEBUG - Recorded step 2: FE=-1.4092
2026-01-09 15:26:32,648 - geo_infer_act.utils.analysis - DEBUG - Recorded step 3: FE=-1.2123
2026-01-09 15:26:32,652 - geo_infer_act.utils.analysis - DEBUG - Recorded step 4: FE=-1.0160
2026-01-09 15:26:32,655 - geo_infer_act.utils.analysis - DEBUG - Recorded step 5: FE=-0.8523
2026-01-09 15:26:32,659 - geo_infer_act.utils.analysis - DEBUG - Recorded step 6: FE=-0.7361
2026-01-09 15:26:32,662 - geo_infer_act.utils.analysis - DEBUG - Recorded step 7: FE=-0.6343
2026-01-09 15:26:32,666 - geo_infer_act.utils.analysis - DEBUG - Recorded step 8: FE=-0.5602
2026-01-09 15:26:32,669 - geo_infer_act.utils.analysis - DEBUG - Recorded step 9: FE=-0.5282
2026-01-09 15:26:32,673 - geo_infer_act.utils.analysis - DEBUG - Recorded step 10: FE=-0.4537
2026-01-09 15:26:32,677 - geo_infer_act.utils.analysis - DEBUG - Recorded step 11: FE=-0.3864
2026-01-09 15:26:32,680 - geo_infer_act.utils.analysis - DEBUG - Recorded step 12: FE=-0.3307
2026-01-09 15:26:32,684 - geo_infer_act.utils.analysis - DEBUG - Recorded step 13: FE=-0.3082
2026-01-09 15:26:32,687 - geo_infer_act.utils.analysis - DEBUG - Recorded step 14: FE=-0.2881
2026-01-09 15:26:32,690 - geo_infer_act.utils.analysis - DEBUG - Recorded step 15: FE=-0.2734
2026-01-09 15:26:32,694 - geo_infer_act.utils.analysis - DEBUG - Recorded step 16: FE=-0.2598
2026-01-09 15:26:32,697 - geo_infer_act.utils.analysis - DEBUG - Recorded step 17: FE=-0.2372
2026-01-09 15:26:32,701 - geo_infer_act.utils.analysis - DEBUG - Recorded step 18: FE=-0.2401
2026-01-09 15:26:32,704 - geo_infer_act.utils.analysis - DEBUG - Recorded step 19: FE=-0.2440
2026-01-09 15:26:32,707 - geo_infer_act.utils.analysis - DEBUG - Recorded step 20: FE=-0.2353
2026-01-09 15:26:32,711 - geo_infer_act.utils.analysis - DEBUG - Recorded step 21: FE=-0.2330
2026-01-09 15:26:32,714 - geo_infer_act.utils.analysis - DEBUG - Recorded step 22: FE=-0.2341
2026-01-09 15:26:32,718 - geo_infer_act.utils.analysis - DEBUG - Recorded step 23: FE=-0.2364
2026-01-09 15:26:32,721 - geo_infer_act.utils.analysis - DEBUG - Recorded step 24: FE=-0.2386
2026-01-09 15:26:32,725 - geo_infer_act.utils.analysis - DEBUG - Recorded step 25: FE=-0.2401
2026-01-09 15:26:32,729 - geo_infer_act.utils.analysis - DEBUG - Recorded step 26: FE=-0.2474
2026-01-09 15:26:32,733 - geo_infer_act.utils.analysis - DEBUG - Recorded step 27: FE=-0.2424
2026-01-09 15:26:32,736 - geo_infer_act.utils.analysis - DEBUG - Recorded step 28: FE=-0.2395
2026-01-09 15:26:32,740 - geo_infer_act.utils.analysis - DEBUG - Recorded step 29: FE=-0.2377
2026-01-09 15:26:32,743 - geo_infer_act.utils.analysis - DEBUG - Recorded step 30: FE=-0.2451
2026-01-09 15:26:32,747 - geo_infer_act.utils.analysis - DEBUG - Recorded step 31: FE=-0.2400
2026-01-09 15:26:32,750 - geo_infer_act.utils.analysis - DEBUG - Recorded step 32: FE=-0.2500
2026-01-09 15:26:32,753 - geo_infer_act.utils.analysis - DEBUG - Recorded step 33: FE=-0.2459
2026-01-09 15:26:32,757 - geo_infer_act.utils.analysis - DEBUG - Recorded step 34: FE=-0.2592
2026-01-09 15:26:32,761 - geo_infer_act.utils.analysis - DEBUG - Recorded step 35: FE=-0.2537
2026-01-09 15:26:32,764 - geo_infer_act.utils.analysis - DEBUG - Recorded step 36: FE=-0.2617
2026-01-09 15:26:32,768 - geo_infer_act.utils.analysis - DEBUG - Recorded step 37: FE=-0.2917
2026-01-09 15:26:32,772 - geo_infer_act.utils.analysis - DEBUG - Recorded step 38: FE=-0.2829
2026-01-09 15:26:32,775 - geo_infer_act.utils.analysis - DEBUG - Recorded step 39: FE=-0.2952
2026-01-09 15:26:32,780 - geo_infer_act.utils.analysis - DEBUG - Recorded step 40: FE=-0.3112
2026-01-09 15:26:32,780 - geo_infer_act.utils.analysis - INFO - Analyzing perception patterns...
2026-01-09 15:26:32,782 - geo_infer_act.utils.analysis - INFO - Analysis saved to /Users/4d/Documents/GitHub/GEO-INFER/output/ecological_model_20260109_152632/analysis/perception_analysis.json
2026-01-09 15:26:32,782 - geo_infer_act.utils.analysis - INFO - Perception pattern analysis completed
2026-01-09 15:26:32,782 - geo_infer_act.utils.analysis - INFO - Analyzing action selection patterns...
2026-01-09 15:26:32,783 - geo_infer_act.utils.analysis - INFO - Analysis saved to /Users/4d/Documents/GitHub/GEO-INFER/output/ecological_model_20260109_152632/analysis/action_selection_analysis.json
2026-01-09 15:26:32,783 - geo_infer_act.utils.analysis - INFO - Action selection pattern analysis completed
2026-01-09 15:26:32,783 - geo_infer_act.utils.analysis - INFO - Analyzing Variational Free Energy patterns...
2026-01-09 15:26:32,783 - geo_infer_act.utils.analysis - INFO - Analysis saved to /Users/4d/Documents/GitHub/GEO-INFER/output/ecological_model_20260109_152632/analysis/free_energy_analysis.json
2026-01-09 15:26:32,783 - geo_infer_act.utils.analysis - INFO - Free Energy pattern analysis completed
2026-01-09 15:26:32,785 - geo_infer_act.utils.analysis - INFO - Analysis saved to /Users/4d/Documents/GitHub/GEO-INFER/output/ecological_model_20260109_152632/analysis/ecological_analysis.json
2026-01-09 15:26:32,789 - geo_infer_act.utils.analysis - INFO - Traces saved to CSV files in /Users/4d/Documents/GitHub/GEO-INFER/output/ecological_model_20260109_152632/data
2026-01-09 15:26:33,653 - geo_infer_act.utils.analysis - ERROR - Failed to create correlation analysis: can only concatenate list (not "float") to list
2026-01-09 15:26:33,654 - geo_infer_act.utils.analysis - INFO - Shared visualizations created in /Users/4d/Documents/GitHub/GEO-INFER/output/ecological_model_20260109_152632/visualizations
