2026-01-09 15:27:27,296 - UrbanActiveInference - INFO - Urban Planning Active Inference - Comprehensive Analysis
2026-01-09 15:27:27,296 - UrbanActiveInference - INFO - ======================================================================
2026-01-09 15:27:27,296 - UrbanActiveInference - INFO - Output directory: /Users/4d/Documents/GitHub/GEO-INFER/output/urban_planning_20260109_152727
2026-01-09 15:27:27,296 - UrbanActiveInference - INFO - Starting Urban Planning Active Inference Model
2026-01-09 15:27:27,296 - UrbanActiveInference - INFO - Multi-agent resource allocation and coordination simulation
2026-01-09 15:27:27,298 - UrbanActiveInference - INFO - Initialized urban model: 6 locations, 4 resources, 3 agents
2026-01-09 15:27:27,299 - geo_infer_act.api.interface - INFO - ActiveInferenceInterface initialized
2026-01-09 15:27:27,300 - geo_infer_act.core.active_inference - INFO - Initialized ActiveInferenceModel with type: categorical
2026-01-09 15:27:27,300 - geo_infer_act.api.interface - INFO - Created categorical model: agent_0_government
2026-01-09 15:27:27,300 - geo_infer_act.api.interface - INFO - Set preferences for model agent_0_government
2026-01-09 15:27:27,301 - geo_infer_act.utils.analysis - INFO - ActiveInferenceAnalyzer initialized with output: /Users/4d/Documents/GitHub/GEO-INFER/output/urban_planning_20260109_152727/agent_0
2026-01-09 15:27:27,301 - UrbanActiveInference - INFO - Created model for Government agent (ID: 0)
2026-01-09 15:27:27,301 - geo_infer_act.core.active_inference - INFO - Initialized ActiveInferenceModel with type: categorical
2026-01-09 15:27:27,301 - geo_infer_act.api.interface - INFO - Created categorical model: agent_1_developer
2026-01-09 15:27:27,302 - geo_infer_act.api.interface - INFO - Set preferences for model agent_1_developer
2026-01-09 15:27:27,302 - geo_infer_act.utils.analysis - INFO - ActiveInferenceAnalyzer initialized with output: /Users/4d/Documents/GitHub/GEO-INFER/output/urban_planning_20260109_152727/agent_1
2026-01-09 15:27:27,303 - UrbanActiveInference - INFO - Created model for Developer agent (ID: 1)
2026-01-09 15:27:27,303 - geo_infer_act.core.active_inference - INFO - Initialized ActiveInferenceModel with type: categorical
2026-01-09 15:27:27,303 - geo_infer_act.api.interface - INFO - Created categorical model: agent_2_community
2026-01-09 15:27:27,303 - geo_infer_act.api.interface - INFO - Set preferences for model agent_2_community
2026-01-09 15:27:27,304 - geo_infer_act.utils.analysis - INFO - ActiveInferenceAnalyzer initialized with output: /Users/4d/Documents/GitHub/GEO-INFER/output/urban_planning_20260109_152727/agent_2
2026-01-09 15:27:27,304 - UrbanActiveInference - INFO - Created model for Community agent (ID: 2)
2026-01-09 15:27:27,304 - UrbanActiveInference - INFO - Running urban development simulation for 20 steps...
2026-01-09 15:27:27,304 - UrbanActiveInference - INFO - 
--- Step 1/20 ---
2026-01-09 15:27:27,304 - UrbanActiveInference - INFO - Overall urban quality: 0.480
2026-01-09 15:27:27,304 - UrbanActiveInference - INFO - Cooperation index: 0.596
2026-01-09 15:27:27,305 - UrbanActiveInference - INFO -   Agent 0 (Government):
2026-01-09 15:27:27,305 - UrbanActiveInference - INFO -     Observation: [0. 1. 0. 0.]
2026-01-09 15:27:27,305 - UrbanActiveInference - INFO -     Belief entropy: 0.5875
2026-01-09 15:27:27,305 - UrbanActiveInference - INFO -     Surprise: 1.3863
2026-01-09 15:27:27,305 - UrbanActiveInference - INFO -     Information gain: 0.7988
2026-01-09 15:27:27,306 - UrbanActiveInference - INFO -     Free energy change: -1.3863 → -0.0949
2026-01-09 15:27:27,306 - UrbanActiveInference - INFO -     Action: Invest 20.0 in Housing at location 3
2026-01-09 15:27:27,306 - UrbanActiveInference - INFO -     Action success: True
2026-01-09 15:27:27,306 - UrbanActiveInference - INFO -     Satisfaction: 0.574
2026-01-09 15:27:27,306 - geo_infer_act.utils.analysis - DEBUG - Recorded step 1: FE=-0.0949
2026-01-09 15:27:27,306 - UrbanActiveInference - INFO -   Agent 1 (Developer):
2026-01-09 15:27:27,306 - UrbanActiveInference - INFO -     Observation: [0. 1. 0. 0.]
2026-01-09 15:27:27,306 - UrbanActiveInference - INFO -     Belief entropy: 0.5875
2026-01-09 15:27:27,306 - UrbanActiveInference - INFO -     Surprise: 1.3863
2026-01-09 15:27:27,306 - UrbanActiveInference - INFO -     Information gain: 0.7988
2026-01-09 15:27:27,306 - UrbanActiveInference - INFO -     Free energy change: -1.3863 → -0.0949
2026-01-09 15:27:27,306 - UrbanActiveInference - INFO -     Action: Invest 20.0 in Housing at location 0
2026-01-09 15:27:27,306 - UrbanActiveInference - INFO -     Action success: False
2026-01-09 15:27:27,306 - UrbanActiveInference - INFO -     Satisfaction: 0.500
2026-01-09 15:27:27,306 - geo_infer_act.utils.analysis - DEBUG - Recorded step 1: FE=-0.0949
2026-01-09 15:27:27,307 - UrbanActiveInference - INFO -   Agent 2 (Community):
2026-01-09 15:27:27,307 - UrbanActiveInference - INFO -     Observation: [0. 1. 0. 0.]
2026-01-09 15:27:27,307 - UrbanActiveInference - INFO -     Belief entropy: 0.5875
2026-01-09 15:27:27,307 - UrbanActiveInference - INFO -     Surprise: 1.3863
2026-01-09 15:27:27,307 - UrbanActiveInference - INFO -     Information gain: 0.7988
2026-01-09 15:27:27,307 - UrbanActiveInference - INFO -     Free energy change: -1.3863 → -0.0949
2026-01-09 15:27:27,307 - UrbanActiveInference - INFO -     Action: Invest 20.0 in Housing at location 0
2026-01-09 15:27:27,307 - UrbanActiveInference - INFO -     Action success: False
2026-01-09 15:27:27,307 - UrbanActiveInference - INFO -     Satisfaction: 0.500
2026-01-09 15:27:27,307 - geo_infer_act.utils.analysis - DEBUG - Recorded step 1: FE=-0.0949
2026-01-09 15:27:27,307 - UrbanActiveInference - INFO - 
--- Step 2/20 ---
2026-01-09 15:27:27,307 - UrbanActiveInference - INFO - Overall urban quality: 0.480
2026-01-09 15:27:27,307 - UrbanActiveInference - INFO - Cooperation index: 0.596
2026-01-09 15:27:27,308 - UrbanActiveInference - INFO -   Agent 0 (Government):
2026-01-09 15:27:27,308 - UrbanActiveInference - INFO -     Observation: [0. 1. 0. 0.]
2026-01-09 15:27:27,308 - UrbanActiveInference - INFO -     Belief entropy: 0.0685
2026-01-09 15:27:27,308 - UrbanActiveInference - INFO -     Surprise: 0.1625
2026-01-09 15:27:27,308 - UrbanActiveInference - INFO -     Information gain: 0.5190
2026-01-09 15:27:27,308 - UrbanActiveInference - INFO -     Free energy change: -0.0949 → 0.5638
2026-01-09 15:27:27,308 - UrbanActiveInference - INFO -     Action: Invest 16.0 in Housing at location 4
2026-01-09 15:27:27,308 - UrbanActiveInference - INFO -     Action success: False
2026-01-09 15:27:27,308 - UrbanActiveInference - INFO -     Satisfaction: 0.574
2026-01-09 15:27:27,308 - geo_infer_act.utils.analysis - DEBUG - Recorded step 2: FE=0.5638
2026-01-09 15:27:27,309 - UrbanActiveInference - INFO -   Agent 1 (Developer):
2026-01-09 15:27:27,309 - UrbanActiveInference - INFO -     Observation: [0. 1. 0. 0.]
2026-01-09 15:27:27,309 - UrbanActiveInference - INFO -     Belief entropy: 0.0685
2026-01-09 15:27:27,309 - UrbanActiveInference - INFO -     Surprise: 0.1625
2026-01-09 15:27:27,309 - UrbanActiveInference - INFO -     Information gain: 0.5190
2026-01-09 15:27:27,309 - UrbanActiveInference - INFO -     Free energy change: -0.0949 → 0.5638
2026-01-09 15:27:27,309 - UrbanActiveInference - INFO -     Action: Invest 20.0 in Housing at location 2
2026-01-09 15:27:27,309 - UrbanActiveInference - INFO -     Action success: False
2026-01-09 15:27:27,309 - UrbanActiveInference - INFO -     Satisfaction: 0.500
2026-01-09 15:27:27,309 - geo_infer_act.utils.analysis - DEBUG - Recorded step 2: FE=0.5638
2026-01-09 15:27:27,309 - UrbanActiveInference - INFO -   Agent 2 (Community):
2026-01-09 15:27:27,309 - UrbanActiveInference - INFO -     Observation: [0. 1. 0. 0.]
2026-01-09 15:27:27,309 - UrbanActiveInference - INFO -     Belief entropy: 0.0685
2026-01-09 15:27:27,309 - UrbanActiveInference - INFO -     Surprise: 0.1625
2026-01-09 15:27:27,309 - UrbanActiveInference - INFO -     Information gain: 0.5190
2026-01-09 15:27:27,309 - UrbanActiveInference - INFO -     Free energy change: -0.0949 → 0.5638
2026-01-09 15:27:27,309 - UrbanActiveInference - INFO -     Action: Invest 20.0 in Housing at location 0
2026-01-09 15:27:27,309 - UrbanActiveInference - INFO -     Action success: False
2026-01-09 15:27:27,309 - UrbanActiveInference - INFO -     Satisfaction: 0.500
2026-01-09 15:27:27,309 - geo_infer_act.utils.analysis - DEBUG - Recorded step 2: FE=0.5638
2026-01-09 15:27:27,309 - UrbanActiveInference - INFO - 
--- Step 3/20 ---
2026-01-09 15:27:27,309 - UrbanActiveInference - INFO - Overall urban quality: 0.480
2026-01-09 15:27:27,309 - UrbanActiveInference - INFO - Cooperation index: 0.596
2026-01-09 15:27:27,310 - UrbanActiveInference - INFO -   Agent 0 (Government):
2026-01-09 15:27:27,310 - UrbanActiveInference - INFO -     Observation: [0. 1. 0. 0.]
2026-01-09 15:27:27,310 - UrbanActiveInference - INFO -     Belief entropy: 0.0058
2026-01-09 15:27:27,310 - UrbanActiveInference - INFO -     Surprise: 0.0103
2026-01-09 15:27:27,310 - UrbanActiveInference - INFO -     Information gain: 0.0627
2026-01-09 15:27:27,310 - UrbanActiveInference - INFO -     Free energy change: 0.5638 → 0.6362
2026-01-09 15:27:27,310 - UrbanActiveInference - INFO -     Action: Invest 16.0 in Housing at location 0
2026-01-09 15:27:27,310 - UrbanActiveInference - INFO -     Action success: False
2026-01-09 15:27:27,310 - UrbanActiveInference - INFO -     Satisfaction: 0.574
2026-01-09 15:27:27,310 - geo_infer_act.utils.analysis - DEBUG - Recorded step 3: FE=0.6362
2026-01-09 15:27:27,311 - UrbanActiveInference - INFO -   Agent 1 (Developer):
2026-01-09 15:27:27,311 - UrbanActiveInference - INFO -     Observation: [0. 1. 0. 0.]
2026-01-09 15:27:27,311 - UrbanActiveInference - INFO -     Belief entropy: 0.0058
2026-01-09 15:27:27,311 - UrbanActiveInference - INFO -     Surprise: 0.0103
2026-01-09 15:27:27,311 - UrbanActiveInference - INFO -     Information gain: 0.0627
2026-01-09 15:27:27,311 - UrbanActiveInference - INFO -     Free energy change: 0.5638 → 0.6362
2026-01-09 15:27:27,311 - UrbanActiveInference - INFO -     Action: Invest 20.0 in Housing at location 4
2026-01-09 15:27:27,311 - UrbanActiveInference - INFO -     Action success: False
2026-01-09 15:27:27,311 - UrbanActiveInference - INFO -     Satisfaction: 0.500
2026-01-09 15:27:27,311 - geo_infer_act.utils.analysis - DEBUG - Recorded step 3: FE=0.6362
2026-01-09 15:27:27,311 - UrbanActiveInference - INFO -   Agent 2 (Community):
2026-01-09 15:27:27,311 - UrbanActiveInference - INFO -     Observation: [0. 1. 0. 0.]
2026-01-09 15:27:27,311 - UrbanActiveInference - INFO -     Belief entropy: 0.0058
2026-01-09 15:27:27,311 - UrbanActiveInference - INFO -     Surprise: 0.0103
2026-01-09 15:27:27,311 - UrbanActiveInference - INFO -     Information gain: 0.0627
2026-01-09 15:27:27,311 - UrbanActiveInference - INFO -     Free energy change: 0.5638 → 0.6362
2026-01-09 15:27:27,312 - UrbanActiveInference - INFO -     Action: Invest 20.0 in Housing at location 0
2026-01-09 15:27:27,312 - UrbanActiveInference - INFO -     Action success: False
2026-01-09 15:27:27,312 - UrbanActiveInference - INFO -     Satisfaction: 0.500
2026-01-09 15:27:27,312 - geo_infer_act.utils.analysis - DEBUG - Recorded step 3: FE=0.6362
2026-01-09 15:27:27,312 - UrbanActiveInference - INFO - 
--- Step 4/20 ---
2026-01-09 15:27:27,312 - UrbanActiveInference - INFO - Overall urban quality: 0.480
2026-01-09 15:27:27,312 - UrbanActiveInference - INFO - Cooperation index: 0.596
2026-01-09 15:27:27,312 - UrbanActiveInference - INFO -   Agent 0 (Government):
2026-01-09 15:27:27,313 - UrbanActiveInference - INFO -     Observation: [0. 1. 0. 0.]
2026-01-09 15:27:27,313 - UrbanActiveInference - INFO -     Belief entropy: 0.0004
2026-01-09 15:27:27,313 - UrbanActiveInference - INFO -     Surprise: 0.0006
2026-01-09 15:27:27,313 - UrbanActiveInference - INFO -     Information gain: 0.0054
2026-01-09 15:27:27,313 - UrbanActiveInference - INFO -     Free energy change: 0.6362 → 0.6421
2026-01-09 15:27:27,313 - UrbanActiveInference - INFO -     Action: Invest 16.0 in Housing at location 0
2026-01-09 15:27:27,313 - UrbanActiveInference - INFO -     Action success: False
2026-01-09 15:27:27,313 - UrbanActiveInference - INFO -     Satisfaction: 0.574
2026-01-09 15:27:27,313 - geo_infer_act.utils.analysis - DEBUG - Recorded step 4: FE=0.6421
2026-01-09 15:27:27,314 - UrbanActiveInference - INFO -   Agent 1 (Developer):
2026-01-09 15:27:27,314 - UrbanActiveInference - INFO -     Observation: [0. 1. 0. 0.]
2026-01-09 15:27:27,314 - UrbanActiveInference - INFO -     Belief entropy: 0.0004
2026-01-09 15:27:27,314 - UrbanActiveInference - INFO -     Surprise: 0.0006
2026-01-09 15:27:27,314 - UrbanActiveInference - INFO -     Information gain: 0.0054
2026-01-09 15:27:27,314 - UrbanActiveInference - INFO -     Free energy change: 0.6362 → 0.6421
2026-01-09 15:27:27,314 - UrbanActiveInference - INFO -     Action: Invest 20.0 in Housing at location 2
2026-01-09 15:27:27,314 - UrbanActiveInference - INFO -     Action success: False
2026-01-09 15:27:27,314 - UrbanActiveInference - INFO -     Satisfaction: 0.500
2026-01-09 15:27:27,314 - geo_infer_act.utils.analysis - DEBUG - Recorded step 4: FE=0.6421
2026-01-09 15:27:27,315 - UrbanActiveInference - INFO -   Agent 2 (Community):
2026-01-09 15:27:27,315 - UrbanActiveInference - INFO -     Observation: [0. 1. 0. 0.]
2026-01-09 15:27:27,315 - UrbanActiveInference - INFO -     Belief entropy: 0.0004
2026-01-09 15:27:27,315 - UrbanActiveInference - INFO -     Surprise: 0.0006
2026-01-09 15:27:27,315 - UrbanActiveInference - INFO -     Information gain: 0.0054
2026-01-09 15:27:27,315 - UrbanActiveInference - INFO -     Free energy change: 0.6362 → 0.6421
2026-01-09 15:27:27,315 - UrbanActiveInference - INFO -     Action: Invest 20.0 in Housing at location 4
2026-01-09 15:27:27,315 - UrbanActiveInference - INFO -     Action success: False
2026-01-09 15:27:27,315 - UrbanActiveInference - INFO -     Satisfaction: 0.500
2026-01-09 15:27:27,315 - geo_infer_act.utils.analysis - DEBUG - Recorded step 4: FE=0.6421
2026-01-09 15:27:27,315 - UrbanActiveInference - INFO - 
--- Step 5/20 ---
2026-01-09 15:27:27,315 - UrbanActiveInference - INFO - Overall urban quality: 0.480
2026-01-09 15:27:27,315 - UrbanActiveInference - INFO - Cooperation index: 0.596
2026-01-09 15:27:27,316 - UrbanActiveInference - INFO -   Agent 0 (Government):
2026-01-09 15:27:27,316 - UrbanActiveInference - INFO -     Observation: [0. 1. 0. 0.]
2026-01-09 15:27:27,316 - UrbanActiveInference - INFO -     Belief entropy: 0.0000
2026-01-09 15:27:27,316 - UrbanActiveInference - INFO -     Surprise: 0.0000
2026-01-09 15:27:27,316 - UrbanActiveInference - INFO -     Information gain: 0.0004
2026-01-09 15:27:27,316 - UrbanActiveInference - INFO -     Free energy change: 0.6421 → 0.6426
2026-01-09 15:27:27,316 - UrbanActiveInference - INFO -     Action: Invest 16.0 in Housing at location 1
2026-01-09 15:27:27,316 - UrbanActiveInference - INFO -     Action success: True
2026-01-09 15:27:27,316 - UrbanActiveInference - INFO -     Satisfaction: 0.656
2026-01-09 15:27:27,316 - geo_infer_act.utils.analysis - DEBUG - Recorded step 5: FE=0.6426
2026-01-09 15:27:27,317 - UrbanActiveInference - INFO -   Agent 1 (Developer):
2026-01-09 15:27:27,317 - UrbanActiveInference - INFO -     Observation: [0. 1. 0. 0.]
2026-01-09 15:27:27,317 - UrbanActiveInference - INFO -     Belief entropy: 0.0000
2026-01-09 15:27:27,317 - UrbanActiveInference - INFO -     Surprise: 0.0000
2026-01-09 15:27:27,317 - UrbanActiveInference - INFO -     Information gain: 0.0004
2026-01-09 15:27:27,317 - UrbanActiveInference - INFO -     Free energy change: 0.6421 → 0.6426
2026-01-09 15:27:27,317 - UrbanActiveInference - INFO -     Action: Invest 20.0 in Housing at location 2
2026-01-09 15:27:27,317 - UrbanActiveInference - INFO -     Action success: False
2026-01-09 15:27:27,317 - UrbanActiveInference - INFO -     Satisfaction: 0.500
2026-01-09 15:27:27,317 - geo_infer_act.utils.analysis - DEBUG - Recorded step 5: FE=0.6426
2026-01-09 15:27:27,317 - UrbanActiveInference - INFO -   Agent 2 (Community):
2026-01-09 15:27:27,317 - UrbanActiveInference - INFO -     Observation: [0. 1. 0. 0.]
2026-01-09 15:27:27,317 - UrbanActiveInference - INFO -     Belief entropy: 0.0000
2026-01-09 15:27:27,317 - UrbanActiveInference - INFO -     Surprise: 0.0000
2026-01-09 15:27:27,317 - UrbanActiveInference - INFO -     Information gain: 0.0004
2026-01-09 15:27:27,318 - UrbanActiveInference - INFO -     Free energy change: 0.6421 → 0.6426
2026-01-09 15:27:27,318 - UrbanActiveInference - INFO -     Action: Invest 20.0 in Housing at location 2
2026-01-09 15:27:27,318 - UrbanActiveInference - INFO -     Action success: False
2026-01-09 15:27:27,318 - UrbanActiveInference - INFO -     Satisfaction: 0.500
2026-01-09 15:27:27,318 - geo_infer_act.utils.analysis - DEBUG - Recorded step 5: FE=0.6426
2026-01-09 15:27:27,899 - UrbanActiveInference - INFO -     Generated urban analysis visualization
2026-01-09 15:27:27,899 - UrbanActiveInference - INFO - 
--- Step 6/20 ---
2026-01-09 15:27:27,899 - UrbanActiveInference - INFO - Overall urban quality: 0.481
2026-01-09 15:27:27,900 - UrbanActiveInference - INFO - Cooperation index: 0.596
2026-01-09 15:27:27,900 - UrbanActiveInference - INFO -   Agent 0 (Government):
2026-01-09 15:27:27,900 - UrbanActiveInference - INFO -     Observation: [0. 1. 0. 0.]
2026-01-09 15:27:27,900 - UrbanActiveInference - INFO -     Belief entropy: 0.0000
2026-01-09 15:27:27,900 - UrbanActiveInference - INFO -     Surprise: 0.0000
2026-01-09 15:27:27,900 - UrbanActiveInference - INFO -     Information gain: 0.0000
2026-01-09 15:27:27,900 - UrbanActiveInference - INFO -     Free energy change: 0.6426 → 0.6426
2026-01-09 15:27:27,900 - UrbanActiveInference - INFO -     Action: Invest 12.8 in Housing at location 4
2026-01-09 15:27:27,900 - UrbanActiveInference - INFO -     Action success: False
2026-01-09 15:27:27,900 - UrbanActiveInference - INFO -     Satisfaction: 0.656
2026-01-09 15:27:27,900 - geo_infer_act.utils.analysis - DEBUG - Recorded step 6: FE=0.6426
2026-01-09 15:27:27,901 - UrbanActiveInference - INFO -   Agent 1 (Developer):
2026-01-09 15:27:27,901 - UrbanActiveInference - INFO -     Observation: [0. 1. 0. 0.]
2026-01-09 15:27:27,901 - UrbanActiveInference - INFO -     Belief entropy: 0.0000
2026-01-09 15:27:27,901 - UrbanActiveInference - INFO -     Surprise: 0.0000
2026-01-09 15:27:27,901 - UrbanActiveInference - INFO -     Information gain: 0.0000
2026-01-09 15:27:27,901 - UrbanActiveInference - INFO -     Free energy change: 0.6426 → 0.6426
2026-01-09 15:27:27,901 - UrbanActiveInference - INFO -     Action: Invest 20.0 in Housing at location 5
2026-01-09 15:27:27,901 - UrbanActiveInference - INFO -     Action success: False
2026-01-09 15:27:27,901 - UrbanActiveInference - INFO -     Satisfaction: 0.500
2026-01-09 15:27:27,901 - geo_infer_act.utils.analysis - DEBUG - Recorded step 6: FE=0.6426
2026-01-09 15:27:27,902 - UrbanActiveInference - INFO -   Agent 2 (Community):
2026-01-09 15:27:27,902 - UrbanActiveInference - INFO -     Observation: [0. 1. 0. 0.]
2026-01-09 15:27:27,902 - UrbanActiveInference - INFO -     Belief entropy: 0.0000
2026-01-09 15:27:27,902 - UrbanActiveInference - INFO -     Surprise: 0.0000
2026-01-09 15:27:27,902 - UrbanActiveInference - INFO -     Information gain: 0.0000
2026-01-09 15:27:27,902 - UrbanActiveInference - INFO -     Free energy change: 0.6426 → 0.6426
2026-01-09 15:27:27,902 - UrbanActiveInference - INFO -     Action: Invest 20.0 in Housing at location 1
2026-01-09 15:27:27,902 - UrbanActiveInference - INFO -     Action success: True
2026-01-09 15:27:27,902 - UrbanActiveInference - INFO -     Satisfaction: 0.918
2026-01-09 15:27:27,902 - geo_infer_act.utils.analysis - DEBUG - Recorded step 6: FE=0.6426
2026-01-09 15:27:27,902 - UrbanActiveInference - INFO - 
--- Step 7/20 ---
2026-01-09 15:27:27,902 - UrbanActiveInference - INFO - Overall urban quality: 0.481
2026-01-09 15:27:27,902 - UrbanActiveInference - INFO - Cooperation index: 0.596
2026-01-09 15:27:27,903 - UrbanActiveInference - INFO -   Agent 0 (Government):
2026-01-09 15:27:27,903 - UrbanActiveInference - INFO -     Observation: [0. 1. 0. 0.]
2026-01-09 15:27:27,903 - UrbanActiveInference - INFO -     Belief entropy: 0.0000
2026-01-09 15:27:27,903 - UrbanActiveInference - INFO -     Surprise: 0.0000
2026-01-09 15:27:27,903 - UrbanActiveInference - INFO -     Information gain: 0.0000
2026-01-09 15:27:27,903 - UrbanActiveInference - INFO -     Free energy change: 0.6426 → 0.6426
2026-01-09 15:27:27,903 - UrbanActiveInference - INFO -     Action: Invest 12.8 in Housing at location 1
2026-01-09 15:27:27,903 - UrbanActiveInference - INFO -     Action success: True
2026-01-09 15:27:27,903 - UrbanActiveInference - INFO -     Satisfaction: 0.723
2026-01-09 15:27:27,903 - geo_infer_act.utils.analysis - DEBUG - Recorded step 7: FE=0.6426
2026-01-09 15:27:27,904 - UrbanActiveInference - INFO -   Agent 1 (Developer):
2026-01-09 15:27:27,904 - UrbanActiveInference - INFO -     Observation: [0. 1. 0. 0.]
2026-01-09 15:27:27,904 - UrbanActiveInference - INFO -     Belief entropy: 0.0000
2026-01-09 15:27:27,904 - UrbanActiveInference - INFO -     Surprise: 0.0000
2026-01-09 15:27:27,904 - UrbanActiveInference - INFO -     Information gain: 0.0000
2026-01-09 15:27:27,904 - UrbanActiveInference - INFO -     Free energy change: 0.6426 → 0.6426
2026-01-09 15:27:27,904 - UrbanActiveInference - INFO -     Action: Invest 20.0 in Housing at location 3
2026-01-09 15:27:27,904 - UrbanActiveInference - INFO -     Action success: True
2026-01-09 15:27:27,904 - UrbanActiveInference - INFO -     Satisfaction: 0.712
2026-01-09 15:27:27,904 - geo_infer_act.utils.analysis - DEBUG - Recorded step 7: FE=0.6426
2026-01-09 15:27:27,904 - UrbanActiveInference - INFO -   Agent 2 (Community):
2026-01-09 15:27:27,904 - UrbanActiveInference - INFO -     Observation: [0. 1. 0. 0.]
2026-01-09 15:27:27,904 - UrbanActiveInference - INFO -     Belief entropy: 0.0000
2026-01-09 15:27:27,904 - UrbanActiveInference - INFO -     Surprise: 0.0000
2026-01-09 15:27:27,904 - UrbanActiveInference - INFO -     Information gain: 0.0000
2026-01-09 15:27:27,904 - UrbanActiveInference - INFO -     Free energy change: 0.6426 → 0.6426
2026-01-09 15:27:27,904 - UrbanActiveInference - INFO -     Action: Invest 16.0 in Housing at location 0
2026-01-09 15:27:27,904 - UrbanActiveInference - INFO -     Action success: False
2026-01-09 15:27:27,904 - UrbanActiveInference - INFO -     Satisfaction: 0.918
2026-01-09 15:27:27,904 - geo_infer_act.utils.analysis - DEBUG - Recorded step 7: FE=0.6426
2026-01-09 15:27:27,904 - UrbanActiveInference - INFO - 
--- Step 8/20 ---
2026-01-09 15:27:27,904 - UrbanActiveInference - INFO - Overall urban quality: 0.481
2026-01-09 15:27:27,904 - UrbanActiveInference - INFO - Cooperation index: 0.596
2026-01-09 15:27:27,905 - UrbanActiveInference - INFO -   Agent 0 (Government):
2026-01-09 15:27:27,905 - UrbanActiveInference - INFO -     Observation: [0. 1. 0. 0.]
2026-01-09 15:27:27,905 - UrbanActiveInference - INFO -     Belief entropy: -0.0000
2026-01-09 15:27:27,905 - UrbanActiveInference - INFO -     Surprise: 0.0000
2026-01-09 15:27:27,905 - UrbanActiveInference - INFO -     Information gain: 0.0000
2026-01-09 15:27:27,905 - UrbanActiveInference - INFO -     Free energy change: 0.6426 → 0.6426
2026-01-09 15:27:27,905 - UrbanActiveInference - INFO -     Action: Invest 10.2 in Housing at location 1
2026-01-09 15:27:27,905 - UrbanActiveInference - INFO -     Action success: True
2026-01-09 15:27:27,905 - UrbanActiveInference - INFO -     Satisfaction: 0.776
2026-01-09 15:27:27,905 - geo_infer_act.utils.analysis - DEBUG - Recorded step 8: FE=0.6426
2026-01-09 15:27:27,906 - UrbanActiveInference - INFO -   Agent 1 (Developer):
2026-01-09 15:27:27,906 - UrbanActiveInference - INFO -     Observation: [0. 1. 0. 0.]
2026-01-09 15:27:27,906 - UrbanActiveInference - INFO -     Belief entropy: -0.0000
2026-01-09 15:27:27,906 - UrbanActiveInference - INFO -     Surprise: 0.0000
2026-01-09 15:27:27,906 - UrbanActiveInference - INFO -     Information gain: 0.0000
2026-01-09 15:27:27,906 - UrbanActiveInference - INFO -     Free energy change: 0.6426 → 0.6426
2026-01-09 15:27:27,906 - UrbanActiveInference - INFO -     Action: Invest 16.0 in Housing at location 3
2026-01-09 15:27:27,906 - UrbanActiveInference - INFO -     Action success: True
2026-01-09 15:27:27,906 - UrbanActiveInference - INFO -     Satisfaction: 0.882
2026-01-09 15:27:27,906 - geo_infer_act.utils.analysis - DEBUG - Recorded step 8: FE=0.6426
2026-01-09 15:27:27,906 - UrbanActiveInference - INFO -   Agent 2 (Community):
2026-01-09 15:27:27,906 - UrbanActiveInference - INFO -     Observation: [0. 1. 0. 0.]
2026-01-09 15:27:27,906 - UrbanActiveInference - INFO -     Belief entropy: -0.0000
2026-01-09 15:27:27,906 - UrbanActiveInference - INFO -     Surprise: 0.0000
2026-01-09 15:27:27,906 - UrbanActiveInference - INFO -     Information gain: 0.0000
2026-01-09 15:27:27,906 - UrbanActiveInference - INFO -     Free energy change: 0.6426 → 0.6426
2026-01-09 15:27:27,906 - UrbanActiveInference - INFO -     Action: Invest 16.0 in Housing at location 4
2026-01-09 15:27:27,906 - UrbanActiveInference - INFO -     Action success: False
2026-01-09 15:27:27,906 - UrbanActiveInference - INFO -     Satisfaction: 0.918
2026-01-09 15:27:27,906 - geo_infer_act.utils.analysis - DEBUG - Recorded step 8: FE=0.6426
2026-01-09 15:27:27,906 - UrbanActiveInference - INFO - 
--- Step 9/20 ---
2026-01-09 15:27:27,906 - UrbanActiveInference - INFO - Overall urban quality: 0.482
2026-01-09 15:27:27,907 - UrbanActiveInference - INFO - Cooperation index: 0.596
2026-01-09 15:27:27,907 - UrbanActiveInference - INFO -   Agent 0 (Government):
2026-01-09 15:27:27,907 - UrbanActiveInference - INFO -     Observation: [0. 1. 0. 0.]
2026-01-09 15:27:27,907 - UrbanActiveInference - INFO -     Belief entropy: -0.0000
2026-01-09 15:27:27,907 - UrbanActiveInference - INFO -     Surprise: 0.0000
2026-01-09 15:27:27,907 - UrbanActiveInference - INFO -     Information gain: 0.0000
2026-01-09 15:27:27,907 - UrbanActiveInference - INFO -     Free energy change: 0.6426 → 0.6426
2026-01-09 15:27:27,907 - UrbanActiveInference - INFO -     Action: Invest 8.2 in Housing at location 5
2026-01-09 15:27:27,907 - UrbanActiveInference - INFO -     Action success: False
2026-01-09 15:27:27,907 - UrbanActiveInference - INFO -     Satisfaction: 0.776
2026-01-09 15:27:27,907 - geo_infer_act.utils.analysis - DEBUG - Recorded step 9: FE=0.6426
2026-01-09 15:27:27,907 - UrbanActiveInference - INFO -   Agent 1 (Developer):
2026-01-09 15:27:27,907 - UrbanActiveInference - INFO -     Observation: [0. 1. 0. 0.]
2026-01-09 15:27:27,907 - UrbanActiveInference - INFO -     Belief entropy: -0.0000
2026-01-09 15:27:27,907 - UrbanActiveInference - INFO -     Surprise: 0.0000
2026-01-09 15:27:27,907 - UrbanActiveInference - INFO -     Information gain: 0.0000
2026-01-09 15:27:27,907 - UrbanActiveInference - INFO -     Free energy change: 0.6426 → 0.6426
2026-01-09 15:27:27,908 - UrbanActiveInference - INFO -     Action: Invest 12.8 in Housing at location 1
2026-01-09 15:27:27,908 - UrbanActiveInference - INFO -     Action success: True
2026-01-09 15:27:27,908 - UrbanActiveInference - INFO -     Satisfaction: 1.000
2026-01-09 15:27:27,908 - geo_infer_act.utils.analysis - DEBUG - Recorded step 9: FE=0.6426
2026-01-09 15:27:27,908 - UrbanActiveInference - INFO -   Agent 2 (Community):
2026-01-09 15:27:27,908 - UrbanActiveInference - INFO -     Observation: [0. 1. 0. 0.]
2026-01-09 15:27:27,908 - UrbanActiveInference - INFO -     Belief entropy: -0.0000
2026-01-09 15:27:27,908 - UrbanActiveInference - INFO -     Surprise: 0.0000
2026-01-09 15:27:27,908 - UrbanActiveInference - INFO -     Information gain: 0.0000
2026-01-09 15:27:27,908 - UrbanActiveInference - INFO -     Free energy change: 0.6426 → 0.6426
2026-01-09 15:27:27,908 - UrbanActiveInference - INFO -     Action: Invest 16.0 in Housing at location 0
2026-01-09 15:27:27,908 - UrbanActiveInference - INFO -     Action success: False
2026-01-09 15:27:27,908 - UrbanActiveInference - INFO -     Satisfaction: 0.918
2026-01-09 15:27:27,908 - geo_infer_act.utils.analysis - DEBUG - Recorded step 9: FE=0.6426
2026-01-09 15:27:27,908 - UrbanActiveInference - INFO - 
--- Step 10/20 ---
2026-01-09 15:27:27,908 - UrbanActiveInference - INFO - Overall urban quality: 0.482
2026-01-09 15:27:27,908 - UrbanActiveInference - INFO - Cooperation index: 0.596
2026-01-09 15:27:27,908 - UrbanActiveInference - INFO -   Agent 0 (Government):
2026-01-09 15:27:27,908 - UrbanActiveInference - INFO -     Observation: [0. 1. 0. 0.]
2026-01-09 15:27:27,909 - UrbanActiveInference - INFO -     Belief entropy: -0.0000
2026-01-09 15:27:27,909 - UrbanActiveInference - INFO -     Surprise: 0.0000
2026-01-09 15:27:27,909 - UrbanActiveInference - INFO -     Information gain: 0.0000
2026-01-09 15:27:27,909 - UrbanActiveInference - INFO -     Free energy change: 0.6426 → 0.6426
2026-01-09 15:27:27,909 - UrbanActiveInference - INFO -     Action: Invest 8.2 in Housing at location 1
2026-01-09 15:27:27,909 - UrbanActiveInference - INFO -     Action success: True
2026-01-09 15:27:27,909 - UrbanActiveInference - INFO -     Satisfaction: 0.818
2026-01-09 15:27:27,909 - geo_infer_act.utils.analysis - DEBUG - Recorded step 10: FE=0.6426
2026-01-09 15:27:27,909 - UrbanActiveInference - INFO -   Agent 1 (Developer):
2026-01-09 15:27:27,909 - UrbanActiveInference - INFO -     Observation: [0. 1. 0. 0.]
2026-01-09 15:27:27,909 - UrbanActiveInference - INFO -     Belief entropy: -0.0000
2026-01-09 15:27:27,909 - UrbanActiveInference - INFO -     Surprise: 0.0000
2026-01-09 15:27:27,909 - UrbanActiveInference - INFO -     Information gain: 0.0000
2026-01-09 15:27:27,909 - UrbanActiveInference - INFO -     Free energy change: 0.6426 → 0.6426
2026-01-09 15:27:27,909 - UrbanActiveInference - INFO -     Action: Invest 10.2 in Housing at location 1
2026-01-09 15:27:27,909 - UrbanActiveInference - INFO -     Action success: True
2026-01-09 15:27:27,909 - UrbanActiveInference - INFO -     Satisfaction: 1.000
2026-01-09 15:27:27,909 - geo_infer_act.utils.analysis - DEBUG - Recorded step 10: FE=0.6426
2026-01-09 15:27:27,909 - UrbanActiveInference - INFO -   Agent 2 (Community):
2026-01-09 15:27:27,909 - UrbanActiveInference - INFO -     Observation: [0. 1. 0. 0.]
2026-01-09 15:27:27,909 - UrbanActiveInference - INFO -     Belief entropy: -0.0000
2026-01-09 15:27:27,909 - UrbanActiveInference - INFO -     Surprise: 0.0000
2026-01-09 15:27:27,910 - UrbanActiveInference - INFO -     Information gain: 0.0000
2026-01-09 15:27:27,910 - UrbanActiveInference - INFO -     Free energy change: 0.6426 → 0.6426
2026-01-09 15:27:27,910 - UrbanActiveInference - INFO -     Action: Invest 16.0 in Housing at location 0
2026-01-09 15:27:27,910 - UrbanActiveInference - INFO -     Action success: False
2026-01-09 15:27:27,910 - UrbanActiveInference - INFO -     Satisfaction: 0.918
2026-01-09 15:27:27,910 - geo_infer_act.utils.analysis - DEBUG - Recorded step 10: FE=0.6426
2026-01-09 15:27:28,496 - UrbanActiveInference - INFO -     Generated urban analysis visualization
2026-01-09 15:27:28,496 - UrbanActiveInference - INFO - 
--- Step 11/20 ---
2026-01-09 15:27:28,496 - UrbanActiveInference - INFO - Overall urban quality: 0.482
2026-01-09 15:27:28,496 - UrbanActiveInference - INFO - Cooperation index: 0.596
2026-01-09 15:27:28,497 - UrbanActiveInference - INFO -   Agent 0 (Government):
2026-01-09 15:27:28,497 - UrbanActiveInference - INFO -     Observation: [0. 1. 0. 0.]
2026-01-09 15:27:28,497 - UrbanActiveInference - INFO -     Belief entropy: -0.0000
2026-01-09 15:27:28,497 - UrbanActiveInference - INFO -     Surprise: 0.0000
2026-01-09 15:27:28,497 - UrbanActiveInference - INFO -     Information gain: 0.0000
2026-01-09 15:27:28,497 - UrbanActiveInference - INFO -     Free energy change: 0.6426 → 0.6426
2026-01-09 15:27:28,497 - UrbanActiveInference - INFO -     Action: Invest 6.6 in Housing at location 4
2026-01-09 15:27:28,497 - UrbanActiveInference - INFO -     Action success: False
2026-01-09 15:27:28,497 - UrbanActiveInference - INFO -     Satisfaction: 0.818
2026-01-09 15:27:28,497 - geo_infer_act.utils.analysis - DEBUG - Recorded step 11: FE=0.6426
2026-01-09 15:27:28,497 - UrbanActiveInference - INFO -   Agent 1 (Developer):
2026-01-09 15:27:28,497 - UrbanActiveInference - INFO -     Observation: [0. 1. 0. 0.]
2026-01-09 15:27:28,497 - UrbanActiveInference - INFO -     Belief entropy: -0.0000
2026-01-09 15:27:28,497 - UrbanActiveInference - INFO -     Surprise: 0.0000
2026-01-09 15:27:28,497 - UrbanActiveInference - INFO -     Information gain: 0.0000
2026-01-09 15:27:28,497 - UrbanActiveInference - INFO -     Free energy change: 0.6426 → 0.6426
2026-01-09 15:27:28,497 - UrbanActiveInference - INFO -     Action: Invest 8.2 in Housing at location 2
2026-01-09 15:27:28,497 - UrbanActiveInference - INFO -     Action success: False
2026-01-09 15:27:28,497 - UrbanActiveInference - INFO -     Satisfaction: 1.000
2026-01-09 15:27:28,497 - geo_infer_act.utils.analysis - DEBUG - Recorded step 11: FE=0.6426
2026-01-09 15:27:28,498 - UrbanActiveInference - INFO -   Agent 2 (Community):
2026-01-09 15:27:28,498 - UrbanActiveInference - INFO -     Observation: [0. 1. 0. 0.]
2026-01-09 15:27:28,498 - UrbanActiveInference - INFO -     Belief entropy: -0.0000
2026-01-09 15:27:28,498 - UrbanActiveInference - INFO -     Surprise: 0.0000
2026-01-09 15:27:28,498 - UrbanActiveInference - INFO -     Information gain: 0.0000
2026-01-09 15:27:28,498 - UrbanActiveInference - INFO -     Free energy change: 0.6426 → 0.6426
2026-01-09 15:27:28,498 - UrbanActiveInference - INFO -     Action: Invest 16.0 in Housing at location 4
2026-01-09 15:27:28,498 - UrbanActiveInference - INFO -     Action success: False
2026-01-09 15:27:28,498 - UrbanActiveInference - INFO -     Satisfaction: 0.918
2026-01-09 15:27:28,498 - geo_infer_act.utils.analysis - DEBUG - Recorded step 11: FE=0.6426
2026-01-09 15:27:28,498 - UrbanActiveInference - INFO - 
--- Step 12/20 ---
2026-01-09 15:27:28,498 - UrbanActiveInference - INFO - Overall urban quality: 0.482
2026-01-09 15:27:28,498 - UrbanActiveInference - INFO - Cooperation index: 0.596
2026-01-09 15:27:28,498 - UrbanActiveInference - INFO -   Agent 0 (Government):
2026-01-09 15:27:28,499 - UrbanActiveInference - INFO -     Observation: [0. 1. 0. 0.]
2026-01-09 15:27:28,499 - UrbanActiveInference - INFO -     Belief entropy: -0.0000
2026-01-09 15:27:28,499 - UrbanActiveInference - INFO -     Surprise: 0.0000
2026-01-09 15:27:28,499 - UrbanActiveInference - INFO -     Information gain: 0.0000
2026-01-09 15:27:28,499 - UrbanActiveInference - INFO -     Free energy change: 0.6426 → 0.6426
2026-01-09 15:27:28,499 - UrbanActiveInference - INFO -     Action: Invest 6.6 in Housing at location 4
2026-01-09 15:27:28,499 - UrbanActiveInference - INFO -     Action success: False
2026-01-09 15:27:28,499 - UrbanActiveInference - INFO -     Satisfaction: 0.818
2026-01-09 15:27:28,499 - geo_infer_act.utils.analysis - DEBUG - Recorded step 12: FE=0.6426
2026-01-09 15:27:28,499 - UrbanActiveInference - INFO -   Agent 1 (Developer):
2026-01-09 15:27:28,499 - UrbanActiveInference - INFO -     Observation: [0. 1. 0. 0.]
2026-01-09 15:27:28,499 - UrbanActiveInference - INFO -     Belief entropy: -0.0000
2026-01-09 15:27:28,499 - UrbanActiveInference - INFO -     Surprise: 0.0000
2026-01-09 15:27:28,499 - UrbanActiveInference - INFO -     Information gain: 0.0000
2026-01-09 15:27:28,499 - UrbanActiveInference - INFO -     Free energy change: 0.6426 → 0.6426
2026-01-09 15:27:28,499 - UrbanActiveInference - INFO -     Action: Invest 8.2 in Housing at location 1
2026-01-09 15:27:28,499 - UrbanActiveInference - INFO -     Action success: True
2026-01-09 15:27:28,499 - UrbanActiveInference - INFO -     Satisfaction: 1.000
2026-01-09 15:27:28,499 - geo_infer_act.utils.analysis - DEBUG - Recorded step 12: FE=0.6426
2026-01-09 15:27:28,500 - UrbanActiveInference - INFO -   Agent 2 (Community):
2026-01-09 15:27:28,500 - UrbanActiveInference - INFO -     Observation: [0. 1. 0. 0.]
2026-01-09 15:27:28,500 - UrbanActiveInference - INFO -     Belief entropy: -0.0000
2026-01-09 15:27:28,500 - UrbanActiveInference - INFO -     Surprise: 0.0000
2026-01-09 15:27:28,500 - UrbanActiveInference - INFO -     Information gain: 0.0000
2026-01-09 15:27:28,500 - UrbanActiveInference - INFO -     Free energy change: 0.6426 → 0.6426
2026-01-09 15:27:28,500 - UrbanActiveInference - INFO -     Action: Invest 16.0 in Housing at location 5
2026-01-09 15:27:28,500 - UrbanActiveInference - INFO -     Action success: False
2026-01-09 15:27:28,500 - UrbanActiveInference - INFO -     Satisfaction: 0.918
2026-01-09 15:27:28,500 - geo_infer_act.utils.analysis - DEBUG - Recorded step 12: FE=0.6426
2026-01-09 15:27:28,500 - UrbanActiveInference - INFO - 
--- Step 13/20 ---
2026-01-09 15:27:28,500 - UrbanActiveInference - INFO - Overall urban quality: 0.482
2026-01-09 15:27:28,500 - UrbanActiveInference - INFO - Cooperation index: 0.596
2026-01-09 15:27:28,500 - UrbanActiveInference - INFO -   Agent 0 (Government):
2026-01-09 15:27:28,500 - UrbanActiveInference - INFO -     Observation: [0. 1. 0. 0.]
2026-01-09 15:27:28,500 - UrbanActiveInference - INFO -     Belief entropy: -0.0000
2026-01-09 15:27:28,500 - UrbanActiveInference - INFO -     Surprise: 0.0000
2026-01-09 15:27:28,500 - UrbanActiveInference - INFO -     Information gain: 0.0000
2026-01-09 15:27:28,500 - UrbanActiveInference - INFO -     Free energy change: 0.6426 → 0.6426
2026-01-09 15:27:28,500 - UrbanActiveInference - INFO -     Action: Invest 6.6 in Housing at location 5
2026-01-09 15:27:28,500 - UrbanActiveInference - INFO -     Action success: False
2026-01-09 15:27:28,500 - UrbanActiveInference - INFO -     Satisfaction: 0.818
2026-01-09 15:27:28,500 - geo_infer_act.utils.analysis - DEBUG - Recorded step 13: FE=0.6426
2026-01-09 15:27:28,501 - UrbanActiveInference - INFO -   Agent 1 (Developer):
2026-01-09 15:27:28,501 - UrbanActiveInference - INFO -     Observation: [0. 1. 0. 0.]
2026-01-09 15:27:28,501 - UrbanActiveInference - INFO -     Belief entropy: -0.0000
2026-01-09 15:27:28,501 - UrbanActiveInference - INFO -     Surprise: 0.0000
2026-01-09 15:27:28,501 - UrbanActiveInference - INFO -     Information gain: 0.0000
2026-01-09 15:27:28,501 - UrbanActiveInference - INFO -     Free energy change: 0.6426 → 0.6426
2026-01-09 15:27:28,501 - UrbanActiveInference - INFO -     Action: Invest 6.6 in Housing at location 2
2026-01-09 15:27:28,501 - UrbanActiveInference - INFO -     Action success: False
2026-01-09 15:27:28,501 - UrbanActiveInference - INFO -     Satisfaction: 1.000
2026-01-09 15:27:28,501 - geo_infer_act.utils.analysis - DEBUG - Recorded step 13: FE=0.6426
2026-01-09 15:27:28,501 - UrbanActiveInference - INFO -   Agent 2 (Community):
2026-01-09 15:27:28,501 - UrbanActiveInference - INFO -     Observation: [0. 1. 0. 0.]
2026-01-09 15:27:28,501 - UrbanActiveInference - INFO -     Belief entropy: -0.0000
2026-01-09 15:27:28,501 - UrbanActiveInference - INFO -     Surprise: 0.0000
2026-01-09 15:27:28,501 - UrbanActiveInference - INFO -     Information gain: 0.0000
2026-01-09 15:27:28,501 - UrbanActiveInference - INFO -     Free energy change: 0.6426 → 0.6426
2026-01-09 15:27:28,501 - UrbanActiveInference - INFO -     Action: Invest 16.0 in Housing at location 1
2026-01-09 15:27:28,501 - UrbanActiveInference - INFO -     Action success: True
2026-01-09 15:27:28,501 - UrbanActiveInference - INFO -     Satisfaction: 1.000
2026-01-09 15:27:28,501 - geo_infer_act.utils.analysis - DEBUG - Recorded step 13: FE=0.6426
2026-01-09 15:27:28,502 - UrbanActiveInference - INFO - 
--- Step 14/20 ---
2026-01-09 15:27:28,502 - UrbanActiveInference - INFO - Overall urban quality: 0.482
2026-01-09 15:27:28,502 - UrbanActiveInference - INFO - Cooperation index: 0.596
2026-01-09 15:27:28,502 - UrbanActiveInference - INFO -   Agent 0 (Government):
2026-01-09 15:27:28,502 - UrbanActiveInference - INFO -     Observation: [0. 1. 0. 0.]
2026-01-09 15:27:28,502 - UrbanActiveInference - INFO -     Belief entropy: -0.0000
2026-01-09 15:27:28,502 - UrbanActiveInference - INFO -     Surprise: 0.0000
2026-01-09 15:27:28,502 - UrbanActiveInference - INFO -     Information gain: 0.0000
2026-01-09 15:27:28,502 - UrbanActiveInference - INFO -     Free energy change: 0.6426 → 0.6426
2026-01-09 15:27:28,502 - UrbanActiveInference - INFO -     Action: Invest 6.6 in Housing at location 4
2026-01-09 15:27:28,502 - UrbanActiveInference - INFO -     Action success: False
2026-01-09 15:27:28,502 - UrbanActiveInference - INFO -     Satisfaction: 0.818
2026-01-09 15:27:28,502 - geo_infer_act.utils.analysis - DEBUG - Recorded step 14: FE=0.6426
2026-01-09 15:27:28,502 - UrbanActiveInference - INFO -   Agent 1 (Developer):
2026-01-09 15:27:28,502 - UrbanActiveInference - INFO -     Observation: [0. 1. 0. 0.]
2026-01-09 15:27:28,503 - UrbanActiveInference - INFO -     Belief entropy: -0.0000
2026-01-09 15:27:28,503 - UrbanActiveInference - INFO -     Surprise: 0.0000
2026-01-09 15:27:28,503 - UrbanActiveInference - INFO -     Information gain: 0.0000
2026-01-09 15:27:28,503 - UrbanActiveInference - INFO -     Free energy change: 0.6426 → 0.6426
2026-01-09 15:27:28,503 - UrbanActiveInference - INFO -     Action: Invest 6.6 in Housing at location 5
2026-01-09 15:27:28,503 - UrbanActiveInference - INFO -     Action success: False
2026-01-09 15:27:28,503 - UrbanActiveInference - INFO -     Satisfaction: 1.000
2026-01-09 15:27:28,503 - geo_infer_act.utils.analysis - DEBUG - Recorded step 14: FE=0.6426
2026-01-09 15:27:28,503 - UrbanActiveInference - INFO -   Agent 2 (Community):
2026-01-09 15:27:28,503 - UrbanActiveInference - INFO -     Observation: [0. 1. 0. 0.]
2026-01-09 15:27:28,503 - UrbanActiveInference - INFO -     Belief entropy: -0.0000
2026-01-09 15:27:28,503 - UrbanActiveInference - INFO -     Surprise: 0.0000
2026-01-09 15:27:28,503 - UrbanActiveInference - INFO -     Information gain: 0.0000
2026-01-09 15:27:28,503 - UrbanActiveInference - INFO -     Free energy change: 0.6426 → 0.6426
2026-01-09 15:27:28,503 - UrbanActiveInference - INFO -     Action: Invest 12.8 in Housing at location 1
2026-01-09 15:27:28,503 - UrbanActiveInference - INFO -     Action success: True
2026-01-09 15:27:28,503 - UrbanActiveInference - INFO -     Satisfaction: 1.000
2026-01-09 15:27:28,503 - geo_infer_act.utils.analysis - DEBUG - Recorded step 14: FE=0.6426
2026-01-09 15:27:28,503 - UrbanActiveInference - INFO - 
--- Step 15/20 ---
2026-01-09 15:27:28,503 - UrbanActiveInference - INFO - Overall urban quality: 0.483
2026-01-09 15:27:28,503 - UrbanActiveInference - INFO - Cooperation index: 0.596
2026-01-09 15:27:28,504 - UrbanActiveInference - INFO -   Agent 0 (Government):
2026-01-09 15:27:28,504 - UrbanActiveInference - INFO -     Observation: [0. 1. 0. 0.]
2026-01-09 15:27:28,504 - UrbanActiveInference - INFO -     Belief entropy: -0.0000
2026-01-09 15:27:28,504 - UrbanActiveInference - INFO -     Surprise: 0.0000
2026-01-09 15:27:28,504 - UrbanActiveInference - INFO -     Information gain: 0.0000
2026-01-09 15:27:28,504 - UrbanActiveInference - INFO -     Free energy change: 0.6426 → 0.6426
2026-01-09 15:27:28,504 - UrbanActiveInference - INFO -     Action: Invest 6.6 in Housing at location 1
2026-01-09 15:27:28,504 - UrbanActiveInference - INFO -     Action success: True
2026-01-09 15:27:28,504 - UrbanActiveInference - INFO -     Satisfaction: 0.852
2026-01-09 15:27:28,504 - geo_infer_act.utils.analysis - DEBUG - Recorded step 15: FE=0.6426
2026-01-09 15:27:28,504 - UrbanActiveInference - INFO -   Agent 1 (Developer):
2026-01-09 15:27:28,504 - UrbanActiveInference - INFO -     Observation: [0. 1. 0. 0.]
2026-01-09 15:27:28,504 - UrbanActiveInference - INFO -     Belief entropy: -0.0000
2026-01-09 15:27:28,504 - UrbanActiveInference - INFO -     Surprise: 0.0000
2026-01-09 15:27:28,504 - UrbanActiveInference - INFO -     Information gain: 0.0000
2026-01-09 15:27:28,504 - UrbanActiveInference - INFO -     Free energy change: 0.6426 → 0.6426
2026-01-09 15:27:28,504 - UrbanActiveInference - INFO -     Action: Invest 6.6 in Housing at location 4
2026-01-09 15:27:28,504 - UrbanActiveInference - INFO -     Action success: False
2026-01-09 15:27:28,504 - UrbanActiveInference - INFO -     Satisfaction: 1.000
2026-01-09 15:27:28,504 - geo_infer_act.utils.analysis - DEBUG - Recorded step 15: FE=0.6426
2026-01-09 15:27:28,505 - UrbanActiveInference - INFO -   Agent 2 (Community):
2026-01-09 15:27:28,505 - UrbanActiveInference - INFO -     Observation: [0. 1. 0. 0.]
2026-01-09 15:27:28,505 - UrbanActiveInference - INFO -     Belief entropy: -0.0000
2026-01-09 15:27:28,505 - UrbanActiveInference - INFO -     Surprise: 0.0000
2026-01-09 15:27:28,505 - UrbanActiveInference - INFO -     Information gain: 0.0000
2026-01-09 15:27:28,505 - UrbanActiveInference - INFO -     Free energy change: 0.6426 → 0.6426
2026-01-09 15:27:28,505 - UrbanActiveInference - INFO -     Action: Invest 10.2 in Housing at location 2
2026-01-09 15:27:28,505 - UrbanActiveInference - INFO -     Action success: False
2026-01-09 15:27:28,505 - UrbanActiveInference - INFO -     Satisfaction: 1.000
2026-01-09 15:27:28,505 - geo_infer_act.utils.analysis - DEBUG - Recorded step 15: FE=0.6426
2026-01-09 15:27:29,038 - UrbanActiveInference - INFO -     Generated urban analysis visualization
2026-01-09 15:27:29,038 - UrbanActiveInference - INFO - 
--- Step 16/20 ---
2026-01-09 15:27:29,038 - UrbanActiveInference - INFO - Overall urban quality: 0.483
2026-01-09 15:27:29,038 - UrbanActiveInference - INFO - Cooperation index: 0.596
2026-01-09 15:27:29,038 - UrbanActiveInference - INFO -   Agent 0 (Government):
2026-01-09 15:27:29,038 - UrbanActiveInference - INFO -     Observation: [0. 1. 0. 0.]
2026-01-09 15:27:29,038 - UrbanActiveInference - INFO -     Belief entropy: -0.0000
2026-01-09 15:27:29,038 - UrbanActiveInference - INFO -     Surprise: 0.0000
2026-01-09 15:27:29,038 - UrbanActiveInference - INFO -     Information gain: 0.0000
2026-01-09 15:27:29,038 - UrbanActiveInference - INFO -     Free energy change: 0.6426 → 0.6426
2026-01-09 15:27:29,038 - UrbanActiveInference - INFO -     Action: Invest 5.2 in Housing at location 5
2026-01-09 15:27:29,039 - UrbanActiveInference - INFO -     Action success: False
2026-01-09 15:27:29,039 - UrbanActiveInference - INFO -     Satisfaction: 0.852
2026-01-09 15:27:29,039 - geo_infer_act.utils.analysis - DEBUG - Recorded step 16: FE=0.6426
2026-01-09 15:27:29,039 - UrbanActiveInference - INFO -   Agent 1 (Developer):
2026-01-09 15:27:29,039 - UrbanActiveInference - INFO -     Observation: [0. 1. 0. 0.]
2026-01-09 15:27:29,039 - UrbanActiveInference - INFO -     Belief entropy: -0.0000
2026-01-09 15:27:29,039 - UrbanActiveInference - INFO -     Surprise: 0.0000
2026-01-09 15:27:29,039 - UrbanActiveInference - INFO -     Information gain: 0.0000
2026-01-09 15:27:29,039 - UrbanActiveInference - INFO -     Free energy change: 0.6426 → 0.6426
2026-01-09 15:27:29,039 - UrbanActiveInference - INFO -     Action: Invest 6.6 in Housing at location 2
2026-01-09 15:27:29,039 - UrbanActiveInference - INFO -     Action success: False
2026-01-09 15:27:29,039 - UrbanActiveInference - INFO -     Satisfaction: 1.000
2026-01-09 15:27:29,039 - geo_infer_act.utils.analysis - DEBUG - Recorded step 16: FE=0.6426
2026-01-09 15:27:29,040 - UrbanActiveInference - INFO -   Agent 2 (Community):
2026-01-09 15:27:29,040 - UrbanActiveInference - INFO -     Observation: [0. 1. 0. 0.]
2026-01-09 15:27:29,040 - UrbanActiveInference - INFO -     Belief entropy: -0.0000
2026-01-09 15:27:29,040 - UrbanActiveInference - INFO -     Surprise: 0.0000
2026-01-09 15:27:29,040 - UrbanActiveInference - INFO -     Information gain: 0.0000
2026-01-09 15:27:29,040 - UrbanActiveInference - INFO -     Free energy change: 0.6426 → 0.6426
2026-01-09 15:27:29,040 - UrbanActiveInference - INFO -     Action: Invest 10.2 in Housing at location 3
2026-01-09 15:27:29,040 - UrbanActiveInference - INFO -     Action success: True
2026-01-09 15:27:29,040 - UrbanActiveInference - INFO -     Satisfaction: 1.000
2026-01-09 15:27:29,040 - geo_infer_act.utils.analysis - DEBUG - Recorded step 16: FE=0.6426
2026-01-09 15:27:29,040 - UrbanActiveInference - INFO - 
--- Step 17/20 ---
2026-01-09 15:27:29,040 - UrbanActiveInference - INFO - Overall urban quality: 0.483
2026-01-09 15:27:29,040 - UrbanActiveInference - INFO - Cooperation index: 0.596
2026-01-09 15:27:29,040 - UrbanActiveInference - INFO -   Agent 0 (Government):
2026-01-09 15:27:29,040 - UrbanActiveInference - INFO -     Observation: [0. 1. 0. 0.]
2026-01-09 15:27:29,040 - UrbanActiveInference - INFO -     Belief entropy: -0.0000
2026-01-09 15:27:29,040 - UrbanActiveInference - INFO -     Surprise: 0.0000
2026-01-09 15:27:29,040 - UrbanActiveInference - INFO -     Information gain: 0.0000
2026-01-09 15:27:29,040 - UrbanActiveInference - INFO -     Free energy change: 0.6426 → 0.6426
2026-01-09 15:27:29,040 - UrbanActiveInference - INFO -     Action: Invest 5.2 in Housing at location 1
2026-01-09 15:27:29,040 - UrbanActiveInference - INFO -     Action success: True
2026-01-09 15:27:29,040 - UrbanActiveInference - INFO -     Satisfaction: 0.879
2026-01-09 15:27:29,040 - geo_infer_act.utils.analysis - DEBUG - Recorded step 17: FE=0.6426
2026-01-09 15:27:29,041 - UrbanActiveInference - INFO -   Agent 1 (Developer):
2026-01-09 15:27:29,041 - UrbanActiveInference - INFO -     Observation: [0. 1. 0. 0.]
2026-01-09 15:27:29,041 - UrbanActiveInference - INFO -     Belief entropy: -0.0000
2026-01-09 15:27:29,041 - UrbanActiveInference - INFO -     Surprise: 0.0000
2026-01-09 15:27:29,041 - UrbanActiveInference - INFO -     Information gain: 0.0000
2026-01-09 15:27:29,041 - UrbanActiveInference - INFO -     Free energy change: 0.6426 → 0.6426
2026-01-09 15:27:29,041 - UrbanActiveInference - INFO -     Action: Invest 6.6 in Housing at location 4
2026-01-09 15:27:29,041 - UrbanActiveInference - INFO -     Action success: False
2026-01-09 15:27:29,041 - UrbanActiveInference - INFO -     Satisfaction: 1.000
2026-01-09 15:27:29,041 - geo_infer_act.utils.analysis - DEBUG - Recorded step 17: FE=0.6426
2026-01-09 15:27:29,041 - UrbanActiveInference - INFO -   Agent 2 (Community):
2026-01-09 15:27:29,041 - UrbanActiveInference - INFO -     Observation: [0. 1. 0. 0.]
2026-01-09 15:27:29,041 - UrbanActiveInference - INFO -     Belief entropy: -0.0000
2026-01-09 15:27:29,041 - UrbanActiveInference - INFO -     Surprise: 0.0000
2026-01-09 15:27:29,041 - UrbanActiveInference - INFO -     Information gain: 0.0000
2026-01-09 15:27:29,041 - UrbanActiveInference - INFO -     Free energy change: 0.6426 → 0.6426
2026-01-09 15:27:29,041 - UrbanActiveInference - INFO -     Action: Invest 8.2 in Housing at location 1
2026-01-09 15:27:29,042 - UrbanActiveInference - INFO -     Action success: True
2026-01-09 15:27:29,042 - UrbanActiveInference - INFO -     Satisfaction: 1.000
2026-01-09 15:27:29,042 - geo_infer_act.utils.analysis - DEBUG - Recorded step 17: FE=0.6426
2026-01-09 15:27:29,042 - UrbanActiveInference - INFO - 
--- Step 18/20 ---
2026-01-09 15:27:29,042 - UrbanActiveInference - INFO - Overall urban quality: 0.483
2026-01-09 15:27:29,042 - UrbanActiveInference - INFO - Cooperation index: 0.596
2026-01-09 15:27:29,042 - UrbanActiveInference - INFO -   Agent 0 (Government):
2026-01-09 15:27:29,042 - UrbanActiveInference - INFO -     Observation: [0. 1. 0. 0.]
2026-01-09 15:27:29,042 - UrbanActiveInference - INFO -     Belief entropy: -0.0000
2026-01-09 15:27:29,042 - UrbanActiveInference - INFO -     Surprise: 0.0000
2026-01-09 15:27:29,042 - UrbanActiveInference - INFO -     Information gain: 0.0000
2026-01-09 15:27:29,042 - UrbanActiveInference - INFO -     Free energy change: 0.6426 → 0.6426
2026-01-09 15:27:29,042 - UrbanActiveInference - INFO -     Action: Invest 4.2 in Housing at location 4
2026-01-09 15:27:29,042 - UrbanActiveInference - INFO -     Action success: False
2026-01-09 15:27:29,042 - UrbanActiveInference - INFO -     Satisfaction: 0.879
2026-01-09 15:27:29,042 - geo_infer_act.utils.analysis - DEBUG - Recorded step 18: FE=0.6426
2026-01-09 15:27:29,043 - UrbanActiveInference - INFO -   Agent 1 (Developer):
2026-01-09 15:27:29,043 - UrbanActiveInference - INFO -     Observation: [0. 1. 0. 0.]
2026-01-09 15:27:29,043 - UrbanActiveInference - INFO -     Belief entropy: -0.0000
2026-01-09 15:27:29,043 - UrbanActiveInference - INFO -     Surprise: 0.0000
2026-01-09 15:27:29,043 - UrbanActiveInference - INFO -     Information gain: 0.0000
2026-01-09 15:27:29,043 - UrbanActiveInference - INFO -     Free energy change: 0.6426 → 0.6426
2026-01-09 15:27:29,043 - UrbanActiveInference - INFO -     Action: Invest 6.6 in Housing at location 3
2026-01-09 15:27:29,043 - UrbanActiveInference - INFO -     Action success: True
2026-01-09 15:27:29,043 - UrbanActiveInference - INFO -     Satisfaction: 1.000
2026-01-09 15:27:29,043 - geo_infer_act.utils.analysis - DEBUG - Recorded step 18: FE=0.6426
2026-01-09 15:27:29,043 - UrbanActiveInference - INFO -   Agent 2 (Community):
2026-01-09 15:27:29,043 - UrbanActiveInference - INFO -     Observation: [0. 1. 0. 0.]
2026-01-09 15:27:29,043 - UrbanActiveInference - INFO -     Belief entropy: -0.0000
2026-01-09 15:27:29,043 - UrbanActiveInference - INFO -     Surprise: 0.0000
2026-01-09 15:27:29,043 - UrbanActiveInference - INFO -     Information gain: 0.0000
2026-01-09 15:27:29,043 - UrbanActiveInference - INFO -     Free energy change: 0.6426 → 0.6426
2026-01-09 15:27:29,043 - UrbanActiveInference - INFO -     Action: Invest 6.6 in Housing at location 1
2026-01-09 15:27:29,043 - UrbanActiveInference - INFO -     Action success: True
2026-01-09 15:27:29,043 - UrbanActiveInference - INFO -     Satisfaction: 1.000
2026-01-09 15:27:29,043 - geo_infer_act.utils.analysis - DEBUG - Recorded step 18: FE=0.6426
2026-01-09 15:27:29,043 - UrbanActiveInference - INFO - 
--- Step 19/20 ---
2026-01-09 15:27:29,043 - UrbanActiveInference - INFO - Overall urban quality: 0.483
2026-01-09 15:27:29,043 - UrbanActiveInference - INFO - Cooperation index: 0.596
2026-01-09 15:27:29,044 - UrbanActiveInference - INFO -   Agent 0 (Government):
2026-01-09 15:27:29,044 - UrbanActiveInference - INFO -     Observation: [0. 1. 0. 0.]
2026-01-09 15:27:29,044 - UrbanActiveInference - INFO -     Belief entropy: -0.0000
2026-01-09 15:27:29,044 - UrbanActiveInference - INFO -     Surprise: 0.0000
2026-01-09 15:27:29,044 - UrbanActiveInference - INFO -     Information gain: 0.0000
2026-01-09 15:27:29,044 - UrbanActiveInference - INFO -     Free energy change: 0.6426 → 0.6426
2026-01-09 15:27:29,044 - UrbanActiveInference - INFO -     Action: Invest 4.2 in Housing at location 2
2026-01-09 15:27:29,044 - UrbanActiveInference - INFO -     Action success: False
2026-01-09 15:27:29,044 - UrbanActiveInference - INFO -     Satisfaction: 0.879
2026-01-09 15:27:29,044 - geo_infer_act.utils.analysis - DEBUG - Recorded step 19: FE=0.6426
2026-01-09 15:27:29,044 - UrbanActiveInference - INFO -   Agent 1 (Developer):
2026-01-09 15:27:29,044 - UrbanActiveInference - INFO -     Observation: [0. 1. 0. 0.]
2026-01-09 15:27:29,044 - UrbanActiveInference - INFO -     Belief entropy: -0.0000
2026-01-09 15:27:29,044 - UrbanActiveInference - INFO -     Surprise: 0.0000
2026-01-09 15:27:29,044 - UrbanActiveInference - INFO -     Information gain: 0.0000
2026-01-09 15:27:29,044 - UrbanActiveInference - INFO -     Free energy change: 0.6426 → 0.6426
2026-01-09 15:27:29,044 - UrbanActiveInference - INFO -     Action: Invest 5.2 in Housing at location 2
2026-01-09 15:27:29,045 - UrbanActiveInference - INFO -     Action success: False
2026-01-09 15:27:29,045 - UrbanActiveInference - INFO -     Satisfaction: 1.000
2026-01-09 15:27:29,045 - geo_infer_act.utils.analysis - DEBUG - Recorded step 19: FE=0.6426
2026-01-09 15:27:29,045 - UrbanActiveInference - INFO -   Agent 2 (Community):
2026-01-09 15:27:29,045 - UrbanActiveInference - INFO -     Observation: [0. 1. 0. 0.]
2026-01-09 15:27:29,045 - UrbanActiveInference - INFO -     Belief entropy: -0.0000
2026-01-09 15:27:29,045 - UrbanActiveInference - INFO -     Surprise: 0.0000
2026-01-09 15:27:29,045 - UrbanActiveInference - INFO -     Information gain: 0.0000
2026-01-09 15:27:29,045 - UrbanActiveInference - INFO -     Free energy change: 0.6426 → 0.6426
2026-01-09 15:27:29,045 - UrbanActiveInference - INFO -     Action: Invest 5.2 in Housing at location 4
2026-01-09 15:27:29,045 - UrbanActiveInference - INFO -     Action success: False
2026-01-09 15:27:29,045 - UrbanActiveInference - INFO -     Satisfaction: 1.000
2026-01-09 15:27:29,045 - geo_infer_act.utils.analysis - DEBUG - Recorded step 19: FE=0.6426
2026-01-09 15:27:29,045 - UrbanActiveInference - INFO - 
--- Step 20/20 ---
2026-01-09 15:27:29,045 - UrbanActiveInference - INFO - Overall urban quality: 0.483
2026-01-09 15:27:29,045 - UrbanActiveInference - INFO - Cooperation index: 0.596
2026-01-09 15:27:29,046 - UrbanActiveInference - INFO -   Agent 0 (Government):
2026-01-09 15:27:29,046 - UrbanActiveInference - INFO -     Observation: [0. 1. 0. 0.]
2026-01-09 15:27:29,046 - UrbanActiveInference - INFO -     Belief entropy: -0.0000
2026-01-09 15:27:29,046 - UrbanActiveInference - INFO -     Surprise: 0.0000
2026-01-09 15:27:29,046 - UrbanActiveInference - INFO -     Information gain: 0.0000
2026-01-09 15:27:29,046 - UrbanActiveInference - INFO -     Free energy change: 0.6426 → 0.6426
2026-01-09 15:27:29,046 - UrbanActiveInference - INFO -     Action: Invest 4.2 in Housing at location 3
2026-01-09 15:27:29,046 - UrbanActiveInference - INFO -     Action success: True
2026-01-09 15:27:29,046 - UrbanActiveInference - INFO -     Satisfaction: 0.894
2026-01-09 15:27:29,046 - geo_infer_act.utils.analysis - DEBUG - Recorded step 20: FE=0.6426
2026-01-09 15:27:29,047 - UrbanActiveInference - INFO -   Agent 1 (Developer):
2026-01-09 15:27:29,047 - UrbanActiveInference - INFO -     Observation: [0. 1. 0. 0.]
2026-01-09 15:27:29,047 - UrbanActiveInference - INFO -     Belief entropy: -0.0000
2026-01-09 15:27:29,047 - UrbanActiveInference - INFO -     Surprise: 0.0000
2026-01-09 15:27:29,047 - UrbanActiveInference - INFO -     Information gain: 0.0000
2026-01-09 15:27:29,047 - UrbanActiveInference - INFO -     Free energy change: 0.6426 → 0.6426
2026-01-09 15:27:29,047 - UrbanActiveInference - INFO -     Action: Invest 5.2 in Housing at location 1
2026-01-09 15:27:29,047 - UrbanActiveInference - INFO -     Action success: True
2026-01-09 15:27:29,047 - UrbanActiveInference - INFO -     Satisfaction: 1.000
2026-01-09 15:27:29,047 - geo_infer_act.utils.analysis - DEBUG - Recorded step 20: FE=0.6426
2026-01-09 15:27:29,047 - UrbanActiveInference - INFO -   Agent 2 (Community):
2026-01-09 15:27:29,047 - UrbanActiveInference - INFO -     Observation: [0. 1. 0. 0.]
2026-01-09 15:27:29,047 - UrbanActiveInference - INFO -     Belief entropy: -0.0000
2026-01-09 15:27:29,047 - UrbanActiveInference - INFO -     Surprise: 0.0000
2026-01-09 15:27:29,047 - UrbanActiveInference - INFO -     Information gain: 0.0000
2026-01-09 15:27:29,047 - UrbanActiveInference - INFO -     Free energy change: 0.6426 → 0.6426
2026-01-09 15:27:29,047 - UrbanActiveInference - INFO -     Action: Invest 5.2 in Housing at location 3
2026-01-09 15:27:29,047 - UrbanActiveInference - INFO -     Action success: True
2026-01-09 15:27:29,047 - UrbanActiveInference - INFO -     Satisfaction: 1.000
2026-01-09 15:27:29,047 - geo_infer_act.utils.analysis - DEBUG - Recorded step 20: FE=0.6426
2026-01-09 15:27:29,648 - UrbanActiveInference - INFO -     Generated urban analysis visualization
2026-01-09 15:27:29,648 - UrbanActiveInference - INFO - 
======================================================================
2026-01-09 15:27:29,648 - UrbanActiveInference - INFO - COMPREHENSIVE URBAN PLANNING ANALYSIS
2026-01-09 15:27:29,648 - UrbanActiveInference - INFO - ======================================================================
2026-01-09 15:27:29,648 - UrbanActiveInference - INFO - 
AGENT 0 (Government) ANALYSIS:
2026-01-09 15:27:29,648 - geo_infer_act.utils.analysis - INFO - Analyzing perception patterns...
2026-01-09 15:27:29,651 - geo_infer_act.utils.analysis - INFO - Analysis saved to /Users/4d/Documents/GitHub/GEO-INFER/output/urban_planning_20260109_152727/agent_0/analysis/perception_analysis.json
2026-01-09 15:27:29,651 - geo_infer_act.utils.analysis - INFO - Perception pattern analysis completed
2026-01-09 15:27:29,651 - geo_infer_act.utils.analysis - INFO - Analyzing action selection patterns...
2026-01-09 15:27:29,652 - geo_infer_act.utils.analysis - INFO - Analysis saved to /Users/4d/Documents/GitHub/GEO-INFER/output/urban_planning_20260109_152727/agent_0/analysis/action_selection_analysis.json
2026-01-09 15:27:29,652 - geo_infer_act.utils.analysis - INFO - Action selection pattern analysis completed
2026-01-09 15:27:29,652 - geo_infer_act.utils.analysis - INFO - Analyzing Variational Free Energy patterns...
2026-01-09 15:27:29,652 - geo_infer_act.utils.analysis - INFO - Analysis saved to /Users/4d/Documents/GitHub/GEO-INFER/output/urban_planning_20260109_152727/agent_0/analysis/free_energy_analysis.json
2026-01-09 15:27:29,652 - geo_infer_act.utils.analysis - INFO - Free Energy pattern analysis completed
2026-01-09 15:27:29,653 - UrbanActiveInference - INFO -   Perception quality: Fair - Limited Structure
2026-01-09 15:27:29,653 - UrbanActiveInference - INFO -   Action consistency: 1.000
2026-01-09 15:27:29,653 - UrbanActiveInference - INFO -   Free energy efficiency: -0.037
2026-01-09 15:27:29,653 - UrbanActiveInference - INFO -   Final satisfaction: 0.894
2026-01-09 15:27:29,653 - UrbanActiveInference - INFO -   Remaining budget: 16.8
2026-01-09 15:27:30,238 - geo_infer_act.utils.visualization - INFO - Perception analysis saved to /Users/4d/Documents/GitHub/GEO-INFER/output/urban_planning_20260109_152727/agent_0
2026-01-09 15:27:30,678 - geo_infer_act.utils.visualization - INFO - Action analysis saved to /Users/4d/Documents/GitHub/GEO-INFER/output/urban_planning_20260109_152727/agent_0
2026-01-09 15:27:30,681 - geo_infer_act.utils.analysis - INFO - Traces saved to CSV files in /Users/4d/Documents/GitHub/GEO-INFER/output/urban_planning_20260109_152727/agent_0/data
2026-01-09 15:27:30,681 - UrbanActiveInference - INFO - 
AGENT 1 (Developer) ANALYSIS:
2026-01-09 15:27:30,681 - geo_infer_act.utils.analysis - INFO - Analyzing perception patterns...
2026-01-09 15:27:30,683 - geo_infer_act.utils.analysis - INFO - Analysis saved to /Users/4d/Documents/GitHub/GEO-INFER/output/urban_planning_20260109_152727/agent_1/analysis/perception_analysis.json
2026-01-09 15:27:30,683 - geo_infer_act.utils.analysis - INFO - Perception pattern analysis completed
2026-01-09 15:27:30,683 - geo_infer_act.utils.analysis - INFO - Analyzing action selection patterns...
2026-01-09 15:27:30,685 - geo_infer_act.utils.analysis - INFO - Analysis saved to /Users/4d/Documents/GitHub/GEO-INFER/output/urban_planning_20260109_152727/agent_1/analysis/action_selection_analysis.json
2026-01-09 15:27:30,685 - geo_infer_act.utils.analysis - INFO - Action selection pattern analysis completed
2026-01-09 15:27:30,685 - geo_infer_act.utils.analysis - INFO - Analyzing Variational Free Energy patterns...
2026-01-09 15:27:30,685 - geo_infer_act.utils.analysis - INFO - Analysis saved to /Users/4d/Documents/GitHub/GEO-INFER/output/urban_planning_20260109_152727/agent_1/analysis/free_energy_analysis.json
2026-01-09 15:27:30,685 - geo_infer_act.utils.analysis - INFO - Free Energy pattern analysis completed
2026-01-09 15:27:30,685 - UrbanActiveInference - INFO -   Perception quality: Fair - Limited Structure
2026-01-09 15:27:30,685 - UrbanActiveInference - INFO -   Action consistency: 1.000
2026-01-09 15:27:30,685 - UrbanActiveInference - INFO -   Free energy efficiency: -0.037
2026-01-09 15:27:30,685 - UrbanActiveInference - INFO -   Final satisfaction: 1.000
2026-01-09 15:27:30,685 - UrbanActiveInference - INFO -   Remaining budget: 21.0
2026-01-09 15:27:31,341 - geo_infer_act.utils.visualization - INFO - Perception analysis saved to /Users/4d/Documents/GitHub/GEO-INFER/output/urban_planning_20260109_152727/agent_1
2026-01-09 15:27:31,775 - geo_infer_act.utils.visualization - INFO - Action analysis saved to /Users/4d/Documents/GitHub/GEO-INFER/output/urban_planning_20260109_152727/agent_1
2026-01-09 15:27:31,777 - geo_infer_act.utils.analysis - INFO - Traces saved to CSV files in /Users/4d/Documents/GitHub/GEO-INFER/output/urban_planning_20260109_152727/agent_1/data
2026-01-09 15:27:31,777 - UrbanActiveInference - INFO - 
AGENT 2 (Community) ANALYSIS:
2026-01-09 15:27:31,777 - geo_infer_act.utils.analysis - INFO - Analyzing perception patterns...
2026-01-09 15:27:31,778 - geo_infer_act.utils.analysis - INFO - Analysis saved to /Users/4d/Documents/GitHub/GEO-INFER/output/urban_planning_20260109_152727/agent_2/analysis/perception_analysis.json
2026-01-09 15:27:31,778 - geo_infer_act.utils.analysis - INFO - Perception pattern analysis completed
2026-01-09 15:27:31,778 - geo_infer_act.utils.analysis - INFO - Analyzing action selection patterns...
2026-01-09 15:27:31,780 - geo_infer_act.utils.analysis - INFO - Analysis saved to /Users/4d/Documents/GitHub/GEO-INFER/output/urban_planning_20260109_152727/agent_2/analysis/action_selection_analysis.json
2026-01-09 15:27:31,780 - geo_infer_act.utils.analysis - INFO - Action selection pattern analysis completed
2026-01-09 15:27:31,780 - geo_infer_act.utils.analysis - INFO - Analyzing Variational Free Energy patterns...
2026-01-09 15:27:31,780 - geo_infer_act.utils.analysis - INFO - Analysis saved to /Users/4d/Documents/GitHub/GEO-INFER/output/urban_planning_20260109_152727/agent_2/analysis/free_energy_analysis.json
2026-01-09 15:27:31,780 - geo_infer_act.utils.analysis - INFO - Free Energy pattern analysis completed
2026-01-09 15:27:31,780 - UrbanActiveInference - INFO -   Perception quality: Fair - Limited Structure
2026-01-09 15:27:31,780 - UrbanActiveInference - INFO -   Action consistency: 1.000
2026-01-09 15:27:31,780 - UrbanActiveInference - INFO -   Free energy efficiency: -0.037
2026-01-09 15:27:31,780 - UrbanActiveInference - INFO -   Final satisfaction: 1.000
2026-01-09 15:27:31,780 - UrbanActiveInference - INFO -   Remaining budget: 21.0
2026-01-09 15:27:32,393 - geo_infer_act.utils.visualization - INFO - Perception analysis saved to /Users/4d/Documents/GitHub/GEO-INFER/output/urban_planning_20260109_152727/agent_2
2026-01-09 15:27:32,896 - geo_infer_act.utils.visualization - INFO - Action analysis saved to /Users/4d/Documents/GitHub/GEO-INFER/output/urban_planning_20260109_152727/agent_2
2026-01-09 15:27:32,898 - geo_infer_act.utils.analysis - INFO - Traces saved to CSV files in /Users/4d/Documents/GitHub/GEO-INFER/output/urban_planning_20260109_152727/agent_2/data
2026-01-09 15:27:32,898 - UrbanActiveInference - INFO - 
SYSTEM-WIDE URBAN DEVELOPMENT ANALYSIS:
2026-01-09 15:27:32,898 - UrbanActiveInference - INFO -   Urban quality change: 0.480 → 0.483 (Δ=+0.003)
2026-01-09 15:27:32,898 - UrbanActiveInference - INFO -   Cooperation change: 0.596 → 0.596 (Δ=+0.000)
2026-01-09 15:27:32,898 - UrbanActiveInference - INFO -   Housing development: +0.00
2026-01-09 15:27:32,898 - UrbanActiveInference - INFO -   Commercial development: +7.78
2026-01-09 15:27:32,898 - UrbanActiveInference - INFO -   Transport development: +0.00
2026-01-09 15:27:32,898 - UrbanActiveInference - INFO -   Green Space development: +2.79
2026-01-09 15:27:32,898 - UrbanActiveInference - INFO -   Average agent satisfaction: 0.965 (±0.050)
2026-01-09 15:27:32,899 - UrbanActiveInference - INFO -   Development equity score: 0.971
2026-01-09 15:27:33,219 - UrbanActiveInference - INFO - 
Exporting comprehensive analysis data...
2026-01-09 15:27:33,220 - UrbanActiveInference - INFO - 
FEATURES DEMONSTRATED:
2026-01-09 15:27:33,220 - UrbanActiveInference - INFO - • Multi-agent Active Inference coordination for urban planning
2026-01-09 15:27:33,221 - UrbanActiveInference - INFO - • Comprehensive stakeholder behavior analysis and pattern detection
2026-01-09 15:27:33,221 - UrbanActiveInference - INFO - • Real-time resource allocation optimization with constraint handling
2026-01-09 15:27:33,221 - UrbanActiveInference - INFO - • Spatial-temporal urban development modeling and quality assessment
2026-01-09 15:27:33,221 - UrbanActiveInference - INFO - • Agent-specific preference learning and satisfaction tracking
2026-01-09 15:27:33,221 - UrbanActiveInference - INFO - • System-wide cooperation dynamics and equity analysis
2026-01-09 15:27:33,221 - UrbanActiveInference - INFO - • Professional visualization suite for urban planning insights
2026-01-09 15:27:33,221 - UrbanActiveInference - INFO - • Comprehensive data export and reporting for policy analysis
2026-01-09 15:27:33,221 - UrbanActiveInference - INFO - 
Urban Planning Active Inference simulation complete!
2026-01-09 15:27:33,221 - UrbanActiveInference - INFO - Results saved to: /Users/4d/Documents/GitHub/GEO-INFER/output/urban_planning_20260109_152727
2026-01-09 15:27:33,221 - UrbanActiveInference - INFO - Total simulation time: 20 steps
2026-01-09 15:27:33,221 - UrbanActiveInference - INFO - Analysis completed at: 2026-01-09 15:27:33
