2026-02-02 06:37:22,321 - geo_infer_act.utils.analysis - INFO - ActiveInferenceAnalyzer initialized with output: /Users/4d/Documents/GitHub/GEO-INFER/output/simple_model_20260202_063722
2026-02-02 06:37:22,321 - geo_infer_act.utils.analysis - DEBUG - Recorded step 1: FE=-1.3961
2026-02-02 06:37:22,322 - geo_infer_act.utils.analysis - DEBUG - Recorded step 2: FE=-1.3961
2026-02-02 06:37:22,323 - geo_infer_act.utils.analysis - DEBUG - Recorded step 3: FE=-1.3961
2026-02-02 06:37:22,323 - geo_infer_act.utils.analysis - DEBUG - Recorded step 4: FE=-1.3961
2026-02-02 06:37:22,324 - geo_infer_act.utils.analysis - DEBUG - Recorded step 5: FE=-1.3961
2026-02-02 06:37:22,325 - geo_infer_act.utils.analysis - DEBUG - Recorded step 6: FE=-1.3961
2026-02-02 06:37:22,325 - geo_infer_act.utils.analysis - DEBUG - Recorded step 7: FE=-1.3961
2026-02-02 06:37:22,326 - geo_infer_act.utils.analysis - DEBUG - Recorded step 8: FE=-1.3961
2026-02-02 06:37:22,326 - geo_infer_act.utils.analysis - DEBUG - Recorded step 9: FE=-1.3961
2026-02-02 06:37:22,326 - geo_infer_act.utils.analysis - DEBUG - Recorded step 10: FE=-1.3961
2026-02-02 06:37:22,327 - geo_infer_act.utils.analysis - DEBUG - Recorded step 11: FE=-1.3961
2026-02-02 06:37:22,327 - geo_infer_act.utils.analysis - DEBUG - Recorded step 12: FE=-1.3961
2026-02-02 06:37:22,328 - geo_infer_act.utils.analysis - DEBUG - Recorded step 13: FE=-1.3961
2026-02-02 06:37:22,328 - geo_infer_act.utils.analysis - INFO - Analyzing perception patterns...
2026-02-02 06:37:22,331 - geo_infer_act.utils.analysis - INFO - Analysis saved to /Users/4d/Documents/GitHub/GEO-INFER/output/simple_model_20260202_063722/analysis/perception_analysis.json
2026-02-02 06:37:22,331 - geo_infer_act.utils.analysis - INFO - Perception pattern analysis completed
2026-02-02 06:37:22,331 - geo_infer_act.utils.analysis - INFO - Analyzing action selection patterns...
2026-02-02 06:37:22,331 - geo_infer_act.utils.analysis - INFO - Analysis saved to /Users/4d/Documents/GitHub/GEO-INFER/output/simple_model_20260202_063722/analysis/action_selection_analysis.json
2026-02-02 06:37:22,331 - geo_infer_act.utils.analysis - INFO - Action selection pattern analysis completed
2026-02-02 06:37:22,331 - geo_infer_act.utils.analysis - INFO - Analyzing Variational Free Energy patterns...
2026-02-02 06:37:22,332 - geo_infer_act.utils.analysis - INFO - Analysis saved to /Users/4d/Documents/GitHub/GEO-INFER/output/simple_model_20260202_063722/analysis/free_energy_analysis.json
2026-02-02 06:37:22,332 - geo_infer_act.utils.analysis - INFO - Free Energy pattern analysis completed
2026-02-02 06:37:24,300 - geo_infer_act.utils.analysis - INFO - Traces saved to CSV files in /Users/4d/Documents/GitHub/GEO-INFER/output/simple_model_20260202_063722/data
2026-02-02 06:37:24,300 - geo_infer_act.utils.analysis - INFO - Generating comprehensive analysis report...
2026-02-02 06:37:24,300 - geo_infer_act.utils.analysis - INFO - Analyzing perception patterns...
2026-02-02 06:37:24,301 - geo_infer_act.utils.analysis - INFO - Analysis saved to /Users/4d/Documents/GitHub/GEO-INFER/output/simple_model_20260202_063722/analysis/perception_analysis.json
2026-02-02 06:37:24,302 - geo_infer_act.utils.analysis - INFO - Perception pattern analysis completed
2026-02-02 06:37:24,302 - geo_infer_act.utils.analysis - INFO - Analyzing action selection patterns...
2026-02-02 06:37:24,302 - geo_infer_act.utils.analysis - INFO - Analysis saved to /Users/4d/Documents/GitHub/GEO-INFER/output/simple_model_20260202_063722/analysis/action_selection_analysis.json
2026-02-02 06:37:24,302 - geo_infer_act.utils.analysis - INFO - Action selection pattern analysis completed
2026-02-02 06:37:24,302 - geo_infer_act.utils.analysis - INFO - Analyzing Variational Free Energy patterns...
2026-02-02 06:37:24,302 - geo_infer_act.utils.analysis - INFO - Analysis saved to /Users/4d/Documents/GitHub/GEO-INFER/output/simple_model_20260202_063722/analysis/free_energy_analysis.json
2026-02-02 06:37:24,302 - geo_infer_act.utils.analysis - INFO - Free Energy pattern analysis completed
2026-02-02 06:37:24,303 - geo_infer_act.utils.analysis - INFO - Comprehensive report saved to /Users/4d/Documents/GitHub/GEO-INFER/output/simple_model_20260202_063722/comprehensive_report.md
