2026-01-09 15:44:33,166 - ModernActiveInference - INFO - Modern Active Inference - Comprehensive Analysis
2026-01-09 15:44:33,167 - ModernActiveInference - INFO - ======================================================================
2026-01-09 15:44:33,167 - ModernActiveInference - INFO - Output directory: /Users/4d/Documents/GitHub/GEO-INFER/output/modern_active_inference_20260109_154433
2026-01-09 15:44:33,168 - geo_infer_act.api.interface - INFO - ActiveInferenceInterface initialized
2026-01-09 15:44:33,168 - ModernActiveInference - INFO - Modern Active Inference Demo initialized
2026-01-09 15:44:33,168 - ModernActiveInference - INFO - Enhanced with comprehensive analysis capabilities
2026-01-09 15:44:33,168 - ModernActiveInference - INFO - Starting comprehensive modern Active Inference demonstration
2026-01-09 15:44:33,168 - ModernActiveInference - INFO - 
==================================================
2026-01-09 15:44:33,168 - ModernActiveInference - INFO - 1. HIERARCHICAL ACTIVE INFERENCE
2026-01-09 15:44:33,168 - ModernActiveInference - INFO - ==================================================
2026-01-09 15:44:33,168 - ModernActiveInference - INFO - Creating hierarchical model: hierarchical_model
2026-01-09 15:44:33,168 - geo_infer_act.core.active_inference - INFO - Initialized ActiveInferenceModel with type: categorical
2026-01-09 15:44:33,168 - geo_infer_act.core.generative_model - INFO - Initialized 3 hierarchical levels
2026-01-09 15:44:33,168 - geo_infer_act.api.interface - INFO - Created categorical model: hierarchical_model
2026-01-09 15:44:33,168 - geo_infer_act.api.interface - INFO - Set preferences for model hierarchical_model
2026-01-09 15:44:33,168 - geo_infer_act.utils.analysis - INFO - ActiveInferenceAnalyzer initialized with output: /Users/4d/Documents/GitHub/GEO-INFER/output/modern_active_inference_20260109_154433/hierarchical
2026-01-09 15:44:33,168 - ModernActiveInference - INFO -   Created 3-level hierarchical model
2026-01-09 15:44:33,168 - ModernActiveInference - INFO -   Temporal horizons: [1, 5, 20]
2026-01-09 15:44:33,168 - ModernActiveInference - INFO -   Message passing enabled: True
2026-01-09 15:44:33,169 - geo_infer_act.utils.analysis - DEBUG - Recorded step 1: FE=-4.2914
2026-01-09 15:44:33,169 - geo_infer_act.utils.analysis - DEBUG - Recorded step 2: FE=-4.2914
2026-01-09 15:44:33,170 - geo_infer_act.utils.analysis - DEBUG - Recorded step 3: FE=-4.2914
2026-01-09 15:44:33,170 - geo_infer_act.utils.analysis - DEBUG - Recorded step 4: FE=-4.2914
2026-01-09 15:44:33,170 - geo_infer_act.utils.analysis - DEBUG - Recorded step 5: FE=-4.2914
2026-01-09 15:44:33,170 - geo_infer_act.utils.analysis - DEBUG - Recorded step 6: FE=-4.2914
2026-01-09 15:44:33,171 - geo_infer_act.utils.analysis - DEBUG - Recorded step 7: FE=-4.2914
2026-01-09 15:44:33,171 - geo_infer_act.utils.analysis - DEBUG - Recorded step 8: FE=-4.2914
2026-01-09 15:44:33,172 - geo_infer_act.utils.analysis - DEBUG - Recorded step 9: FE=-4.2914
2026-01-09 15:44:33,172 - geo_infer_act.utils.analysis - DEBUG - Recorded step 10: FE=-4.2914
2026-01-09 15:44:33,172 - geo_infer_act.utils.analysis - DEBUG - Recorded step 11: FE=-4.2914
2026-01-09 15:44:33,173 - geo_infer_act.utils.analysis - DEBUG - Recorded step 12: FE=-4.2914
2026-01-09 15:44:33,173 - geo_infer_act.utils.analysis - DEBUG - Recorded step 13: FE=-4.2914
2026-01-09 15:44:33,173 - geo_infer_act.utils.analysis - DEBUG - Recorded step 14: FE=-4.2914
2026-01-09 15:44:33,173 - geo_infer_act.utils.analysis - DEBUG - Recorded step 15: FE=-4.2914
2026-01-09 15:44:33,173 - ModernActiveInference - INFO - 
==================================================
2026-01-09 15:44:33,173 - ModernActiveInference - INFO - 2. MARKOV BLANKET ARCHITECTURE
2026-01-09 15:44:33,173 - ModernActiveInference - INFO - ==================================================
2026-01-09 15:44:33,173 - ModernActiveInference - INFO - Demonstrating Markov blanket architectures
2026-01-09 15:44:33,174 - geo_infer_act.core.active_inference - INFO - Initialized ActiveInferenceModel with type: categorical
2026-01-09 15:44:33,174 - geo_infer_act.core.generative_model - INFO - Initialized Markov blanket structure
2026-01-09 15:44:33,174 - geo_infer_act.api.interface - INFO - Created categorical model: markov_blanket_model
2026-01-09 15:44:33,174 - geo_infer_act.utils.analysis - INFO - ActiveInferenceAnalyzer initialized with output: /Users/4d/Documents/GitHub/GEO-INFER/output/modern_active_inference_20260109_154433/markov_blanket
2026-01-09 15:44:33,174 - ModernActiveInference - INFO - Running Markov blanket simulation for 30 steps
2026-01-09 15:44:33,199 - ModernActiveInference - INFO -   Step 1: external_influence
2026-01-09 15:44:33,199 - ModernActiveInference - INFO -     Conditional independence: 0.9238
2026-01-09 15:44:33,199 - ModernActiveInference - INFO -     Surprise: 0.0490
2026-01-09 15:44:33,199 - ModernActiveInference - INFO -     Information gain: 0.0000
2026-01-09 15:44:33,199 - geo_infer_act.utils.analysis - DEBUG - Recorded step 1: FE=-1.7985
2026-01-09 15:44:33,222 - ModernActiveInference - INFO -   Step 2: external_influence
2026-01-09 15:44:33,222 - ModernActiveInference - INFO -     Conditional independence: 0.9096
2026-01-09 15:44:33,222 - ModernActiveInference - INFO -     Surprise: 0.3786
2026-01-09 15:44:33,222 - ModernActiveInference - INFO -     Information gain: 0.0000
2026-01-09 15:44:33,222 - geo_infer_act.utils.analysis - DEBUG - Recorded step 2: FE=-1.7985
2026-01-09 15:44:33,247 - ModernActiveInference - INFO -   Step 3: external_influence
2026-01-09 15:44:33,247 - ModernActiveInference - INFO -     Conditional independence: 0.9333
2026-01-09 15:44:33,247 - ModernActiveInference - INFO -     Surprise: 0.7041
2026-01-09 15:44:33,247 - ModernActiveInference - INFO -     Information gain: 0.0000
2026-01-09 15:44:33,247 - geo_infer_act.utils.analysis - DEBUG - Recorded step 3: FE=-1.7985
2026-01-09 15:44:33,273 - ModernActiveInference - INFO -   Step 4: external_influence
2026-01-09 15:44:33,273 - ModernActiveInference - INFO -     Conditional independence: 0.9313
2026-01-09 15:44:33,273 - ModernActiveInference - INFO -     Surprise: 1.2838
2026-01-09 15:44:33,273 - ModernActiveInference - INFO -     Information gain: 0.0000
2026-01-09 15:44:33,273 - geo_infer_act.utils.analysis - DEBUG - Recorded step 4: FE=-1.7985
2026-01-09 15:44:33,296 - ModernActiveInference - INFO -   Step 5: external_influence
2026-01-09 15:44:33,296 - ModernActiveInference - INFO -     Conditional independence: 0.9899
2026-01-09 15:44:33,296 - ModernActiveInference - INFO -     Surprise: 1.0774
2026-01-09 15:44:33,296 - ModernActiveInference - INFO -     Information gain: 0.0000
2026-01-09 15:44:33,296 - geo_infer_act.utils.analysis - DEBUG - Recorded step 5: FE=-1.7985
2026-01-09 15:44:33,320 - ModernActiveInference - INFO -   Step 6: external_influence
2026-01-09 15:44:33,320 - ModernActiveInference - INFO -     Conditional independence: 0.9490
2026-01-09 15:44:33,320 - ModernActiveInference - INFO -     Surprise: 0.5207
2026-01-09 15:44:33,320 - ModernActiveInference - INFO -     Information gain: 0.0000
2026-01-09 15:44:33,320 - geo_infer_act.utils.analysis - DEBUG - Recorded step 6: FE=-1.7985
2026-01-09 15:44:33,345 - ModernActiveInference - INFO -   Step 7: external_influence
2026-01-09 15:44:33,345 - ModernActiveInference - INFO -     Conditional independence: 0.9246
2026-01-09 15:44:33,345 - ModernActiveInference - INFO -     Surprise: 0.5626
2026-01-09 15:44:33,345 - ModernActiveInference - INFO -     Information gain: 0.0000
2026-01-09 15:44:33,345 - geo_infer_act.utils.analysis - DEBUG - Recorded step 7: FE=-1.7985
2026-01-09 15:44:33,369 - ModernActiveInference - INFO -   Step 8: external_influence
2026-01-09 15:44:33,369 - ModernActiveInference - INFO -     Conditional independence: 0.9621
2026-01-09 15:44:33,369 - ModernActiveInference - INFO -     Surprise: 0.5273
2026-01-09 15:44:33,369 - ModernActiveInference - INFO -     Information gain: 0.0000
2026-01-09 15:44:33,369 - geo_infer_act.utils.analysis - DEBUG - Recorded step 8: FE=-1.7985
2026-01-09 15:44:33,391 - ModernActiveInference - INFO -   Step 9: external_influence
2026-01-09 15:44:33,392 - ModernActiveInference - INFO -     Conditional independence: 0.9257
2026-01-09 15:44:33,392 - ModernActiveInference - INFO -     Surprise: 0.5636
2026-01-09 15:44:33,392 - ModernActiveInference - INFO -     Information gain: 0.0000
2026-01-09 15:44:33,392 - geo_infer_act.utils.analysis - DEBUG - Recorded step 9: FE=-1.7985
2026-01-09 15:44:33,416 - ModernActiveInference - INFO -   Step 10: external_influence
2026-01-09 15:44:33,416 - ModernActiveInference - INFO -     Conditional independence: 0.9100
2026-01-09 15:44:33,416 - ModernActiveInference - INFO -     Surprise: 1.1071
2026-01-09 15:44:33,416 - ModernActiveInference - INFO -     Information gain: 0.0000
2026-01-09 15:44:33,416 - geo_infer_act.utils.analysis - DEBUG - Recorded step 10: FE=-1.7985
2026-01-09 15:44:33,440 - ModernActiveInference - INFO -   Step 11: internal_processing
2026-01-09 15:44:33,440 - ModernActiveInference - INFO -     Conditional independence: 0.9371
2026-01-09 15:44:33,440 - ModernActiveInference - INFO -     Surprise: 0.2197
2026-01-09 15:44:33,440 - ModernActiveInference - INFO -     Information gain: 0.0000
2026-01-09 15:44:33,440 - geo_infer_act.utils.analysis - DEBUG - Recorded step 11: FE=-1.7985
2026-01-09 15:44:33,462 - ModernActiveInference - INFO -   Step 12: internal_processing
2026-01-09 15:44:33,462 - ModernActiveInference - INFO -     Conditional independence: 0.9868
2026-01-09 15:44:33,462 - ModernActiveInference - INFO -     Surprise: 1.1898
2026-01-09 15:44:33,462 - ModernActiveInference - INFO -     Information gain: 0.0000
2026-01-09 15:44:33,462 - geo_infer_act.utils.analysis - DEBUG - Recorded step 12: FE=-1.7985
2026-01-09 15:44:33,484 - ModernActiveInference - INFO -   Step 13: internal_processing
2026-01-09 15:44:33,484 - ModernActiveInference - INFO -     Conditional independence: 0.9761
2026-01-09 15:44:33,484 - ModernActiveInference - INFO -     Surprise: 2.7688
2026-01-09 15:44:33,484 - ModernActiveInference - INFO -     Information gain: 0.0000
2026-01-09 15:44:33,484 - geo_infer_act.utils.analysis - DEBUG - Recorded step 13: FE=-1.7985
2026-01-09 15:44:33,508 - ModernActiveInference - INFO -   Step 14: internal_processing
2026-01-09 15:44:33,508 - ModernActiveInference - INFO -     Conditional independence: 0.9740
2026-01-09 15:44:33,508 - ModernActiveInference - INFO -     Surprise: 1.9111
2026-01-09 15:44:33,508 - ModernActiveInference - INFO -     Information gain: 0.0000
2026-01-09 15:44:33,508 - geo_infer_act.utils.analysis - DEBUG - Recorded step 14: FE=-1.7985
2026-01-09 15:44:33,531 - ModernActiveInference - INFO -   Step 15: internal_processing
2026-01-09 15:44:33,531 - ModernActiveInference - INFO -     Conditional independence: 0.9852
2026-01-09 15:44:33,531 - ModernActiveInference - INFO -     Surprise: 1.4038
2026-01-09 15:44:33,531 - ModernActiveInference - INFO -     Information gain: 0.0000
2026-01-09 15:44:33,531 - geo_infer_act.utils.analysis - DEBUG - Recorded step 15: FE=-1.7985
2026-01-09 15:44:33,555 - ModernActiveInference - INFO -   Step 16: internal_processing
2026-01-09 15:44:33,555 - ModernActiveInference - INFO -     Conditional independence: 0.9559
2026-01-09 15:44:33,555 - ModernActiveInference - INFO -     Surprise: 1.7761
2026-01-09 15:44:33,555 - ModernActiveInference - INFO -     Information gain: 0.0000
2026-01-09 15:44:33,555 - geo_infer_act.utils.analysis - DEBUG - Recorded step 16: FE=-1.7985
2026-01-09 15:44:33,580 - ModernActiveInference - INFO -   Step 17: internal_processing
2026-01-09 15:44:33,580 - ModernActiveInference - INFO -     Conditional independence: 0.9563
2026-01-09 15:44:33,580 - ModernActiveInference - INFO -     Surprise: 0.0000
2026-01-09 15:44:33,580 - ModernActiveInference - INFO -     Information gain: 0.0000
2026-01-09 15:44:33,580 - geo_infer_act.utils.analysis - DEBUG - Recorded step 17: FE=-1.7985
2026-01-09 15:44:33,606 - ModernActiveInference - INFO -   Step 18: internal_processing
2026-01-09 15:44:33,606 - ModernActiveInference - INFO -     Conditional independence: 0.9959
2026-01-09 15:44:33,606 - ModernActiveInference - INFO -     Surprise: 1.0733
2026-01-09 15:44:33,606 - ModernActiveInference - INFO -     Information gain: 0.0000
2026-01-09 15:44:33,606 - geo_infer_act.utils.analysis - DEBUG - Recorded step 18: FE=-1.7985
2026-01-09 15:44:33,631 - ModernActiveInference - INFO -   Step 19: internal_processing
2026-01-09 15:44:33,631 - ModernActiveInference - INFO -     Conditional independence: 0.9402
2026-01-09 15:44:33,631 - ModernActiveInference - INFO -     Surprise: 0.3556
2026-01-09 15:44:33,631 - ModernActiveInference - INFO -     Information gain: 0.0000
2026-01-09 15:44:33,631 - geo_infer_act.utils.analysis - DEBUG - Recorded step 19: FE=-1.7985
2026-01-09 15:44:33,654 - ModernActiveInference - INFO -   Step 20: internal_processing
2026-01-09 15:44:33,654 - ModernActiveInference - INFO -     Conditional independence: 0.9853
2026-01-09 15:44:33,654 - ModernActiveInference - INFO -     Surprise: 0.4240
2026-01-09 15:44:33,654 - ModernActiveInference - INFO -     Information gain: 0.0000
2026-01-09 15:44:33,654 - geo_infer_act.utils.analysis - DEBUG - Recorded step 20: FE=-1.7985
2026-01-09 15:44:33,677 - ModernActiveInference - INFO -   Step 21: active_sampling
2026-01-09 15:44:33,677 - ModernActiveInference - INFO -     Conditional independence: 0.9412
2026-01-09 15:44:33,677 - ModernActiveInference - INFO -     Surprise: 0.7667
2026-01-09 15:44:33,677 - ModernActiveInference - INFO -     Information gain: 0.0000
2026-01-09 15:44:33,677 - geo_infer_act.utils.analysis - DEBUG - Recorded step 21: FE=-1.7985
2026-01-09 15:44:33,702 - ModernActiveInference - INFO -   Step 22: active_sampling
2026-01-09 15:44:33,702 - ModernActiveInference - INFO -     Conditional independence: 0.9375
2026-01-09 15:44:33,702 - ModernActiveInference - INFO -     Surprise: 1.1535
2026-01-09 15:44:33,702 - ModernActiveInference - INFO -     Information gain: 0.0000
2026-01-09 15:44:33,702 - geo_infer_act.utils.analysis - DEBUG - Recorded step 22: FE=-1.7985
2026-01-09 15:44:33,723 - ModernActiveInference - INFO -   Step 23: active_sampling
2026-01-09 15:44:33,723 - ModernActiveInference - INFO -     Conditional independence: 0.9559
2026-01-09 15:44:33,723 - ModernActiveInference - INFO -     Surprise: 0.9457
2026-01-09 15:44:33,723 - ModernActiveInference - INFO -     Information gain: 0.0000
2026-01-09 15:44:33,723 - geo_infer_act.utils.analysis - DEBUG - Recorded step 23: FE=-1.7985
2026-01-09 15:44:33,747 - ModernActiveInference - INFO -   Step 24: active_sampling
2026-01-09 15:44:33,747 - ModernActiveInference - INFO -     Conditional independence: 0.9498
2026-01-09 15:44:33,747 - ModernActiveInference - INFO -     Surprise: 0.7217
2026-01-09 15:44:33,747 - ModernActiveInference - INFO -     Information gain: 0.0000
2026-01-09 15:44:33,747 - geo_infer_act.utils.analysis - DEBUG - Recorded step 24: FE=-1.7985
2026-01-09 15:44:33,771 - ModernActiveInference - INFO -   Step 25: active_sampling
2026-01-09 15:44:33,771 - ModernActiveInference - INFO -     Conditional independence: 0.9354
2026-01-09 15:44:33,771 - ModernActiveInference - INFO -     Surprise: 0.9232
2026-01-09 15:44:33,771 - ModernActiveInference - INFO -     Information gain: 0.0000
2026-01-09 15:44:33,771 - geo_infer_act.utils.analysis - DEBUG - Recorded step 25: FE=-1.7985
2026-01-09 15:44:33,795 - ModernActiveInference - INFO -   Step 26: active_sampling
2026-01-09 15:44:33,795 - ModernActiveInference - INFO -     Conditional independence: 0.9378
2026-01-09 15:44:33,795 - ModernActiveInference - INFO -     Surprise: 0.1504
2026-01-09 15:44:33,795 - ModernActiveInference - INFO -     Information gain: 0.0000
2026-01-09 15:44:33,795 - geo_infer_act.utils.analysis - DEBUG - Recorded step 26: FE=-1.7985
2026-01-09 15:44:33,818 - ModernActiveInference - INFO -   Step 27: active_sampling
2026-01-09 15:44:33,818 - ModernActiveInference - INFO -     Conditional independence: 0.9530
2026-01-09 15:44:33,818 - ModernActiveInference - INFO -     Surprise: 0.9672
2026-01-09 15:44:33,818 - ModernActiveInference - INFO -     Information gain: 0.0000
2026-01-09 15:44:33,818 - geo_infer_act.utils.analysis - DEBUG - Recorded step 27: FE=-1.7985
2026-01-09 15:44:33,841 - ModernActiveInference - INFO -   Step 28: active_sampling
2026-01-09 15:44:33,841 - ModernActiveInference - INFO -     Conditional independence: 0.8859
2026-01-09 15:44:33,841 - ModernActiveInference - INFO -     Surprise: 0.6845
2026-01-09 15:44:33,841 - ModernActiveInference - INFO -     Information gain: 0.0000
2026-01-09 15:44:33,841 - geo_infer_act.utils.analysis - DEBUG - Recorded step 28: FE=-1.7985
2026-01-09 15:44:33,865 - ModernActiveInference - INFO -   Step 29: active_sampling
2026-01-09 15:44:33,865 - ModernActiveInference - INFO -     Conditional independence: 0.9715
2026-01-09 15:44:33,865 - ModernActiveInference - INFO -     Surprise: 0.6437
2026-01-09 15:44:33,865 - ModernActiveInference - INFO -     Information gain: 0.0000
2026-01-09 15:44:33,865 - geo_infer_act.utils.analysis - DEBUG - Recorded step 29: FE=-1.7985
2026-01-09 15:44:33,887 - ModernActiveInference - INFO -   Step 30: active_sampling
2026-01-09 15:44:33,887 - ModernActiveInference - INFO -     Conditional independence: 0.8993
2026-01-09 15:44:33,887 - ModernActiveInference - INFO -     Surprise: 0.8744
2026-01-09 15:44:33,887 - ModernActiveInference - INFO -     Information gain: 0.0000
2026-01-09 15:44:33,887 - geo_infer_act.utils.analysis - DEBUG - Recorded step 30: FE=-1.7985
2026-01-09 15:44:33,887 - ModernActiveInference - INFO - Markov blanket analysis complete:
2026-01-09 15:44:33,887 - ModernActiveInference - INFO -   Average conditional independence: 0.9473
2026-01-09 15:44:33,887 - ModernActiveInference - INFO -   Independence stability: 0.9725
2026-01-09 15:44:33,888 - ModernActiveInference - INFO - 
==================================================
2026-01-09 15:44:33,888 - ModernActiveInference - INFO - 4. SPATIAL-TEMPORAL DYNAMICS
2026-01-09 15:44:33,888 - ModernActiveInference - INFO - ==================================================
2026-01-09 15:44:33,888 - ModernActiveInference - INFO - Demonstrating spatial-temporal dynamics
2026-01-09 15:44:33,888 - geo_infer_act.core.active_inference - INFO - Initialized ActiveInferenceModel with type: categorical
2026-01-09 15:44:33,888 - geo_infer_act.api.interface - INFO - Created categorical model: spatial_temporal_model
2026-01-09 15:44:33,888 - geo_infer_act.core.generative_model - INFO - Enabled spatial navigation with 3x3 grid
2026-01-09 15:44:33,888 - geo_infer_act.utils.analysis - INFO - ActiveInferenceAnalyzer initialized with output: /Users/4d/Documents/GitHub/GEO-INFER/output/modern_active_inference_20260109_154433/spatial_temporal
2026-01-09 15:44:33,888 - ModernActiveInference - INFO - Running spatial-temporal simulation for 25 steps
2026-01-09 15:44:33,893 - ModernActiveInference - INFO -   Step 1:
2026-01-09 15:44:33,893 - ModernActiveInference - INFO -     Spatial correlation: nan
2026-01-09 15:44:33,893 - ModernActiveInference - INFO -     Surprise: 3.3705
2026-01-09 15:44:33,893 - geo_infer_act.utils.analysis - DEBUG - Recorded step 1: FE=-2.2608
2026-01-09 15:44:33,896 - ModernActiveInference - ERROR - Demo failed with error: 'ActiveInferenceAnalyzer' object has no attribute 'step_history'
