2026-02-02 06:44:16,863 - INFO - ============================================================
2026-02-02 06:44:16,863 - INFO - Spatial Active Inference Demo
2026-02-02 06:44:16,863 - INFO - ============================================================
2026-02-02 06:44:16,863 - INFO - Output directory: /Users/4d/Documents/GitHub/GEO-INFER/output/spatial_inference_20260202_064416
2026-02-02 06:44:16,864 - INFO - Configuration: {'h3_resolution': 9, 'n_cells': 7, 'state_dim': 4, 'obs_dim': 4, 'diffusion_rate': 0.15, 'precision_scale': 1.2, 'n_steps': 20, 'observation_pattern': 'wave'}
2026-02-02 06:44:16,864 - INFO - Creating Spatial Active Inference Agent...
2026-02-02 06:44:16,864 - INFO - SpatialActiveInferenceAgent initialized: 7 cells at resolution 9
2026-02-02 06:44:16,864 - INFO - Agent initialized with 7 cells
2026-02-02 06:44:16,864 - INFO - Running simulation for 20 steps...
2026-02-02 06:44:16,864 - INFO - ----------------------------------------
2026-02-02 06:44:16,865 - INFO - Step 1/20: FE=11.8826, Action=stay, Conf=0.362
2026-02-02 06:44:16,867 - INFO - Step 6/20: FE=14.1155, Action=stay, Conf=0.359
2026-02-02 06:44:16,869 - INFO - Step 11/20: FE=12.1751, Action=stay, Conf=0.428
2026-02-02 06:44:16,871 - INFO - Step 16/20: FE=14.4699, Action=south, Conf=0.680
2026-02-02 06:44:16,873 - INFO - Step 20/20: FE=13.5242, Action=east, Conf=0.454
2026-02-02 06:44:16,873 - INFO - ----------------------------------------
2026-02-02 06:44:16,873 - INFO - Simulation complete!
2026-02-02 06:44:16,873 - INFO - Final diagnostics:
2026-02-02 06:44:16,873 - INFO -   Mean entropy: 0.3848
2026-02-02 06:44:16,873 - INFO -   FE trend: decreasing
2026-02-02 06:44:16,873 - INFO -   Spatial coherence: 0.7407
2026-02-02 06:44:16,873 - INFO - Generating visualizations...
2026-02-02 06:44:17,106 - INFO - Exporting results...
2026-02-02 06:44:17,107 - INFO - Results exported to /Users/4d/Documents/GitHub/GEO-INFER/output/spatial_inference_20260202_064416/simulation_results.json
2026-02-02 06:44:17,108 - INFO - Exported diagnostics to /Users/4d/Documents/GitHub/GEO-INFER/output/spatial_inference_20260202_064416/diagnostics.json
2026-02-02 06:44:17,109 - INFO - Exported CSV to /Users/4d/Documents/GitHub/GEO-INFER/output/spatial_inference_20260202_064416/step_metrics.csv
2026-02-02 06:44:17,109 - INFO - ============================================================
2026-02-02 06:44:17,109 - INFO - RESULTS SUMMARY
2026-02-02 06:44:17,109 - INFO - ============================================================
2026-02-02 06:44:17,109 - INFO - Total steps: 20
2026-02-02 06:44:17,109 - INFO - Initial FE: 11.8826
2026-02-02 06:44:17,109 - INFO - Final FE: 13.5242
2026-02-02 06:44:17,109 - INFO - FE change: 1.6416
2026-02-02 06:44:17,109 - INFO - Action distribution: {'stay': 13, 'east': 4, 'south': 3}
2026-02-02 06:44:17,109 - INFO - 
Output files saved to: /Users/4d/Documents/GitHub/GEO-INFER/output/spatial_inference_20260202_064416
