2026-01-09 15:45:36,002 - ModernActiveInference - INFO - Modern Active Inference - Comprehensive Analysis
2026-01-09 15:45:36,002 - ModernActiveInference - INFO - ======================================================================
2026-01-09 15:45:36,002 - ModernActiveInference - INFO - Output directory: /Users/4d/Documents/GitHub/GEO-INFER/output/modern_active_inference_20260109_154536
2026-01-09 15:45:36,003 - geo_infer_act.api.interface - INFO - ActiveInferenceInterface initialized
2026-01-09 15:45:36,003 - ModernActiveInference - INFO - Modern Active Inference Demo initialized
2026-01-09 15:45:36,003 - ModernActiveInference - INFO - Enhanced with comprehensive analysis capabilities
2026-01-09 15:45:36,003 - ModernActiveInference - INFO - Starting comprehensive modern Active Inference demonstration
2026-01-09 15:45:36,003 - ModernActiveInference - INFO - 
==================================================
2026-01-09 15:45:36,003 - ModernActiveInference - INFO - 1. HIERARCHICAL ACTIVE INFERENCE
2026-01-09 15:45:36,003 - ModernActiveInference - INFO - ==================================================
2026-01-09 15:45:36,003 - ModernActiveInference - INFO - Creating hierarchical model: hierarchical_model
2026-01-09 15:45:36,003 - geo_infer_act.core.active_inference - INFO - Initialized ActiveInferenceModel with type: categorical
2026-01-09 15:45:36,003 - geo_infer_act.core.generative_model - INFO - Initialized 3 hierarchical levels
2026-01-09 15:45:36,004 - geo_infer_act.api.interface - INFO - Created categorical model: hierarchical_model
2026-01-09 15:45:36,004 - geo_infer_act.api.interface - INFO - Set preferences for model hierarchical_model
2026-01-09 15:45:36,004 - geo_infer_act.utils.analysis - INFO - ActiveInferenceAnalyzer initialized with output: /Users/4d/Documents/GitHub/GEO-INFER/output/modern_active_inference_20260109_154536/hierarchical
2026-01-09 15:45:36,004 - ModernActiveInference - INFO -   Created 3-level hierarchical model
2026-01-09 15:45:36,004 - ModernActiveInference - INFO -   Temporal horizons: [1, 5, 20]
2026-01-09 15:45:36,004 - ModernActiveInference - INFO -   Message passing enabled: True
2026-01-09 15:45:36,006 - geo_infer_act.utils.analysis - DEBUG - Recorded step 1: FE=-4.2914
2026-01-09 15:45:36,006 - geo_infer_act.utils.analysis - DEBUG - Recorded step 2: FE=-4.2914
2026-01-09 15:45:36,007 - geo_infer_act.utils.analysis - DEBUG - Recorded step 3: FE=-4.2914
2026-01-09 15:45:36,007 - geo_infer_act.utils.analysis - DEBUG - Recorded step 4: FE=-4.2914
2026-01-09 15:45:36,007 - geo_infer_act.utils.analysis - DEBUG - Recorded step 5: FE=-4.2914
2026-01-09 15:45:36,008 - geo_infer_act.utils.analysis - DEBUG - Recorded step 6: FE=-4.2914
2026-01-09 15:45:36,008 - geo_infer_act.utils.analysis - DEBUG - Recorded step 7: FE=-4.2914
2026-01-09 15:45:36,008 - geo_infer_act.utils.analysis - DEBUG - Recorded step 8: FE=-4.2914
2026-01-09 15:45:36,009 - geo_infer_act.utils.analysis - DEBUG - Recorded step 9: FE=-4.2914
2026-01-09 15:45:36,009 - geo_infer_act.utils.analysis - DEBUG - Recorded step 10: FE=-4.2914
2026-01-09 15:45:36,009 - geo_infer_act.utils.analysis - DEBUG - Recorded step 11: FE=-4.2914
2026-01-09 15:45:36,010 - geo_infer_act.utils.analysis - DEBUG - Recorded step 12: FE=-4.2914
2026-01-09 15:45:36,010 - geo_infer_act.utils.analysis - DEBUG - Recorded step 13: FE=-4.2914
2026-01-09 15:45:36,010 - geo_infer_act.utils.analysis - DEBUG - Recorded step 14: FE=-4.2914
2026-01-09 15:45:36,011 - geo_infer_act.utils.analysis - DEBUG - Recorded step 15: FE=-4.2914
2026-01-09 15:45:36,011 - ModernActiveInference - INFO - 
==================================================
2026-01-09 15:45:36,011 - ModernActiveInference - INFO - 2. MARKOV BLANKET ARCHITECTURE
2026-01-09 15:45:36,011 - ModernActiveInference - INFO - ==================================================
2026-01-09 15:45:36,011 - ModernActiveInference - INFO - Demonstrating Markov blanket architectures
2026-01-09 15:45:36,011 - geo_infer_act.core.active_inference - INFO - Initialized ActiveInferenceModel with type: categorical
2026-01-09 15:45:36,011 - geo_infer_act.core.generative_model - INFO - Initialized Markov blanket structure
2026-01-09 15:45:36,011 - geo_infer_act.api.interface - INFO - Created categorical model: markov_blanket_model
2026-01-09 15:45:36,011 - geo_infer_act.utils.analysis - INFO - ActiveInferenceAnalyzer initialized with output: /Users/4d/Documents/GitHub/GEO-INFER/output/modern_active_inference_20260109_154536/markov_blanket
2026-01-09 15:45:36,011 - ModernActiveInference - INFO - Running Markov blanket simulation for 30 steps
2026-01-09 15:45:36,038 - ModernActiveInference - INFO -   Step 1: external_influence
2026-01-09 15:45:36,038 - ModernActiveInference - INFO -     Conditional independence: 0.9427
2026-01-09 15:45:36,038 - ModernActiveInference - INFO -     Surprise: 0.5007
2026-01-09 15:45:36,038 - ModernActiveInference - INFO -     Information gain: 0.0000
2026-01-09 15:45:36,038 - geo_infer_act.utils.analysis - DEBUG - Recorded step 1: FE=-1.7985
2026-01-09 15:45:36,062 - ModernActiveInference - INFO -   Step 2: external_influence
2026-01-09 15:45:36,062 - ModernActiveInference - INFO -     Conditional independence: 0.9552
2026-01-09 15:45:36,062 - ModernActiveInference - INFO -     Surprise: 0.2034
2026-01-09 15:45:36,062 - ModernActiveInference - INFO -     Information gain: 0.0000
2026-01-09 15:45:36,062 - geo_infer_act.utils.analysis - DEBUG - Recorded step 2: FE=-1.7985
2026-01-09 15:45:36,088 - ModernActiveInference - INFO -   Step 3: external_influence
2026-01-09 15:45:36,088 - ModernActiveInference - INFO -     Conditional independence: 0.8971
2026-01-09 15:45:36,088 - ModernActiveInference - INFO -     Surprise: 0.7449
2026-01-09 15:45:36,088 - ModernActiveInference - INFO -     Information gain: 0.0000
2026-01-09 15:45:36,088 - geo_infer_act.utils.analysis - DEBUG - Recorded step 3: FE=-1.7985
2026-01-09 15:45:36,112 - ModernActiveInference - INFO -   Step 4: external_influence
2026-01-09 15:45:36,113 - ModernActiveInference - INFO -     Conditional independence: 0.9477
2026-01-09 15:45:36,113 - ModernActiveInference - INFO -     Surprise: 0.2282
2026-01-09 15:45:36,113 - ModernActiveInference - INFO -     Information gain: 0.0000
2026-01-09 15:45:36,113 - geo_infer_act.utils.analysis - DEBUG - Recorded step 4: FE=-1.7985
2026-01-09 15:45:36,137 - ModernActiveInference - INFO -   Step 5: external_influence
2026-01-09 15:45:36,137 - ModernActiveInference - INFO -     Conditional independence: 0.9748
2026-01-09 15:45:36,137 - ModernActiveInference - INFO -     Surprise: 1.2738
2026-01-09 15:45:36,137 - ModernActiveInference - INFO -     Information gain: 0.0000
2026-01-09 15:45:36,137 - geo_infer_act.utils.analysis - DEBUG - Recorded step 5: FE=-1.7985
2026-01-09 15:45:36,160 - ModernActiveInference - INFO -   Step 6: external_influence
2026-01-09 15:45:36,160 - ModernActiveInference - INFO -     Conditional independence: 0.9441
2026-01-09 15:45:36,161 - ModernActiveInference - INFO -     Surprise: 0.5313
2026-01-09 15:45:36,161 - ModernActiveInference - INFO -     Information gain: 0.0000
2026-01-09 15:45:36,161 - geo_infer_act.utils.analysis - DEBUG - Recorded step 6: FE=-1.7985
2026-01-09 15:45:36,184 - ModernActiveInference - INFO -   Step 7: external_influence
2026-01-09 15:45:36,184 - ModernActiveInference - INFO -     Conditional independence: 0.9698
2026-01-09 15:45:36,184 - ModernActiveInference - INFO -     Surprise: 1.5080
2026-01-09 15:45:36,184 - ModernActiveInference - INFO -     Information gain: 0.0000
2026-01-09 15:45:36,184 - geo_infer_act.utils.analysis - DEBUG - Recorded step 7: FE=-1.7985
2026-01-09 15:45:36,209 - ModernActiveInference - INFO -   Step 8: external_influence
2026-01-09 15:45:36,209 - ModernActiveInference - INFO -     Conditional independence: 0.9450
2026-01-09 15:45:36,209 - ModernActiveInference - INFO -     Surprise: 0.4173
2026-01-09 15:45:36,209 - ModernActiveInference - INFO -     Information gain: 0.0000
2026-01-09 15:45:36,209 - geo_infer_act.utils.analysis - DEBUG - Recorded step 8: FE=-1.7985
2026-01-09 15:45:36,234 - ModernActiveInference - INFO -   Step 9: external_influence
2026-01-09 15:45:36,234 - ModernActiveInference - INFO -     Conditional independence: 0.9002
2026-01-09 15:45:36,234 - ModernActiveInference - INFO -     Surprise: 1.2095
2026-01-09 15:45:36,234 - ModernActiveInference - INFO -     Information gain: 0.0000
2026-01-09 15:45:36,234 - geo_infer_act.utils.analysis - DEBUG - Recorded step 9: FE=-1.7985
2026-01-09 15:45:36,257 - ModernActiveInference - INFO -   Step 10: external_influence
2026-01-09 15:45:36,257 - ModernActiveInference - INFO -     Conditional independence: 0.9149
2026-01-09 15:45:36,257 - ModernActiveInference - INFO -     Surprise: 1.2815
2026-01-09 15:45:36,257 - ModernActiveInference - INFO -     Information gain: 0.0000
2026-01-09 15:45:36,258 - geo_infer_act.utils.analysis - DEBUG - Recorded step 10: FE=-1.7985
2026-01-09 15:45:36,283 - ModernActiveInference - INFO -   Step 11: internal_processing
2026-01-09 15:45:36,283 - ModernActiveInference - INFO -     Conditional independence: 0.9645
2026-01-09 15:45:36,283 - ModernActiveInference - INFO -     Surprise: 2.5870
2026-01-09 15:45:36,283 - ModernActiveInference - INFO -     Information gain: 0.0000
2026-01-09 15:45:36,283 - geo_infer_act.utils.analysis - DEBUG - Recorded step 11: FE=-1.7985
2026-01-09 15:45:36,310 - ModernActiveInference - INFO -   Step 12: internal_processing
2026-01-09 15:45:36,310 - ModernActiveInference - INFO -     Conditional independence: 0.9702
2026-01-09 15:45:36,310 - ModernActiveInference - INFO -     Surprise: 1.3503
2026-01-09 15:45:36,310 - ModernActiveInference - INFO -     Information gain: 0.0000
2026-01-09 15:45:36,310 - geo_infer_act.utils.analysis - DEBUG - Recorded step 12: FE=-1.7985
2026-01-09 15:45:36,338 - ModernActiveInference - INFO -   Step 13: internal_processing
2026-01-09 15:45:36,338 - ModernActiveInference - INFO -     Conditional independence: 0.9915
2026-01-09 15:45:36,338 - ModernActiveInference - INFO -     Surprise: 0.0000
2026-01-09 15:45:36,338 - ModernActiveInference - INFO -     Information gain: 0.0000
2026-01-09 15:45:36,338 - geo_infer_act.utils.analysis - DEBUG - Recorded step 13: FE=-1.7985
2026-01-09 15:45:36,362 - ModernActiveInference - INFO -   Step 14: internal_processing
2026-01-09 15:45:36,362 - ModernActiveInference - INFO -     Conditional independence: 0.9655
2026-01-09 15:45:36,362 - ModernActiveInference - INFO -     Surprise: 0.0928
2026-01-09 15:45:36,362 - ModernActiveInference - INFO -     Information gain: 0.0000
2026-01-09 15:45:36,362 - geo_infer_act.utils.analysis - DEBUG - Recorded step 14: FE=-1.7985
2026-01-09 15:45:36,385 - ModernActiveInference - INFO -   Step 15: internal_processing
2026-01-09 15:45:36,385 - ModernActiveInference - INFO -     Conditional independence: 0.9353
2026-01-09 15:45:36,385 - ModernActiveInference - INFO -     Surprise: 1.0278
2026-01-09 15:45:36,385 - ModernActiveInference - INFO -     Information gain: 0.0000
2026-01-09 15:45:36,385 - geo_infer_act.utils.analysis - DEBUG - Recorded step 15: FE=-1.7985
2026-01-09 15:45:36,409 - ModernActiveInference - INFO -   Step 16: internal_processing
2026-01-09 15:45:36,409 - ModernActiveInference - INFO -     Conditional independence: 0.9836
2026-01-09 15:45:36,409 - ModernActiveInference - INFO -     Surprise: 1.0915
2026-01-09 15:45:36,409 - ModernActiveInference - INFO -     Information gain: 0.0000
2026-01-09 15:45:36,409 - geo_infer_act.utils.analysis - DEBUG - Recorded step 16: FE=-1.7985
2026-01-09 15:45:36,434 - ModernActiveInference - INFO -   Step 17: internal_processing
2026-01-09 15:45:36,434 - ModernActiveInference - INFO -     Conditional independence: 0.9859
2026-01-09 15:45:36,434 - ModernActiveInference - INFO -     Surprise: 0.9884
2026-01-09 15:45:36,434 - ModernActiveInference - INFO -     Information gain: 0.0000
2026-01-09 15:45:36,434 - geo_infer_act.utils.analysis - DEBUG - Recorded step 17: FE=-1.7985
2026-01-09 15:45:36,460 - ModernActiveInference - INFO -   Step 18: internal_processing
2026-01-09 15:45:36,460 - ModernActiveInference - INFO -     Conditional independence: 0.9747
2026-01-09 15:45:36,460 - ModernActiveInference - INFO -     Surprise: 0.4839
2026-01-09 15:45:36,460 - ModernActiveInference - INFO -     Information gain: 0.0000
2026-01-09 15:45:36,460 - geo_infer_act.utils.analysis - DEBUG - Recorded step 18: FE=-1.7985
2026-01-09 15:45:36,481 - ModernActiveInference - INFO -   Step 19: internal_processing
2026-01-09 15:45:36,481 - ModernActiveInference - INFO -     Conditional independence: 0.9289
2026-01-09 15:45:36,482 - ModernActiveInference - INFO -     Surprise: 0.0000
2026-01-09 15:45:36,482 - ModernActiveInference - INFO -     Information gain: 0.0000
2026-01-09 15:45:36,482 - geo_infer_act.utils.analysis - DEBUG - Recorded step 19: FE=-1.7985
2026-01-09 15:45:36,504 - ModernActiveInference - INFO -   Step 20: internal_processing
2026-01-09 15:45:36,504 - ModernActiveInference - INFO -     Conditional independence: 0.9741
2026-01-09 15:45:36,504 - ModernActiveInference - INFO -     Surprise: 1.4274
2026-01-09 15:45:36,504 - ModernActiveInference - INFO -     Information gain: 0.0000
2026-01-09 15:45:36,504 - geo_infer_act.utils.analysis - DEBUG - Recorded step 20: FE=-1.7985
2026-01-09 15:45:36,529 - ModernActiveInference - INFO -   Step 21: active_sampling
2026-01-09 15:45:36,529 - ModernActiveInference - INFO -     Conditional independence: 0.9406
2026-01-09 15:45:36,530 - ModernActiveInference - INFO -     Surprise: 0.5796
2026-01-09 15:45:36,530 - ModernActiveInference - INFO -     Information gain: 0.0000
2026-01-09 15:45:36,530 - geo_infer_act.utils.analysis - DEBUG - Recorded step 21: FE=-1.7985
2026-01-09 15:45:36,553 - ModernActiveInference - INFO -   Step 22: active_sampling
2026-01-09 15:45:36,554 - ModernActiveInference - INFO -     Conditional independence: 0.8590
2026-01-09 15:45:36,554 - ModernActiveInference - INFO -     Surprise: 0.2984
2026-01-09 15:45:36,554 - ModernActiveInference - INFO -     Information gain: 0.0000
2026-01-09 15:45:36,554 - geo_infer_act.utils.analysis - DEBUG - Recorded step 22: FE=-1.7985
2026-01-09 15:45:36,576 - ModernActiveInference - INFO -   Step 23: active_sampling
2026-01-09 15:45:36,576 - ModernActiveInference - INFO -     Conditional independence: 0.9840
2026-01-09 15:45:36,576 - ModernActiveInference - INFO -     Surprise: 0.1419
2026-01-09 15:45:36,576 - ModernActiveInference - INFO -     Information gain: 0.0000
2026-01-09 15:45:36,576 - geo_infer_act.utils.analysis - DEBUG - Recorded step 23: FE=-1.7985
2026-01-09 15:45:36,598 - ModernActiveInference - INFO -   Step 24: active_sampling
2026-01-09 15:45:36,598 - ModernActiveInference - INFO -     Conditional independence: 0.9660
2026-01-09 15:45:36,598 - ModernActiveInference - INFO -     Surprise: 0.6510
2026-01-09 15:45:36,598 - ModernActiveInference - INFO -     Information gain: 0.0000
2026-01-09 15:45:36,598 - geo_infer_act.utils.analysis - DEBUG - Recorded step 24: FE=-1.7985
2026-01-09 15:45:36,621 - ModernActiveInference - INFO -   Step 25: active_sampling
2026-01-09 15:45:36,621 - ModernActiveInference - INFO -     Conditional independence: 0.9260
2026-01-09 15:45:36,621 - ModernActiveInference - INFO -     Surprise: 0.4486
2026-01-09 15:45:36,621 - ModernActiveInference - INFO -     Information gain: 0.0000
2026-01-09 15:45:36,621 - geo_infer_act.utils.analysis - DEBUG - Recorded step 25: FE=-1.7985
2026-01-09 15:45:36,647 - ModernActiveInference - INFO -   Step 26: active_sampling
2026-01-09 15:45:36,647 - ModernActiveInference - INFO -     Conditional independence: 0.9694
2026-01-09 15:45:36,647 - ModernActiveInference - INFO -     Surprise: 0.7158
2026-01-09 15:45:36,647 - ModernActiveInference - INFO -     Information gain: 0.0000
2026-01-09 15:45:36,647 - geo_infer_act.utils.analysis - DEBUG - Recorded step 26: FE=-1.7985
2026-01-09 15:45:36,673 - ModernActiveInference - INFO -   Step 27: active_sampling
2026-01-09 15:45:36,673 - ModernActiveInference - INFO -     Conditional independence: 0.9034
2026-01-09 15:45:36,673 - ModernActiveInference - INFO -     Surprise: 0.2155
2026-01-09 15:45:36,673 - ModernActiveInference - INFO -     Information gain: 0.0000
2026-01-09 15:45:36,673 - geo_infer_act.utils.analysis - DEBUG - Recorded step 27: FE=-1.7985
2026-01-09 15:45:36,696 - ModernActiveInference - INFO -   Step 28: active_sampling
2026-01-09 15:45:36,696 - ModernActiveInference - INFO -     Conditional independence: 0.9090
2026-01-09 15:45:36,696 - ModernActiveInference - INFO -     Surprise: 1.4042
2026-01-09 15:45:36,696 - ModernActiveInference - INFO -     Information gain: 0.0000
2026-01-09 15:45:36,696 - geo_infer_act.utils.analysis - DEBUG - Recorded step 28: FE=-1.7985
2026-01-09 15:45:36,723 - ModernActiveInference - INFO -   Step 29: active_sampling
2026-01-09 15:45:36,723 - ModernActiveInference - INFO -     Conditional independence: 0.9047
2026-01-09 15:45:36,723 - ModernActiveInference - INFO -     Surprise: 2.0272
2026-01-09 15:45:36,723 - ModernActiveInference - INFO -     Information gain: 0.0000
2026-01-09 15:45:36,723 - geo_infer_act.utils.analysis - DEBUG - Recorded step 29: FE=-1.7985
2026-01-09 15:45:36,747 - ModernActiveInference - INFO -   Step 30: active_sampling
2026-01-09 15:45:36,747 - ModernActiveInference - INFO -     Conditional independence: 0.9883
2026-01-09 15:45:36,747 - ModernActiveInference - INFO -     Surprise: 0.2749
2026-01-09 15:45:36,747 - ModernActiveInference - INFO -     Information gain: 0.0000
2026-01-09 15:45:36,747 - geo_infer_act.utils.analysis - DEBUG - Recorded step 30: FE=-1.7985
2026-01-09 15:45:36,747 - ModernActiveInference - INFO - Markov blanket analysis complete:
2026-01-09 15:45:36,747 - ModernActiveInference - INFO -   Average conditional independence: 0.9472
2026-01-09 15:45:36,747 - ModernActiveInference - INFO -   Independence stability: 0.9671
2026-01-09 15:45:36,747 - ModernActiveInference - INFO - 
==================================================
2026-01-09 15:45:36,747 - ModernActiveInference - INFO - 4. SPATIAL-TEMPORAL DYNAMICS
2026-01-09 15:45:36,748 - ModernActiveInference - INFO - ==================================================
2026-01-09 15:45:36,748 - ModernActiveInference - INFO - Demonstrating spatial-temporal dynamics
2026-01-09 15:45:36,748 - geo_infer_act.core.active_inference - INFO - Initialized ActiveInferenceModel with type: categorical
2026-01-09 15:45:36,748 - geo_infer_act.api.interface - INFO - Created categorical model: spatial_temporal_model
2026-01-09 15:45:36,748 - geo_infer_act.core.generative_model - INFO - Enabled spatial navigation with 3x3 grid
2026-01-09 15:45:36,748 - geo_infer_act.utils.analysis - INFO - ActiveInferenceAnalyzer initialized with output: /Users/4d/Documents/GitHub/GEO-INFER/output/modern_active_inference_20260109_154536/spatial_temporal
2026-01-09 15:45:36,748 - ModernActiveInference - INFO - Running spatial-temporal simulation for 25 steps
2026-01-09 15:45:36,753 - ModernActiveInference - INFO -   Step 1:
2026-01-09 15:45:36,753 - ModernActiveInference - INFO -     Spatial correlation: nan
2026-01-09 15:45:36,753 - ModernActiveInference - INFO -     Surprise: 4.2712
2026-01-09 15:45:36,753 - geo_infer_act.utils.analysis - DEBUG - Recorded step 1: FE=-2.2608
2026-01-09 15:45:36,756 - ModernActiveInference - INFO -   Step 2:
2026-01-09 15:45:36,757 - ModernActiveInference - INFO -     Spatial correlation: nan
2026-01-09 15:45:36,757 - ModernActiveInference - INFO -     Temporal coherence: 1.0000
2026-01-09 15:45:36,757 - ModernActiveInference - INFO -     Surprise: 6.0672
2026-01-09 15:45:36,757 - geo_infer_act.utils.analysis - DEBUG - Recorded step 2: FE=-2.2608
2026-01-09 15:45:36,760 - ModernActiveInference - INFO -   Step 3:
2026-01-09 15:45:36,760 - ModernActiveInference - INFO -     Spatial correlation: nan
2026-01-09 15:45:36,760 - ModernActiveInference - INFO -     Temporal coherence: 1.0000
2026-01-09 15:45:36,760 - ModernActiveInference - INFO -     Surprise: 6.5605
2026-01-09 15:45:36,760 - geo_infer_act.utils.analysis - DEBUG - Recorded step 3: FE=-2.2608
2026-01-09 15:45:36,763 - ModernActiveInference - INFO -   Step 4:
2026-01-09 15:45:36,763 - ModernActiveInference - INFO -     Spatial correlation: nan
2026-01-09 15:45:36,763 - ModernActiveInference - INFO -     Temporal coherence: 1.0000
2026-01-09 15:45:36,763 - ModernActiveInference - INFO -     Surprise: 5.1358
2026-01-09 15:45:36,763 - geo_infer_act.utils.analysis - DEBUG - Recorded step 4: FE=-2.2608
2026-01-09 15:45:36,767 - ModernActiveInference - INFO -   Step 5:
2026-01-09 15:45:36,767 - ModernActiveInference - INFO -     Spatial correlation: nan
2026-01-09 15:45:36,767 - ModernActiveInference - INFO -     Temporal coherence: 1.0000
2026-01-09 15:45:36,767 - ModernActiveInference - INFO -     Surprise: 4.2130
2026-01-09 15:45:36,767 - geo_infer_act.utils.analysis - DEBUG - Recorded step 5: FE=-2.2608
2026-01-09 15:45:36,770 - ModernActiveInference - INFO -   Step 6:
2026-01-09 15:45:36,770 - ModernActiveInference - INFO -     Spatial correlation: nan
2026-01-09 15:45:36,770 - ModernActiveInference - INFO -     Temporal coherence: 1.0000
2026-01-09 15:45:36,770 - ModernActiveInference - INFO -     Surprise: 4.2155
2026-01-09 15:45:36,770 - geo_infer_act.utils.analysis - DEBUG - Recorded step 6: FE=-2.2608
2026-01-09 15:45:36,773 - ModernActiveInference - INFO -   Step 7:
2026-01-09 15:45:36,773 - ModernActiveInference - INFO -     Spatial correlation: nan
2026-01-09 15:45:36,773 - ModernActiveInference - INFO -     Temporal coherence: 1.0000
2026-01-09 15:45:36,773 - ModernActiveInference - INFO -     Surprise: 3.2543
2026-01-09 15:45:36,773 - geo_infer_act.utils.analysis - DEBUG - Recorded step 7: FE=-2.2608
2026-01-09 15:45:36,776 - ModernActiveInference - INFO -   Step 8:
2026-01-09 15:45:36,776 - ModernActiveInference - INFO -     Spatial correlation: nan
2026-01-09 15:45:36,776 - ModernActiveInference - INFO -     Temporal coherence: 1.0000
2026-01-09 15:45:36,776 - ModernActiveInference - INFO -     Surprise: 3.0687
2026-01-09 15:45:36,776 - geo_infer_act.utils.analysis - DEBUG - Recorded step 8: FE=-2.2608
2026-01-09 15:45:36,779 - ModernActiveInference - INFO -   Step 9:
2026-01-09 15:45:36,779 - ModernActiveInference - INFO -     Spatial correlation: nan
2026-01-09 15:45:36,779 - ModernActiveInference - INFO -     Temporal coherence: 1.0000
2026-01-09 15:45:36,779 - ModernActiveInference - INFO -     Surprise: 3.5452
2026-01-09 15:45:36,779 - geo_infer_act.utils.analysis - DEBUG - Recorded step 9: FE=-2.2608
2026-01-09 15:45:36,782 - ModernActiveInference - INFO -   Step 10:
2026-01-09 15:45:36,782 - ModernActiveInference - INFO -     Spatial correlation: nan
2026-01-09 15:45:36,782 - ModernActiveInference - INFO -     Temporal coherence: 1.0000
2026-01-09 15:45:36,782 - ModernActiveInference - INFO -     Surprise: 3.8815
2026-01-09 15:45:36,782 - geo_infer_act.utils.analysis - DEBUG - Recorded step 10: FE=-2.2608
2026-01-09 15:45:36,785 - ModernActiveInference - INFO -   Step 11:
2026-01-09 15:45:36,785 - ModernActiveInference - INFO -     Spatial correlation: nan
2026-01-09 15:45:36,785 - ModernActiveInference - INFO -     Temporal coherence: 1.0000
2026-01-09 15:45:36,785 - ModernActiveInference - INFO -     Surprise: 2.4682
2026-01-09 15:45:36,785 - geo_infer_act.utils.analysis - DEBUG - Recorded step 11: FE=-2.2608
2026-01-09 15:45:36,788 - ModernActiveInference - INFO -   Step 12:
2026-01-09 15:45:36,788 - ModernActiveInference - INFO -     Spatial correlation: nan
2026-01-09 15:45:36,788 - ModernActiveInference - INFO -     Temporal coherence: 1.0000
2026-01-09 15:45:36,788 - ModernActiveInference - INFO -     Surprise: 2.5422
2026-01-09 15:45:36,788 - geo_infer_act.utils.analysis - DEBUG - Recorded step 12: FE=-2.2608
2026-01-09 15:45:36,791 - ModernActiveInference - INFO -   Step 13:
2026-01-09 15:45:36,791 - ModernActiveInference - INFO -     Spatial correlation: nan
2026-01-09 15:45:36,791 - ModernActiveInference - INFO -     Temporal coherence: 1.0000
2026-01-09 15:45:36,791 - ModernActiveInference - INFO -     Surprise: 3.3151
2026-01-09 15:45:36,791 - geo_infer_act.utils.analysis - DEBUG - Recorded step 13: FE=-2.2608
2026-01-09 15:45:36,794 - ModernActiveInference - INFO -   Step 14:
2026-01-09 15:45:36,794 - ModernActiveInference - INFO -     Spatial correlation: nan
2026-01-09 15:45:36,794 - ModernActiveInference - INFO -     Temporal coherence: 1.0000
2026-01-09 15:45:36,794 - ModernActiveInference - INFO -     Surprise: 4.6062
2026-01-09 15:45:36,794 - geo_infer_act.utils.analysis - DEBUG - Recorded step 14: FE=-2.2608
2026-01-09 15:45:36,797 - ModernActiveInference - INFO -   Step 15:
2026-01-09 15:45:36,797 - ModernActiveInference - INFO -     Spatial correlation: nan
2026-01-09 15:45:36,797 - ModernActiveInference - INFO -     Temporal coherence: 1.0000
2026-01-09 15:45:36,797 - ModernActiveInference - INFO -     Surprise: 4.4885
2026-01-09 15:45:36,797 - geo_infer_act.utils.analysis - DEBUG - Recorded step 15: FE=-2.2608
2026-01-09 15:45:36,800 - ModernActiveInference - INFO -   Step 16:
2026-01-09 15:45:36,800 - ModernActiveInference - INFO -     Spatial correlation: nan
2026-01-09 15:45:36,800 - ModernActiveInference - INFO -     Temporal coherence: 1.0000
2026-01-09 15:45:36,800 - ModernActiveInference - INFO -     Surprise: 5.4002
2026-01-09 15:45:36,800 - geo_infer_act.utils.analysis - DEBUG - Recorded step 16: FE=-2.2608
2026-01-09 15:45:36,804 - ModernActiveInference - INFO -   Step 17:
2026-01-09 15:45:36,804 - ModernActiveInference - INFO -     Spatial correlation: nan
2026-01-09 15:45:36,804 - ModernActiveInference - INFO -     Temporal coherence: 1.0000
2026-01-09 15:45:36,804 - ModernActiveInference - INFO -     Surprise: 1.6463
2026-01-09 15:45:36,804 - geo_infer_act.utils.analysis - DEBUG - Recorded step 17: FE=-2.2608
2026-01-09 15:45:36,807 - ModernActiveInference - INFO -   Step 18:
2026-01-09 15:45:36,807 - ModernActiveInference - INFO -     Spatial correlation: nan
2026-01-09 15:45:36,807 - ModernActiveInference - INFO -     Temporal coherence: 1.0000
2026-01-09 15:45:36,807 - ModernActiveInference - INFO -     Surprise: 0.3309
2026-01-09 15:45:36,807 - geo_infer_act.utils.analysis - DEBUG - Recorded step 18: FE=-2.2608
2026-01-09 15:45:36,809 - ModernActiveInference - INFO -   Step 19:
2026-01-09 15:45:36,809 - ModernActiveInference - INFO -     Spatial correlation: nan
2026-01-09 15:45:36,809 - ModernActiveInference - INFO -     Temporal coherence: 1.0000
2026-01-09 15:45:36,809 - ModernActiveInference - INFO -     Surprise: 0.1699
2026-01-09 15:45:36,809 - geo_infer_act.utils.analysis - DEBUG - Recorded step 19: FE=-2.2608
2026-01-09 15:45:36,812 - ModernActiveInference - INFO -   Step 20:
2026-01-09 15:45:36,812 - ModernActiveInference - INFO -     Spatial correlation: nan
2026-01-09 15:45:36,812 - ModernActiveInference - INFO -     Temporal coherence: 1.0000
2026-01-09 15:45:36,812 - ModernActiveInference - INFO -     Surprise: 0.0000
2026-01-09 15:45:36,812 - geo_infer_act.utils.analysis - DEBUG - Recorded step 20: FE=-2.2608
2026-01-09 15:45:36,815 - ModernActiveInference - INFO -   Step 21:
2026-01-09 15:45:36,815 - ModernActiveInference - INFO -     Spatial correlation: nan
2026-01-09 15:45:36,815 - ModernActiveInference - INFO -     Temporal coherence: 1.0000
2026-01-09 15:45:36,815 - ModernActiveInference - INFO -     Surprise: 1.1852
2026-01-09 15:45:36,815 - geo_infer_act.utils.analysis - DEBUG - Recorded step 21: FE=-2.2608
2026-01-09 15:45:36,818 - ModernActiveInference - INFO -   Step 22:
2026-01-09 15:45:36,818 - ModernActiveInference - INFO -     Spatial correlation: nan
2026-01-09 15:45:36,818 - ModernActiveInference - INFO -     Temporal coherence: 1.0000
2026-01-09 15:45:36,819 - ModernActiveInference - INFO -     Surprise: 0.7003
2026-01-09 15:45:36,819 - geo_infer_act.utils.analysis - DEBUG - Recorded step 22: FE=-2.2608
2026-01-09 15:45:36,821 - ModernActiveInference - INFO -   Step 23:
2026-01-09 15:45:36,821 - ModernActiveInference - INFO -     Spatial correlation: nan
2026-01-09 15:45:36,821 - ModernActiveInference - INFO -     Temporal coherence: 1.0000
2026-01-09 15:45:36,822 - ModernActiveInference - INFO -     Surprise: 1.6541
2026-01-09 15:45:36,822 - geo_infer_act.utils.analysis - DEBUG - Recorded step 23: FE=-2.2608
2026-01-09 15:45:36,824 - ModernActiveInference - INFO -   Step 24:
2026-01-09 15:45:36,824 - ModernActiveInference - INFO -     Spatial correlation: nan
2026-01-09 15:45:36,824 - ModernActiveInference - INFO -     Temporal coherence: 1.0000
2026-01-09 15:45:36,824 - ModernActiveInference - INFO -     Surprise: 3.2252
2026-01-09 15:45:36,824 - geo_infer_act.utils.analysis - DEBUG - Recorded step 24: FE=-2.2608
2026-01-09 15:45:36,827 - ModernActiveInference - INFO -   Step 25:
2026-01-09 15:45:36,827 - ModernActiveInference - INFO -     Spatial correlation: nan
2026-01-09 15:45:36,827 - ModernActiveInference - INFO -     Temporal coherence: 1.0000
2026-01-09 15:45:36,827 - ModernActiveInference - INFO -     Surprise: 4.0727
2026-01-09 15:45:36,827 - geo_infer_act.utils.analysis - DEBUG - Recorded step 25: FE=-2.2608
2026-01-09 15:45:36,827 - ModernActiveInference - INFO - Spatial-temporal analysis complete:
2026-01-09 15:45:36,827 - ModernActiveInference - INFO -   Average spatial correlation: nan
2026-01-09 15:45:36,827 - ModernActiveInference - INFO -   Average temporal coherence: 1.0000
2026-01-09 15:45:36,827 - ModernActiveInference - INFO -   Spatial stability: nan
2026-01-09 15:45:36,827 - ModernActiveInference - INFO - 
==================================================
2026-01-09 15:45:36,827 - ModernActiveInference - INFO - 5. MULTI-AGENT COORDINATION
2026-01-09 15:45:36,827 - ModernActiveInference - INFO - ==================================================
2026-01-09 15:45:36,827 - ModernActiveInference - INFO - Demonstrating multi-agent coordination
2026-01-09 15:45:36,827 - geo_infer_act.core.active_inference - INFO - Initialized ActiveInferenceModel with type: categorical
2026-01-09 15:45:36,828 - geo_infer_act.api.interface - INFO - Created categorical model: multi_agent_agent_0
2026-01-09 15:45:36,828 - geo_infer_act.utils.analysis - INFO - ActiveInferenceAnalyzer initialized with output: /Users/4d/Documents/GitHub/GEO-INFER/output/modern_active_inference_20260109_154536/multi_agent/agent_0
2026-01-09 15:45:36,828 - ModernActiveInference - INFO -   Created agent 0 (Leader)
2026-01-09 15:45:36,828 - geo_infer_act.core.active_inference - INFO - Initialized ActiveInferenceModel with type: categorical
2026-01-09 15:45:36,828 - geo_infer_act.api.interface - INFO - Created categorical model: multi_agent_agent_1
2026-01-09 15:45:36,828 - geo_infer_act.utils.analysis - INFO - ActiveInferenceAnalyzer initialized with output: /Users/4d/Documents/GitHub/GEO-INFER/output/modern_active_inference_20260109_154536/multi_agent/agent_1
2026-01-09 15:45:36,828 - ModernActiveInference - INFO -   Created agent 1 (Coordinator)
2026-01-09 15:45:36,828 - geo_infer_act.core.active_inference - INFO - Initialized ActiveInferenceModel with type: categorical
2026-01-09 15:45:36,828 - geo_infer_act.api.interface - INFO - Created categorical model: multi_agent_agent_2
2026-01-09 15:45:36,829 - geo_infer_act.utils.analysis - INFO - ActiveInferenceAnalyzer initialized with output: /Users/4d/Documents/GitHub/GEO-INFER/output/modern_active_inference_20260109_154536/multi_agent/agent_2
2026-01-09 15:45:36,829 - ModernActiveInference - INFO -   Created agent 2 (Follower)
2026-01-09 15:45:36,829 - geo_infer_act.core.active_inference - INFO - Initialized ActiveInferenceModel with type: categorical
2026-01-09 15:45:36,829 - geo_infer_act.api.interface - INFO - Created categorical model: multi_agent_agent_3
2026-01-09 15:45:36,829 - geo_infer_act.utils.analysis - INFO - ActiveInferenceAnalyzer initialized with output: /Users/4d/Documents/GitHub/GEO-INFER/output/modern_active_inference_20260109_154536/multi_agent/agent_3
2026-01-09 15:45:36,829 - ModernActiveInference - INFO -   Created agent 3 (Follower)
2026-01-09 15:45:36,829 - ModernActiveInference - INFO - Running multi-agent coordination for 20 steps
2026-01-09 15:45:36,855 - geo_infer_act.utils.analysis - DEBUG - Recorded step 1: FE=-1.7944
2026-01-09 15:45:36,857 - geo_infer_act.utils.analysis - DEBUG - Recorded step 1: FE=-1.6094
2026-01-09 15:45:36,857 - geo_infer_act.utils.analysis - DEBUG - Recorded step 1: FE=-1.3863
2026-01-09 15:45:36,858 - geo_infer_act.utils.analysis - DEBUG - Recorded step 1: FE=-1.3863
2026-01-09 15:45:36,858 - ModernActiveInference - INFO -   Step 1: coordination_challenge
2026-01-09 15:45:36,858 - ModernActiveInference - INFO -     Coordination score: 0.0000
2026-01-09 15:45:36,858 - ModernActiveInference - INFO -     Action consensus: 0.5926
2026-01-09 15:45:36,858 - ModernActiveInference - INFO -     Agent actions: [2, 2, 1, 0]
2026-01-09 15:45:36,882 - geo_infer_act.utils.analysis - DEBUG - Recorded step 2: FE=-1.7944
2026-01-09 15:45:36,884 - geo_infer_act.utils.analysis - DEBUG - Recorded step 2: FE=-1.6094
2026-01-09 15:45:36,884 - geo_infer_act.utils.analysis - DEBUG - Recorded step 2: FE=-1.3863
2026-01-09 15:45:36,885 - geo_infer_act.utils.analysis - DEBUG - Recorded step 2: FE=-1.3863
2026-01-09 15:45:36,885 - ModernActiveInference - INFO -   Step 2: coordination_challenge
2026-01-09 15:45:36,885 - ModernActiveInference - INFO -     Coordination score: 0.0000
2026-01-09 15:45:36,885 - ModernActiveInference - INFO -     Action consensus: 0.5000
2026-01-09 15:45:36,885 - ModernActiveInference - INFO -     Agent actions: [2, 0, 2, 0]
2026-01-09 15:45:36,909 - geo_infer_act.utils.analysis - DEBUG - Recorded step 3: FE=-1.7944
2026-01-09 15:45:36,910 - geo_infer_act.utils.analysis - DEBUG - Recorded step 3: FE=-1.6094
2026-01-09 15:45:36,911 - geo_infer_act.utils.analysis - DEBUG - Recorded step 3: FE=-1.3863
2026-01-09 15:45:36,911 - geo_infer_act.utils.analysis - DEBUG - Recorded step 3: FE=-1.3863
2026-01-09 15:45:36,911 - ModernActiveInference - INFO -   Step 3: coordination_challenge
2026-01-09 15:45:36,911 - ModernActiveInference - INFO -     Coordination score: 0.0000
2026-01-09 15:45:36,911 - ModernActiveInference - INFO -     Action consensus: 0.8421
2026-01-09 15:45:36,911 - ModernActiveInference - INFO -     Agent actions: [1, 1, 2, 1]
2026-01-09 15:45:36,935 - geo_infer_act.utils.analysis - DEBUG - Recorded step 4: FE=-1.7944
2026-01-09 15:45:36,937 - geo_infer_act.utils.analysis - DEBUG - Recorded step 4: FE=-1.6094
2026-01-09 15:45:36,937 - geo_infer_act.utils.analysis - DEBUG - Recorded step 4: FE=-1.3863
2026-01-09 15:45:36,938 - geo_infer_act.utils.analysis - DEBUG - Recorded step 4: FE=-1.3863
2026-01-09 15:45:36,938 - ModernActiveInference - INFO -   Step 4: coordination_challenge
2026-01-09 15:45:36,938 - ModernActiveInference - INFO -     Coordination score: 0.0000
2026-01-09 15:45:36,938 - ModernActiveInference - INFO -     Action consensus: 0.5714
2026-01-09 15:45:36,938 - ModernActiveInference - INFO -     Agent actions: [2, 0, 0, 0]
2026-01-09 15:45:36,964 - geo_infer_act.utils.analysis - DEBUG - Recorded step 5: FE=-1.7944
2026-01-09 15:45:36,966 - geo_infer_act.utils.analysis - DEBUG - Recorded step 5: FE=-1.6094
2026-01-09 15:45:36,967 - geo_infer_act.utils.analysis - DEBUG - Recorded step 5: FE=-1.3863
2026-01-09 15:45:36,967 - geo_infer_act.utils.analysis - DEBUG - Recorded step 5: FE=-1.3863
2026-01-09 15:45:36,967 - ModernActiveInference - INFO -   Step 5: coordination_challenge
2026-01-09 15:45:36,967 - ModernActiveInference - INFO -     Coordination score: 0.0000
2026-01-09 15:45:36,967 - ModernActiveInference - INFO -     Action consensus: 0.8421
2026-01-09 15:45:36,967 - ModernActiveInference - INFO -     Agent actions: [2, 2, 2, 1]
2026-01-09 15:45:36,994 - geo_infer_act.utils.analysis - DEBUG - Recorded step 6: FE=-1.7944
2026-01-09 15:45:36,996 - geo_infer_act.utils.analysis - DEBUG - Recorded step 6: FE=-1.6094
2026-01-09 15:45:36,996 - geo_infer_act.utils.analysis - DEBUG - Recorded step 6: FE=-1.3863
2026-01-09 15:45:36,997 - geo_infer_act.utils.analysis - DEBUG - Recorded step 6: FE=-1.3863
2026-01-09 15:45:36,997 - ModernActiveInference - INFO -   Step 6: coordination_challenge
2026-01-09 15:45:36,997 - ModernActiveInference - INFO -     Coordination score: 0.0000
2026-01-09 15:45:36,997 - ModernActiveInference - INFO -     Action consensus: 1.0000
2026-01-09 15:45:36,997 - ModernActiveInference - INFO -     Agent actions: [0, 0, 0, 0]
2026-01-09 15:45:37,023 - geo_infer_act.utils.analysis - DEBUG - Recorded step 7: FE=-1.7944
2026-01-09 15:45:37,025 - geo_infer_act.utils.analysis - DEBUG - Recorded step 7: FE=-1.6094
2026-01-09 15:45:37,025 - geo_infer_act.utils.analysis - DEBUG - Recorded step 7: FE=-1.3863
2026-01-09 15:45:37,026 - geo_infer_act.utils.analysis - DEBUG - Recorded step 7: FE=-1.3863
2026-01-09 15:45:37,026 - ModernActiveInference - INFO -   Step 7: coordination_challenge
2026-01-09 15:45:37,026 - ModernActiveInference - INFO -     Coordination score: 0.0000
2026-01-09 15:45:37,026 - ModernActiveInference - INFO -     Action consensus: 0.6667
2026-01-09 15:45:37,026 - ModernActiveInference - INFO -     Agent actions: [0, 1, 2, 1]
2026-01-09 15:45:37,051 - geo_infer_act.utils.analysis - DEBUG - Recorded step 8: FE=-1.7944
2026-01-09 15:45:37,053 - geo_infer_act.utils.analysis - DEBUG - Recorded step 8: FE=-1.6094
2026-01-09 15:45:37,053 - geo_infer_act.utils.analysis - DEBUG - Recorded step 8: FE=-1.3863
2026-01-09 15:45:37,053 - geo_infer_act.utils.analysis - DEBUG - Recorded step 8: FE=-1.3863
2026-01-09 15:45:37,054 - ModernActiveInference - INFO -   Step 8: consensus_building
2026-01-09 15:45:37,054 - ModernActiveInference - INFO -     Coordination score: 0.0000
2026-01-09 15:45:37,054 - ModernActiveInference - INFO -     Action consensus: 0.5000
2026-01-09 15:45:37,054 - ModernActiveInference - INFO -     Agent actions: [0, 2, 2, 0]
2026-01-09 15:45:37,075 - geo_infer_act.utils.analysis - DEBUG - Recorded step 9: FE=-1.7944
2026-01-09 15:45:37,077 - geo_infer_act.utils.analysis - DEBUG - Recorded step 9: FE=-1.6094
2026-01-09 15:45:37,077 - geo_infer_act.utils.analysis - DEBUG - Recorded step 9: FE=-1.3863
2026-01-09 15:45:37,078 - geo_infer_act.utils.analysis - DEBUG - Recorded step 9: FE=-1.3863
2026-01-09 15:45:37,078 - ModernActiveInference - INFO -   Step 9: consensus_building
2026-01-09 15:45:37,078 - ModernActiveInference - INFO -     Coordination score: 0.0000
2026-01-09 15:45:37,078 - ModernActiveInference - INFO -     Action consensus: 0.8421
2026-01-09 15:45:37,078 - ModernActiveInference - INFO -     Agent actions: [0, 1, 0, 0]
2026-01-09 15:45:37,102 - geo_infer_act.utils.analysis - DEBUG - Recorded step 10: FE=-1.7944
2026-01-09 15:45:37,104 - geo_infer_act.utils.analysis - DEBUG - Recorded step 10: FE=-1.6094
2026-01-09 15:45:37,104 - geo_infer_act.utils.analysis - DEBUG - Recorded step 10: FE=-1.3863
2026-01-09 15:45:37,105 - geo_infer_act.utils.analysis - DEBUG - Recorded step 10: FE=-1.3863
2026-01-09 15:45:37,105 - ModernActiveInference - INFO -   Step 10: consensus_building
2026-01-09 15:45:37,105 - ModernActiveInference - INFO -     Coordination score: 0.0000
2026-01-09 15:45:37,105 - ModernActiveInference - INFO -     Action consensus: 0.5714
2026-01-09 15:45:37,105 - ModernActiveInference - INFO -     Agent actions: [2, 2, 0, 2]
2026-01-09 15:45:37,133 - geo_infer_act.utils.analysis - DEBUG - Recorded step 11: FE=-1.7944
2026-01-09 15:45:37,135 - geo_infer_act.utils.analysis - DEBUG - Recorded step 11: FE=-1.6094
2026-01-09 15:45:37,135 - geo_infer_act.utils.analysis - DEBUG - Recorded step 11: FE=-1.3863
2026-01-09 15:45:37,135 - geo_infer_act.utils.analysis - DEBUG - Recorded step 11: FE=-1.3863
2026-01-09 15:45:37,136 - ModernActiveInference - INFO -   Step 11: consensus_building
2026-01-09 15:45:37,136 - ModernActiveInference - INFO -     Coordination score: 0.0000
2026-01-09 15:45:37,136 - ModernActiveInference - INFO -     Action consensus: 0.6667
2026-01-09 15:45:37,136 - ModernActiveInference - INFO -     Agent actions: [1, 1, 2, 0]
2026-01-09 15:45:37,162 - geo_infer_act.utils.analysis - DEBUG - Recorded step 12: FE=-1.7944
2026-01-09 15:45:37,164 - geo_infer_act.utils.analysis - DEBUG - Recorded step 12: FE=-1.6094
2026-01-09 15:45:37,164 - geo_infer_act.utils.analysis - DEBUG - Recorded step 12: FE=-1.3863
2026-01-09 15:45:37,164 - geo_infer_act.utils.analysis - DEBUG - Recorded step 12: FE=-1.3863
2026-01-09 15:45:37,164 - ModernActiveInference - INFO -   Step 12: consensus_building
2026-01-09 15:45:37,164 - ModernActiveInference - INFO -     Coordination score: 0.0000
2026-01-09 15:45:37,164 - ModernActiveInference - INFO -     Action consensus: 0.5926
2026-01-09 15:45:37,164 - ModernActiveInference - INFO -     Agent actions: [1, 0, 2, 2]
2026-01-09 15:45:37,189 - geo_infer_act.utils.analysis - DEBUG - Recorded step 13: FE=-1.7944
2026-01-09 15:45:37,191 - geo_infer_act.utils.analysis - DEBUG - Recorded step 13: FE=-1.6094
2026-01-09 15:45:37,191 - geo_infer_act.utils.analysis - DEBUG - Recorded step 13: FE=-1.3863
2026-01-09 15:45:37,191 - geo_infer_act.utils.analysis - DEBUG - Recorded step 13: FE=-1.3863
2026-01-09 15:45:37,192 - ModernActiveInference - INFO -   Step 13: consensus_building
2026-01-09 15:45:37,192 - ModernActiveInference - INFO -     Coordination score: 0.0000
2026-01-09 15:45:37,192 - ModernActiveInference - INFO -     Action consensus: 0.6667
2026-01-09 15:45:37,192 - ModernActiveInference - INFO -     Agent actions: [1, 1, 2, 0]
2026-01-09 15:45:37,216 - geo_infer_act.utils.analysis - DEBUG - Recorded step 14: FE=-1.7944
2026-01-09 15:45:37,218 - geo_infer_act.utils.analysis - DEBUG - Recorded step 14: FE=-1.6094
2026-01-09 15:45:37,218 - geo_infer_act.utils.analysis - DEBUG - Recorded step 14: FE=-1.3863
2026-01-09 15:45:37,218 - geo_infer_act.utils.analysis - DEBUG - Recorded step 14: FE=-1.3863
2026-01-09 15:45:37,218 - ModernActiveInference - INFO -   Step 14: consensus_building
2026-01-09 15:45:37,218 - ModernActiveInference - INFO -     Coordination score: 0.0000
2026-01-09 15:45:37,218 - ModernActiveInference - INFO -     Action consensus: 0.5926
2026-01-09 15:45:37,218 - ModernActiveInference - INFO -     Agent actions: [2, 1, 0, 0]
2026-01-09 15:45:37,243 - geo_infer_act.utils.analysis - DEBUG - Recorded step 15: FE=-1.7944
2026-01-09 15:45:37,245 - geo_infer_act.utils.analysis - DEBUG - Recorded step 15: FE=-1.6094
2026-01-09 15:45:37,245 - geo_infer_act.utils.analysis - DEBUG - Recorded step 15: FE=-1.3863
2026-01-09 15:45:37,246 - geo_infer_act.utils.analysis - DEBUG - Recorded step 15: FE=-1.3863
2026-01-09 15:45:37,246 - ModernActiveInference - INFO -   Step 15: synchronized_action
2026-01-09 15:45:37,246 - ModernActiveInference - INFO -     Coordination score: 0.0000
2026-01-09 15:45:37,246 - ModernActiveInference - INFO -     Action consensus: 0.5926
2026-01-09 15:45:37,246 - ModernActiveInference - INFO -     Agent actions: [1, 2, 2, 0]
2026-01-09 15:45:37,270 - geo_infer_act.utils.analysis - DEBUG - Recorded step 16: FE=-1.7944
2026-01-09 15:45:37,272 - geo_infer_act.utils.analysis - DEBUG - Recorded step 16: FE=-1.6094
2026-01-09 15:45:37,272 - geo_infer_act.utils.analysis - DEBUG - Recorded step 16: FE=-1.3863
2026-01-09 15:45:37,273 - geo_infer_act.utils.analysis - DEBUG - Recorded step 16: FE=-1.3863
2026-01-09 15:45:37,273 - ModernActiveInference - INFO -   Step 16: synchronized_action
2026-01-09 15:45:37,273 - ModernActiveInference - INFO -     Coordination score: 0.0000
2026-01-09 15:45:37,273 - ModernActiveInference - INFO -     Action consensus: 0.5926
2026-01-09 15:45:37,273 - ModernActiveInference - INFO -     Agent actions: [1, 2, 2, 0]
2026-01-09 15:45:37,299 - geo_infer_act.utils.analysis - DEBUG - Recorded step 17: FE=-1.7944
2026-01-09 15:45:37,300 - geo_infer_act.utils.analysis - DEBUG - Recorded step 17: FE=-1.6094
2026-01-09 15:45:37,301 - geo_infer_act.utils.analysis - DEBUG - Recorded step 17: FE=-1.3863
2026-01-09 15:45:37,301 - geo_infer_act.utils.analysis - DEBUG - Recorded step 17: FE=-1.3863
2026-01-09 15:45:37,301 - ModernActiveInference - INFO -   Step 17: synchronized_action
2026-01-09 15:45:37,301 - ModernActiveInference - INFO -     Coordination score: 0.0000
2026-01-09 15:45:37,301 - ModernActiveInference - INFO -     Action consensus: 0.8421
2026-01-09 15:45:37,301 - ModernActiveInference - INFO -     Agent actions: [0, 1, 1, 1]
2026-01-09 15:45:37,328 - geo_infer_act.utils.analysis - DEBUG - Recorded step 18: FE=-1.7944
2026-01-09 15:45:37,329 - geo_infer_act.utils.analysis - DEBUG - Recorded step 18: FE=-1.6094
2026-01-09 15:45:37,330 - geo_infer_act.utils.analysis - DEBUG - Recorded step 18: FE=-1.3863
2026-01-09 15:45:37,330 - geo_infer_act.utils.analysis - DEBUG - Recorded step 18: FE=-1.3863
2026-01-09 15:45:37,330 - ModernActiveInference - INFO -   Step 18: synchronized_action
2026-01-09 15:45:37,330 - ModernActiveInference - INFO -     Coordination score: 0.0000
2026-01-09 15:45:37,330 - ModernActiveInference - INFO -     Action consensus: 0.5714
2026-01-09 15:45:37,330 - ModernActiveInference - INFO -     Agent actions: [2, 2, 0, 2]
2026-01-09 15:45:37,353 - geo_infer_act.utils.analysis - DEBUG - Recorded step 19: FE=-1.7944
2026-01-09 15:45:37,354 - geo_infer_act.utils.analysis - DEBUG - Recorded step 19: FE=-1.6094
2026-01-09 15:45:37,355 - geo_infer_act.utils.analysis - DEBUG - Recorded step 19: FE=-1.3863
2026-01-09 15:45:37,355 - geo_infer_act.utils.analysis - DEBUG - Recorded step 19: FE=-1.3863
2026-01-09 15:45:37,355 - ModernActiveInference - INFO -   Step 19: synchronized_action
2026-01-09 15:45:37,355 - ModernActiveInference - INFO -     Coordination score: 0.0000
2026-01-09 15:45:37,355 - ModernActiveInference - INFO -     Action consensus: 1.0000
2026-01-09 15:45:37,355 - ModernActiveInference - INFO -     Agent actions: [2, 2, 2, 2]
2026-01-09 15:45:37,376 - geo_infer_act.utils.analysis - DEBUG - Recorded step 20: FE=-1.7944
2026-01-09 15:45:37,378 - geo_infer_act.utils.analysis - DEBUG - Recorded step 20: FE=-1.6094
2026-01-09 15:45:37,378 - geo_infer_act.utils.analysis - DEBUG - Recorded step 20: FE=-1.3863
2026-01-09 15:45:37,378 - geo_infer_act.utils.analysis - DEBUG - Recorded step 20: FE=-1.3863
2026-01-09 15:45:37,379 - ModernActiveInference - INFO -   Step 20: synchronized_action
2026-01-09 15:45:37,379 - ModernActiveInference - INFO -     Coordination score: 0.0000
2026-01-09 15:45:37,379 - ModernActiveInference - INFO -     Action consensus: 0.8000
2026-01-09 15:45:37,379 - ModernActiveInference - INFO -     Agent actions: [1, 0, 1, 0]
2026-01-09 15:45:37,379 - ModernActiveInference - ERROR - Demo failed with error: unsupported operand type(s) for -: 'list' and 'list'
