2026-01-09 15:46:55,495 - ModernActiveInference - INFO - Modern Active Inference - Comprehensive Analysis
2026-01-09 15:46:55,495 - ModernActiveInference - INFO - ======================================================================
2026-01-09 15:46:55,495 - ModernActiveInference - INFO - Output directory: /Users/4d/Documents/GitHub/GEO-INFER/output/modern_active_inference_20260109_154655
2026-01-09 15:46:55,496 - geo_infer_act.api.interface - INFO - ActiveInferenceInterface initialized
2026-01-09 15:46:55,496 - ModernActiveInference - INFO - Modern Active Inference Demo initialized
2026-01-09 15:46:55,496 - ModernActiveInference - INFO - Enhanced with comprehensive analysis capabilities
2026-01-09 15:46:55,496 - ModernActiveInference - INFO - Starting comprehensive modern Active Inference demonstration
2026-01-09 15:46:55,497 - ModernActiveInference - INFO - 
==================================================
2026-01-09 15:46:55,497 - ModernActiveInference - INFO - 1. HIERARCHICAL ACTIVE INFERENCE
2026-01-09 15:46:55,497 - ModernActiveInference - INFO - ==================================================
2026-01-09 15:46:55,497 - ModernActiveInference - INFO - Creating hierarchical model: hierarchical_model
2026-01-09 15:46:55,497 - geo_infer_act.core.active_inference - INFO - Initialized ActiveInferenceModel with type: categorical
2026-01-09 15:46:55,497 - geo_infer_act.core.generative_model - INFO - Initialized 3 hierarchical levels
2026-01-09 15:46:55,497 - geo_infer_act.api.interface - INFO - Created categorical model: hierarchical_model
2026-01-09 15:46:55,497 - geo_infer_act.api.interface - INFO - Set preferences for model hierarchical_model
2026-01-09 15:46:55,497 - geo_infer_act.utils.analysis - INFO - ActiveInferenceAnalyzer initialized with output: /Users/4d/Documents/GitHub/GEO-INFER/output/modern_active_inference_20260109_154655/hierarchical
2026-01-09 15:46:55,497 - ModernActiveInference - INFO -   Created 3-level hierarchical model
2026-01-09 15:46:55,497 - ModernActiveInference - INFO -   Temporal horizons: [1, 5, 20]
2026-01-09 15:46:55,497 - ModernActiveInference - INFO -   Message passing enabled: True
2026-01-09 15:46:55,498 - geo_infer_act.utils.analysis - DEBUG - Recorded step 1: FE=-4.2914
2026-01-09 15:46:55,498 - geo_infer_act.utils.analysis - DEBUG - Recorded step 2: FE=-4.2914
2026-01-09 15:46:55,498 - geo_infer_act.utils.analysis - DEBUG - Recorded step 3: FE=-4.2914
2026-01-09 15:46:55,499 - geo_infer_act.utils.analysis - DEBUG - Recorded step 4: FE=-4.2914
2026-01-09 15:46:55,499 - geo_infer_act.utils.analysis - DEBUG - Recorded step 5: FE=-4.2914
2026-01-09 15:46:55,499 - geo_infer_act.utils.analysis - DEBUG - Recorded step 6: FE=-4.2914
2026-01-09 15:46:55,499 - geo_infer_act.utils.analysis - DEBUG - Recorded step 7: FE=-4.2914
2026-01-09 15:46:55,500 - geo_infer_act.utils.analysis - DEBUG - Recorded step 8: FE=-4.2914
2026-01-09 15:46:55,500 - geo_infer_act.utils.analysis - DEBUG - Recorded step 9: FE=-4.2914
2026-01-09 15:46:55,500 - geo_infer_act.utils.analysis - DEBUG - Recorded step 10: FE=-4.2914
2026-01-09 15:46:55,501 - geo_infer_act.utils.analysis - DEBUG - Recorded step 11: FE=-4.2914
2026-01-09 15:46:55,501 - geo_infer_act.utils.analysis - DEBUG - Recorded step 12: FE=-4.2914
2026-01-09 15:46:55,501 - geo_infer_act.utils.analysis - DEBUG - Recorded step 13: FE=-4.2914
2026-01-09 15:46:55,502 - geo_infer_act.utils.analysis - DEBUG - Recorded step 14: FE=-4.2914
2026-01-09 15:46:55,502 - geo_infer_act.utils.analysis - DEBUG - Recorded step 15: FE=-4.2914
2026-01-09 15:46:55,502 - ModernActiveInference - INFO - 
==================================================
2026-01-09 15:46:55,502 - ModernActiveInference - INFO - 2. MARKOV BLANKET ARCHITECTURE
2026-01-09 15:46:55,502 - ModernActiveInference - INFO - ==================================================
2026-01-09 15:46:55,502 - ModernActiveInference - INFO - Demonstrating Markov blanket architectures
2026-01-09 15:46:55,502 - geo_infer_act.core.active_inference - INFO - Initialized ActiveInferenceModel with type: categorical
2026-01-09 15:46:55,502 - geo_infer_act.core.generative_model - INFO - Initialized Markov blanket structure
2026-01-09 15:46:55,502 - geo_infer_act.api.interface - INFO - Created categorical model: markov_blanket_model
2026-01-09 15:46:55,503 - geo_infer_act.utils.analysis - INFO - ActiveInferenceAnalyzer initialized with output: /Users/4d/Documents/GitHub/GEO-INFER/output/modern_active_inference_20260109_154655/markov_blanket
2026-01-09 15:46:55,503 - ModernActiveInference - INFO - Running Markov blanket simulation for 30 steps
2026-01-09 15:46:55,524 - ModernActiveInference - INFO -   Step 1: external_influence
2026-01-09 15:46:55,524 - ModernActiveInference - INFO -     Conditional independence: 0.8851
2026-01-09 15:46:55,524 - ModernActiveInference - INFO -     Surprise: 0.5497
2026-01-09 15:46:55,524 - ModernActiveInference - INFO -     Information gain: 0.0000
2026-01-09 15:46:55,524 - geo_infer_act.utils.analysis - DEBUG - Recorded step 1: FE=-1.7985
2026-01-09 15:46:55,545 - ModernActiveInference - INFO -   Step 2: external_influence
2026-01-09 15:46:55,545 - ModernActiveInference - INFO -     Conditional independence: 0.9167
2026-01-09 15:46:55,545 - ModernActiveInference - INFO -     Surprise: 0.9550
2026-01-09 15:46:55,545 - ModernActiveInference - INFO -     Information gain: 0.0000
2026-01-09 15:46:55,545 - geo_infer_act.utils.analysis - DEBUG - Recorded step 2: FE=-1.7985
2026-01-09 15:46:55,566 - ModernActiveInference - INFO -   Step 3: external_influence
2026-01-09 15:46:55,566 - ModernActiveInference - INFO -     Conditional independence: 0.9159
2026-01-09 15:46:55,566 - ModernActiveInference - INFO -     Surprise: 1.3621
2026-01-09 15:46:55,567 - ModernActiveInference - INFO -     Information gain: 0.0000
2026-01-09 15:46:55,567 - geo_infer_act.utils.analysis - DEBUG - Recorded step 3: FE=-1.7985
2026-01-09 15:46:55,588 - ModernActiveInference - INFO -   Step 4: external_influence
2026-01-09 15:46:55,588 - ModernActiveInference - INFO -     Conditional independence: 0.9382
2026-01-09 15:46:55,588 - ModernActiveInference - INFO -     Surprise: 1.0450
2026-01-09 15:46:55,588 - ModernActiveInference - INFO -     Information gain: 0.0000
2026-01-09 15:46:55,588 - geo_infer_act.utils.analysis - DEBUG - Recorded step 4: FE=-1.7985
2026-01-09 15:46:55,609 - ModernActiveInference - INFO -   Step 5: external_influence
2026-01-09 15:46:55,609 - ModernActiveInference - INFO -     Conditional independence: 0.9324
2026-01-09 15:46:55,609 - ModernActiveInference - INFO -     Surprise: 0.3819
2026-01-09 15:46:55,609 - ModernActiveInference - INFO -     Information gain: 0.0000
2026-01-09 15:46:55,609 - geo_infer_act.utils.analysis - DEBUG - Recorded step 5: FE=-1.7985
2026-01-09 15:46:55,632 - ModernActiveInference - INFO -   Step 6: external_influence
2026-01-09 15:46:55,632 - ModernActiveInference - INFO -     Conditional independence: 0.9212
2026-01-09 15:46:55,632 - ModernActiveInference - INFO -     Surprise: 0.4687
2026-01-09 15:46:55,632 - ModernActiveInference - INFO -     Information gain: 0.0000
2026-01-09 15:46:55,632 - geo_infer_act.utils.analysis - DEBUG - Recorded step 6: FE=-1.7985
2026-01-09 15:46:55,653 - ModernActiveInference - INFO -   Step 7: external_influence
2026-01-09 15:46:55,653 - ModernActiveInference - INFO -     Conditional independence: 0.9470
2026-01-09 15:46:55,653 - ModernActiveInference - INFO -     Surprise: 0.4298
2026-01-09 15:46:55,653 - ModernActiveInference - INFO -     Information gain: 0.0000
2026-01-09 15:46:55,653 - geo_infer_act.utils.analysis - DEBUG - Recorded step 7: FE=-1.7985
2026-01-09 15:46:55,674 - ModernActiveInference - INFO -   Step 8: external_influence
2026-01-09 15:46:55,674 - ModernActiveInference - INFO -     Conditional independence: 0.9468
2026-01-09 15:46:55,674 - ModernActiveInference - INFO -     Surprise: 0.3413
2026-01-09 15:46:55,674 - ModernActiveInference - INFO -     Information gain: 0.0000
2026-01-09 15:46:55,674 - geo_infer_act.utils.analysis - DEBUG - Recorded step 8: FE=-1.7985
2026-01-09 15:46:55,696 - ModernActiveInference - INFO -   Step 9: external_influence
2026-01-09 15:46:55,696 - ModernActiveInference - INFO -     Conditional independence: 0.9547
2026-01-09 15:46:55,696 - ModernActiveInference - INFO -     Surprise: 0.0636
2026-01-09 15:46:55,696 - ModernActiveInference - INFO -     Information gain: 0.0000
2026-01-09 15:46:55,696 - geo_infer_act.utils.analysis - DEBUG - Recorded step 9: FE=-1.7985
2026-01-09 15:46:55,717 - ModernActiveInference - INFO -   Step 10: external_influence
2026-01-09 15:46:55,717 - ModernActiveInference - INFO -     Conditional independence: 0.9384
2026-01-09 15:46:55,717 - ModernActiveInference - INFO -     Surprise: 0.7741
2026-01-09 15:46:55,717 - ModernActiveInference - INFO -     Information gain: 0.0000
2026-01-09 15:46:55,717 - geo_infer_act.utils.analysis - DEBUG - Recorded step 10: FE=-1.7985
2026-01-09 15:46:55,738 - ModernActiveInference - INFO -   Step 11: internal_processing
2026-01-09 15:46:55,738 - ModernActiveInference - INFO -     Conditional independence: 0.9708
2026-01-09 15:46:55,738 - ModernActiveInference - INFO -     Surprise: 0.0000
2026-01-09 15:46:55,738 - ModernActiveInference - INFO -     Information gain: 0.0000
2026-01-09 15:46:55,738 - geo_infer_act.utils.analysis - DEBUG - Recorded step 11: FE=-1.7985
2026-01-09 15:46:55,759 - ModernActiveInference - INFO -   Step 12: internal_processing
2026-01-09 15:46:55,759 - ModernActiveInference - INFO -     Conditional independence: 0.9830
2026-01-09 15:46:55,759 - ModernActiveInference - INFO -     Surprise: 0.0000
2026-01-09 15:46:55,759 - ModernActiveInference - INFO -     Information gain: 0.0000
2026-01-09 15:46:55,759 - geo_infer_act.utils.analysis - DEBUG - Recorded step 12: FE=-1.7985
2026-01-09 15:46:55,780 - ModernActiveInference - INFO -   Step 13: internal_processing
2026-01-09 15:46:55,780 - ModernActiveInference - INFO -     Conditional independence: 0.9779
2026-01-09 15:46:55,780 - ModernActiveInference - INFO -     Surprise: 0.1645
2026-01-09 15:46:55,780 - ModernActiveInference - INFO -     Information gain: 0.0000
2026-01-09 15:46:55,780 - geo_infer_act.utils.analysis - DEBUG - Recorded step 13: FE=-1.7985
2026-01-09 15:46:55,801 - ModernActiveInference - INFO -   Step 14: internal_processing
2026-01-09 15:46:55,801 - ModernActiveInference - INFO -     Conditional independence: 0.9526
2026-01-09 15:46:55,801 - ModernActiveInference - INFO -     Surprise: 0.1714
2026-01-09 15:46:55,801 - ModernActiveInference - INFO -     Information gain: 0.0000
2026-01-09 15:46:55,801 - geo_infer_act.utils.analysis - DEBUG - Recorded step 14: FE=-1.7985
2026-01-09 15:46:55,823 - ModernActiveInference - INFO -   Step 15: internal_processing
2026-01-09 15:46:55,823 - ModernActiveInference - INFO -     Conditional independence: 0.9537
2026-01-09 15:46:55,823 - ModernActiveInference - INFO -     Surprise: 3.3216
2026-01-09 15:46:55,823 - ModernActiveInference - INFO -     Information gain: 0.0000
2026-01-09 15:46:55,823 - geo_infer_act.utils.analysis - DEBUG - Recorded step 15: FE=-1.7985
2026-01-09 15:46:55,845 - ModernActiveInference - INFO -   Step 16: internal_processing
2026-01-09 15:46:55,845 - ModernActiveInference - INFO -     Conditional independence: 0.9784
2026-01-09 15:46:55,845 - ModernActiveInference - INFO -     Surprise: 1.7110
2026-01-09 15:46:55,845 - ModernActiveInference - INFO -     Information gain: 0.0000
2026-01-09 15:46:55,845 - geo_infer_act.utils.analysis - DEBUG - Recorded step 16: FE=-1.7985
2026-01-09 15:46:55,866 - ModernActiveInference - INFO -   Step 17: internal_processing
2026-01-09 15:46:55,866 - ModernActiveInference - INFO -     Conditional independence: 0.9547
2026-01-09 15:46:55,866 - ModernActiveInference - INFO -     Surprise: 0.6092
2026-01-09 15:46:55,866 - ModernActiveInference - INFO -     Information gain: 0.0000
2026-01-09 15:46:55,866 - geo_infer_act.utils.analysis - DEBUG - Recorded step 17: FE=-1.7985
2026-01-09 15:46:55,887 - ModernActiveInference - INFO -   Step 18: internal_processing
2026-01-09 15:46:55,888 - ModernActiveInference - INFO -     Conditional independence: 0.9856
2026-01-09 15:46:55,888 - ModernActiveInference - INFO -     Surprise: 0.3365
2026-01-09 15:46:55,888 - ModernActiveInference - INFO -     Information gain: 0.0000
2026-01-09 15:46:55,888 - geo_infer_act.utils.analysis - DEBUG - Recorded step 18: FE=-1.7985
2026-01-09 15:46:55,908 - ModernActiveInference - INFO -   Step 19: internal_processing
2026-01-09 15:46:55,908 - ModernActiveInference - INFO -     Conditional independence: 0.9925
2026-01-09 15:46:55,908 - ModernActiveInference - INFO -     Surprise: 0.7383
2026-01-09 15:46:55,908 - ModernActiveInference - INFO -     Information gain: 0.0000
2026-01-09 15:46:55,908 - geo_infer_act.utils.analysis - DEBUG - Recorded step 19: FE=-1.7985
2026-01-09 15:46:55,929 - ModernActiveInference - INFO -   Step 20: internal_processing
2026-01-09 15:46:55,929 - ModernActiveInference - INFO -     Conditional independence: 0.9581
2026-01-09 15:46:55,929 - ModernActiveInference - INFO -     Surprise: 0.0671
2026-01-09 15:46:55,929 - ModernActiveInference - INFO -     Information gain: 0.0000
2026-01-09 15:46:55,929 - geo_infer_act.utils.analysis - DEBUG - Recorded step 20: FE=-1.7985
2026-01-09 15:46:55,950 - ModernActiveInference - INFO -   Step 21: active_sampling
2026-01-09 15:46:55,950 - ModernActiveInference - INFO -     Conditional independence: 0.8871
2026-01-09 15:46:55,950 - ModernActiveInference - INFO -     Surprise: 1.3669
2026-01-09 15:46:55,950 - ModernActiveInference - INFO -     Information gain: 0.0000
2026-01-09 15:46:55,950 - geo_infer_act.utils.analysis - DEBUG - Recorded step 21: FE=-1.7985
2026-01-09 15:46:55,972 - ModernActiveInference - INFO -   Step 22: active_sampling
2026-01-09 15:46:55,972 - ModernActiveInference - INFO -     Conditional independence: 0.8622
2026-01-09 15:46:55,972 - ModernActiveInference - INFO -     Surprise: 0.0000
2026-01-09 15:46:55,972 - ModernActiveInference - INFO -     Information gain: 0.0000
2026-01-09 15:46:55,972 - geo_infer_act.utils.analysis - DEBUG - Recorded step 22: FE=-1.7985
2026-01-09 15:46:55,993 - ModernActiveInference - INFO -   Step 23: active_sampling
2026-01-09 15:46:55,993 - ModernActiveInference - INFO -     Conditional independence: 0.9392
2026-01-09 15:46:55,993 - ModernActiveInference - INFO -     Surprise: 0.0000
2026-01-09 15:46:55,993 - ModernActiveInference - INFO -     Information gain: 0.0000
2026-01-09 15:46:55,993 - geo_infer_act.utils.analysis - DEBUG - Recorded step 23: FE=-1.7985
2026-01-09 15:46:56,014 - ModernActiveInference - INFO -   Step 24: active_sampling
2026-01-09 15:46:56,014 - ModernActiveInference - INFO -     Conditional independence: 0.9420
2026-01-09 15:46:56,015 - ModernActiveInference - INFO -     Surprise: 1.0311
2026-01-09 15:46:56,015 - ModernActiveInference - INFO -     Information gain: 0.0000
2026-01-09 15:46:56,015 - geo_infer_act.utils.analysis - DEBUG - Recorded step 24: FE=-1.7985
2026-01-09 15:46:56,036 - ModernActiveInference - INFO -   Step 25: active_sampling
2026-01-09 15:46:56,036 - ModernActiveInference - INFO -     Conditional independence: 0.9422
2026-01-09 15:46:56,036 - ModernActiveInference - INFO -     Surprise: 0.4135
2026-01-09 15:46:56,036 - ModernActiveInference - INFO -     Information gain: 0.0000
2026-01-09 15:46:56,036 - geo_infer_act.utils.analysis - DEBUG - Recorded step 25: FE=-1.7985
2026-01-09 15:46:56,057 - ModernActiveInference - INFO -   Step 26: active_sampling
2026-01-09 15:46:56,057 - ModernActiveInference - INFO -     Conditional independence: 0.9210
2026-01-09 15:46:56,057 - ModernActiveInference - INFO -     Surprise: 0.5107
2026-01-09 15:46:56,057 - ModernActiveInference - INFO -     Information gain: 0.0000
2026-01-09 15:46:56,057 - geo_infer_act.utils.analysis - DEBUG - Recorded step 26: FE=-1.7985
2026-01-09 15:46:56,077 - ModernActiveInference - INFO -   Step 27: active_sampling
2026-01-09 15:46:56,077 - ModernActiveInference - INFO -     Conditional independence: 0.9117
2026-01-09 15:46:56,077 - ModernActiveInference - INFO -     Surprise: 0.4372
2026-01-09 15:46:56,077 - ModernActiveInference - INFO -     Information gain: 0.0000
2026-01-09 15:46:56,077 - geo_infer_act.utils.analysis - DEBUG - Recorded step 27: FE=-1.7985
2026-01-09 15:46:56,099 - ModernActiveInference - INFO -   Step 28: active_sampling
2026-01-09 15:46:56,099 - ModernActiveInference - INFO -     Conditional independence: 0.9536
2026-01-09 15:46:56,099 - ModernActiveInference - INFO -     Surprise: 0.0000
2026-01-09 15:46:56,099 - ModernActiveInference - INFO -     Information gain: 0.0000
2026-01-09 15:46:56,099 - geo_infer_act.utils.analysis - DEBUG - Recorded step 28: FE=-1.7985
2026-01-09 15:46:56,120 - ModernActiveInference - INFO -   Step 29: active_sampling
2026-01-09 15:46:56,120 - ModernActiveInference - INFO -     Conditional independence: 0.9563
2026-01-09 15:46:56,120 - ModernActiveInference - INFO -     Surprise: 1.3892
2026-01-09 15:46:56,120 - ModernActiveInference - INFO -     Information gain: 0.0000
2026-01-09 15:46:56,120 - geo_infer_act.utils.analysis - DEBUG - Recorded step 29: FE=-1.7985
2026-01-09 15:46:56,140 - ModernActiveInference - INFO -   Step 30: active_sampling
2026-01-09 15:46:56,140 - ModernActiveInference - INFO -     Conditional independence: 0.9892
2026-01-09 15:46:56,140 - ModernActiveInference - INFO -     Surprise: 2.7039
2026-01-09 15:46:56,140 - ModernActiveInference - INFO -     Information gain: 0.0000
2026-01-09 15:46:56,141 - geo_infer_act.utils.analysis - DEBUG - Recorded step 30: FE=-1.7985
2026-01-09 15:46:56,141 - ModernActiveInference - INFO - Markov blanket analysis complete:
2026-01-09 15:46:56,141 - ModernActiveInference - INFO -   Average conditional independence: 0.9436
2026-01-09 15:46:56,141 - ModernActiveInference - INFO -   Independence stability: 0.9690
2026-01-09 15:46:56,141 - ModernActiveInference - INFO - 
==================================================
2026-01-09 15:46:56,141 - ModernActiveInference - INFO - 4. SPATIAL-TEMPORAL DYNAMICS
2026-01-09 15:46:56,141 - ModernActiveInference - INFO - ==================================================
2026-01-09 15:46:56,141 - ModernActiveInference - INFO - Demonstrating spatial-temporal dynamics
2026-01-09 15:46:56,141 - geo_infer_act.core.active_inference - INFO - Initialized ActiveInferenceModel with type: categorical
2026-01-09 15:46:56,141 - geo_infer_act.api.interface - INFO - Created categorical model: spatial_temporal_model
2026-01-09 15:46:56,141 - geo_infer_act.core.generative_model - INFO - Enabled spatial navigation with 3x3 grid
2026-01-09 15:46:56,141 - geo_infer_act.utils.analysis - INFO - ActiveInferenceAnalyzer initialized with output: /Users/4d/Documents/GitHub/GEO-INFER/output/modern_active_inference_20260109_154655/spatial_temporal
2026-01-09 15:46:56,141 - ModernActiveInference - INFO - Running spatial-temporal simulation for 25 steps
2026-01-09 15:46:56,146 - ModernActiveInference - INFO -   Step 1:
2026-01-09 15:46:56,146 - ModernActiveInference - INFO -     Spatial correlation: nan
2026-01-09 15:46:56,146 - ModernActiveInference - INFO -     Surprise: 1.1701
2026-01-09 15:46:56,146 - geo_infer_act.utils.analysis - DEBUG - Recorded step 1: FE=-2.2608
2026-01-09 15:46:56,149 - ModernActiveInference - INFO -   Step 2:
2026-01-09 15:46:56,149 - ModernActiveInference - INFO -     Spatial correlation: nan
2026-01-09 15:46:56,149 - ModernActiveInference - INFO -     Temporal coherence: 1.0000
2026-01-09 15:46:56,149 - ModernActiveInference - INFO -     Surprise: 2.1934
2026-01-09 15:46:56,149 - geo_infer_act.utils.analysis - DEBUG - Recorded step 2: FE=-2.2608
2026-01-09 15:46:56,152 - ModernActiveInference - INFO -   Step 3:
2026-01-09 15:46:56,152 - ModernActiveInference - INFO -     Spatial correlation: nan
2026-01-09 15:46:56,152 - ModernActiveInference - INFO -     Temporal coherence: 1.0000
2026-01-09 15:46:56,152 - ModernActiveInference - INFO -     Surprise: 3.4054
2026-01-09 15:46:56,152 - geo_infer_act.utils.analysis - DEBUG - Recorded step 3: FE=-2.2608
2026-01-09 15:46:56,155 - ModernActiveInference - INFO -   Step 4:
2026-01-09 15:46:56,155 - ModernActiveInference - INFO -     Spatial correlation: nan
2026-01-09 15:46:56,155 - ModernActiveInference - INFO -     Temporal coherence: 1.0000
2026-01-09 15:46:56,155 - ModernActiveInference - INFO -     Surprise: 2.5409
2026-01-09 15:46:56,155 - geo_infer_act.utils.analysis - DEBUG - Recorded step 4: FE=-2.2608
2026-01-09 15:46:56,158 - ModernActiveInference - INFO -   Step 5:
2026-01-09 15:46:56,158 - ModernActiveInference - INFO -     Spatial correlation: nan
2026-01-09 15:46:56,158 - ModernActiveInference - INFO -     Temporal coherence: 1.0000
2026-01-09 15:46:56,158 - ModernActiveInference - INFO -     Surprise: 2.4557
2026-01-09 15:46:56,158 - geo_infer_act.utils.analysis - DEBUG - Recorded step 5: FE=-2.2608
2026-01-09 15:46:56,161 - ModernActiveInference - INFO -   Step 6:
2026-01-09 15:46:56,161 - ModernActiveInference - INFO -     Spatial correlation: nan
2026-01-09 15:46:56,161 - ModernActiveInference - INFO -     Temporal coherence: 1.0000
2026-01-09 15:46:56,161 - ModernActiveInference - INFO -     Surprise: 1.8791
2026-01-09 15:46:56,161 - geo_infer_act.utils.analysis - DEBUG - Recorded step 6: FE=-2.2608
2026-01-09 15:46:56,163 - ModernActiveInference - INFO -   Step 7:
2026-01-09 15:46:56,163 - ModernActiveInference - INFO -     Spatial correlation: nan
2026-01-09 15:46:56,163 - ModernActiveInference - INFO -     Temporal coherence: 1.0000
2026-01-09 15:46:56,163 - ModernActiveInference - INFO -     Surprise: 2.1497
2026-01-09 15:46:56,164 - geo_infer_act.utils.analysis - DEBUG - Recorded step 7: FE=-2.2608
2026-01-09 15:46:56,166 - ModernActiveInference - INFO -   Step 8:
2026-01-09 15:46:56,166 - ModernActiveInference - INFO -     Spatial correlation: nan
2026-01-09 15:46:56,166 - ModernActiveInference - INFO -     Temporal coherence: 1.0000
2026-01-09 15:46:56,166 - ModernActiveInference - INFO -     Surprise: 1.5717
2026-01-09 15:46:56,166 - geo_infer_act.utils.analysis - DEBUG - Recorded step 8: FE=-2.2608
2026-01-09 15:46:56,169 - ModernActiveInference - INFO -   Step 9:
2026-01-09 15:46:56,169 - ModernActiveInference - INFO -     Spatial correlation: nan
2026-01-09 15:46:56,169 - ModernActiveInference - INFO -     Temporal coherence: 1.0000
2026-01-09 15:46:56,169 - ModernActiveInference - INFO -     Surprise: 1.3375
2026-01-09 15:46:56,169 - geo_infer_act.utils.analysis - DEBUG - Recorded step 9: FE=-2.2608
2026-01-09 15:46:56,172 - ModernActiveInference - INFO -   Step 10:
2026-01-09 15:46:56,172 - ModernActiveInference - INFO -     Spatial correlation: nan
2026-01-09 15:46:56,172 - ModernActiveInference - INFO -     Temporal coherence: 1.0000
2026-01-09 15:46:56,172 - ModernActiveInference - INFO -     Surprise: 0.6049
2026-01-09 15:46:56,172 - geo_infer_act.utils.analysis - DEBUG - Recorded step 10: FE=-2.2608
2026-01-09 15:46:56,175 - ModernActiveInference - INFO -   Step 11:
2026-01-09 15:46:56,175 - ModernActiveInference - INFO -     Spatial correlation: nan
2026-01-09 15:46:56,175 - ModernActiveInference - INFO -     Temporal coherence: 1.0000
2026-01-09 15:46:56,175 - ModernActiveInference - INFO -     Surprise: 2.1610
2026-01-09 15:46:56,175 - geo_infer_act.utils.analysis - DEBUG - Recorded step 11: FE=-2.2608
2026-01-09 15:46:56,178 - ModernActiveInference - INFO -   Step 12:
2026-01-09 15:46:56,178 - ModernActiveInference - INFO -     Spatial correlation: nan
2026-01-09 15:46:56,178 - ModernActiveInference - INFO -     Temporal coherence: 1.0000
2026-01-09 15:46:56,178 - ModernActiveInference - INFO -     Surprise: 0.8628
2026-01-09 15:46:56,178 - geo_infer_act.utils.analysis - DEBUG - Recorded step 12: FE=-2.2608
2026-01-09 15:46:56,181 - ModernActiveInference - INFO -   Step 13:
2026-01-09 15:46:56,181 - ModernActiveInference - INFO -     Spatial correlation: nan
2026-01-09 15:46:56,181 - ModernActiveInference - INFO -     Temporal coherence: 1.0000
2026-01-09 15:46:56,181 - ModernActiveInference - INFO -     Surprise: 1.0178
2026-01-09 15:46:56,181 - geo_infer_act.utils.analysis - DEBUG - Recorded step 13: FE=-2.2608
2026-01-09 15:46:56,183 - ModernActiveInference - INFO -   Step 14:
2026-01-09 15:46:56,184 - ModernActiveInference - INFO -     Spatial correlation: nan
2026-01-09 15:46:56,184 - ModernActiveInference - INFO -     Temporal coherence: 1.0000
2026-01-09 15:46:56,184 - ModernActiveInference - INFO -     Surprise: 1.3495
2026-01-09 15:46:56,184 - geo_infer_act.utils.analysis - DEBUG - Recorded step 14: FE=-2.2608
2026-01-09 15:46:56,186 - ModernActiveInference - INFO -   Step 15:
2026-01-09 15:46:56,186 - ModernActiveInference - INFO -     Spatial correlation: nan
2026-01-09 15:46:56,186 - ModernActiveInference - INFO -     Temporal coherence: 1.0000
2026-01-09 15:46:56,186 - ModernActiveInference - INFO -     Surprise: 3.9868
2026-01-09 15:46:56,186 - geo_infer_act.utils.analysis - DEBUG - Recorded step 15: FE=-2.2608
2026-01-09 15:46:56,189 - ModernActiveInference - INFO -   Step 16:
2026-01-09 15:46:56,189 - ModernActiveInference - INFO -     Spatial correlation: nan
2026-01-09 15:46:56,189 - ModernActiveInference - INFO -     Temporal coherence: 1.0000
2026-01-09 15:46:56,189 - ModernActiveInference - INFO -     Surprise: 5.5147
2026-01-09 15:46:56,189 - geo_infer_act.utils.analysis - DEBUG - Recorded step 16: FE=-2.2608
2026-01-09 15:46:56,192 - ModernActiveInference - INFO -   Step 17:
2026-01-09 15:46:56,192 - ModernActiveInference - INFO -     Spatial correlation: nan
2026-01-09 15:46:56,192 - ModernActiveInference - INFO -     Temporal coherence: 1.0000
2026-01-09 15:46:56,192 - ModernActiveInference - INFO -     Surprise: 6.1532
2026-01-09 15:46:56,192 - geo_infer_act.utils.analysis - DEBUG - Recorded step 17: FE=-2.2608
2026-01-09 15:46:56,195 - ModernActiveInference - INFO -   Step 18:
2026-01-09 15:46:56,195 - ModernActiveInference - INFO -     Spatial correlation: nan
2026-01-09 15:46:56,195 - ModernActiveInference - INFO -     Temporal coherence: 1.0000
2026-01-09 15:46:56,195 - ModernActiveInference - INFO -     Surprise: 3.6895
2026-01-09 15:46:56,195 - geo_infer_act.utils.analysis - DEBUG - Recorded step 18: FE=-2.2608
2026-01-09 15:46:56,198 - ModernActiveInference - INFO -   Step 19:
2026-01-09 15:46:56,198 - ModernActiveInference - INFO -     Spatial correlation: nan
2026-01-09 15:46:56,198 - ModernActiveInference - INFO -     Temporal coherence: 1.0000
2026-01-09 15:46:56,198 - ModernActiveInference - INFO -     Surprise: 3.7866
2026-01-09 15:46:56,198 - geo_infer_act.utils.analysis - DEBUG - Recorded step 19: FE=-2.2608
2026-01-09 15:46:56,201 - ModernActiveInference - INFO -   Step 20:
2026-01-09 15:46:56,201 - ModernActiveInference - INFO -     Spatial correlation: nan
2026-01-09 15:46:56,201 - ModernActiveInference - INFO -     Temporal coherence: 1.0000
2026-01-09 15:46:56,201 - ModernActiveInference - INFO -     Surprise: 3.6160
2026-01-09 15:46:56,201 - geo_infer_act.utils.analysis - DEBUG - Recorded step 20: FE=-2.2608
2026-01-09 15:46:56,204 - ModernActiveInference - INFO -   Step 21:
2026-01-09 15:46:56,204 - ModernActiveInference - INFO -     Spatial correlation: nan
2026-01-09 15:46:56,204 - ModernActiveInference - INFO -     Temporal coherence: 1.0000
2026-01-09 15:46:56,204 - ModernActiveInference - INFO -     Surprise: 3.8529
2026-01-09 15:46:56,204 - geo_infer_act.utils.analysis - DEBUG - Recorded step 21: FE=-2.2608
2026-01-09 15:46:56,207 - ModernActiveInference - INFO -   Step 22:
2026-01-09 15:46:56,207 - ModernActiveInference - INFO -     Spatial correlation: nan
2026-01-09 15:46:56,207 - ModernActiveInference - INFO -     Temporal coherence: 1.0000
2026-01-09 15:46:56,207 - ModernActiveInference - INFO -     Surprise: 1.8317
2026-01-09 15:46:56,207 - geo_infer_act.utils.analysis - DEBUG - Recorded step 22: FE=-2.2608
2026-01-09 15:46:56,209 - ModernActiveInference - INFO -   Step 23:
2026-01-09 15:46:56,209 - ModernActiveInference - INFO -     Spatial correlation: nan
2026-01-09 15:46:56,209 - ModernActiveInference - INFO -     Temporal coherence: 1.0000
2026-01-09 15:46:56,209 - ModernActiveInference - INFO -     Surprise: 2.1367
2026-01-09 15:46:56,210 - geo_infer_act.utils.analysis - DEBUG - Recorded step 23: FE=-2.2608
2026-01-09 15:46:56,212 - ModernActiveInference - INFO -   Step 24:
2026-01-09 15:46:56,212 - ModernActiveInference - INFO -     Spatial correlation: nan
2026-01-09 15:46:56,212 - ModernActiveInference - INFO -     Temporal coherence: 1.0000
2026-01-09 15:46:56,212 - ModernActiveInference - INFO -     Surprise: 1.0553
2026-01-09 15:46:56,212 - geo_infer_act.utils.analysis - DEBUG - Recorded step 24: FE=-2.2608
2026-01-09 15:46:56,215 - ModernActiveInference - INFO -   Step 25:
2026-01-09 15:46:56,215 - ModernActiveInference - INFO -     Spatial correlation: nan
2026-01-09 15:46:56,215 - ModernActiveInference - INFO -     Temporal coherence: 1.0000
2026-01-09 15:46:56,215 - ModernActiveInference - INFO -     Surprise: 2.3000
2026-01-09 15:46:56,215 - geo_infer_act.utils.analysis - DEBUG - Recorded step 25: FE=-2.2608
2026-01-09 15:46:56,215 - ModernActiveInference - INFO - Spatial-temporal analysis complete:
2026-01-09 15:46:56,215 - ModernActiveInference - INFO -   Average spatial correlation: nan
2026-01-09 15:46:56,215 - ModernActiveInference - INFO -   Average temporal coherence: 1.0000
2026-01-09 15:46:56,215 - ModernActiveInference - INFO -   Spatial stability: nan
2026-01-09 15:46:56,215 - ModernActiveInference - INFO - 
==================================================
2026-01-09 15:46:56,215 - ModernActiveInference - INFO - 5. MULTI-AGENT COORDINATION
2026-01-09 15:46:56,215 - ModernActiveInference - INFO - ==================================================
2026-01-09 15:46:56,215 - ModernActiveInference - INFO - Demonstrating multi-agent coordination
2026-01-09 15:46:56,215 - geo_infer_act.core.active_inference - INFO - Initialized ActiveInferenceModel with type: categorical
2026-01-09 15:46:56,215 - geo_infer_act.api.interface - INFO - Created categorical model: multi_agent_agent_0
2026-01-09 15:46:56,216 - geo_infer_act.utils.analysis - INFO - ActiveInferenceAnalyzer initialized with output: /Users/4d/Documents/GitHub/GEO-INFER/output/modern_active_inference_20260109_154655/multi_agent/agent_0
2026-01-09 15:46:56,216 - ModernActiveInference - INFO -   Created agent 0 (Leader)
2026-01-09 15:46:56,216 - geo_infer_act.core.active_inference - INFO - Initialized ActiveInferenceModel with type: categorical
2026-01-09 15:46:56,216 - geo_infer_act.api.interface - INFO - Created categorical model: multi_agent_agent_1
2026-01-09 15:46:56,216 - geo_infer_act.utils.analysis - INFO - ActiveInferenceAnalyzer initialized with output: /Users/4d/Documents/GitHub/GEO-INFER/output/modern_active_inference_20260109_154655/multi_agent/agent_1
2026-01-09 15:46:56,216 - ModernActiveInference - INFO -   Created agent 1 (Coordinator)
2026-01-09 15:46:56,216 - geo_infer_act.core.active_inference - INFO - Initialized ActiveInferenceModel with type: categorical
2026-01-09 15:46:56,216 - geo_infer_act.api.interface - INFO - Created categorical model: multi_agent_agent_2
2026-01-09 15:46:56,217 - geo_infer_act.utils.analysis - INFO - ActiveInferenceAnalyzer initialized with output: /Users/4d/Documents/GitHub/GEO-INFER/output/modern_active_inference_20260109_154655/multi_agent/agent_2
2026-01-09 15:46:56,217 - ModernActiveInference - INFO -   Created agent 2 (Follower)
2026-01-09 15:46:56,217 - geo_infer_act.core.active_inference - INFO - Initialized ActiveInferenceModel with type: categorical
2026-01-09 15:46:56,217 - geo_infer_act.api.interface - INFO - Created categorical model: multi_agent_agent_3
2026-01-09 15:46:56,217 - geo_infer_act.utils.analysis - INFO - ActiveInferenceAnalyzer initialized with output: /Users/4d/Documents/GitHub/GEO-INFER/output/modern_active_inference_20260109_154655/multi_agent/agent_3
2026-01-09 15:46:56,217 - ModernActiveInference - INFO -   Created agent 3 (Follower)
2026-01-09 15:46:56,217 - ModernActiveInference - INFO - Running multi-agent coordination for 20 steps
2026-01-09 15:46:56,239 - geo_infer_act.utils.analysis - DEBUG - Recorded step 1: FE=-1.7944
2026-01-09 15:46:56,241 - geo_infer_act.utils.analysis - DEBUG - Recorded step 1: FE=-1.6094
2026-01-09 15:46:56,241 - geo_infer_act.utils.analysis - DEBUG - Recorded step 1: FE=-1.3863
2026-01-09 15:46:56,241 - geo_infer_act.utils.analysis - DEBUG - Recorded step 1: FE=-1.3863
2026-01-09 15:46:56,242 - ModernActiveInference - INFO -   Step 1: coordination_challenge
2026-01-09 15:46:56,242 - ModernActiveInference - INFO -     Coordination score: 0.0000
2026-01-09 15:46:56,242 - ModernActiveInference - INFO -     Action consensus: 0.8421
2026-01-09 15:46:56,242 - ModernActiveInference - INFO -     Agent actions: [1, 2, 2, 2]
2026-01-09 15:46:56,264 - geo_infer_act.utils.analysis - DEBUG - Recorded step 2: FE=-1.7944
2026-01-09 15:46:56,265 - geo_infer_act.utils.analysis - DEBUG - Recorded step 2: FE=-1.6094
2026-01-09 15:46:56,265 - geo_infer_act.utils.analysis - DEBUG - Recorded step 2: FE=-1.3863
2026-01-09 15:46:56,266 - geo_infer_act.utils.analysis - DEBUG - Recorded step 2: FE=-1.3863
2026-01-09 15:46:56,266 - ModernActiveInference - INFO -   Step 2: coordination_challenge
2026-01-09 15:46:56,266 - ModernActiveInference - INFO -     Coordination score: 0.0000
2026-01-09 15:46:56,266 - ModernActiveInference - INFO -     Action consensus: 0.8421
2026-01-09 15:46:56,266 - ModernActiveInference - INFO -     Agent actions: [2, 2, 2, 1]
2026-01-09 15:46:56,288 - geo_infer_act.utils.analysis - DEBUG - Recorded step 3: FE=-1.7944
2026-01-09 15:46:56,289 - geo_infer_act.utils.analysis - DEBUG - Recorded step 3: FE=-1.6094
2026-01-09 15:46:56,289 - geo_infer_act.utils.analysis - DEBUG - Recorded step 3: FE=-1.3863
2026-01-09 15:46:56,290 - geo_infer_act.utils.analysis - DEBUG - Recorded step 3: FE=-1.3863
2026-01-09 15:46:56,290 - ModernActiveInference - INFO -   Step 3: coordination_challenge
2026-01-09 15:46:56,290 - ModernActiveInference - INFO -     Coordination score: 0.0000
2026-01-09 15:46:56,290 - ModernActiveInference - INFO -     Action consensus: 0.6667
2026-01-09 15:46:56,290 - ModernActiveInference - INFO -     Agent actions: [0, 1, 2, 1]
2026-01-09 15:46:56,312 - geo_infer_act.utils.analysis - DEBUG - Recorded step 4: FE=-1.7944
2026-01-09 15:46:56,313 - geo_infer_act.utils.analysis - DEBUG - Recorded step 4: FE=-1.6094
2026-01-09 15:46:56,313 - geo_infer_act.utils.analysis - DEBUG - Recorded step 4: FE=-1.3863
2026-01-09 15:46:56,314 - geo_infer_act.utils.analysis - DEBUG - Recorded step 4: FE=-1.3863
2026-01-09 15:46:56,314 - ModernActiveInference - INFO -   Step 4: coordination_challenge
2026-01-09 15:46:56,314 - ModernActiveInference - INFO -     Coordination score: 0.0000
2026-01-09 15:46:56,314 - ModernActiveInference - INFO -     Action consensus: 0.5714
2026-01-09 15:46:56,314 - ModernActiveInference - INFO -     Agent actions: [2, 0, 0, 0]
2026-01-09 15:46:56,336 - geo_infer_act.utils.analysis - DEBUG - Recorded step 5: FE=-1.7944
2026-01-09 15:46:56,337 - geo_infer_act.utils.analysis - DEBUG - Recorded step 5: FE=-1.6094
2026-01-09 15:46:56,337 - geo_infer_act.utils.analysis - DEBUG - Recorded step 5: FE=-1.3863
2026-01-09 15:46:56,338 - geo_infer_act.utils.analysis - DEBUG - Recorded step 5: FE=-1.3863
2026-01-09 15:46:56,338 - ModernActiveInference - INFO -   Step 5: coordination_challenge
2026-01-09 15:46:56,338 - ModernActiveInference - INFO -     Coordination score: 0.0000
2026-01-09 15:46:56,338 - ModernActiveInference - INFO -     Action consensus: 0.5926
2026-01-09 15:46:56,338 - ModernActiveInference - INFO -     Agent actions: [0, 1, 0, 2]
2026-01-09 15:46:56,360 - geo_infer_act.utils.analysis - DEBUG - Recorded step 6: FE=-1.7944
2026-01-09 15:46:56,361 - geo_infer_act.utils.analysis - DEBUG - Recorded step 6: FE=-1.6094
2026-01-09 15:46:56,362 - geo_infer_act.utils.analysis - DEBUG - Recorded step 6: FE=-1.3863
2026-01-09 15:46:56,362 - geo_infer_act.utils.analysis - DEBUG - Recorded step 6: FE=-1.3863
2026-01-09 15:46:56,362 - ModernActiveInference - INFO -   Step 6: coordination_challenge
2026-01-09 15:46:56,362 - ModernActiveInference - INFO -     Coordination score: 0.0000
2026-01-09 15:46:56,362 - ModernActiveInference - INFO -     Action consensus: 0.8000
2026-01-09 15:46:56,362 - ModernActiveInference - INFO -     Agent actions: [2, 1, 1, 2]
2026-01-09 15:46:56,384 - geo_infer_act.utils.analysis - DEBUG - Recorded step 7: FE=-1.7944
2026-01-09 15:46:56,385 - geo_infer_act.utils.analysis - DEBUG - Recorded step 7: FE=-1.6094
2026-01-09 15:46:56,386 - geo_infer_act.utils.analysis - DEBUG - Recorded step 7: FE=-1.3863
2026-01-09 15:46:56,386 - geo_infer_act.utils.analysis - DEBUG - Recorded step 7: FE=-1.3863
2026-01-09 15:46:56,386 - ModernActiveInference - INFO -   Step 7: coordination_challenge
2026-01-09 15:46:56,386 - ModernActiveInference - INFO -     Coordination score: 0.0000
2026-01-09 15:46:56,386 - ModernActiveInference - INFO -     Action consensus: 0.6667
2026-01-09 15:46:56,386 - ModernActiveInference - INFO -     Agent actions: [1, 1, 0, 2]
2026-01-09 15:46:56,408 - geo_infer_act.utils.analysis - DEBUG - Recorded step 8: FE=-1.7944
2026-01-09 15:46:56,410 - geo_infer_act.utils.analysis - DEBUG - Recorded step 8: FE=-1.6094
2026-01-09 15:46:56,410 - geo_infer_act.utils.analysis - DEBUG - Recorded step 8: FE=-1.3863
2026-01-09 15:46:56,410 - geo_infer_act.utils.analysis - DEBUG - Recorded step 8: FE=-1.3863
2026-01-09 15:46:56,411 - ModernActiveInference - INFO -   Step 8: consensus_building
2026-01-09 15:46:56,411 - ModernActiveInference - INFO -     Coordination score: 0.0000
2026-01-09 15:46:56,411 - ModernActiveInference - INFO -     Action consensus: 0.8000
2026-01-09 15:46:56,411 - ModernActiveInference - INFO -     Agent actions: [0, 0, 1, 1]
2026-01-09 15:46:56,433 - geo_infer_act.utils.analysis - DEBUG - Recorded step 9: FE=-1.7944
2026-01-09 15:46:56,434 - geo_infer_act.utils.analysis - DEBUG - Recorded step 9: FE=-1.6094
2026-01-09 15:46:56,434 - geo_infer_act.utils.analysis - DEBUG - Recorded step 9: FE=-1.3863
2026-01-09 15:46:56,435 - geo_infer_act.utils.analysis - DEBUG - Recorded step 9: FE=-1.3863
2026-01-09 15:46:56,435 - ModernActiveInference - INFO -   Step 9: consensus_building
2026-01-09 15:46:56,435 - ModernActiveInference - INFO -     Coordination score: 0.0000
2026-01-09 15:46:56,435 - ModernActiveInference - INFO -     Action consensus: 0.5926
2026-01-09 15:46:56,435 - ModernActiveInference - INFO -     Agent actions: [0, 2, 0, 1]
2026-01-09 15:46:56,457 - geo_infer_act.utils.analysis - DEBUG - Recorded step 10: FE=-1.7944
2026-01-09 15:46:56,459 - geo_infer_act.utils.analysis - DEBUG - Recorded step 10: FE=-1.6094
2026-01-09 15:46:56,459 - geo_infer_act.utils.analysis - DEBUG - Recorded step 10: FE=-1.3863
2026-01-09 15:46:56,459 - geo_infer_act.utils.analysis - DEBUG - Recorded step 10: FE=-1.3863
2026-01-09 15:46:56,459 - ModernActiveInference - INFO -   Step 10: consensus_building
2026-01-09 15:46:56,459 - ModernActiveInference - INFO -     Coordination score: 0.0000
2026-01-09 15:46:56,459 - ModernActiveInference - INFO -     Action consensus: 1.0000
2026-01-09 15:46:56,459 - ModernActiveInference - INFO -     Agent actions: [2, 2, 2, 2]
2026-01-09 15:46:56,482 - geo_infer_act.utils.analysis - DEBUG - Recorded step 11: FE=-1.7944
2026-01-09 15:46:56,483 - geo_infer_act.utils.analysis - DEBUG - Recorded step 11: FE=-1.6094
2026-01-09 15:46:56,483 - geo_infer_act.utils.analysis - DEBUG - Recorded step 11: FE=-1.3863
2026-01-09 15:46:56,484 - geo_infer_act.utils.analysis - DEBUG - Recorded step 11: FE=-1.3863
2026-01-09 15:46:56,484 - ModernActiveInference - INFO -   Step 11: consensus_building
2026-01-09 15:46:56,484 - ModernActiveInference - INFO -     Coordination score: 0.0000
2026-01-09 15:46:56,484 - ModernActiveInference - INFO -     Action consensus: 0.8421
2026-01-09 15:46:56,484 - ModernActiveInference - INFO -     Agent actions: [1, 0, 1, 1]
2026-01-09 15:46:56,505 - geo_infer_act.utils.analysis - DEBUG - Recorded step 12: FE=-1.7944
2026-01-09 15:46:56,507 - geo_infer_act.utils.analysis - DEBUG - Recorded step 12: FE=-1.6094
2026-01-09 15:46:56,507 - geo_infer_act.utils.analysis - DEBUG - Recorded step 12: FE=-1.3863
2026-01-09 15:46:56,507 - geo_infer_act.utils.analysis - DEBUG - Recorded step 12: FE=-1.3863
2026-01-09 15:46:56,508 - ModernActiveInference - INFO -   Step 12: consensus_building
2026-01-09 15:46:56,508 - ModernActiveInference - INFO -     Coordination score: 0.0000
2026-01-09 15:46:56,508 - ModernActiveInference - INFO -     Action consensus: 0.5714
2026-01-09 15:46:56,508 - ModernActiveInference - INFO -     Agent actions: [2, 0, 2, 2]
2026-01-09 15:46:56,529 - geo_infer_act.utils.analysis - DEBUG - Recorded step 13: FE=-1.7944
2026-01-09 15:46:56,531 - geo_infer_act.utils.analysis - DEBUG - Recorded step 13: FE=-1.6094
2026-01-09 15:46:56,531 - geo_infer_act.utils.analysis - DEBUG - Recorded step 13: FE=-1.3863
2026-01-09 15:46:56,531 - geo_infer_act.utils.analysis - DEBUG - Recorded step 13: FE=-1.3863
2026-01-09 15:46:56,532 - ModernActiveInference - INFO -   Step 13: consensus_building
2026-01-09 15:46:56,532 - ModernActiveInference - INFO -     Coordination score: 0.0000
2026-01-09 15:46:56,532 - ModernActiveInference - INFO -     Action consensus: 0.8000
2026-01-09 15:46:56,532 - ModernActiveInference - INFO -     Agent actions: [2, 2, 1, 1]
2026-01-09 15:46:56,554 - geo_infer_act.utils.analysis - DEBUG - Recorded step 14: FE=-1.7944
2026-01-09 15:46:56,555 - geo_infer_act.utils.analysis - DEBUG - Recorded step 14: FE=-1.6094
2026-01-09 15:46:56,555 - geo_infer_act.utils.analysis - DEBUG - Recorded step 14: FE=-1.3863
2026-01-09 15:46:56,556 - geo_infer_act.utils.analysis - DEBUG - Recorded step 14: FE=-1.3863
2026-01-09 15:46:56,556 - ModernActiveInference - INFO -   Step 14: consensus_building
2026-01-09 15:46:56,556 - ModernActiveInference - INFO -     Coordination score: 0.0000
2026-01-09 15:46:56,556 - ModernActiveInference - INFO -     Action consensus: 0.8421
2026-01-09 15:46:56,556 - ModernActiveInference - INFO -     Agent actions: [0, 1, 0, 0]
2026-01-09 15:46:56,578 - geo_infer_act.utils.analysis - DEBUG - Recorded step 15: FE=-1.7944
2026-01-09 15:46:56,579 - geo_infer_act.utils.analysis - DEBUG - Recorded step 15: FE=-1.6094
2026-01-09 15:46:56,580 - geo_infer_act.utils.analysis - DEBUG - Recorded step 15: FE=-1.3863
2026-01-09 15:46:56,580 - geo_infer_act.utils.analysis - DEBUG - Recorded step 15: FE=-1.3863
2026-01-09 15:46:56,580 - ModernActiveInference - INFO -   Step 15: synchronized_action
2026-01-09 15:46:56,580 - ModernActiveInference - INFO -     Coordination score: 0.0000
2026-01-09 15:46:56,580 - ModernActiveInference - INFO -     Action consensus: 0.6667
2026-01-09 15:46:56,580 - ModernActiveInference - INFO -     Agent actions: [2, 1, 1, 0]
2026-01-09 15:46:56,602 - geo_infer_act.utils.analysis - DEBUG - Recorded step 16: FE=-1.7944
2026-01-09 15:46:56,603 - geo_infer_act.utils.analysis - DEBUG - Recorded step 16: FE=-1.6094
2026-01-09 15:46:56,604 - geo_infer_act.utils.analysis - DEBUG - Recorded step 16: FE=-1.3863
2026-01-09 15:46:56,604 - geo_infer_act.utils.analysis - DEBUG - Recorded step 16: FE=-1.3863
2026-01-09 15:46:56,604 - ModernActiveInference - INFO -   Step 16: synchronized_action
2026-01-09 15:46:56,604 - ModernActiveInference - INFO -     Coordination score: 0.0000
2026-01-09 15:46:56,604 - ModernActiveInference - INFO -     Action consensus: 0.6667
2026-01-09 15:46:56,604 - ModernActiveInference - INFO -     Agent actions: [0, 1, 2, 1]
2026-01-09 15:46:56,625 - geo_infer_act.utils.analysis - DEBUG - Recorded step 17: FE=-1.7944
2026-01-09 15:46:56,627 - geo_infer_act.utils.analysis - DEBUG - Recorded step 17: FE=-1.6094
2026-01-09 15:46:56,627 - geo_infer_act.utils.analysis - DEBUG - Recorded step 17: FE=-1.3863
2026-01-09 15:46:56,627 - geo_infer_act.utils.analysis - DEBUG - Recorded step 17: FE=-1.3863
2026-01-09 15:46:56,628 - ModernActiveInference - INFO -   Step 17: synchronized_action
2026-01-09 15:46:56,628 - ModernActiveInference - INFO -     Coordination score: 0.0000
2026-01-09 15:46:56,628 - ModernActiveInference - INFO -     Action consensus: 0.5926
2026-01-09 15:46:56,628 - ModernActiveInference - INFO -     Agent actions: [2, 0, 1, 2]
2026-01-09 15:46:56,649 - geo_infer_act.utils.analysis - DEBUG - Recorded step 18: FE=-1.7944
2026-01-09 15:46:56,651 - geo_infer_act.utils.analysis - DEBUG - Recorded step 18: FE=-1.6094
2026-01-09 15:46:56,651 - geo_infer_act.utils.analysis - DEBUG - Recorded step 18: FE=-1.3863
2026-01-09 15:46:56,651 - geo_infer_act.utils.analysis - DEBUG - Recorded step 18: FE=-1.3863
2026-01-09 15:46:56,652 - ModernActiveInference - INFO -   Step 18: synchronized_action
2026-01-09 15:46:56,652 - ModernActiveInference - INFO -     Coordination score: 0.0000
2026-01-09 15:46:56,652 - ModernActiveInference - INFO -     Action consensus: 0.5926
2026-01-09 15:46:56,652 - ModernActiveInference - INFO -     Agent actions: [1, 2, 0, 2]
2026-01-09 15:46:56,673 - geo_infer_act.utils.analysis - DEBUG - Recorded step 19: FE=-1.7944
2026-01-09 15:46:56,674 - geo_infer_act.utils.analysis - DEBUG - Recorded step 19: FE=-1.6094
2026-01-09 15:46:56,675 - geo_infer_act.utils.analysis - DEBUG - Recorded step 19: FE=-1.3863
2026-01-09 15:46:56,675 - geo_infer_act.utils.analysis - DEBUG - Recorded step 19: FE=-1.3863
2026-01-09 15:46:56,675 - ModernActiveInference - INFO -   Step 19: synchronized_action
2026-01-09 15:46:56,675 - ModernActiveInference - INFO -     Coordination score: 0.0000
2026-01-09 15:46:56,675 - ModernActiveInference - INFO -     Action consensus: 0.8000
2026-01-09 15:46:56,675 - ModernActiveInference - INFO -     Agent actions: [1, 2, 2, 1]
2026-01-09 15:46:56,697 - geo_infer_act.utils.analysis - DEBUG - Recorded step 20: FE=-1.7944
2026-01-09 15:46:56,698 - geo_infer_act.utils.analysis - DEBUG - Recorded step 20: FE=-1.6094
2026-01-09 15:46:56,699 - geo_infer_act.utils.analysis - DEBUG - Recorded step 20: FE=-1.3863
2026-01-09 15:46:56,699 - geo_infer_act.utils.analysis - DEBUG - Recorded step 20: FE=-1.3863
2026-01-09 15:46:56,699 - ModernActiveInference - INFO -   Step 20: synchronized_action
2026-01-09 15:46:56,699 - ModernActiveInference - INFO -     Coordination score: 0.0000
2026-01-09 15:46:56,699 - ModernActiveInference - INFO -     Action consensus: 0.8421
2026-01-09 15:46:56,699 - ModernActiveInference - INFO -     Agent actions: [1, 2, 2, 2]
2026-01-09 15:46:56,699 - ModernActiveInference - INFO - Multi-agent coordination analysis complete:
2026-01-09 15:46:56,699 - ModernActiveInference - INFO -   Average coordination: 0.0000
2026-01-09 15:46:56,699 - ModernActiveInference - INFO -   Average consensus: 0.7295
2026-01-09 15:46:56,699 - ModernActiveInference - INFO -   Coordination improvement: 0.0000
2026-01-09 15:46:56,699 - ModernActiveInference - INFO - 
==================================================
2026-01-09 15:46:56,699 - ModernActiveInference - INFO - 6. PERFORMANCE BENCHMARKING
2026-01-09 15:46:56,699 - ModernActiveInference - INFO - ==================================================
2026-01-09 15:46:56,699 - ModernActiveInference - INFO - Benchmarking performance across all models
2026-01-09 15:46:56,699 - geo_infer_act.utils.analysis - INFO - Analyzing perception patterns...
2026-01-09 15:46:56,702 - geo_infer_act.utils.analysis - INFO - Analysis saved to /Users/4d/Documents/GitHub/GEO-INFER/output/modern_active_inference_20260109_154655/hierarchical/analysis/perception_analysis.json
2026-01-09 15:46:56,702 - geo_infer_act.utils.analysis - INFO - Perception pattern analysis completed
2026-01-09 15:46:56,702 - geo_infer_act.utils.analysis - INFO - Analyzing action selection patterns...
2026-01-09 15:46:56,703 - geo_infer_act.utils.analysis - INFO - Analysis saved to /Users/4d/Documents/GitHub/GEO-INFER/output/modern_active_inference_20260109_154655/hierarchical/analysis/action_selection_analysis.json
2026-01-09 15:46:56,703 - geo_infer_act.utils.analysis - INFO - Action selection pattern analysis completed
2026-01-09 15:46:56,703 - geo_infer_act.utils.analysis - INFO - Analyzing Variational Free Energy patterns...
2026-01-09 15:46:56,703 - geo_infer_act.utils.analysis - INFO - Analysis saved to /Users/4d/Documents/GitHub/GEO-INFER/output/modern_active_inference_20260109_154655/hierarchical/analysis/free_energy_analysis.json
2026-01-09 15:46:56,703 - geo_infer_act.utils.analysis - INFO - Free Energy pattern analysis completed
2026-01-09 15:46:56,703 - ModernActiveInference - INFO -   hierarchical_model:
2026-01-09 15:46:56,703 - ModernActiveInference - INFO -     Perception quality: 0.000
2026-01-09 15:46:56,703 - ModernActiveInference - INFO -     Action consistency: 0.200
2026-01-09 15:46:56,703 - ModernActiveInference - INFO -     Free energy efficiency: 0.000
2026-01-09 15:46:56,703 - ModernActiveInference - INFO -     Convergence: False
2026-01-09 15:46:56,703 - ModernActiveInference - INFO -     Stability: False
2026-01-09 15:46:56,703 - geo_infer_act.utils.analysis - INFO - Analyzing perception patterns...
2026-01-09 15:46:56,705 - geo_infer_act.utils.analysis - INFO - Analysis saved to /Users/4d/Documents/GitHub/GEO-INFER/output/modern_active_inference_20260109_154655/markov_blanket/analysis/perception_analysis.json
2026-01-09 15:46:56,705 - geo_infer_act.utils.analysis - INFO - Perception pattern analysis completed
2026-01-09 15:46:56,706 - geo_infer_act.utils.analysis - INFO - Analyzing action selection patterns...
2026-01-09 15:46:56,707 - geo_infer_act.utils.analysis - INFO - Analysis saved to /Users/4d/Documents/GitHub/GEO-INFER/output/modern_active_inference_20260109_154655/markov_blanket/analysis/action_selection_analysis.json
2026-01-09 15:46:56,707 - geo_infer_act.utils.analysis - INFO - Action selection pattern analysis completed
2026-01-09 15:46:56,707 - geo_infer_act.utils.analysis - INFO - Analyzing Variational Free Energy patterns...
2026-01-09 15:46:56,707 - geo_infer_act.utils.analysis - INFO - Analysis saved to /Users/4d/Documents/GitHub/GEO-INFER/output/modern_active_inference_20260109_154655/markov_blanket/analysis/free_energy_analysis.json
2026-01-09 15:46:56,707 - geo_infer_act.utils.analysis - INFO - Free Energy pattern analysis completed
2026-01-09 15:46:56,708 - ModernActiveInference - INFO -   markov_blanket_model:
2026-01-09 15:46:56,708 - ModernActiveInference - INFO -     Perception quality: 0.000
2026-01-09 15:46:56,708 - ModernActiveInference - INFO -     Action consistency: 0.433
2026-01-09 15:46:56,708 - ModernActiveInference - INFO -     Free energy efficiency: 0.000
2026-01-09 15:46:56,708 - ModernActiveInference - INFO -     Convergence: False
2026-01-09 15:46:56,708 - ModernActiveInference - INFO -     Stability: False
2026-01-09 15:46:56,708 - geo_infer_act.utils.analysis - INFO - Analyzing perception patterns...
2026-01-09 15:46:56,711 - geo_infer_act.utils.analysis - INFO - Analysis saved to /Users/4d/Documents/GitHub/GEO-INFER/output/modern_active_inference_20260109_154655/spatial_temporal/analysis/perception_analysis.json
2026-01-09 15:46:56,711 - geo_infer_act.utils.analysis - INFO - Perception pattern analysis completed
2026-01-09 15:46:56,711 - geo_infer_act.utils.analysis - INFO - Analyzing action selection patterns...
2026-01-09 15:46:56,712 - geo_infer_act.utils.analysis - INFO - Analysis saved to /Users/4d/Documents/GitHub/GEO-INFER/output/modern_active_inference_20260109_154655/spatial_temporal/analysis/action_selection_analysis.json
2026-01-09 15:46:56,712 - geo_infer_act.utils.analysis - INFO - Action selection pattern analysis completed
2026-01-09 15:46:56,712 - geo_infer_act.utils.analysis - INFO - Analyzing Variational Free Energy patterns...
2026-01-09 15:46:56,713 - geo_infer_act.utils.analysis - INFO - Analysis saved to /Users/4d/Documents/GitHub/GEO-INFER/output/modern_active_inference_20260109_154655/spatial_temporal/analysis/free_energy_analysis.json
2026-01-09 15:46:56,713 - geo_infer_act.utils.analysis - INFO - Free Energy pattern analysis completed
2026-01-09 15:46:56,713 - ModernActiveInference - INFO -   spatial_temporal_model:
2026-01-09 15:46:56,713 - ModernActiveInference - INFO -     Perception quality: 0.000
2026-01-09 15:46:56,713 - ModernActiveInference - INFO -     Action consistency: 0.320
2026-01-09 15:46:56,713 - ModernActiveInference - INFO -     Free energy efficiency: 0.000
2026-01-09 15:46:56,713 - ModernActiveInference - INFO -     Convergence: False
2026-01-09 15:46:56,713 - ModernActiveInference - INFO -     Stability: False
2026-01-09 15:46:56,713 - geo_infer_act.utils.analysis - INFO - Analyzing perception patterns...
2026-01-09 15:46:56,715 - geo_infer_act.utils.analysis - INFO - Analysis saved to /Users/4d/Documents/GitHub/GEO-INFER/output/modern_active_inference_20260109_154655/multi_agent/agent_0/analysis/perception_analysis.json
2026-01-09 15:46:56,715 - geo_infer_act.utils.analysis - INFO - Perception pattern analysis completed
2026-01-09 15:46:56,715 - geo_infer_act.utils.analysis - INFO - Analyzing action selection patterns...
2026-01-09 15:46:56,716 - geo_infer_act.utils.analysis - INFO - Analysis saved to /Users/4d/Documents/GitHub/GEO-INFER/output/modern_active_inference_20260109_154655/multi_agent/agent_0/analysis/action_selection_analysis.json
2026-01-09 15:46:56,716 - geo_infer_act.utils.analysis - INFO - Action selection pattern analysis completed
2026-01-09 15:46:56,716 - geo_infer_act.utils.analysis - INFO - Analyzing Variational Free Energy patterns...
2026-01-09 15:46:56,716 - geo_infer_act.utils.analysis - INFO - Analysis saved to /Users/4d/Documents/GitHub/GEO-INFER/output/modern_active_inference_20260109_154655/multi_agent/agent_0/analysis/free_energy_analysis.json
2026-01-09 15:46:56,716 - geo_infer_act.utils.analysis - INFO - Free Energy pattern analysis completed
2026-01-09 15:46:56,716 - ModernActiveInference - INFO -   multi_agent_agent_0:
2026-01-09 15:46:56,716 - ModernActiveInference - INFO -     Perception quality: 0.000
2026-01-09 15:46:56,716 - ModernActiveInference - INFO -     Action consistency: 0.250
2026-01-09 15:46:56,716 - ModernActiveInference - INFO -     Free energy efficiency: 0.000
2026-01-09 15:46:56,716 - ModernActiveInference - INFO -     Convergence: False
2026-01-09 15:46:56,716 - ModernActiveInference - INFO -     Stability: False
2026-01-09 15:46:56,716 - geo_infer_act.utils.analysis - INFO - Analyzing perception patterns...
2026-01-09 15:46:56,718 - geo_infer_act.utils.analysis - INFO - Analysis saved to /Users/4d/Documents/GitHub/GEO-INFER/output/modern_active_inference_20260109_154655/multi_agent/agent_1/analysis/perception_analysis.json
2026-01-09 15:46:56,718 - geo_infer_act.utils.analysis - INFO - Perception pattern analysis completed
2026-01-09 15:46:56,718 - geo_infer_act.utils.analysis - INFO - Analyzing action selection patterns...
2026-01-09 15:46:56,719 - geo_infer_act.utils.analysis - INFO - Analysis saved to /Users/4d/Documents/GitHub/GEO-INFER/output/modern_active_inference_20260109_154655/multi_agent/agent_1/analysis/action_selection_analysis.json
2026-01-09 15:46:56,719 - geo_infer_act.utils.analysis - INFO - Action selection pattern analysis completed
2026-01-09 15:46:56,719 - geo_infer_act.utils.analysis - INFO - Analyzing Variational Free Energy patterns...
2026-01-09 15:46:56,720 - geo_infer_act.utils.analysis - INFO - Analysis saved to /Users/4d/Documents/GitHub/GEO-INFER/output/modern_active_inference_20260109_154655/multi_agent/agent_1/analysis/free_energy_analysis.json
2026-01-09 15:46:56,720 - geo_infer_act.utils.analysis - INFO - Free Energy pattern analysis completed
2026-01-09 15:46:56,720 - ModernActiveInference - INFO -   multi_agent_agent_1:
2026-01-09 15:46:56,720 - ModernActiveInference - INFO -     Perception quality: 0.000
2026-01-09 15:46:56,720 - ModernActiveInference - INFO -     Action consistency: 0.500
2026-01-09 15:46:56,720 - ModernActiveInference - INFO -     Free energy efficiency: 0.000
2026-01-09 15:46:56,720 - ModernActiveInference - INFO -     Convergence: False
2026-01-09 15:46:56,720 - ModernActiveInference - INFO -     Stability: False
2026-01-09 15:46:56,720 - geo_infer_act.utils.analysis - INFO - Analyzing perception patterns...
2026-01-09 15:46:56,721 - geo_infer_act.utils.analysis - INFO - Analysis saved to /Users/4d/Documents/GitHub/GEO-INFER/output/modern_active_inference_20260109_154655/multi_agent/agent_2/analysis/perception_analysis.json
2026-01-09 15:46:56,721 - geo_infer_act.utils.analysis - INFO - Perception pattern analysis completed
2026-01-09 15:46:56,721 - geo_infer_act.utils.analysis - INFO - Analyzing action selection patterns...
2026-01-09 15:46:56,722 - geo_infer_act.utils.analysis - INFO - Analysis saved to /Users/4d/Documents/GitHub/GEO-INFER/output/modern_active_inference_20260109_154655/multi_agent/agent_2/analysis/action_selection_analysis.json
2026-01-09 15:46:56,722 - geo_infer_act.utils.analysis - INFO - Action selection pattern analysis completed
2026-01-09 15:46:56,723 - geo_infer_act.utils.analysis - INFO - Analyzing Variational Free Energy patterns...
2026-01-09 15:46:56,723 - geo_infer_act.utils.analysis - INFO - Analysis saved to /Users/4d/Documents/GitHub/GEO-INFER/output/modern_active_inference_20260109_154655/multi_agent/agent_2/analysis/free_energy_analysis.json
2026-01-09 15:46:56,723 - geo_infer_act.utils.analysis - INFO - Free Energy pattern analysis completed
2026-01-09 15:46:56,723 - ModernActiveInference - INFO -   multi_agent_agent_2:
2026-01-09 15:46:56,723 - ModernActiveInference - INFO -     Perception quality: 0.000
2026-01-09 15:46:56,723 - ModernActiveInference - INFO -     Action consistency: 0.250
2026-01-09 15:46:56,723 - ModernActiveInference - INFO -     Free energy efficiency: 0.000
2026-01-09 15:46:56,723 - ModernActiveInference - INFO -     Convergence: False
2026-01-09 15:46:56,723 - ModernActiveInference - INFO -     Stability: False
2026-01-09 15:46:56,723 - geo_infer_act.utils.analysis - INFO - Analyzing perception patterns...
2026-01-09 15:46:56,724 - geo_infer_act.utils.analysis - INFO - Analysis saved to /Users/4d/Documents/GitHub/GEO-INFER/output/modern_active_inference_20260109_154655/multi_agent/agent_3/analysis/perception_analysis.json
2026-01-09 15:46:56,724 - geo_infer_act.utils.analysis - INFO - Perception pattern analysis completed
2026-01-09 15:46:56,725 - geo_infer_act.utils.analysis - INFO - Analyzing action selection patterns...
2026-01-09 15:46:56,725 - geo_infer_act.utils.analysis - INFO - Analysis saved to /Users/4d/Documents/GitHub/GEO-INFER/output/modern_active_inference_20260109_154655/multi_agent/agent_3/analysis/action_selection_analysis.json
2026-01-09 15:46:56,726 - geo_infer_act.utils.analysis - INFO - Action selection pattern analysis completed
2026-01-09 15:46:56,726 - geo_infer_act.utils.analysis - INFO - Analyzing Variational Free Energy patterns...
2026-01-09 15:46:56,726 - geo_infer_act.utils.analysis - INFO - Analysis saved to /Users/4d/Documents/GitHub/GEO-INFER/output/modern_active_inference_20260109_154655/multi_agent/agent_3/analysis/free_energy_analysis.json
2026-01-09 15:46:56,726 - geo_infer_act.utils.analysis - INFO - Free Energy pattern analysis completed
2026-01-09 15:46:56,726 - ModernActiveInference - INFO -   multi_agent_agent_3:
2026-01-09 15:46:56,726 - ModernActiveInference - INFO -     Perception quality: 0.000
2026-01-09 15:46:56,726 - ModernActiveInference - INFO -     Action consistency: 0.350
2026-01-09 15:46:56,726 - ModernActiveInference - INFO -     Free energy efficiency: 0.000
2026-01-09 15:46:56,726 - ModernActiveInference - INFO -     Convergence: False
2026-01-09 15:46:56,726 - ModernActiveInference - INFO -     Stability: False
2026-01-09 15:46:56,726 - ModernActiveInference - INFO - Overall Performance Summary:
2026-01-09 15:46:56,726 - ModernActiveInference - INFO -   Average Perception Quality: 0.000
2026-01-09 15:46:56,726 - ModernActiveInference - INFO -   Average Action Consistency: 0.329
2026-01-09 15:46:56,726 - ModernActiveInference - INFO -   Average FE efficiency: 0.000
2026-01-09 15:46:56,726 - ModernActiveInference - INFO - 
==================================================
2026-01-09 15:46:56,726 - ModernActiveInference - INFO - 7. COMPREHENSIVE VISUALIZATIONS
2026-01-09 15:46:56,726 - ModernActiveInference - INFO - ==================================================
2026-01-09 15:46:56,726 - ModernActiveInference - INFO - Creating comprehensive visualizations
2026-01-09 15:46:56,726 - ModernActiveInference - ERROR - Demo failed with error: plot_perception_analysis() missing 2 required positional arguments: 'observations_history' and 'output_dir'
