2026-05-18 19:29:20,755 - geo_infer_act.utils.analysis - INFO - ActiveInferenceAnalyzer initialized with output: /Users/4d/Documents/GitHub/GEO-INFER/GEO-INFER-ACT/examples/output/comprehensive_act_audit/method_audit/scenario_outputs/scenario_suite/modern
2026-05-18 19:29:20,756 - geo_infer_act.utils.analysis - DEBUG - Recorded step 1: FE=1.3863
2026-05-18 19:29:20,757 - geo_infer_act.utils.analysis - DEBUG - Recorded step 2: FE=1.3863
2026-05-18 19:29:20,757 - geo_infer_act.utils.analysis - DEBUG - Recorded step 3: FE=1.3863
2026-05-18 19:29:20,757 - geo_infer_act.utils.analysis - DEBUG - Recorded step 4: FE=1.3863
2026-05-18 19:29:20,758 - geo_infer_act.utils.analysis - DEBUG - Recorded step 5: FE=1.3863
2026-05-18 19:29:20,758 - geo_infer_act.utils.analysis - DEBUG - Recorded step 6: FE=1.3863
2026-05-18 19:29:20,758 - geo_infer_act.utils.analysis - DEBUG - Recorded step 7: FE=1.3863
2026-05-18 19:29:20,759 - geo_infer_act.utils.analysis - DEBUG - Recorded step 8: FE=1.3863
2026-05-18 19:29:20,759 - geo_infer_act.utils.analysis - INFO - Full history exported to /Users/4d/Documents/GitHub/GEO-INFER/GEO-INFER-ACT/examples/output/comprehensive_act_audit/method_audit/scenario_outputs/scenario_suite/modern/data/full_history.json
2026-05-18 19:29:20,761 - geo_infer_act.utils.analysis - INFO - Traces saved to CSV files in /Users/4d/Documents/GitHub/GEO-INFER/GEO-INFER-ACT/examples/output/comprehensive_act_audit/method_audit/scenario_outputs/scenario_suite/modern/data
2026-05-18 19:29:20,761 - geo_infer_act.utils.analysis - INFO - Analyzing perception patterns...
2026-05-18 19:29:20,762 - geo_infer_act.utils.analysis - INFO - Analysis saved to /Users/4d/Documents/GitHub/GEO-INFER/GEO-INFER-ACT/examples/output/comprehensive_act_audit/method_audit/scenario_outputs/scenario_suite/modern/analysis/perception_analysis.json
2026-05-18 19:29:20,762 - geo_infer_act.utils.analysis - INFO - Perception pattern analysis completed
2026-05-18 19:29:20,762 - geo_infer_act.utils.analysis - INFO - Analyzing action selection patterns...
2026-05-18 19:29:20,762 - geo_infer_act.utils.analysis - INFO - Analysis saved to /Users/4d/Documents/GitHub/GEO-INFER/GEO-INFER-ACT/examples/output/comprehensive_act_audit/method_audit/scenario_outputs/scenario_suite/modern/analysis/action_selection_analysis.json
2026-05-18 19:29:20,762 - geo_infer_act.utils.analysis - INFO - Action selection pattern analysis completed
2026-05-18 19:29:20,762 - geo_infer_act.utils.analysis - INFO - Analyzing Variational Free Energy patterns...
2026-05-18 19:29:20,763 - geo_infer_act.utils.analysis - INFO - Analysis saved to /Users/4d/Documents/GitHub/GEO-INFER/GEO-INFER-ACT/examples/output/comprehensive_act_audit/method_audit/scenario_outputs/scenario_suite/modern/analysis/free_energy_analysis.json
2026-05-18 19:29:20,763 - geo_infer_act.utils.analysis - INFO - Free Energy pattern analysis completed
2026-05-18 19:29:20,763 - geo_infer_act.utils.analysis - INFO - Generating comprehensive analysis report...
2026-05-18 19:29:20,763 - geo_infer_act.utils.analysis - INFO - Analyzing perception patterns...
2026-05-18 19:29:20,764 - geo_infer_act.utils.analysis - INFO - Analysis saved to /Users/4d/Documents/GitHub/GEO-INFER/GEO-INFER-ACT/examples/output/comprehensive_act_audit/method_audit/scenario_outputs/scenario_suite/modern/analysis/perception_analysis.json
2026-05-18 19:29:20,764 - geo_infer_act.utils.analysis - INFO - Perception pattern analysis completed
2026-05-18 19:29:20,764 - geo_infer_act.utils.analysis - INFO - Analyzing action selection patterns...
2026-05-18 19:29:20,764 - geo_infer_act.utils.analysis - INFO - Analysis saved to /Users/4d/Documents/GitHub/GEO-INFER/GEO-INFER-ACT/examples/output/comprehensive_act_audit/method_audit/scenario_outputs/scenario_suite/modern/analysis/action_selection_analysis.json
2026-05-18 19:29:20,764 - geo_infer_act.utils.analysis - INFO - Action selection pattern analysis completed
2026-05-18 19:29:20,764 - geo_infer_act.utils.analysis - INFO - Analyzing Variational Free Energy patterns...
2026-05-18 19:29:20,765 - geo_infer_act.utils.analysis - INFO - Analysis saved to /Users/4d/Documents/GitHub/GEO-INFER/GEO-INFER-ACT/examples/output/comprehensive_act_audit/method_audit/scenario_outputs/scenario_suite/modern/analysis/free_energy_analysis.json
2026-05-18 19:29:20,765 - geo_infer_act.utils.analysis - INFO - Free Energy pattern analysis completed
2026-05-18 19:29:20,765 - geo_infer_act.utils.analysis - INFO - Comprehensive report saved to /Users/4d/Documents/GitHub/GEO-INFER/GEO-INFER-ACT/examples/output/comprehensive_act_audit/method_audit/scenario_outputs/scenario_suite/modern/comprehensive_report.md
2026-05-18 19:29:20,867 - geo_infer_act.utils.analysis - INFO - ActiveInferenceAnalyzer initialized with output: /Users/4d/Documents/GitHub/GEO-INFER/GEO-INFER-ACT/examples/output/comprehensive_act_audit/method_audit/scenario_outputs/scenario_suite/spatial
2026-05-18 19:29:20,869 - geo_infer_act.utils.analysis - DEBUG - Recorded step 1: FE=15.8847
2026-05-18 19:29:20,871 - geo_infer_act.utils.analysis - DEBUG - Recorded step 2: FE=16.7823
2026-05-18 19:29:20,872 - geo_infer_act.utils.analysis - DEBUG - Recorded step 3: FE=18.0444
2026-05-18 19:29:20,874 - geo_infer_act.utils.analysis - DEBUG - Recorded step 4: FE=19.3315
2026-05-18 19:29:20,875 - geo_infer_act.utils.analysis - DEBUG - Recorded step 5: FE=20.4271
2026-05-18 19:29:20,877 - geo_infer_act.utils.analysis - DEBUG - Recorded step 6: FE=21.1784
2026-05-18 19:29:20,879 - geo_infer_act.utils.analysis - DEBUG - Recorded step 7: FE=21.5046
2026-05-18 19:29:20,880 - geo_infer_act.utils.analysis - DEBUG - Recorded step 8: FE=21.4154
2026-05-18 19:29:20,881 - geo_infer_act.utils.analysis - INFO - Full history exported to /Users/4d/Documents/GitHub/GEO-INFER/GEO-INFER-ACT/examples/output/comprehensive_act_audit/method_audit/scenario_outputs/scenario_suite/spatial/data/full_history.json
2026-05-18 19:29:20,883 - geo_infer_act.utils.analysis - INFO - Traces saved to CSV files in /Users/4d/Documents/GitHub/GEO-INFER/GEO-INFER-ACT/examples/output/comprehensive_act_audit/method_audit/scenario_outputs/scenario_suite/spatial/data
2026-05-18 19:29:20,883 - geo_infer_act.utils.analysis - INFO - Analyzing perception patterns...
2026-05-18 19:29:20,884 - geo_infer_act.utils.analysis - INFO - Analysis saved to /Users/4d/Documents/GitHub/GEO-INFER/GEO-INFER-ACT/examples/output/comprehensive_act_audit/method_audit/scenario_outputs/scenario_suite/spatial/analysis/perception_analysis.json
2026-05-18 19:29:20,884 - geo_infer_act.utils.analysis - INFO - Perception pattern analysis completed
2026-05-18 19:29:20,885 - geo_infer_act.utils.analysis - INFO - Analyzing action selection patterns...
2026-05-18 19:29:20,885 - geo_infer_act.utils.analysis - INFO - Analysis saved to /Users/4d/Documents/GitHub/GEO-INFER/GEO-INFER-ACT/examples/output/comprehensive_act_audit/method_audit/scenario_outputs/scenario_suite/spatial/analysis/action_selection_analysis.json
2026-05-18 19:29:20,885 - geo_infer_act.utils.analysis - INFO - Action selection pattern analysis completed
2026-05-18 19:29:20,885 - geo_infer_act.utils.analysis - INFO - Analyzing Variational Free Energy patterns...
2026-05-18 19:29:20,885 - geo_infer_act.utils.analysis - INFO - Analysis saved to /Users/4d/Documents/GitHub/GEO-INFER/GEO-INFER-ACT/examples/output/comprehensive_act_audit/method_audit/scenario_outputs/scenario_suite/spatial/analysis/free_energy_analysis.json
2026-05-18 19:29:20,885 - geo_infer_act.utils.analysis - INFO - Free Energy pattern analysis completed
2026-05-18 19:29:20,885 - geo_infer_act.utils.analysis - INFO - Generating comprehensive analysis report...
2026-05-18 19:29:20,885 - geo_infer_act.utils.analysis - INFO - Analyzing perception patterns...
2026-05-18 19:29:20,887 - geo_infer_act.utils.analysis - INFO - Analysis saved to /Users/4d/Documents/GitHub/GEO-INFER/GEO-INFER-ACT/examples/output/comprehensive_act_audit/method_audit/scenario_outputs/scenario_suite/spatial/analysis/perception_analysis.json
2026-05-18 19:29:20,887 - geo_infer_act.utils.analysis - INFO - Perception pattern analysis completed
2026-05-18 19:29:20,887 - geo_infer_act.utils.analysis - INFO - Analyzing action selection patterns...
2026-05-18 19:29:20,887 - geo_infer_act.utils.analysis - INFO - Analysis saved to /Users/4d/Documents/GitHub/GEO-INFER/GEO-INFER-ACT/examples/output/comprehensive_act_audit/method_audit/scenario_outputs/scenario_suite/spatial/analysis/action_selection_analysis.json
2026-05-18 19:29:20,887 - geo_infer_act.utils.analysis - INFO - Action selection pattern analysis completed
2026-05-18 19:29:20,887 - geo_infer_act.utils.analysis - INFO - Analyzing Variational Free Energy patterns...
2026-05-18 19:29:20,887 - geo_infer_act.utils.analysis - INFO - Analysis saved to /Users/4d/Documents/GitHub/GEO-INFER/GEO-INFER-ACT/examples/output/comprehensive_act_audit/method_audit/scenario_outputs/scenario_suite/spatial/analysis/free_energy_analysis.json
2026-05-18 19:29:20,887 - geo_infer_act.utils.analysis - INFO - Free Energy pattern analysis completed
2026-05-18 19:29:20,888 - geo_infer_act.utils.analysis - INFO - Comprehensive report saved to /Users/4d/Documents/GitHub/GEO-INFER/GEO-INFER-ACT/examples/output/comprehensive_act_audit/method_audit/scenario_outputs/scenario_suite/spatial/comprehensive_report.md
2026-05-18 19:29:21,300 - geo_infer_act.utils.analysis - INFO - ActiveInferenceAnalyzer initialized with output: /Users/4d/Documents/GitHub/GEO-INFER/GEO-INFER-ACT/examples/output/comprehensive_act_audit/method_audit/scenario_outputs/scenario_suite/h3
2026-05-18 19:29:21,304 - geo_infer_act.utils.analysis - DEBUG - Recorded step 1: FE=1.3863
2026-05-18 19:29:21,308 - geo_infer_act.utils.analysis - DEBUG - Recorded step 2: FE=1.3863
2026-05-18 19:29:21,312 - geo_infer_act.utils.analysis - DEBUG - Recorded step 3: FE=1.3863
2026-05-18 19:29:21,316 - geo_infer_act.utils.analysis - DEBUG - Recorded step 4: FE=1.3863
2026-05-18 19:29:21,320 - geo_infer_act.utils.analysis - DEBUG - Recorded step 5: FE=1.3863
2026-05-18 19:29:21,323 - geo_infer_act.utils.analysis - DEBUG - Recorded step 6: FE=1.3863
2026-05-18 19:29:21,327 - geo_infer_act.utils.analysis - DEBUG - Recorded step 7: FE=1.3863
2026-05-18 19:29:21,331 - geo_infer_act.utils.analysis - DEBUG - Recorded step 8: FE=1.3863
2026-05-18 19:29:21,332 - geo_infer_act.utils.analysis - INFO - Full history exported to /Users/4d/Documents/GitHub/GEO-INFER/GEO-INFER-ACT/examples/output/comprehensive_act_audit/method_audit/scenario_outputs/scenario_suite/h3/data/full_history.json
2026-05-18 19:29:21,333 - geo_infer_act.utils.analysis - INFO - Traces saved to CSV files in /Users/4d/Documents/GitHub/GEO-INFER/GEO-INFER-ACT/examples/output/comprehensive_act_audit/method_audit/scenario_outputs/scenario_suite/h3/data
2026-05-18 19:29:21,333 - geo_infer_act.utils.analysis - INFO - Analyzing perception patterns...
2026-05-18 19:29:21,335 - geo_infer_act.utils.analysis - INFO - Analysis saved to /Users/4d/Documents/GitHub/GEO-INFER/GEO-INFER-ACT/examples/output/comprehensive_act_audit/method_audit/scenario_outputs/scenario_suite/h3/analysis/perception_analysis.json
2026-05-18 19:29:21,335 - geo_infer_act.utils.analysis - INFO - Perception pattern analysis completed
2026-05-18 19:29:21,335 - geo_infer_act.utils.analysis - INFO - Analyzing action selection patterns...
2026-05-18 19:29:21,335 - geo_infer_act.utils.analysis - INFO - Analysis saved to /Users/4d/Documents/GitHub/GEO-INFER/GEO-INFER-ACT/examples/output/comprehensive_act_audit/method_audit/scenario_outputs/scenario_suite/h3/analysis/action_selection_analysis.json
2026-05-18 19:29:21,335 - geo_infer_act.utils.analysis - INFO - Action selection pattern analysis completed
2026-05-18 19:29:21,335 - geo_infer_act.utils.analysis - INFO - Analyzing Variational Free Energy patterns...
2026-05-18 19:29:21,335 - geo_infer_act.utils.analysis - INFO - Analysis saved to /Users/4d/Documents/GitHub/GEO-INFER/GEO-INFER-ACT/examples/output/comprehensive_act_audit/method_audit/scenario_outputs/scenario_suite/h3/analysis/free_energy_analysis.json
2026-05-18 19:29:21,335 - geo_infer_act.utils.analysis - INFO - Free Energy pattern analysis completed
2026-05-18 19:29:21,335 - geo_infer_act.utils.analysis - INFO - Generating comprehensive analysis report...
2026-05-18 19:29:21,335 - geo_infer_act.utils.analysis - INFO - Analyzing perception patterns...
2026-05-18 19:29:21,337 - geo_infer_act.utils.analysis - INFO - Analysis saved to /Users/4d/Documents/GitHub/GEO-INFER/GEO-INFER-ACT/examples/output/comprehensive_act_audit/method_audit/scenario_outputs/scenario_suite/h3/analysis/perception_analysis.json
2026-05-18 19:29:21,337 - geo_infer_act.utils.analysis - INFO - Perception pattern analysis completed
2026-05-18 19:29:21,337 - geo_infer_act.utils.analysis - INFO - Analyzing action selection patterns...
2026-05-18 19:29:21,337 - geo_infer_act.utils.analysis - INFO - Analysis saved to /Users/4d/Documents/GitHub/GEO-INFER/GEO-INFER-ACT/examples/output/comprehensive_act_audit/method_audit/scenario_outputs/scenario_suite/h3/analysis/action_selection_analysis.json
2026-05-18 19:29:21,337 - geo_infer_act.utils.analysis - INFO - Action selection pattern analysis completed
2026-05-18 19:29:21,337 - geo_infer_act.utils.analysis - INFO - Analyzing Variational Free Energy patterns...
2026-05-18 19:29:21,337 - geo_infer_act.utils.analysis - INFO - Analysis saved to /Users/4d/Documents/GitHub/GEO-INFER/GEO-INFER-ACT/examples/output/comprehensive_act_audit/method_audit/scenario_outputs/scenario_suite/h3/analysis/free_energy_analysis.json
2026-05-18 19:29:21,337 - geo_infer_act.utils.analysis - INFO - Free Energy pattern analysis completed
2026-05-18 19:29:21,338 - geo_infer_act.utils.analysis - INFO - Comprehensive report saved to /Users/4d/Documents/GitHub/GEO-INFER/GEO-INFER-ACT/examples/output/comprehensive_act_audit/method_audit/scenario_outputs/scenario_suite/h3/comprehensive_report.md
2026-05-18 19:29:21,576 - geo_infer_act.utils.analysis - INFO - ActiveInferenceAnalyzer initialized with output: /Users/4d/Documents/GitHub/GEO-INFER/GEO-INFER-ACT/examples/output/comprehensive_act_audit/method_audit/scenario_outputs/scenario_suite/ecological
2026-05-18 19:29:21,577 - geo_infer_act.utils.analysis - DEBUG - Recorded step 1: FE=1.3863
2026-05-18 19:29:21,577 - geo_infer_act.utils.analysis - DEBUG - Recorded step 2: FE=1.3863
2026-05-18 19:29:21,578 - geo_infer_act.utils.analysis - DEBUG - Recorded step 3: FE=1.3863
2026-05-18 19:29:21,578 - geo_infer_act.utils.analysis - DEBUG - Recorded step 4: FE=1.3863
2026-05-18 19:29:21,579 - geo_infer_act.utils.analysis - DEBUG - Recorded step 5: FE=1.3863
2026-05-18 19:29:21,579 - geo_infer_act.utils.analysis - DEBUG - Recorded step 6: FE=1.3863
2026-05-18 19:29:21,580 - geo_infer_act.utils.analysis - DEBUG - Recorded step 7: FE=1.3863
2026-05-18 19:29:21,580 - geo_infer_act.utils.analysis - DEBUG - Recorded step 8: FE=1.3863
2026-05-18 19:29:21,581 - geo_infer_act.utils.analysis - INFO - Full history exported to /Users/4d/Documents/GitHub/GEO-INFER/GEO-INFER-ACT/examples/output/comprehensive_act_audit/method_audit/scenario_outputs/scenario_suite/ecological/data/full_history.json
2026-05-18 19:29:21,582 - geo_infer_act.utils.analysis - INFO - Traces saved to CSV files in /Users/4d/Documents/GitHub/GEO-INFER/GEO-INFER-ACT/examples/output/comprehensive_act_audit/method_audit/scenario_outputs/scenario_suite/ecological/data
2026-05-18 19:29:21,582 - geo_infer_act.utils.analysis - INFO - Analyzing perception patterns...
2026-05-18 19:29:21,584 - geo_infer_act.utils.analysis - INFO - Analysis saved to /Users/4d/Documents/GitHub/GEO-INFER/GEO-INFER-ACT/examples/output/comprehensive_act_audit/method_audit/scenario_outputs/scenario_suite/ecological/analysis/perception_analysis.json
2026-05-18 19:29:21,584 - geo_infer_act.utils.analysis - INFO - Perception pattern analysis completed
2026-05-18 19:29:21,584 - geo_infer_act.utils.analysis - INFO - Analyzing action selection patterns...
2026-05-18 19:29:21,584 - geo_infer_act.utils.analysis - INFO - Analysis saved to /Users/4d/Documents/GitHub/GEO-INFER/GEO-INFER-ACT/examples/output/comprehensive_act_audit/method_audit/scenario_outputs/scenario_suite/ecological/analysis/action_selection_analysis.json
2026-05-18 19:29:21,584 - geo_infer_act.utils.analysis - INFO - Action selection pattern analysis completed
2026-05-18 19:29:21,584 - geo_infer_act.utils.analysis - INFO - Analyzing Variational Free Energy patterns...
2026-05-18 19:29:21,585 - geo_infer_act.utils.analysis - INFO - Analysis saved to /Users/4d/Documents/GitHub/GEO-INFER/GEO-INFER-ACT/examples/output/comprehensive_act_audit/method_audit/scenario_outputs/scenario_suite/ecological/analysis/free_energy_analysis.json
2026-05-18 19:29:21,585 - geo_infer_act.utils.analysis - INFO - Free Energy pattern analysis completed
2026-05-18 19:29:21,585 - geo_infer_act.utils.analysis - INFO - Generating comprehensive analysis report...
2026-05-18 19:29:21,585 - geo_infer_act.utils.analysis - INFO - Analyzing perception patterns...
2026-05-18 19:29:21,586 - geo_infer_act.utils.analysis - INFO - Analysis saved to /Users/4d/Documents/GitHub/GEO-INFER/GEO-INFER-ACT/examples/output/comprehensive_act_audit/method_audit/scenario_outputs/scenario_suite/ecological/analysis/perception_analysis.json
2026-05-18 19:29:21,586 - geo_infer_act.utils.analysis - INFO - Perception pattern analysis completed
2026-05-18 19:29:21,586 - geo_infer_act.utils.analysis - INFO - Analyzing action selection patterns...
2026-05-18 19:29:21,587 - geo_infer_act.utils.analysis - INFO - Analysis saved to /Users/4d/Documents/GitHub/GEO-INFER/GEO-INFER-ACT/examples/output/comprehensive_act_audit/method_audit/scenario_outputs/scenario_suite/ecological/analysis/action_selection_analysis.json
2026-05-18 19:29:21,587 - geo_infer_act.utils.analysis - INFO - Action selection pattern analysis completed
2026-05-18 19:29:21,587 - geo_infer_act.utils.analysis - INFO - Analyzing Variational Free Energy patterns...
2026-05-18 19:29:21,587 - geo_infer_act.utils.analysis - INFO - Analysis saved to /Users/4d/Documents/GitHub/GEO-INFER/GEO-INFER-ACT/examples/output/comprehensive_act_audit/method_audit/scenario_outputs/scenario_suite/ecological/analysis/free_energy_analysis.json
2026-05-18 19:29:21,587 - geo_infer_act.utils.analysis - INFO - Free Energy pattern analysis completed
2026-05-18 19:29:21,587 - geo_infer_act.utils.analysis - INFO - Comprehensive report saved to /Users/4d/Documents/GitHub/GEO-INFER/GEO-INFER-ACT/examples/output/comprehensive_act_audit/method_audit/scenario_outputs/scenario_suite/ecological/comprehensive_report.md
2026-05-18 19:29:21,692 - geo_infer_act.utils.analysis - INFO - ActiveInferenceAnalyzer initialized with output: /Users/4d/Documents/GitHub/GEO-INFER/GEO-INFER-ACT/examples/output/comprehensive_act_audit/method_audit/scenario_outputs/scenario_suite/urban_planning
2026-05-18 19:29:21,693 - geo_infer_act.utils.analysis - DEBUG - Recorded step 1: FE=1.3863
2026-05-18 19:29:21,693 - geo_infer_act.utils.analysis - DEBUG - Recorded step 2: FE=1.3863
2026-05-18 19:29:21,694 - geo_infer_act.utils.analysis - DEBUG - Recorded step 3: FE=1.3863
2026-05-18 19:29:21,694 - geo_infer_act.utils.analysis - DEBUG - Recorded step 4: FE=1.3863
2026-05-18 19:29:21,695 - geo_infer_act.utils.analysis - DEBUG - Recorded step 5: FE=1.3863
2026-05-18 19:29:21,695 - geo_infer_act.utils.analysis - DEBUG - Recorded step 6: FE=1.3863
2026-05-18 19:29:21,695 - geo_infer_act.utils.analysis - DEBUG - Recorded step 7: FE=1.3863
2026-05-18 19:29:21,696 - geo_infer_act.utils.analysis - DEBUG - Recorded step 8: FE=1.3863
2026-05-18 19:29:21,696 - geo_infer_act.utils.analysis - INFO - Full history exported to /Users/4d/Documents/GitHub/GEO-INFER/GEO-INFER-ACT/examples/output/comprehensive_act_audit/method_audit/scenario_outputs/scenario_suite/urban_planning/data/full_history.json
2026-05-18 19:29:21,697 - geo_infer_act.utils.analysis - INFO - Traces saved to CSV files in /Users/4d/Documents/GitHub/GEO-INFER/GEO-INFER-ACT/examples/output/comprehensive_act_audit/method_audit/scenario_outputs/scenario_suite/urban_planning/data
2026-05-18 19:29:21,697 - geo_infer_act.utils.analysis - INFO - Analyzing perception patterns...
2026-05-18 19:29:21,699 - geo_infer_act.utils.analysis - INFO - Analysis saved to /Users/4d/Documents/GitHub/GEO-INFER/GEO-INFER-ACT/examples/output/comprehensive_act_audit/method_audit/scenario_outputs/scenario_suite/urban_planning/analysis/perception_analysis.json
2026-05-18 19:29:21,699 - geo_infer_act.utils.analysis - INFO - Perception pattern analysis completed
2026-05-18 19:29:21,699 - geo_infer_act.utils.analysis - INFO - Analyzing action selection patterns...
2026-05-18 19:29:21,699 - geo_infer_act.utils.analysis - INFO - Analysis saved to /Users/4d/Documents/GitHub/GEO-INFER/GEO-INFER-ACT/examples/output/comprehensive_act_audit/method_audit/scenario_outputs/scenario_suite/urban_planning/analysis/action_selection_analysis.json
2026-05-18 19:29:21,699 - geo_infer_act.utils.analysis - INFO - Action selection pattern analysis completed
2026-05-18 19:29:21,699 - geo_infer_act.utils.analysis - INFO - Analyzing Variational Free Energy patterns...
2026-05-18 19:29:21,700 - geo_infer_act.utils.analysis - INFO - Analysis saved to /Users/4d/Documents/GitHub/GEO-INFER/GEO-INFER-ACT/examples/output/comprehensive_act_audit/method_audit/scenario_outputs/scenario_suite/urban_planning/analysis/free_energy_analysis.json
2026-05-18 19:29:21,700 - geo_infer_act.utils.analysis - INFO - Free Energy pattern analysis completed
2026-05-18 19:29:21,700 - geo_infer_act.utils.analysis - INFO - Generating comprehensive analysis report...
2026-05-18 19:29:21,700 - geo_infer_act.utils.analysis - INFO - Analyzing perception patterns...
2026-05-18 19:29:21,702 - geo_infer_act.utils.analysis - INFO - Analysis saved to /Users/4d/Documents/GitHub/GEO-INFER/GEO-INFER-ACT/examples/output/comprehensive_act_audit/method_audit/scenario_outputs/scenario_suite/urban_planning/analysis/perception_analysis.json
2026-05-18 19:29:21,702 - geo_infer_act.utils.analysis - INFO - Perception pattern analysis completed
2026-05-18 19:29:21,702 - geo_infer_act.utils.analysis - INFO - Analyzing action selection patterns...
2026-05-18 19:29:21,702 - geo_infer_act.utils.analysis - INFO - Analysis saved to /Users/4d/Documents/GitHub/GEO-INFER/GEO-INFER-ACT/examples/output/comprehensive_act_audit/method_audit/scenario_outputs/scenario_suite/urban_planning/analysis/action_selection_analysis.json
2026-05-18 19:29:21,702 - geo_infer_act.utils.analysis - INFO - Action selection pattern analysis completed
2026-05-18 19:29:21,702 - geo_infer_act.utils.analysis - INFO - Analyzing Variational Free Energy patterns...
2026-05-18 19:29:21,702 - geo_infer_act.utils.analysis - INFO - Analysis saved to /Users/4d/Documents/GitHub/GEO-INFER/GEO-INFER-ACT/examples/output/comprehensive_act_audit/method_audit/scenario_outputs/scenario_suite/urban_planning/analysis/free_energy_analysis.json
2026-05-18 19:29:21,702 - geo_infer_act.utils.analysis - INFO - Free Energy pattern analysis completed
2026-05-18 19:29:21,702 - geo_infer_act.utils.analysis - INFO - Comprehensive report saved to /Users/4d/Documents/GitHub/GEO-INFER/GEO-INFER-ACT/examples/output/comprehensive_act_audit/method_audit/scenario_outputs/scenario_suite/urban_planning/comprehensive_report.md
2026-05-18 19:29:21,803 - geo_infer_act.utils.analysis - INFO - ActiveInferenceAnalyzer initialized with output: /Users/4d/Documents/GitHub/GEO-INFER/GEO-INFER-ACT/examples/output/comprehensive_act_audit/method_audit/scenario_outputs/scenario_suite/verification
2026-05-18 19:29:21,803 - geo_infer_act.utils.analysis - DEBUG - Recorded step 1: FE=1.3863
2026-05-18 19:29:21,804 - geo_infer_act.utils.analysis - DEBUG - Recorded step 2: FE=1.3863
2026-05-18 19:29:21,804 - geo_infer_act.utils.analysis - DEBUG - Recorded step 3: FE=1.3863
2026-05-18 19:29:21,805 - geo_infer_act.utils.analysis - DEBUG - Recorded step 4: FE=1.3863
2026-05-18 19:29:21,805 - geo_infer_act.utils.analysis - DEBUG - Recorded step 5: FE=1.3863
2026-05-18 19:29:21,806 - geo_infer_act.utils.analysis - DEBUG - Recorded step 6: FE=1.3863
2026-05-18 19:29:21,806 - geo_infer_act.utils.analysis - DEBUG - Recorded step 7: FE=1.3863
2026-05-18 19:29:21,807 - geo_infer_act.utils.analysis - DEBUG - Recorded step 8: FE=1.3863
2026-05-18 19:29:21,807 - geo_infer_act.utils.analysis - INFO - Full history exported to /Users/4d/Documents/GitHub/GEO-INFER/GEO-INFER-ACT/examples/output/comprehensive_act_audit/method_audit/scenario_outputs/scenario_suite/verification/data/full_history.json
2026-05-18 19:29:21,809 - geo_infer_act.utils.analysis - INFO - Traces saved to CSV files in /Users/4d/Documents/GitHub/GEO-INFER/GEO-INFER-ACT/examples/output/comprehensive_act_audit/method_audit/scenario_outputs/scenario_suite/verification/data
2026-05-18 19:29:21,809 - geo_infer_act.utils.analysis - INFO - Analyzing perception patterns...
2026-05-18 19:29:21,810 - geo_infer_act.utils.analysis - INFO - Analysis saved to /Users/4d/Documents/GitHub/GEO-INFER/GEO-INFER-ACT/examples/output/comprehensive_act_audit/method_audit/scenario_outputs/scenario_suite/verification/analysis/perception_analysis.json
2026-05-18 19:29:21,810 - geo_infer_act.utils.analysis - INFO - Perception pattern analysis completed
2026-05-18 19:29:21,810 - geo_infer_act.utils.analysis - INFO - Analyzing action selection patterns...
2026-05-18 19:29:21,811 - geo_infer_act.utils.analysis - INFO - Analysis saved to /Users/4d/Documents/GitHub/GEO-INFER/GEO-INFER-ACT/examples/output/comprehensive_act_audit/method_audit/scenario_outputs/scenario_suite/verification/analysis/action_selection_analysis.json
2026-05-18 19:29:21,811 - geo_infer_act.utils.analysis - INFO - Action selection pattern analysis completed
2026-05-18 19:29:21,811 - geo_infer_act.utils.analysis - INFO - Analyzing Variational Free Energy patterns...
2026-05-18 19:29:21,811 - geo_infer_act.utils.analysis - INFO - Analysis saved to /Users/4d/Documents/GitHub/GEO-INFER/GEO-INFER-ACT/examples/output/comprehensive_act_audit/method_audit/scenario_outputs/scenario_suite/verification/analysis/free_energy_analysis.json
2026-05-18 19:29:21,811 - geo_infer_act.utils.analysis - INFO - Free Energy pattern analysis completed
2026-05-18 19:29:21,811 - geo_infer_act.utils.analysis - INFO - Generating comprehensive analysis report...
2026-05-18 19:29:21,811 - geo_infer_act.utils.analysis - INFO - Analyzing perception patterns...
2026-05-18 19:29:21,813 - geo_infer_act.utils.analysis - INFO - Analysis saved to /Users/4d/Documents/GitHub/GEO-INFER/GEO-INFER-ACT/examples/output/comprehensive_act_audit/method_audit/scenario_outputs/scenario_suite/verification/analysis/perception_analysis.json
2026-05-18 19:29:21,813 - geo_infer_act.utils.analysis - INFO - Perception pattern analysis completed
2026-05-18 19:29:21,813 - geo_infer_act.utils.analysis - INFO - Analyzing action selection patterns...
2026-05-18 19:29:21,813 - geo_infer_act.utils.analysis - INFO - Analysis saved to /Users/4d/Documents/GitHub/GEO-INFER/GEO-INFER-ACT/examples/output/comprehensive_act_audit/method_audit/scenario_outputs/scenario_suite/verification/analysis/action_selection_analysis.json
2026-05-18 19:29:21,813 - geo_infer_act.utils.analysis - INFO - Action selection pattern analysis completed
2026-05-18 19:29:21,813 - geo_infer_act.utils.analysis - INFO - Analyzing Variational Free Energy patterns...
2026-05-18 19:29:21,814 - geo_infer_act.utils.analysis - INFO - Analysis saved to /Users/4d/Documents/GitHub/GEO-INFER/GEO-INFER-ACT/examples/output/comprehensive_act_audit/method_audit/scenario_outputs/scenario_suite/verification/analysis/free_energy_analysis.json
2026-05-18 19:29:21,814 - geo_infer_act.utils.analysis - INFO - Free Energy pattern analysis completed
2026-05-18 19:29:21,814 - geo_infer_act.utils.analysis - INFO - Comprehensive report saved to /Users/4d/Documents/GitHub/GEO-INFER/GEO-INFER-ACT/examples/output/comprehensive_act_audit/method_audit/scenario_outputs/scenario_suite/verification/comprehensive_report.md
2026-05-18 19:29:21,955 - geo_infer_act.utils.analysis - INFO - ActiveInferenceAnalyzer initialized with output: /Users/4d/Documents/GitHub/GEO-INFER/GEO-INFER-ACT/examples/output/comprehensive_act_audit/method_audit/scenario_outputs/scenario_suite/debug
2026-05-18 19:29:21,956 - geo_infer_act.utils.analysis - DEBUG - Recorded step 1: FE=1.3863
2026-05-18 19:29:21,957 - geo_infer_act.utils.analysis - DEBUG - Recorded step 2: FE=1.3863
2026-05-18 19:29:21,957 - geo_infer_act.utils.analysis - DEBUG - Recorded step 3: FE=1.3863
2026-05-18 19:29:21,958 - geo_infer_act.utils.analysis - DEBUG - Recorded step 4: FE=1.3863
2026-05-18 19:29:21,958 - geo_infer_act.utils.analysis - DEBUG - Recorded step 5: FE=1.3863
2026-05-18 19:29:21,959 - geo_infer_act.utils.analysis - DEBUG - Recorded step 6: FE=1.3863
2026-05-18 19:29:21,959 - geo_infer_act.utils.analysis - DEBUG - Recorded step 7: FE=1.3863
2026-05-18 19:29:21,959 - geo_infer_act.utils.analysis - DEBUG - Recorded step 8: FE=1.3863
2026-05-18 19:29:21,960 - geo_infer_act.utils.analysis - INFO - Full history exported to /Users/4d/Documents/GitHub/GEO-INFER/GEO-INFER-ACT/examples/output/comprehensive_act_audit/method_audit/scenario_outputs/scenario_suite/debug/data/full_history.json
2026-05-18 19:29:21,961 - geo_infer_act.utils.analysis - INFO - Traces saved to CSV files in /Users/4d/Documents/GitHub/GEO-INFER/GEO-INFER-ACT/examples/output/comprehensive_act_audit/method_audit/scenario_outputs/scenario_suite/debug/data
2026-05-18 19:29:21,961 - geo_infer_act.utils.analysis - INFO - Analyzing perception patterns...
2026-05-18 19:29:21,962 - geo_infer_act.utils.analysis - INFO - Analysis saved to /Users/4d/Documents/GitHub/GEO-INFER/GEO-INFER-ACT/examples/output/comprehensive_act_audit/method_audit/scenario_outputs/scenario_suite/debug/analysis/perception_analysis.json
2026-05-18 19:29:21,962 - geo_infer_act.utils.analysis - INFO - Perception pattern analysis completed
2026-05-18 19:29:21,962 - geo_infer_act.utils.analysis - INFO - Analyzing action selection patterns...
2026-05-18 19:29:21,963 - geo_infer_act.utils.analysis - INFO - Analysis saved to /Users/4d/Documents/GitHub/GEO-INFER/GEO-INFER-ACT/examples/output/comprehensive_act_audit/method_audit/scenario_outputs/scenario_suite/debug/analysis/action_selection_analysis.json
2026-05-18 19:29:21,963 - geo_infer_act.utils.analysis - INFO - Action selection pattern analysis completed
2026-05-18 19:29:21,963 - geo_infer_act.utils.analysis - INFO - Analyzing Variational Free Energy patterns...
2026-05-18 19:29:21,963 - geo_infer_act.utils.analysis - INFO - Analysis saved to /Users/4d/Documents/GitHub/GEO-INFER/GEO-INFER-ACT/examples/output/comprehensive_act_audit/method_audit/scenario_outputs/scenario_suite/debug/analysis/free_energy_analysis.json
2026-05-18 19:29:21,963 - geo_infer_act.utils.analysis - INFO - Free Energy pattern analysis completed
2026-05-18 19:29:21,963 - geo_infer_act.utils.analysis - INFO - Generating comprehensive analysis report...
2026-05-18 19:29:21,963 - geo_infer_act.utils.analysis - INFO - Analyzing perception patterns...
2026-05-18 19:29:21,965 - geo_infer_act.utils.analysis - INFO - Analysis saved to /Users/4d/Documents/GitHub/GEO-INFER/GEO-INFER-ACT/examples/output/comprehensive_act_audit/method_audit/scenario_outputs/scenario_suite/debug/analysis/perception_analysis.json
2026-05-18 19:29:21,965 - geo_infer_act.utils.analysis - INFO - Perception pattern analysis completed
2026-05-18 19:29:21,965 - geo_infer_act.utils.analysis - INFO - Analyzing action selection patterns...
2026-05-18 19:29:21,965 - geo_infer_act.utils.analysis - INFO - Analysis saved to /Users/4d/Documents/GitHub/GEO-INFER/GEO-INFER-ACT/examples/output/comprehensive_act_audit/method_audit/scenario_outputs/scenario_suite/debug/analysis/action_selection_analysis.json
2026-05-18 19:29:21,965 - geo_infer_act.utils.analysis - INFO - Action selection pattern analysis completed
2026-05-18 19:29:21,965 - geo_infer_act.utils.analysis - INFO - Analyzing Variational Free Energy patterns...
2026-05-18 19:29:21,965 - geo_infer_act.utils.analysis - INFO - Analysis saved to /Users/4d/Documents/GitHub/GEO-INFER/GEO-INFER-ACT/examples/output/comprehensive_act_audit/method_audit/scenario_outputs/scenario_suite/debug/analysis/free_energy_analysis.json
2026-05-18 19:29:21,966 - geo_infer_act.utils.analysis - INFO - Free Energy pattern analysis completed
2026-05-18 19:29:21,966 - geo_infer_act.utils.analysis - INFO - Comprehensive report saved to /Users/4d/Documents/GitHub/GEO-INFER/GEO-INFER-ACT/examples/output/comprehensive_act_audit/method_audit/scenario_outputs/scenario_suite/debug/comprehensive_report.md
