2026-01-09 15:27:16,400 - geo_infer_act.utils.analysis - INFO - ActiveInferenceAnalyzer initialized with output: /Users/4d/Documents/GitHub/GEO-INFER/output/ecological_model_20260109_152716
2026-01-09 15:27:16,406 - geo_infer_act.utils.analysis - DEBUG - Recorded step 1: FE=-1.5508
2026-01-09 15:27:16,410 - geo_infer_act.utils.analysis - DEBUG - Recorded step 2: FE=-1.4080
2026-01-09 15:27:16,414 - geo_infer_act.utils.analysis - DEBUG - Recorded step 3: FE=-1.2174
2026-01-09 15:27:16,419 - geo_infer_act.utils.analysis - DEBUG - Recorded step 4: FE=-1.0411
2026-01-09 15:27:16,422 - geo_infer_act.utils.analysis - DEBUG - Recorded step 5: FE=-0.8793
2026-01-09 15:27:16,426 - geo_infer_act.utils.analysis - DEBUG - Recorded step 6: FE=-0.7066
2026-01-09 15:27:16,430 - geo_infer_act.utils.analysis - DEBUG - Recorded step 7: FE=-0.5595
2026-01-09 15:27:16,433 - geo_infer_act.utils.analysis - DEBUG - Recorded step 8: FE=-0.4843
2026-01-09 15:27:16,436 - geo_infer_act.utils.analysis - DEBUG - Recorded step 9: FE=-0.4073
2026-01-09 15:27:16,440 - geo_infer_act.utils.analysis - DEBUG - Recorded step 10: FE=-0.3303
2026-01-09 15:27:16,443 - geo_infer_act.utils.analysis - DEBUG - Recorded step 11: FE=-0.3192
2026-01-09 15:27:16,446 - geo_infer_act.utils.analysis - DEBUG - Recorded step 12: FE=-0.2850
2026-01-09 15:27:16,450 - geo_infer_act.utils.analysis - DEBUG - Recorded step 13: FE=-0.2737
2026-01-09 15:27:16,453 - geo_infer_act.utils.analysis - DEBUG - Recorded step 14: FE=-0.2700
2026-01-09 15:27:16,457 - geo_infer_act.utils.analysis - DEBUG - Recorded step 15: FE=-0.2530
2026-01-09 15:27:16,461 - geo_infer_act.utils.analysis - DEBUG - Recorded step 16: FE=-0.2457
2026-01-09 15:27:16,465 - geo_infer_act.utils.analysis - DEBUG - Recorded step 17: FE=-0.2390
2026-01-09 15:27:16,468 - geo_infer_act.utils.analysis - DEBUG - Recorded step 18: FE=-0.2381
2026-01-09 15:27:16,472 - geo_infer_act.utils.analysis - DEBUG - Recorded step 19: FE=-0.2597
2026-01-09 15:27:16,475 - geo_infer_act.utils.analysis - DEBUG - Recorded step 20: FE=-0.2372
2026-01-09 15:27:16,478 - geo_infer_act.utils.analysis - DEBUG - Recorded step 21: FE=-0.2400
2026-01-09 15:27:16,482 - geo_infer_act.utils.analysis - DEBUG - Recorded step 22: FE=-0.2447
2026-01-09 15:27:16,485 - geo_infer_act.utils.analysis - DEBUG - Recorded step 23: FE=-0.2442
2026-01-09 15:27:16,488 - geo_infer_act.utils.analysis - DEBUG - Recorded step 24: FE=-0.2461
2026-01-09 15:27:16,492 - geo_infer_act.utils.analysis - DEBUG - Recorded step 25: FE=-0.2377
2026-01-09 15:27:16,496 - geo_infer_act.utils.analysis - DEBUG - Recorded step 26: FE=-0.2613
2026-01-09 15:27:16,500 - geo_infer_act.utils.analysis - DEBUG - Recorded step 27: FE=-0.2448
2026-01-09 15:27:16,504 - geo_infer_act.utils.analysis - DEBUG - Recorded step 28: FE=-0.2434
2026-01-09 15:27:16,508 - geo_infer_act.utils.analysis - DEBUG - Recorded step 29: FE=-0.2497
2026-01-09 15:27:16,512 - geo_infer_act.utils.analysis - DEBUG - Recorded step 30: FE=-0.2552
2026-01-09 15:27:16,515 - geo_infer_act.utils.analysis - DEBUG - Recorded step 31: FE=-0.2537
2026-01-09 15:27:16,518 - geo_infer_act.utils.analysis - DEBUG - Recorded step 32: FE=-0.2435
2026-01-09 15:27:16,521 - geo_infer_act.utils.analysis - DEBUG - Recorded step 33: FE=-0.2534
2026-01-09 15:27:16,525 - geo_infer_act.utils.analysis - DEBUG - Recorded step 34: FE=-0.2601
2026-01-09 15:27:16,529 - geo_infer_act.utils.analysis - DEBUG - Recorded step 35: FE=-0.2698
2026-01-09 15:27:16,532 - geo_infer_act.utils.analysis - DEBUG - Recorded step 36: FE=-0.2795
2026-01-09 15:27:16,536 - geo_infer_act.utils.analysis - DEBUG - Recorded step 37: FE=-0.2920
2026-01-09 15:27:16,539 - geo_infer_act.utils.analysis - DEBUG - Recorded step 38: FE=-0.3175
2026-01-09 15:27:16,542 - geo_infer_act.utils.analysis - DEBUG - Recorded step 39: FE=-0.3253
2026-01-09 15:27:16,546 - geo_infer_act.utils.analysis - DEBUG - Recorded step 40: FE=-0.3301
2026-01-09 15:27:16,546 - geo_infer_act.utils.analysis - INFO - Analyzing perception patterns...
2026-01-09 15:27:16,549 - geo_infer_act.utils.analysis - INFO - Analysis saved to /Users/4d/Documents/GitHub/GEO-INFER/output/ecological_model_20260109_152716/analysis/perception_analysis.json
2026-01-09 15:27:16,549 - geo_infer_act.utils.analysis - INFO - Perception pattern analysis completed
2026-01-09 15:27:16,549 - geo_infer_act.utils.analysis - INFO - Analyzing action selection patterns...
2026-01-09 15:27:16,549 - geo_infer_act.utils.analysis - INFO - Analysis saved to /Users/4d/Documents/GitHub/GEO-INFER/output/ecological_model_20260109_152716/analysis/action_selection_analysis.json
2026-01-09 15:27:16,549 - geo_infer_act.utils.analysis - INFO - Action selection pattern analysis completed
2026-01-09 15:27:16,549 - geo_infer_act.utils.analysis - INFO - Analyzing Variational Free Energy patterns...
2026-01-09 15:27:16,550 - geo_infer_act.utils.analysis - INFO - Analysis saved to /Users/4d/Documents/GitHub/GEO-INFER/output/ecological_model_20260109_152716/analysis/free_energy_analysis.json
2026-01-09 15:27:16,550 - geo_infer_act.utils.analysis - INFO - Free Energy pattern analysis completed
2026-01-09 15:27:16,551 - geo_infer_act.utils.analysis - INFO - Analysis saved to /Users/4d/Documents/GitHub/GEO-INFER/output/ecological_model_20260109_152716/analysis/ecological_analysis.json
2026-01-09 15:27:16,554 - geo_infer_act.utils.analysis - INFO - Traces saved to CSV files in /Users/4d/Documents/GitHub/GEO-INFER/output/ecological_model_20260109_152716/data
2026-01-09 15:27:17,368 - geo_infer_act.utils.analysis - ERROR - Failed to create correlation analysis: can only concatenate list (not "float") to list
2026-01-09 15:27:17,368 - geo_infer_act.utils.analysis - INFO - Shared visualizations created in /Users/4d/Documents/GitHub/GEO-INFER/output/ecological_model_20260109_152716/visualizations
2026-01-09 15:27:19,733 - geo_infer_act.utils.analysis - INFO - Generating comprehensive analysis report...
2026-01-09 15:27:19,733 - geo_infer_act.utils.analysis - INFO - Analyzing perception patterns...
2026-01-09 15:27:19,735 - geo_infer_act.utils.analysis - INFO - Analysis saved to /Users/4d/Documents/GitHub/GEO-INFER/output/ecological_model_20260109_152716/analysis/perception_analysis.json
2026-01-09 15:27:19,735 - geo_infer_act.utils.analysis - INFO - Perception pattern analysis completed
2026-01-09 15:27:19,735 - geo_infer_act.utils.analysis - INFO - Analyzing action selection patterns...
2026-01-09 15:27:19,736 - geo_infer_act.utils.analysis - INFO - Analysis saved to /Users/4d/Documents/GitHub/GEO-INFER/output/ecological_model_20260109_152716/analysis/action_selection_analysis.json
2026-01-09 15:27:19,736 - geo_infer_act.utils.analysis - INFO - Action selection pattern analysis completed
2026-01-09 15:27:19,736 - geo_infer_act.utils.analysis - INFO - Analyzing Variational Free Energy patterns...
2026-01-09 15:27:19,736 - geo_infer_act.utils.analysis - INFO - Analysis saved to /Users/4d/Documents/GitHub/GEO-INFER/output/ecological_model_20260109_152716/analysis/free_energy_analysis.json
2026-01-09 15:27:19,736 - geo_infer_act.utils.analysis - INFO - Free Energy pattern analysis completed
2026-01-09 15:27:19,737 - geo_infer_act.utils.analysis - INFO - Comprehensive report saved to /Users/4d/Documents/GitHub/GEO-INFER/output/ecological_model_20260109_152716/comprehensive_report.md
