2026-02-02 06:44:19,147 - geo_infer_act.utils.analysis - INFO - ActiveInferenceAnalyzer initialized with output: /Users/4d/Documents/GitHub/GEO-INFER/output/ecological_model_20260202_064419
2026-02-02 06:44:19,154 - geo_infer_act.utils.analysis - DEBUG - Recorded step 1: FE=-1.5688
2026-02-02 06:44:19,159 - geo_infer_act.utils.analysis - DEBUG - Recorded step 2: FE=-1.4217
2026-02-02 06:44:19,164 - geo_infer_act.utils.analysis - DEBUG - Recorded step 3: FE=-1.2425
2026-02-02 06:44:19,168 - geo_infer_act.utils.analysis - DEBUG - Recorded step 4: FE=-1.0730
2026-02-02 06:44:19,221 - geo_infer_act.utils.analysis - DEBUG - Recorded step 5: FE=-0.8971
2026-02-02 06:44:19,225 - geo_infer_act.utils.analysis - DEBUG - Recorded step 6: FE=-0.7718
2026-02-02 06:44:19,230 - geo_infer_act.utils.analysis - DEBUG - Recorded step 7: FE=-0.6511
2026-02-02 06:44:19,234 - geo_infer_act.utils.analysis - DEBUG - Recorded step 8: FE=-0.4174
2026-02-02 06:44:19,238 - geo_infer_act.utils.analysis - DEBUG - Recorded step 9: FE=-0.3529
2026-02-02 06:44:19,242 - geo_infer_act.utils.analysis - DEBUG - Recorded step 10: FE=-0.3101
2026-02-02 06:44:19,247 - geo_infer_act.utils.analysis - DEBUG - Recorded step 11: FE=-0.2799
2026-02-02 06:44:19,251 - geo_infer_act.utils.analysis - DEBUG - Recorded step 12: FE=-0.2676
2026-02-02 06:44:19,255 - geo_infer_act.utils.analysis - DEBUG - Recorded step 13: FE=-0.2481
2026-02-02 06:44:19,259 - geo_infer_act.utils.analysis - DEBUG - Recorded step 14: FE=-0.2283
2026-02-02 06:44:19,263 - geo_infer_act.utils.analysis - DEBUG - Recorded step 15: FE=-0.2245
2026-02-02 06:44:19,266 - geo_infer_act.utils.analysis - DEBUG - Recorded step 16: FE=-0.2232
2026-02-02 06:44:19,270 - geo_infer_act.utils.analysis - DEBUG - Recorded step 17: FE=-0.2217
2026-02-02 06:44:19,275 - geo_infer_act.utils.analysis - DEBUG - Recorded step 18: FE=-0.2198
2026-02-02 06:44:19,278 - geo_infer_act.utils.analysis - DEBUG - Recorded step 19: FE=-0.2180
2026-02-02 06:44:19,282 - geo_infer_act.utils.analysis - DEBUG - Recorded step 20: FE=-0.2169
2026-02-02 06:44:19,286 - geo_infer_act.utils.analysis - DEBUG - Recorded step 21: FE=-0.2177
2026-02-02 06:44:19,290 - geo_infer_act.utils.analysis - DEBUG - Recorded step 22: FE=-0.2151
2026-02-02 06:44:19,294 - geo_infer_act.utils.analysis - DEBUG - Recorded step 23: FE=-0.2129
2026-02-02 06:44:19,298 - geo_infer_act.utils.analysis - DEBUG - Recorded step 24: FE=-0.2130
2026-02-02 06:44:19,302 - geo_infer_act.utils.analysis - DEBUG - Recorded step 25: FE=-0.2123
2026-02-02 06:44:19,306 - geo_infer_act.utils.analysis - DEBUG - Recorded step 26: FE=-0.2128
2026-02-02 06:44:19,310 - geo_infer_act.utils.analysis - DEBUG - Recorded step 27: FE=-0.2117
2026-02-02 06:44:19,313 - geo_infer_act.utils.analysis - DEBUG - Recorded step 28: FE=-0.2129
2026-02-02 06:44:19,317 - geo_infer_act.utils.analysis - DEBUG - Recorded step 29: FE=-0.2147
2026-02-02 06:44:19,321 - geo_infer_act.utils.analysis - DEBUG - Recorded step 30: FE=-0.2199
2026-02-02 06:44:19,325 - geo_infer_act.utils.analysis - DEBUG - Recorded step 31: FE=-0.2211
2026-02-02 06:44:19,329 - geo_infer_act.utils.analysis - DEBUG - Recorded step 32: FE=-0.2213
2026-02-02 06:44:19,333 - geo_infer_act.utils.analysis - DEBUG - Recorded step 33: FE=-0.2223
2026-02-02 06:44:19,337 - geo_infer_act.utils.analysis - DEBUG - Recorded step 34: FE=-0.2269
2026-02-02 06:44:19,341 - geo_infer_act.utils.analysis - DEBUG - Recorded step 35: FE=-0.2348
2026-02-02 06:44:19,345 - geo_infer_act.utils.analysis - DEBUG - Recorded step 36: FE=-0.2341
2026-02-02 06:44:19,349 - geo_infer_act.utils.analysis - DEBUG - Recorded step 37: FE=-0.2451
2026-02-02 06:44:19,353 - geo_infer_act.utils.analysis - DEBUG - Recorded step 38: FE=-0.2512
2026-02-02 06:44:19,356 - geo_infer_act.utils.analysis - DEBUG - Recorded step 39: FE=-0.2626
2026-02-02 06:44:19,360 - geo_infer_act.utils.analysis - DEBUG - Recorded step 40: FE=-0.2706
2026-02-02 06:44:19,360 - geo_infer_act.utils.analysis - INFO - Analyzing perception patterns...
2026-02-02 06:44:19,363 - geo_infer_act.utils.analysis - INFO - Analysis saved to /Users/4d/Documents/GitHub/GEO-INFER/output/ecological_model_20260202_064419/analysis/perception_analysis.json
2026-02-02 06:44:19,363 - geo_infer_act.utils.analysis - INFO - Perception pattern analysis completed
2026-02-02 06:44:19,363 - geo_infer_act.utils.analysis - INFO - Analyzing action selection patterns...
2026-02-02 06:44:19,364 - geo_infer_act.utils.analysis - INFO - Analysis saved to /Users/4d/Documents/GitHub/GEO-INFER/output/ecological_model_20260202_064419/analysis/action_selection_analysis.json
2026-02-02 06:44:19,364 - geo_infer_act.utils.analysis - INFO - Action selection pattern analysis completed
2026-02-02 06:44:19,364 - geo_infer_act.utils.analysis - INFO - Analyzing Variational Free Energy patterns...
2026-02-02 06:44:19,364 - geo_infer_act.utils.analysis - INFO - Analysis saved to /Users/4d/Documents/GitHub/GEO-INFER/output/ecological_model_20260202_064419/analysis/free_energy_analysis.json
2026-02-02 06:44:19,364 - geo_infer_act.utils.analysis - INFO - Free Energy pattern analysis completed
2026-02-02 06:44:19,366 - geo_infer_act.utils.analysis - INFO - Analysis saved to /Users/4d/Documents/GitHub/GEO-INFER/output/ecological_model_20260202_064419/analysis/ecological_analysis.json
2026-02-02 06:44:19,368 - geo_infer_act.utils.analysis - INFO - Traces saved to CSV files in /Users/4d/Documents/GitHub/GEO-INFER/output/ecological_model_20260202_064419/data
2026-02-02 06:44:20,229 - geo_infer_act.utils.analysis - ERROR - Failed to create correlation analysis: can only concatenate list (not "float") to list
2026-02-02 06:44:20,229 - geo_infer_act.utils.analysis - INFO - Shared visualizations created in /Users/4d/Documents/GitHub/GEO-INFER/output/ecological_model_20260202_064419/visualizations
2026-02-02 06:44:22,806 - geo_infer_act.utils.analysis - INFO - Generating comprehensive analysis report...
2026-02-02 06:44:22,806 - geo_infer_act.utils.analysis - INFO - Analyzing perception patterns...
2026-02-02 06:44:22,808 - geo_infer_act.utils.analysis - INFO - Analysis saved to /Users/4d/Documents/GitHub/GEO-INFER/output/ecological_model_20260202_064419/analysis/perception_analysis.json
2026-02-02 06:44:22,808 - geo_infer_act.utils.analysis - INFO - Perception pattern analysis completed
2026-02-02 06:44:22,808 - geo_infer_act.utils.analysis - INFO - Analyzing action selection patterns...
2026-02-02 06:44:22,809 - geo_infer_act.utils.analysis - INFO - Analysis saved to /Users/4d/Documents/GitHub/GEO-INFER/output/ecological_model_20260202_064419/analysis/action_selection_analysis.json
2026-02-02 06:44:22,809 - geo_infer_act.utils.analysis - INFO - Action selection pattern analysis completed
2026-02-02 06:44:22,809 - geo_infer_act.utils.analysis - INFO - Analyzing Variational Free Energy patterns...
2026-02-02 06:44:22,810 - geo_infer_act.utils.analysis - INFO - Analysis saved to /Users/4d/Documents/GitHub/GEO-INFER/output/ecological_model_20260202_064419/analysis/free_energy_analysis.json
2026-02-02 06:44:22,810 - geo_infer_act.utils.analysis - INFO - Free Energy pattern analysis completed
2026-02-02 06:44:22,810 - geo_infer_act.utils.analysis - INFO - Comprehensive report saved to /Users/4d/Documents/GitHub/GEO-INFER/output/ecological_model_20260202_064419/comprehensive_report.md
