2026-02-02 06:35:56,677 - geo_infer_act.utils.analysis - INFO - ActiveInferenceAnalyzer initialized with output: /Users/4d/Documents/GitHub/GEO-INFER/output/simple_model_20260202_063556
2026-02-02 06:35:56,677 - geo_infer_act.utils.analysis - DEBUG - Recorded step 1: FE=-1.3961
2026-02-02 06:35:56,678 - geo_infer_act.utils.analysis - DEBUG - Recorded step 2: FE=-1.3961
2026-02-02 06:35:56,679 - geo_infer_act.utils.analysis - DEBUG - Recorded step 3: FE=-1.3961
2026-02-02 06:35:56,679 - geo_infer_act.utils.analysis - DEBUG - Recorded step 4: FE=-1.3961
2026-02-02 06:35:56,680 - geo_infer_act.utils.analysis - DEBUG - Recorded step 5: FE=-1.3961
2026-02-02 06:35:56,680 - geo_infer_act.utils.analysis - DEBUG - Recorded step 6: FE=-1.3961
2026-02-02 06:35:56,681 - geo_infer_act.utils.analysis - DEBUG - Recorded step 7: FE=-1.3961
2026-02-02 06:35:56,681 - geo_infer_act.utils.analysis - DEBUG - Recorded step 8: FE=-1.3961
2026-02-02 06:35:56,681 - geo_infer_act.utils.analysis - DEBUG - Recorded step 9: FE=-1.3961
2026-02-02 06:35:56,682 - geo_infer_act.utils.analysis - DEBUG - Recorded step 10: FE=-1.3961
2026-02-02 06:35:56,682 - geo_infer_act.utils.analysis - DEBUG - Recorded step 11: FE=-1.3961
2026-02-02 06:35:56,682 - geo_infer_act.utils.analysis - DEBUG - Recorded step 12: FE=-1.3961
2026-02-02 06:35:56,683 - geo_infer_act.utils.analysis - DEBUG - Recorded step 13: FE=-1.3961
2026-02-02 06:35:56,683 - geo_infer_act.utils.analysis - INFO - Analyzing perception patterns...
2026-02-02 06:35:56,686 - geo_infer_act.utils.analysis - INFO - Analysis saved to /Users/4d/Documents/GitHub/GEO-INFER/output/simple_model_20260202_063556/analysis/perception_analysis.json
2026-02-02 06:35:56,686 - geo_infer_act.utils.analysis - INFO - Perception pattern analysis completed
2026-02-02 06:35:56,686 - geo_infer_act.utils.analysis - INFO - Analyzing action selection patterns...
2026-02-02 06:35:56,686 - geo_infer_act.utils.analysis - INFO - Analysis saved to /Users/4d/Documents/GitHub/GEO-INFER/output/simple_model_20260202_063556/analysis/action_selection_analysis.json
2026-02-02 06:35:56,686 - geo_infer_act.utils.analysis - INFO - Action selection pattern analysis completed
2026-02-02 06:35:56,686 - geo_infer_act.utils.analysis - INFO - Analyzing Variational Free Energy patterns...
2026-02-02 06:35:56,686 - geo_infer_act.utils.analysis - INFO - Analysis saved to /Users/4d/Documents/GitHub/GEO-INFER/output/simple_model_20260202_063556/analysis/free_energy_analysis.json
2026-02-02 06:35:56,687 - geo_infer_act.utils.analysis - INFO - Free Energy pattern analysis completed
2026-02-02 06:35:58,755 - geo_infer_act.utils.analysis - INFO - Traces saved to CSV files in /Users/4d/Documents/GitHub/GEO-INFER/output/simple_model_20260202_063556/data
2026-02-02 06:35:58,755 - geo_infer_act.utils.analysis - INFO - Generating comprehensive analysis report...
2026-02-02 06:35:58,755 - geo_infer_act.utils.analysis - INFO - Analyzing perception patterns...
2026-02-02 06:35:58,757 - geo_infer_act.utils.analysis - INFO - Analysis saved to /Users/4d/Documents/GitHub/GEO-INFER/output/simple_model_20260202_063556/analysis/perception_analysis.json
2026-02-02 06:35:58,757 - geo_infer_act.utils.analysis - INFO - Perception pattern analysis completed
2026-02-02 06:35:58,757 - geo_infer_act.utils.analysis - INFO - Analyzing action selection patterns...
2026-02-02 06:35:58,757 - geo_infer_act.utils.analysis - INFO - Analysis saved to /Users/4d/Documents/GitHub/GEO-INFER/output/simple_model_20260202_063556/analysis/action_selection_analysis.json
2026-02-02 06:35:58,757 - geo_infer_act.utils.analysis - INFO - Action selection pattern analysis completed
2026-02-02 06:35:58,757 - geo_infer_act.utils.analysis - INFO - Analyzing Variational Free Energy patterns...
2026-02-02 06:35:58,758 - geo_infer_act.utils.analysis - INFO - Analysis saved to /Users/4d/Documents/GitHub/GEO-INFER/output/simple_model_20260202_063556/analysis/free_energy_analysis.json
2026-02-02 06:35:58,758 - geo_infer_act.utils.analysis - INFO - Free Energy pattern analysis completed
2026-02-02 06:35:58,759 - geo_infer_act.utils.analysis - INFO - Comprehensive report saved to /Users/4d/Documents/GitHub/GEO-INFER/output/simple_model_20260202_063556/comprehensive_report.md
