2026-01-09 15:35:30,900 - ModernActiveInference - INFO - Modern Active Inference - Comprehensive Analysis
2026-01-09 15:35:30,900 - ModernActiveInference - INFO - ======================================================================
2026-01-09 15:35:30,900 - ModernActiveInference - INFO - Output directory: /Users/4d/Documents/GitHub/GEO-INFER/output/modern_active_inference_20260109_153530
2026-01-09 15:35:30,901 - geo_infer_act.api.interface - INFO - ActiveInferenceInterface initialized
2026-01-09 15:35:30,901 - ModernActiveInference - INFO - Modern Active Inference Demo initialized
2026-01-09 15:35:30,901 - ModernActiveInference - INFO - Enhanced with comprehensive analysis capabilities
2026-01-09 15:35:30,901 - ModernActiveInference - INFO - Starting comprehensive modern Active Inference demonstration
2026-01-09 15:35:30,901 - ModernActiveInference - INFO - 
==================================================
2026-01-09 15:35:30,901 - ModernActiveInference - INFO - 1. HIERARCHICAL ACTIVE INFERENCE
2026-01-09 15:35:30,901 - ModernActiveInference - INFO - ==================================================
2026-01-09 15:35:30,901 - ModernActiveInference - INFO - Creating hierarchical model: hierarchical_model
2026-01-09 15:35:30,901 - geo_infer_act.core.active_inference - INFO - Initialized ActiveInferenceModel with type: categorical
2026-01-09 15:35:30,901 - geo_infer_act.core.generative_model - INFO - Initialized 3 hierarchical levels
2026-01-09 15:35:30,901 - geo_infer_act.api.interface - INFO - Created categorical model: hierarchical_model
2026-01-09 15:35:30,901 - geo_infer_act.api.interface - INFO - Set preferences for model hierarchical_model
2026-01-09 15:35:30,902 - geo_infer_act.utils.analysis - INFO - ActiveInferenceAnalyzer initialized with output: /Users/4d/Documents/GitHub/GEO-INFER/output/modern_active_inference_20260109_153530/hierarchical
2026-01-09 15:35:30,902 - ModernActiveInference - INFO -   Created 3-level hierarchical model
2026-01-09 15:35:30,902 - ModernActiveInference - INFO -   Temporal horizons: [1, 5, 20]
2026-01-09 15:35:30,902 - ModernActiveInference - INFO -   Message passing enabled: True
2026-01-09 15:35:30,903 - ModernActiveInference - ERROR - Demo failed with error: 'level_0'
