2026-02-02 06:46:14,827 - geo_infer_act.utils.analysis - INFO - ActiveInferenceAnalyzer initialized with output: /Users/4d/Documents/GitHub/GEO-INFER/output/modern_active_inference_20260202_064614/spatial_temporal
2026-02-02 06:46:14,834 - geo_infer_act.utils.analysis - DEBUG - Recorded step 1: FE=-2.2608
2026-02-02 06:46:14,837 - geo_infer_act.utils.analysis - DEBUG - Recorded step 2: FE=-2.2608
2026-02-02 06:46:14,841 - geo_infer_act.utils.analysis - DEBUG - Recorded step 3: FE=-2.2608
2026-02-02 06:46:14,845 - geo_infer_act.utils.analysis - DEBUG - Recorded step 4: FE=-2.2608
2026-02-02 06:46:14,848 - geo_infer_act.utils.analysis - DEBUG - Recorded step 5: FE=-2.2608
2026-02-02 06:46:14,852 - geo_infer_act.utils.analysis - DEBUG - Recorded step 6: FE=-2.2608
2026-02-02 06:46:14,856 - geo_infer_act.utils.analysis - DEBUG - Recorded step 7: FE=-2.2608
2026-02-02 06:46:14,860 - geo_infer_act.utils.analysis - DEBUG - Recorded step 8: FE=-2.2608
2026-02-02 06:46:14,863 - geo_infer_act.utils.analysis - DEBUG - Recorded step 9: FE=-2.2608
2026-02-02 06:46:14,866 - geo_infer_act.utils.analysis - DEBUG - Recorded step 10: FE=-2.2608
2026-02-02 06:46:14,870 - geo_infer_act.utils.analysis - DEBUG - Recorded step 11: FE=-2.2608
2026-02-02 06:46:14,873 - geo_infer_act.utils.analysis - DEBUG - Recorded step 12: FE=-2.2608
2026-02-02 06:46:14,877 - geo_infer_act.utils.analysis - DEBUG - Recorded step 13: FE=-2.2608
2026-02-02 06:46:14,880 - geo_infer_act.utils.analysis - DEBUG - Recorded step 14: FE=-2.2608
2026-02-02 06:46:14,884 - geo_infer_act.utils.analysis - DEBUG - Recorded step 15: FE=-2.2608
2026-02-02 06:46:14,888 - geo_infer_act.utils.analysis - DEBUG - Recorded step 16: FE=-2.2608
2026-02-02 06:46:14,891 - geo_infer_act.utils.analysis - DEBUG - Recorded step 17: FE=-2.2608
2026-02-02 06:46:14,894 - geo_infer_act.utils.analysis - DEBUG - Recorded step 18: FE=-2.2608
2026-02-02 06:46:14,898 - geo_infer_act.utils.analysis - DEBUG - Recorded step 19: FE=-2.2608
2026-02-02 06:46:14,901 - geo_infer_act.utils.analysis - DEBUG - Recorded step 20: FE=-2.2608
2026-02-02 06:46:14,905 - geo_infer_act.utils.analysis - DEBUG - Recorded step 21: FE=-2.2608
2026-02-02 06:46:14,908 - geo_infer_act.utils.analysis - DEBUG - Recorded step 22: FE=-2.2608
2026-02-02 06:46:14,911 - geo_infer_act.utils.analysis - DEBUG - Recorded step 23: FE=-2.2608
2026-02-02 06:46:14,914 - geo_infer_act.utils.analysis - DEBUG - Recorded step 24: FE=-2.2608
2026-02-02 06:46:14,918 - geo_infer_act.utils.analysis - DEBUG - Recorded step 25: FE=-2.2608
2026-02-02 06:46:14,918 - geo_infer_act.utils.analysis - INFO - ActiveInferenceAnalyzer initialized with output: /Users/4d/Documents/GitHub/GEO-INFER/output/modern_active_inference_20260202_064614/multi_agent/agent_0
2026-02-02 06:46:14,919 - geo_infer_act.utils.analysis - INFO - ActiveInferenceAnalyzer initialized with output: /Users/4d/Documents/GitHub/GEO-INFER/output/modern_active_inference_20260202_064614/multi_agent/agent_1
2026-02-02 06:46:14,919 - geo_infer_act.utils.analysis - INFO - ActiveInferenceAnalyzer initialized with output: /Users/4d/Documents/GitHub/GEO-INFER/output/modern_active_inference_20260202_064614/multi_agent/agent_2
2026-02-02 06:46:14,920 - geo_infer_act.utils.analysis - INFO - ActiveInferenceAnalyzer initialized with output: /Users/4d/Documents/GitHub/GEO-INFER/output/modern_active_inference_20260202_064614/multi_agent/agent_3
2026-02-02 06:46:14,958 - geo_infer_act.utils.analysis - DEBUG - Recorded step 1: FE=-1.7944
2026-02-02 06:46:14,960 - geo_infer_act.utils.analysis - DEBUG - Recorded step 1: FE=-1.6094
2026-02-02 06:46:14,961 - geo_infer_act.utils.analysis - DEBUG - Recorded step 1: FE=-1.3863
2026-02-02 06:46:14,961 - geo_infer_act.utils.analysis - DEBUG - Recorded step 1: FE=-1.3863
2026-02-02 06:46:14,990 - geo_infer_act.utils.analysis - DEBUG - Recorded step 2: FE=-1.7944
2026-02-02 06:46:14,992 - geo_infer_act.utils.analysis - DEBUG - Recorded step 2: FE=-1.6094
2026-02-02 06:46:14,993 - geo_infer_act.utils.analysis - DEBUG - Recorded step 2: FE=-1.3863
2026-02-02 06:46:14,993 - geo_infer_act.utils.analysis - DEBUG - Recorded step 2: FE=-1.3863
2026-02-02 06:46:15,020 - geo_infer_act.utils.analysis - DEBUG - Recorded step 3: FE=-1.7944
2026-02-02 06:46:15,022 - geo_infer_act.utils.analysis - DEBUG - Recorded step 3: FE=-1.6094
2026-02-02 06:46:15,022 - geo_infer_act.utils.analysis - DEBUG - Recorded step 3: FE=-1.3863
2026-02-02 06:46:15,022 - geo_infer_act.utils.analysis - DEBUG - Recorded step 3: FE=-1.3863
2026-02-02 06:46:15,049 - geo_infer_act.utils.analysis - DEBUG - Recorded step 4: FE=-1.7944
2026-02-02 06:46:15,051 - geo_infer_act.utils.analysis - DEBUG - Recorded step 4: FE=-1.6094
2026-02-02 06:46:15,051 - geo_infer_act.utils.analysis - DEBUG - Recorded step 4: FE=-1.3863
2026-02-02 06:46:15,051 - geo_infer_act.utils.analysis - DEBUG - Recorded step 4: FE=-1.3863
2026-02-02 06:46:15,077 - geo_infer_act.utils.analysis - DEBUG - Recorded step 5: FE=-1.7944
2026-02-02 06:46:15,079 - geo_infer_act.utils.analysis - DEBUG - Recorded step 5: FE=-1.6094
2026-02-02 06:46:15,079 - geo_infer_act.utils.analysis - DEBUG - Recorded step 5: FE=-1.3863
2026-02-02 06:46:15,080 - geo_infer_act.utils.analysis - DEBUG - Recorded step 5: FE=-1.3863
2026-02-02 06:46:15,108 - geo_infer_act.utils.analysis - DEBUG - Recorded step 6: FE=-1.7944
2026-02-02 06:46:15,110 - geo_infer_act.utils.analysis - DEBUG - Recorded step 6: FE=-1.6094
2026-02-02 06:46:15,110 - geo_infer_act.utils.analysis - DEBUG - Recorded step 6: FE=-1.3863
2026-02-02 06:46:15,110 - geo_infer_act.utils.analysis - DEBUG - Recorded step 6: FE=-1.3863
2026-02-02 06:46:15,137 - geo_infer_act.utils.analysis - DEBUG - Recorded step 7: FE=-1.7944
2026-02-02 06:46:15,139 - geo_infer_act.utils.analysis - DEBUG - Recorded step 7: FE=-1.6094
2026-02-02 06:46:15,139 - geo_infer_act.utils.analysis - DEBUG - Recorded step 7: FE=-1.3863
2026-02-02 06:46:15,139 - geo_infer_act.utils.analysis - DEBUG - Recorded step 7: FE=-1.3863
2026-02-02 06:46:15,166 - geo_infer_act.utils.analysis - DEBUG - Recorded step 8: FE=-1.7944
2026-02-02 06:46:15,168 - geo_infer_act.utils.analysis - DEBUG - Recorded step 8: FE=-1.6094
2026-02-02 06:46:15,169 - geo_infer_act.utils.analysis - DEBUG - Recorded step 8: FE=-1.3863
2026-02-02 06:46:15,169 - geo_infer_act.utils.analysis - DEBUG - Recorded step 8: FE=-1.3863
2026-02-02 06:46:15,197 - geo_infer_act.utils.analysis - DEBUG - Recorded step 9: FE=-1.7944
2026-02-02 06:46:15,199 - geo_infer_act.utils.analysis - DEBUG - Recorded step 9: FE=-1.6094
2026-02-02 06:46:15,199 - geo_infer_act.utils.analysis - DEBUG - Recorded step 9: FE=-1.3863
2026-02-02 06:46:15,199 - geo_infer_act.utils.analysis - DEBUG - Recorded step 9: FE=-1.3863
2026-02-02 06:46:15,226 - geo_infer_act.utils.analysis - DEBUG - Recorded step 10: FE=-1.7944
2026-02-02 06:46:15,228 - geo_infer_act.utils.analysis - DEBUG - Recorded step 10: FE=-1.6094
2026-02-02 06:46:15,229 - geo_infer_act.utils.analysis - DEBUG - Recorded step 10: FE=-1.3863
2026-02-02 06:46:15,229 - geo_infer_act.utils.analysis - DEBUG - Recorded step 10: FE=-1.3863
2026-02-02 06:46:15,256 - geo_infer_act.utils.analysis - DEBUG - Recorded step 11: FE=-1.7944
2026-02-02 06:46:15,258 - geo_infer_act.utils.analysis - DEBUG - Recorded step 11: FE=-1.6094
2026-02-02 06:46:15,258 - geo_infer_act.utils.analysis - DEBUG - Recorded step 11: FE=-1.3863
2026-02-02 06:46:15,259 - geo_infer_act.utils.analysis - DEBUG - Recorded step 11: FE=-1.3863
2026-02-02 06:46:15,286 - geo_infer_act.utils.analysis - DEBUG - Recorded step 12: FE=-1.7944
2026-02-02 06:46:15,288 - geo_infer_act.utils.analysis - DEBUG - Recorded step 12: FE=-1.6094
2026-02-02 06:46:15,288 - geo_infer_act.utils.analysis - DEBUG - Recorded step 12: FE=-1.3863
2026-02-02 06:46:15,288 - geo_infer_act.utils.analysis - DEBUG - Recorded step 12: FE=-1.3863
2026-02-02 06:46:15,314 - geo_infer_act.utils.analysis - DEBUG - Recorded step 13: FE=-1.7944
2026-02-02 06:46:15,316 - geo_infer_act.utils.analysis - DEBUG - Recorded step 13: FE=-1.6094
2026-02-02 06:46:15,316 - geo_infer_act.utils.analysis - DEBUG - Recorded step 13: FE=-1.3863
2026-02-02 06:46:15,317 - geo_infer_act.utils.analysis - DEBUG - Recorded step 13: FE=-1.3863
2026-02-02 06:46:15,343 - geo_infer_act.utils.analysis - DEBUG - Recorded step 14: FE=-1.7944
2026-02-02 06:46:15,345 - geo_infer_act.utils.analysis - DEBUG - Recorded step 14: FE=-1.6094
2026-02-02 06:46:15,346 - geo_infer_act.utils.analysis - DEBUG - Recorded step 14: FE=-1.3863
2026-02-02 06:46:15,346 - geo_infer_act.utils.analysis - DEBUG - Recorded step 14: FE=-1.3863
2026-02-02 06:46:15,372 - geo_infer_act.utils.analysis - DEBUG - Recorded step 15: FE=-1.7944
2026-02-02 06:46:15,374 - geo_infer_act.utils.analysis - DEBUG - Recorded step 15: FE=-1.6094
2026-02-02 06:46:15,374 - geo_infer_act.utils.analysis - DEBUG - Recorded step 15: FE=-1.3863
2026-02-02 06:46:15,375 - geo_infer_act.utils.analysis - DEBUG - Recorded step 15: FE=-1.3863
2026-02-02 06:46:15,402 - geo_infer_act.utils.analysis - DEBUG - Recorded step 16: FE=-1.7944
2026-02-02 06:46:15,404 - geo_infer_act.utils.analysis - DEBUG - Recorded step 16: FE=-1.6094
2026-02-02 06:46:15,404 - geo_infer_act.utils.analysis - DEBUG - Recorded step 16: FE=-1.3863
2026-02-02 06:46:15,405 - geo_infer_act.utils.analysis - DEBUG - Recorded step 16: FE=-1.3863
2026-02-02 06:46:15,431 - geo_infer_act.utils.analysis - DEBUG - Recorded step 17: FE=-1.7944
2026-02-02 06:46:15,433 - geo_infer_act.utils.analysis - DEBUG - Recorded step 17: FE=-1.6094
2026-02-02 06:46:15,434 - geo_infer_act.utils.analysis - DEBUG - Recorded step 17: FE=-1.3863
2026-02-02 06:46:15,434 - geo_infer_act.utils.analysis - DEBUG - Recorded step 17: FE=-1.3863
2026-02-02 06:46:15,461 - geo_infer_act.utils.analysis - DEBUG - Recorded step 18: FE=-1.7944
2026-02-02 06:46:15,463 - geo_infer_act.utils.analysis - DEBUG - Recorded step 18: FE=-1.6094
2026-02-02 06:46:15,464 - geo_infer_act.utils.analysis - DEBUG - Recorded step 18: FE=-1.3863
2026-02-02 06:46:15,464 - geo_infer_act.utils.analysis - DEBUG - Recorded step 18: FE=-1.3863
2026-02-02 06:46:15,491 - geo_infer_act.utils.analysis - DEBUG - Recorded step 19: FE=-1.7944
2026-02-02 06:46:15,493 - geo_infer_act.utils.analysis - DEBUG - Recorded step 19: FE=-1.6094
2026-02-02 06:46:15,493 - geo_infer_act.utils.analysis - DEBUG - Recorded step 19: FE=-1.3863
2026-02-02 06:46:15,494 - geo_infer_act.utils.analysis - DEBUG - Recorded step 19: FE=-1.3863
2026-02-02 06:46:15,519 - geo_infer_act.utils.analysis - DEBUG - Recorded step 20: FE=-1.7944
2026-02-02 06:46:15,521 - geo_infer_act.utils.analysis - DEBUG - Recorded step 20: FE=-1.6094
2026-02-02 06:46:15,522 - geo_infer_act.utils.analysis - DEBUG - Recorded step 20: FE=-1.3863
2026-02-02 06:46:15,522 - geo_infer_act.utils.analysis - DEBUG - Recorded step 20: FE=-1.3863
2026-02-02 06:46:15,523 - geo_infer_act.utils.analysis - INFO - Analyzing perception patterns...
2026-02-02 06:46:15,526 - geo_infer_act.utils.analysis - INFO - Analysis saved to /Users/4d/Documents/GitHub/GEO-INFER/output/modern_active_inference_20260202_064614/hierarchical/analysis/perception_analysis.json
2026-02-02 06:46:15,526 - geo_infer_act.utils.analysis - INFO - Perception pattern analysis completed
2026-02-02 06:46:15,526 - geo_infer_act.utils.analysis - INFO - Analyzing action selection patterns...
2026-02-02 06:46:15,527 - geo_infer_act.utils.analysis - INFO - Analysis saved to /Users/4d/Documents/GitHub/GEO-INFER/output/modern_active_inference_20260202_064614/hierarchical/analysis/action_selection_analysis.json
2026-02-02 06:46:15,527 - geo_infer_act.utils.analysis - INFO - Action selection pattern analysis completed
2026-02-02 06:46:15,527 - geo_infer_act.utils.analysis - INFO - Analyzing Variational Free Energy patterns...
2026-02-02 06:46:15,528 - geo_infer_act.utils.analysis - INFO - Analysis saved to /Users/4d/Documents/GitHub/GEO-INFER/output/modern_active_inference_20260202_064614/hierarchical/analysis/free_energy_analysis.json
2026-02-02 06:46:15,528 - geo_infer_act.utils.analysis - INFO - Free Energy pattern analysis completed
2026-02-02 06:46:15,528 - geo_infer_act.utils.analysis - INFO - Analyzing perception patterns...
2026-02-02 06:46:15,531 - geo_infer_act.utils.analysis - INFO - Analysis saved to /Users/4d/Documents/GitHub/GEO-INFER/output/modern_active_inference_20260202_064614/markov_blanket/analysis/perception_analysis.json
2026-02-02 06:46:15,531 - geo_infer_act.utils.analysis - INFO - Perception pattern analysis completed
2026-02-02 06:46:15,531 - geo_infer_act.utils.analysis - INFO - Analyzing action selection patterns...
2026-02-02 06:46:15,532 - geo_infer_act.utils.analysis - INFO - Analysis saved to /Users/4d/Documents/GitHub/GEO-INFER/output/modern_active_inference_20260202_064614/markov_blanket/analysis/action_selection_analysis.json
2026-02-02 06:46:15,532 - geo_infer_act.utils.analysis - INFO - Action selection pattern analysis completed
2026-02-02 06:46:15,532 - geo_infer_act.utils.analysis - INFO - Analyzing Variational Free Energy patterns...
2026-02-02 06:46:15,533 - geo_infer_act.utils.analysis - INFO - Analysis saved to /Users/4d/Documents/GitHub/GEO-INFER/output/modern_active_inference_20260202_064614/markov_blanket/analysis/free_energy_analysis.json
2026-02-02 06:46:15,533 - geo_infer_act.utils.analysis - INFO - Free Energy pattern analysis completed
2026-02-02 06:46:15,533 - geo_infer_act.utils.analysis - INFO - Analyzing perception patterns...
2026-02-02 06:46:15,536 - geo_infer_act.utils.analysis - INFO - Analysis saved to /Users/4d/Documents/GitHub/GEO-INFER/output/modern_active_inference_20260202_064614/spatial_temporal/analysis/perception_analysis.json
2026-02-02 06:46:15,537 - geo_infer_act.utils.analysis - INFO - Perception pattern analysis completed
2026-02-02 06:46:15,537 - geo_infer_act.utils.analysis - INFO - Analyzing action selection patterns...
2026-02-02 06:46:15,538 - geo_infer_act.utils.analysis - INFO - Analysis saved to /Users/4d/Documents/GitHub/GEO-INFER/output/modern_active_inference_20260202_064614/spatial_temporal/analysis/action_selection_analysis.json
2026-02-02 06:46:15,538 - geo_infer_act.utils.analysis - INFO - Action selection pattern analysis completed
2026-02-02 06:46:15,538 - geo_infer_act.utils.analysis - INFO - Analyzing Variational Free Energy patterns...
2026-02-02 06:46:15,538 - geo_infer_act.utils.analysis - INFO - Analysis saved to /Users/4d/Documents/GitHub/GEO-INFER/output/modern_active_inference_20260202_064614/spatial_temporal/analysis/free_energy_analysis.json
2026-02-02 06:46:15,538 - geo_infer_act.utils.analysis - INFO - Free Energy pattern analysis completed
2026-02-02 06:46:15,538 - geo_infer_act.utils.analysis - INFO - Analyzing perception patterns...
2026-02-02 06:46:15,541 - geo_infer_act.utils.analysis - INFO - Analysis saved to /Users/4d/Documents/GitHub/GEO-INFER/output/modern_active_inference_20260202_064614/multi_agent/agent_0/analysis/perception_analysis.json
2026-02-02 06:46:15,541 - geo_infer_act.utils.analysis - INFO - Perception pattern analysis completed
2026-02-02 06:46:15,541 - geo_infer_act.utils.analysis - INFO - Analyzing action selection patterns...
2026-02-02 06:46:15,542 - geo_infer_act.utils.analysis - INFO - Analysis saved to /Users/4d/Documents/GitHub/GEO-INFER/output/modern_active_inference_20260202_064614/multi_agent/agent_0/analysis/action_selection_analysis.json
2026-02-02 06:46:15,542 - geo_infer_act.utils.analysis - INFO - Action selection pattern analysis completed
2026-02-02 06:46:15,542 - geo_infer_act.utils.analysis - INFO - Analyzing Variational Free Energy patterns...
2026-02-02 06:46:15,542 - geo_infer_act.utils.analysis - INFO - Analysis saved to /Users/4d/Documents/GitHub/GEO-INFER/output/modern_active_inference_20260202_064614/multi_agent/agent_0/analysis/free_energy_analysis.json
2026-02-02 06:46:15,542 - geo_infer_act.utils.analysis - INFO - Free Energy pattern analysis completed
2026-02-02 06:46:15,543 - geo_infer_act.utils.analysis - INFO - Analyzing perception patterns...
2026-02-02 06:46:15,545 - geo_infer_act.utils.analysis - INFO - Analysis saved to /Users/4d/Documents/GitHub/GEO-INFER/output/modern_active_inference_20260202_064614/multi_agent/agent_1/analysis/perception_analysis.json
2026-02-02 06:46:15,545 - geo_infer_act.utils.analysis - INFO - Perception pattern analysis completed
2026-02-02 06:46:15,545 - geo_infer_act.utils.analysis - INFO - Analyzing action selection patterns...
2026-02-02 06:46:15,546 - geo_infer_act.utils.analysis - INFO - Analysis saved to /Users/4d/Documents/GitHub/GEO-INFER/output/modern_active_inference_20260202_064614/multi_agent/agent_1/analysis/action_selection_analysis.json
2026-02-02 06:46:15,546 - geo_infer_act.utils.analysis - INFO - Action selection pattern analysis completed
2026-02-02 06:46:15,546 - geo_infer_act.utils.analysis - INFO - Analyzing Variational Free Energy patterns...
2026-02-02 06:46:15,546 - geo_infer_act.utils.analysis - INFO - Analysis saved to /Users/4d/Documents/GitHub/GEO-INFER/output/modern_active_inference_20260202_064614/multi_agent/agent_1/analysis/free_energy_analysis.json
2026-02-02 06:46:15,546 - geo_infer_act.utils.analysis - INFO - Free Energy pattern analysis completed
2026-02-02 06:46:15,547 - geo_infer_act.utils.analysis - INFO - Analyzing perception patterns...
2026-02-02 06:46:15,548 - geo_infer_act.utils.analysis - INFO - Analysis saved to /Users/4d/Documents/GitHub/GEO-INFER/output/modern_active_inference_20260202_064614/multi_agent/agent_2/analysis/perception_analysis.json
2026-02-02 06:46:15,548 - geo_infer_act.utils.analysis - INFO - Perception pattern analysis completed
2026-02-02 06:46:15,548 - geo_infer_act.utils.analysis - INFO - Analyzing action selection patterns...
2026-02-02 06:46:15,550 - geo_infer_act.utils.analysis - INFO - Analysis saved to /Users/4d/Documents/GitHub/GEO-INFER/output/modern_active_inference_20260202_064614/multi_agent/agent_2/analysis/action_selection_analysis.json
2026-02-02 06:46:15,550 - geo_infer_act.utils.analysis - INFO - Action selection pattern analysis completed
2026-02-02 06:46:15,550 - geo_infer_act.utils.analysis - INFO - Analyzing Variational Free Energy patterns...
2026-02-02 06:46:15,551 - geo_infer_act.utils.analysis - INFO - Analysis saved to /Users/4d/Documents/GitHub/GEO-INFER/output/modern_active_inference_20260202_064614/multi_agent/agent_2/analysis/free_energy_analysis.json
2026-02-02 06:46:15,551 - geo_infer_act.utils.analysis - INFO - Free Energy pattern analysis completed
2026-02-02 06:46:15,551 - geo_infer_act.utils.analysis - INFO - Analyzing perception patterns...
2026-02-02 06:46:15,553 - geo_infer_act.utils.analysis - INFO - Analysis saved to /Users/4d/Documents/GitHub/GEO-INFER/output/modern_active_inference_20260202_064614/multi_agent/agent_3/analysis/perception_analysis.json
2026-02-02 06:46:15,553 - geo_infer_act.utils.analysis - INFO - Perception pattern analysis completed
2026-02-02 06:46:15,553 - geo_infer_act.utils.analysis - INFO - Analyzing action selection patterns...
2026-02-02 06:46:15,554 - geo_infer_act.utils.analysis - INFO - Analysis saved to /Users/4d/Documents/GitHub/GEO-INFER/output/modern_active_inference_20260202_064614/multi_agent/agent_3/analysis/action_selection_analysis.json
2026-02-02 06:46:15,554 - geo_infer_act.utils.analysis - INFO - Action selection pattern analysis completed
2026-02-02 06:46:15,554 - geo_infer_act.utils.analysis - INFO - Analyzing Variational Free Energy patterns...
2026-02-02 06:46:15,554 - geo_infer_act.utils.analysis - INFO - Analysis saved to /Users/4d/Documents/GitHub/GEO-INFER/output/modern_active_inference_20260202_064614/multi_agent/agent_3/analysis/free_energy_analysis.json
2026-02-02 06:46:15,554 - geo_infer_act.utils.analysis - INFO - Free Energy pattern analysis completed
