2026-02-02 06:37:33,918 - UrbanActiveInference - INFO - Urban Planning Active Inference - Comprehensive Analysis
2026-02-02 06:37:33,918 - UrbanActiveInference - INFO - ======================================================================
2026-02-02 06:37:33,918 - UrbanActiveInference - INFO - Output directory: /Users/4d/Documents/GitHub/GEO-INFER/output/urban_planning_20260202_063733
2026-02-02 06:37:33,918 - UrbanActiveInference - INFO - Starting Urban Planning Active Inference Model
2026-02-02 06:37:33,918 - UrbanActiveInference - INFO - Multi-agent resource allocation and coordination simulation
2026-02-02 06:37:33,919 - UrbanActiveInference - INFO - Initialized urban model: 6 locations, 4 resources, 3 agents
2026-02-02 06:37:33,920 - geo_infer_act.api.interface - INFO - ActiveInferenceInterface initialized
2026-02-02 06:37:33,920 - geo_infer_act.core.active_inference - INFO - Initialized ActiveInferenceModel with type: categorical
2026-02-02 06:37:33,920 - geo_infer_act.api.interface - INFO - Created categorical model: agent_0_government
2026-02-02 06:37:33,920 - geo_infer_act.api.interface - INFO - Set preferences for model agent_0_government
2026-02-02 06:37:33,921 - geo_infer_act.utils.analysis - INFO - ActiveInferenceAnalyzer initialized with output: /Users/4d/Documents/GitHub/GEO-INFER/output/urban_planning_20260202_063733/agent_0
2026-02-02 06:37:33,921 - UrbanActiveInference - INFO - Created model for Government agent (ID: 0)
2026-02-02 06:37:33,921 - geo_infer_act.core.active_inference - INFO - Initialized ActiveInferenceModel with type: categorical
2026-02-02 06:37:33,923 - geo_infer_act.api.interface - INFO - Created categorical model: agent_1_developer
2026-02-02 06:37:33,923 - geo_infer_act.api.interface - INFO - Set preferences for model agent_1_developer
2026-02-02 06:37:33,923 - geo_infer_act.utils.analysis - INFO - ActiveInferenceAnalyzer initialized with output: /Users/4d/Documents/GitHub/GEO-INFER/output/urban_planning_20260202_063733/agent_1
2026-02-02 06:37:33,923 - UrbanActiveInference - INFO - Created model for Developer agent (ID: 1)
2026-02-02 06:37:33,923 - geo_infer_act.core.active_inference - INFO - Initialized ActiveInferenceModel with type: categorical
2026-02-02 06:37:33,923 - geo_infer_act.api.interface - INFO - Created categorical model: agent_2_community
2026-02-02 06:37:33,923 - geo_infer_act.api.interface - INFO - Set preferences for model agent_2_community
2026-02-02 06:37:33,924 - geo_infer_act.utils.analysis - INFO - ActiveInferenceAnalyzer initialized with output: /Users/4d/Documents/GitHub/GEO-INFER/output/urban_planning_20260202_063733/agent_2
2026-02-02 06:37:33,924 - UrbanActiveInference - INFO - Created model for Community agent (ID: 2)
2026-02-02 06:37:33,924 - UrbanActiveInference - INFO - Running urban development simulation for 20 steps...
2026-02-02 06:37:33,924 - UrbanActiveInference - INFO - 
--- Step 1/20 ---
2026-02-02 06:37:33,924 - UrbanActiveInference - INFO - Overall urban quality: 0.518
2026-02-02 06:37:33,924 - UrbanActiveInference - INFO - Cooperation index: 0.536
2026-02-02 06:37:33,924 - UrbanActiveInference - INFO -   Agent 0 (Government):
2026-02-02 06:37:33,924 - UrbanActiveInference - INFO -     Observation: [0. 1. 0. 0.]
2026-02-02 06:37:33,924 - UrbanActiveInference - INFO -     Belief entropy: 0.5875
2026-02-02 06:37:33,924 - UrbanActiveInference - INFO -     Surprise: 1.3863
2026-02-02 06:37:33,924 - UrbanActiveInference - INFO -     Information gain: 0.7988
2026-02-02 06:37:33,924 - UrbanActiveInference - INFO -     Free energy change: -1.3863 → -0.5875
2026-02-02 06:37:33,924 - UrbanActiveInference - INFO -     Action: Invest 20.0 in Housing at location 3
2026-02-02 06:37:33,924 - UrbanActiveInference - INFO -     Action success: False
2026-02-02 06:37:33,924 - UrbanActiveInference - INFO -     Satisfaction: 0.500
2026-02-02 06:37:33,924 - geo_infer_act.utils.analysis - DEBUG - Recorded step 1: FE=-0.5875
2026-02-02 06:37:33,925 - UrbanActiveInference - INFO -   Agent 1 (Developer):
2026-02-02 06:37:33,925 - UrbanActiveInference - INFO -     Observation: [0. 1. 0. 0.]
2026-02-02 06:37:33,925 - UrbanActiveInference - INFO -     Belief entropy: 0.5875
2026-02-02 06:37:33,925 - UrbanActiveInference - INFO -     Surprise: 1.3863
2026-02-02 06:37:33,925 - UrbanActiveInference - INFO -     Information gain: 0.7988
2026-02-02 06:37:33,925 - UrbanActiveInference - INFO -     Free energy change: -1.3863 → -0.5875
2026-02-02 06:37:33,925 - UrbanActiveInference - INFO -     Action: Invest 20.0 in Housing at location 2
2026-02-02 06:37:33,925 - UrbanActiveInference - INFO -     Action success: False
2026-02-02 06:37:33,925 - UrbanActiveInference - INFO -     Satisfaction: 0.500
2026-02-02 06:37:33,925 - geo_infer_act.utils.analysis - DEBUG - Recorded step 1: FE=-0.5875
2026-02-02 06:37:33,925 - UrbanActiveInference - INFO -   Agent 2 (Community):
2026-02-02 06:37:33,925 - UrbanActiveInference - INFO -     Observation: [0. 1. 0. 0.]
2026-02-02 06:37:33,925 - UrbanActiveInference - INFO -     Belief entropy: 0.5875
2026-02-02 06:37:33,925 - UrbanActiveInference - INFO -     Surprise: 1.3863
2026-02-02 06:37:33,925 - UrbanActiveInference - INFO -     Information gain: 0.7988
2026-02-02 06:37:33,925 - UrbanActiveInference - INFO -     Free energy change: -1.3863 → -0.5875
2026-02-02 06:37:33,925 - UrbanActiveInference - INFO -     Action: Invest 20.0 in Housing at location 2
2026-02-02 06:37:33,925 - UrbanActiveInference - INFO -     Action success: False
2026-02-02 06:37:33,925 - UrbanActiveInference - INFO -     Satisfaction: 0.500
2026-02-02 06:37:33,925 - geo_infer_act.utils.analysis - DEBUG - Recorded step 1: FE=-0.5875
2026-02-02 06:37:33,926 - UrbanActiveInference - INFO - 
--- Step 2/20 ---
2026-02-02 06:37:33,926 - UrbanActiveInference - INFO - Overall urban quality: 0.518
2026-02-02 06:37:33,926 - UrbanActiveInference - INFO - Cooperation index: 0.536
2026-02-02 06:37:33,926 - UrbanActiveInference - INFO -   Agent 0 (Government):
2026-02-02 06:37:33,926 - UrbanActiveInference - INFO -     Observation: [0. 1. 0. 0.]
2026-02-02 06:37:33,926 - UrbanActiveInference - INFO -     Belief entropy: 0.0685
2026-02-02 06:37:33,926 - UrbanActiveInference - INFO -     Surprise: 0.1625
2026-02-02 06:37:33,926 - UrbanActiveInference - INFO -     Information gain: 0.5190
2026-02-02 06:37:33,926 - UrbanActiveInference - INFO -     Free energy change: -0.5875 → -0.0685
2026-02-02 06:37:33,926 - UrbanActiveInference - INFO -     Action: Invest 20.0 in Housing at location 0
2026-02-02 06:37:33,926 - UrbanActiveInference - INFO -     Action success: False
2026-02-02 06:37:33,926 - UrbanActiveInference - INFO -     Satisfaction: 0.500
2026-02-02 06:37:33,926 - geo_infer_act.utils.analysis - DEBUG - Recorded step 2: FE=-0.0685
2026-02-02 06:37:33,926 - UrbanActiveInference - INFO -   Agent 1 (Developer):
2026-02-02 06:37:33,926 - UrbanActiveInference - INFO -     Observation: [0. 1. 0. 0.]
2026-02-02 06:37:33,926 - UrbanActiveInference - INFO -     Belief entropy: 0.0685
2026-02-02 06:37:33,926 - UrbanActiveInference - INFO -     Surprise: 0.1625
2026-02-02 06:37:33,926 - UrbanActiveInference - INFO -     Information gain: 0.5190
2026-02-02 06:37:33,926 - UrbanActiveInference - INFO -     Free energy change: -0.5875 → -0.0685
2026-02-02 06:37:33,926 - UrbanActiveInference - INFO -     Action: Invest 20.0 in Housing at location 2
2026-02-02 06:37:33,926 - UrbanActiveInference - INFO -     Action success: False
2026-02-02 06:37:33,926 - UrbanActiveInference - INFO -     Satisfaction: 0.500
2026-02-02 06:37:33,926 - geo_infer_act.utils.analysis - DEBUG - Recorded step 2: FE=-0.0685
2026-02-02 06:37:33,927 - UrbanActiveInference - INFO -   Agent 2 (Community):
2026-02-02 06:37:33,927 - UrbanActiveInference - INFO -     Observation: [0. 1. 0. 0.]
2026-02-02 06:37:33,927 - UrbanActiveInference - INFO -     Belief entropy: 0.0685
2026-02-02 06:37:33,927 - UrbanActiveInference - INFO -     Surprise: 0.1625
2026-02-02 06:37:33,927 - UrbanActiveInference - INFO -     Information gain: 0.5190
2026-02-02 06:37:33,927 - UrbanActiveInference - INFO -     Free energy change: -0.5875 → -0.0685
2026-02-02 06:37:33,927 - UrbanActiveInference - INFO -     Action: Invest 20.0 in Housing at location 3
2026-02-02 06:37:33,927 - UrbanActiveInference - INFO -     Action success: False
2026-02-02 06:37:33,927 - UrbanActiveInference - INFO -     Satisfaction: 0.500
2026-02-02 06:37:33,927 - geo_infer_act.utils.analysis - DEBUG - Recorded step 2: FE=-0.0685
2026-02-02 06:37:33,927 - UrbanActiveInference - INFO - 
--- Step 3/20 ---
2026-02-02 06:37:33,927 - UrbanActiveInference - INFO - Overall urban quality: 0.518
2026-02-02 06:37:33,927 - UrbanActiveInference - INFO - Cooperation index: 0.536
2026-02-02 06:37:33,927 - UrbanActiveInference - INFO -   Agent 0 (Government):
2026-02-02 06:37:33,927 - UrbanActiveInference - INFO -     Observation: [0. 1. 0. 0.]
2026-02-02 06:37:33,927 - UrbanActiveInference - INFO -     Belief entropy: 0.0058
2026-02-02 06:37:33,927 - UrbanActiveInference - INFO -     Surprise: 0.0103
2026-02-02 06:37:33,927 - UrbanActiveInference - INFO -     Information gain: 0.0627
2026-02-02 06:37:33,927 - UrbanActiveInference - INFO -     Free energy change: -0.0685 → -0.0058
2026-02-02 06:37:33,927 - UrbanActiveInference - INFO -     Action: Invest 20.0 in Housing at location 0
2026-02-02 06:37:33,927 - UrbanActiveInference - INFO -     Action success: False
2026-02-02 06:37:33,927 - UrbanActiveInference - INFO -     Satisfaction: 0.500
2026-02-02 06:37:33,927 - geo_infer_act.utils.analysis - DEBUG - Recorded step 3: FE=-0.0058
2026-02-02 06:37:33,928 - UrbanActiveInference - INFO -   Agent 1 (Developer):
2026-02-02 06:37:33,928 - UrbanActiveInference - INFO -     Observation: [0. 1. 0. 0.]
2026-02-02 06:37:33,928 - UrbanActiveInference - INFO -     Belief entropy: 0.0058
2026-02-02 06:37:33,928 - UrbanActiveInference - INFO -     Surprise: 0.0103
2026-02-02 06:37:33,928 - UrbanActiveInference - INFO -     Information gain: 0.0627
2026-02-02 06:37:33,928 - UrbanActiveInference - INFO -     Free energy change: -0.0685 → -0.0058
2026-02-02 06:37:33,928 - UrbanActiveInference - INFO -     Action: Invest 20.0 in Housing at location 4
2026-02-02 06:37:33,928 - UrbanActiveInference - INFO -     Action success: True
2026-02-02 06:37:33,928 - UrbanActiveInference - INFO -     Satisfaction: 0.669
2026-02-02 06:37:33,928 - geo_infer_act.utils.analysis - DEBUG - Recorded step 3: FE=-0.0058
2026-02-02 06:37:33,928 - UrbanActiveInference - INFO -   Agent 2 (Community):
2026-02-02 06:37:33,928 - UrbanActiveInference - INFO -     Observation: [0. 1. 0. 0.]
2026-02-02 06:37:33,928 - UrbanActiveInference - INFO -     Belief entropy: 0.0058
2026-02-02 06:37:33,928 - UrbanActiveInference - INFO -     Surprise: 0.0103
2026-02-02 06:37:33,928 - UrbanActiveInference - INFO -     Information gain: 0.0627
2026-02-02 06:37:33,928 - UrbanActiveInference - INFO -     Free energy change: -0.0685 → -0.0058
2026-02-02 06:37:33,928 - UrbanActiveInference - INFO -     Action: Invest 20.0 in Housing at location 2
2026-02-02 06:37:33,928 - UrbanActiveInference - INFO -     Action success: False
2026-02-02 06:37:33,928 - UrbanActiveInference - INFO -     Satisfaction: 0.500
2026-02-02 06:37:33,928 - geo_infer_act.utils.analysis - DEBUG - Recorded step 3: FE=-0.0058
2026-02-02 06:37:33,928 - UrbanActiveInference - INFO - 
--- Step 4/20 ---
2026-02-02 06:37:33,928 - UrbanActiveInference - INFO - Overall urban quality: 0.518
2026-02-02 06:37:33,928 - UrbanActiveInference - INFO - Cooperation index: 0.536
2026-02-02 06:37:33,929 - UrbanActiveInference - INFO -   Agent 0 (Government):
2026-02-02 06:37:33,929 - UrbanActiveInference - INFO -     Observation: [0. 1. 0. 0.]
2026-02-02 06:37:33,929 - UrbanActiveInference - INFO -     Belief entropy: 0.0004
2026-02-02 06:37:33,929 - UrbanActiveInference - INFO -     Surprise: 0.0006
2026-02-02 06:37:33,929 - UrbanActiveInference - INFO -     Information gain: 0.0054
2026-02-02 06:37:33,929 - UrbanActiveInference - INFO -     Free energy change: -0.0058 → -0.0004
2026-02-02 06:37:33,929 - UrbanActiveInference - INFO -     Action: Invest 20.0 in Housing at location 1
2026-02-02 06:37:33,929 - UrbanActiveInference - INFO -     Action success: False
2026-02-02 06:37:33,929 - UrbanActiveInference - INFO -     Satisfaction: 0.500
2026-02-02 06:37:33,929 - geo_infer_act.utils.analysis - DEBUG - Recorded step 4: FE=-0.0004
2026-02-02 06:37:33,929 - UrbanActiveInference - INFO -   Agent 1 (Developer):
2026-02-02 06:37:33,929 - UrbanActiveInference - INFO -     Observation: [0. 1. 0. 0.]
2026-02-02 06:37:33,929 - UrbanActiveInference - INFO -     Belief entropy: 0.0004
2026-02-02 06:37:33,929 - UrbanActiveInference - INFO -     Surprise: 0.0006
2026-02-02 06:37:33,929 - UrbanActiveInference - INFO -     Information gain: 0.0054
2026-02-02 06:37:33,929 - UrbanActiveInference - INFO -     Free energy change: -0.0058 → -0.0004
2026-02-02 06:37:33,929 - UrbanActiveInference - INFO -     Action: Invest 16.0 in Housing at location 5
2026-02-02 06:37:33,929 - UrbanActiveInference - INFO -     Action success: True
2026-02-02 06:37:33,929 - UrbanActiveInference - INFO -     Satisfaction: 0.845
2026-02-02 06:37:33,929 - geo_infer_act.utils.analysis - DEBUG - Recorded step 4: FE=-0.0004
2026-02-02 06:37:33,930 - UrbanActiveInference - INFO -   Agent 2 (Community):
2026-02-02 06:37:33,930 - UrbanActiveInference - INFO -     Observation: [0. 1. 0. 0.]
2026-02-02 06:37:33,930 - UrbanActiveInference - INFO -     Belief entropy: 0.0004
2026-02-02 06:37:33,930 - UrbanActiveInference - INFO -     Surprise: 0.0006
2026-02-02 06:37:33,930 - UrbanActiveInference - INFO -     Information gain: 0.0054
2026-02-02 06:37:33,930 - UrbanActiveInference - INFO -     Free energy change: -0.0058 → -0.0004
2026-02-02 06:37:33,930 - UrbanActiveInference - INFO -     Action: Invest 20.0 in Housing at location 2
2026-02-02 06:37:33,930 - UrbanActiveInference - INFO -     Action success: False
2026-02-02 06:37:33,930 - UrbanActiveInference - INFO -     Satisfaction: 0.500
2026-02-02 06:37:33,930 - geo_infer_act.utils.analysis - DEBUG - Recorded step 4: FE=-0.0004
2026-02-02 06:37:33,930 - UrbanActiveInference - INFO - 
--- Step 5/20 ---
2026-02-02 06:37:33,930 - UrbanActiveInference - INFO - Overall urban quality: 0.518
2026-02-02 06:37:33,930 - UrbanActiveInference - INFO - Cooperation index: 0.536
2026-02-02 06:37:33,930 - UrbanActiveInference - INFO -   Agent 0 (Government):
2026-02-02 06:37:33,930 - UrbanActiveInference - INFO -     Observation: [0. 1. 0. 0.]
2026-02-02 06:37:33,931 - UrbanActiveInference - INFO -     Belief entropy: 0.0000
2026-02-02 06:37:33,931 - UrbanActiveInference - INFO -     Surprise: 0.0000
2026-02-02 06:37:33,931 - UrbanActiveInference - INFO -     Information gain: 0.0004
2026-02-02 06:37:33,931 - UrbanActiveInference - INFO -     Free energy change: -0.0004 → -0.0000
2026-02-02 06:37:33,931 - UrbanActiveInference - INFO -     Action: Invest 20.0 in Housing at location 1
2026-02-02 06:37:33,931 - UrbanActiveInference - INFO -     Action success: False
2026-02-02 06:37:33,931 - UrbanActiveInference - INFO -     Satisfaction: 0.500
2026-02-02 06:37:33,931 - geo_infer_act.utils.analysis - DEBUG - Recorded step 5: FE=-0.0000
2026-02-02 06:37:33,931 - UrbanActiveInference - INFO -   Agent 1 (Developer):
2026-02-02 06:37:33,931 - UrbanActiveInference - INFO -     Observation: [0. 1. 0. 0.]
2026-02-02 06:37:33,931 - UrbanActiveInference - INFO -     Belief entropy: 0.0000
2026-02-02 06:37:33,931 - UrbanActiveInference - INFO -     Surprise: 0.0000
2026-02-02 06:37:33,931 - UrbanActiveInference - INFO -     Information gain: 0.0004
2026-02-02 06:37:33,931 - UrbanActiveInference - INFO -     Free energy change: -0.0004 → -0.0000
2026-02-02 06:37:33,931 - UrbanActiveInference - INFO -     Action: Invest 12.8 in Housing at location 2
2026-02-02 06:37:33,931 - UrbanActiveInference - INFO -     Action success: False
2026-02-02 06:37:33,931 - UrbanActiveInference - INFO -     Satisfaction: 0.845
2026-02-02 06:37:33,931 - geo_infer_act.utils.analysis - DEBUG - Recorded step 5: FE=-0.0000
2026-02-02 06:37:33,931 - UrbanActiveInference - INFO -   Agent 2 (Community):
2026-02-02 06:37:33,931 - UrbanActiveInference - INFO -     Observation: [0. 1. 0. 0.]
2026-02-02 06:37:33,931 - UrbanActiveInference - INFO -     Belief entropy: 0.0000
2026-02-02 06:37:33,931 - UrbanActiveInference - INFO -     Surprise: 0.0000
2026-02-02 06:37:33,931 - UrbanActiveInference - INFO -     Information gain: 0.0004
2026-02-02 06:37:33,931 - UrbanActiveInference - INFO -     Free energy change: -0.0004 → -0.0000
2026-02-02 06:37:33,931 - UrbanActiveInference - INFO -     Action: Invest 20.0 in Housing at location 2
2026-02-02 06:37:33,931 - UrbanActiveInference - INFO -     Action success: False
2026-02-02 06:37:33,931 - UrbanActiveInference - INFO -     Satisfaction: 0.500
2026-02-02 06:37:33,931 - geo_infer_act.utils.analysis - DEBUG - Recorded step 5: FE=-0.0000
2026-02-02 06:37:34,654 - UrbanActiveInference - INFO -     Generated urban analysis visualization
2026-02-02 06:37:34,654 - UrbanActiveInference - INFO - 
--- Step 6/20 ---
2026-02-02 06:37:34,654 - UrbanActiveInference - INFO - Overall urban quality: 0.518
2026-02-02 06:37:34,654 - UrbanActiveInference - INFO - Cooperation index: 0.536
2026-02-02 06:37:34,654 - UrbanActiveInference - INFO -   Agent 0 (Government):
2026-02-02 06:37:34,655 - UrbanActiveInference - INFO -     Observation: [0. 1. 0. 0.]
2026-02-02 06:37:34,655 - UrbanActiveInference - INFO -     Belief entropy: 0.0000
2026-02-02 06:37:34,655 - UrbanActiveInference - INFO -     Surprise: 0.0000
2026-02-02 06:37:34,655 - UrbanActiveInference - INFO -     Information gain: 0.0000
2026-02-02 06:37:34,655 - UrbanActiveInference - INFO -     Free energy change: -0.0000 → -0.0000
2026-02-02 06:37:34,655 - UrbanActiveInference - INFO -     Action: Invest 20.0 in Housing at location 4
2026-02-02 06:37:34,655 - UrbanActiveInference - INFO -     Action success: True
2026-02-02 06:37:34,655 - UrbanActiveInference - INFO -     Satisfaction: 0.717
2026-02-02 06:37:34,655 - geo_infer_act.utils.analysis - DEBUG - Recorded step 6: FE=-0.0000
2026-02-02 06:37:34,655 - UrbanActiveInference - INFO -   Agent 1 (Developer):
2026-02-02 06:37:34,655 - UrbanActiveInference - INFO -     Observation: [0. 1. 0. 0.]
2026-02-02 06:37:34,655 - UrbanActiveInference - INFO -     Belief entropy: 0.0000
2026-02-02 06:37:34,655 - UrbanActiveInference - INFO -     Surprise: 0.0000
2026-02-02 06:37:34,655 - UrbanActiveInference - INFO -     Information gain: 0.0000
2026-02-02 06:37:34,655 - UrbanActiveInference - INFO -     Free energy change: -0.0000 → -0.0000
2026-02-02 06:37:34,655 - UrbanActiveInference - INFO -     Action: Invest 12.8 in Housing at location 1
2026-02-02 06:37:34,655 - UrbanActiveInference - INFO -     Action success: False
2026-02-02 06:37:34,655 - UrbanActiveInference - INFO -     Satisfaction: 0.845
2026-02-02 06:37:34,655 - geo_infer_act.utils.analysis - DEBUG - Recorded step 6: FE=-0.0000
2026-02-02 06:37:34,656 - UrbanActiveInference - INFO -   Agent 2 (Community):
2026-02-02 06:37:34,656 - UrbanActiveInference - INFO -     Observation: [0. 1. 0. 0.]
2026-02-02 06:37:34,656 - UrbanActiveInference - INFO -     Belief entropy: 0.0000
2026-02-02 06:37:34,656 - UrbanActiveInference - INFO -     Surprise: 0.0000
2026-02-02 06:37:34,656 - UrbanActiveInference - INFO -     Information gain: 0.0000
2026-02-02 06:37:34,656 - UrbanActiveInference - INFO -     Free energy change: -0.0000 → -0.0000
2026-02-02 06:37:34,656 - UrbanActiveInference - INFO -     Action: Invest 20.0 in Housing at location 1
2026-02-02 06:37:34,656 - UrbanActiveInference - INFO -     Action success: False
2026-02-02 06:37:34,656 - UrbanActiveInference - INFO -     Satisfaction: 0.500
2026-02-02 06:37:34,656 - geo_infer_act.utils.analysis - DEBUG - Recorded step 6: FE=-0.0000
2026-02-02 06:37:34,656 - UrbanActiveInference - INFO - 
--- Step 7/20 ---
2026-02-02 06:37:34,656 - UrbanActiveInference - INFO - Overall urban quality: 0.519
2026-02-02 06:37:34,656 - UrbanActiveInference - INFO - Cooperation index: 0.536
2026-02-02 06:37:34,656 - UrbanActiveInference - INFO -   Agent 0 (Government):
2026-02-02 06:37:34,656 - UrbanActiveInference - INFO -     Observation: [0. 1. 0. 0.]
2026-02-02 06:37:34,656 - UrbanActiveInference - INFO -     Belief entropy: 0.0000
2026-02-02 06:37:34,656 - UrbanActiveInference - INFO -     Surprise: 0.0000
2026-02-02 06:37:34,656 - UrbanActiveInference - INFO -     Information gain: 0.0000
2026-02-02 06:37:34,656 - UrbanActiveInference - INFO -     Free energy change: -0.0000 → -0.0000
2026-02-02 06:37:34,656 - UrbanActiveInference - INFO -     Action: Invest 16.0 in Housing at location 2
2026-02-02 06:37:34,656 - UrbanActiveInference - INFO -     Action success: False
2026-02-02 06:37:34,656 - UrbanActiveInference - INFO -     Satisfaction: 0.717
2026-02-02 06:37:34,656 - geo_infer_act.utils.analysis - DEBUG - Recorded step 7: FE=-0.0000
2026-02-02 06:37:34,657 - UrbanActiveInference - INFO -   Agent 1 (Developer):
2026-02-02 06:37:34,657 - UrbanActiveInference - INFO -     Observation: [0. 1. 0. 0.]
2026-02-02 06:37:34,657 - UrbanActiveInference - INFO -     Belief entropy: 0.0000
2026-02-02 06:37:34,657 - UrbanActiveInference - INFO -     Surprise: 0.0000
2026-02-02 06:37:34,657 - UrbanActiveInference - INFO -     Information gain: 0.0000
2026-02-02 06:37:34,657 - UrbanActiveInference - INFO -     Free energy change: -0.0000 → -0.0000
2026-02-02 06:37:34,657 - UrbanActiveInference - INFO -     Action: Invest 12.8 in Housing at location 4
2026-02-02 06:37:34,657 - UrbanActiveInference - INFO -     Action success: True
2026-02-02 06:37:34,657 - UrbanActiveInference - INFO -     Satisfaction: 0.953
2026-02-02 06:37:34,657 - geo_infer_act.utils.analysis - DEBUG - Recorded step 7: FE=-0.0000
2026-02-02 06:37:34,657 - UrbanActiveInference - INFO -   Agent 2 (Community):
2026-02-02 06:37:34,657 - UrbanActiveInference - INFO -     Observation: [0. 1. 0. 0.]
2026-02-02 06:37:34,657 - UrbanActiveInference - INFO -     Belief entropy: 0.0000
2026-02-02 06:37:34,657 - UrbanActiveInference - INFO -     Surprise: 0.0000
2026-02-02 06:37:34,657 - UrbanActiveInference - INFO -     Information gain: 0.0000
2026-02-02 06:37:34,657 - UrbanActiveInference - INFO -     Free energy change: -0.0000 → -0.0000
2026-02-02 06:37:34,657 - UrbanActiveInference - INFO -     Action: Invest 20.0 in Housing at location 0
2026-02-02 06:37:34,657 - UrbanActiveInference - INFO -     Action success: False
2026-02-02 06:37:34,657 - UrbanActiveInference - INFO -     Satisfaction: 0.500
2026-02-02 06:37:34,657 - geo_infer_act.utils.analysis - DEBUG - Recorded step 7: FE=-0.0000
2026-02-02 06:37:34,657 - UrbanActiveInference - INFO - 
--- Step 8/20 ---
2026-02-02 06:37:34,657 - UrbanActiveInference - INFO - Overall urban quality: 0.519
2026-02-02 06:37:34,657 - UrbanActiveInference - INFO - Cooperation index: 0.536
2026-02-02 06:37:34,657 - UrbanActiveInference - INFO -   Agent 0 (Government):
2026-02-02 06:37:34,658 - UrbanActiveInference - INFO -     Observation: [0. 1. 0. 0.]
2026-02-02 06:37:34,658 - UrbanActiveInference - INFO -     Belief entropy: -0.0000
2026-02-02 06:37:34,658 - UrbanActiveInference - INFO -     Surprise: 0.0000
2026-02-02 06:37:34,658 - UrbanActiveInference - INFO -     Information gain: 0.0000
2026-02-02 06:37:34,658 - UrbanActiveInference - INFO -     Free energy change: -0.0000 → -0.0000
2026-02-02 06:37:34,658 - UrbanActiveInference - INFO -     Action: Invest 16.0 in Housing at location 2
2026-02-02 06:37:34,658 - UrbanActiveInference - INFO -     Action success: False
2026-02-02 06:37:34,658 - UrbanActiveInference - INFO -     Satisfaction: 0.717
2026-02-02 06:37:34,658 - geo_infer_act.utils.analysis - DEBUG - Recorded step 8: FE=-0.0000
2026-02-02 06:37:34,658 - UrbanActiveInference - INFO -   Agent 1 (Developer):
2026-02-02 06:37:34,658 - UrbanActiveInference - INFO -     Observation: [0. 1. 0. 0.]
2026-02-02 06:37:34,658 - UrbanActiveInference - INFO -     Belief entropy: -0.0000
2026-02-02 06:37:34,658 - UrbanActiveInference - INFO -     Surprise: 0.0000
2026-02-02 06:37:34,658 - UrbanActiveInference - INFO -     Information gain: 0.0000
2026-02-02 06:37:34,658 - UrbanActiveInference - INFO -     Free energy change: -0.0000 → -0.0000
2026-02-02 06:37:34,658 - UrbanActiveInference - INFO -     Action: Invest 10.2 in Housing at location 4
2026-02-02 06:37:34,658 - UrbanActiveInference - INFO -     Action success: True
2026-02-02 06:37:34,658 - UrbanActiveInference - INFO -     Satisfaction: 1.000
2026-02-02 06:37:34,658 - geo_infer_act.utils.analysis - DEBUG - Recorded step 8: FE=-0.0000
2026-02-02 06:37:34,658 - UrbanActiveInference - INFO -   Agent 2 (Community):
2026-02-02 06:37:34,658 - UrbanActiveInference - INFO -     Observation: [0. 1. 0. 0.]
2026-02-02 06:37:34,658 - UrbanActiveInference - INFO -     Belief entropy: -0.0000
2026-02-02 06:37:34,658 - UrbanActiveInference - INFO -     Surprise: 0.0000
2026-02-02 06:37:34,658 - UrbanActiveInference - INFO -     Information gain: 0.0000
2026-02-02 06:37:34,659 - UrbanActiveInference - INFO -     Free energy change: -0.0000 → -0.0000
2026-02-02 06:37:34,659 - UrbanActiveInference - INFO -     Action: Invest 20.0 in Housing at location 0
2026-02-02 06:37:34,659 - UrbanActiveInference - INFO -     Action success: False
2026-02-02 06:37:34,659 - UrbanActiveInference - INFO -     Satisfaction: 0.500
2026-02-02 06:37:34,659 - geo_infer_act.utils.analysis - DEBUG - Recorded step 8: FE=-0.0000
2026-02-02 06:37:34,659 - UrbanActiveInference - INFO - 
--- Step 9/20 ---
2026-02-02 06:37:34,659 - UrbanActiveInference - INFO - Overall urban quality: 0.519
2026-02-02 06:37:34,659 - UrbanActiveInference - INFO - Cooperation index: 0.536
2026-02-02 06:37:34,659 - UrbanActiveInference - INFO -   Agent 0 (Government):
2026-02-02 06:37:34,659 - UrbanActiveInference - INFO -     Observation: [0. 1. 0. 0.]
2026-02-02 06:37:34,659 - UrbanActiveInference - INFO -     Belief entropy: -0.0000
2026-02-02 06:37:34,659 - UrbanActiveInference - INFO -     Surprise: 0.0000
2026-02-02 06:37:34,659 - UrbanActiveInference - INFO -     Information gain: 0.0000
2026-02-02 06:37:34,659 - UrbanActiveInference - INFO -     Free energy change: -0.0000 → -0.0000
2026-02-02 06:37:34,659 - UrbanActiveInference - INFO -     Action: Invest 16.0 in Housing at location 5
2026-02-02 06:37:34,659 - UrbanActiveInference - INFO -     Action success: True
2026-02-02 06:37:34,659 - UrbanActiveInference - INFO -     Satisfaction: 0.944
2026-02-02 06:37:34,659 - geo_infer_act.utils.analysis - DEBUG - Recorded step 9: FE=-0.0000
2026-02-02 06:37:34,659 - UrbanActiveInference - INFO -   Agent 1 (Developer):
2026-02-02 06:37:34,659 - UrbanActiveInference - INFO -     Observation: [0. 1. 0. 0.]
2026-02-02 06:37:34,659 - UrbanActiveInference - INFO -     Belief entropy: -0.0000
2026-02-02 06:37:34,659 - UrbanActiveInference - INFO -     Surprise: 0.0000
2026-02-02 06:37:34,659 - UrbanActiveInference - INFO -     Information gain: 0.0000
2026-02-02 06:37:34,659 - UrbanActiveInference - INFO -     Free energy change: -0.0000 → -0.0000
2026-02-02 06:37:34,659 - UrbanActiveInference - INFO -     Action: Invest 8.2 in Housing at location 4
2026-02-02 06:37:34,660 - UrbanActiveInference - INFO -     Action success: True
2026-02-02 06:37:34,660 - UrbanActiveInference - INFO -     Satisfaction: 1.000
2026-02-02 06:37:34,660 - geo_infer_act.utils.analysis - DEBUG - Recorded step 9: FE=-0.0000
2026-02-02 06:37:34,660 - UrbanActiveInference - INFO -   Agent 2 (Community):
2026-02-02 06:37:34,660 - UrbanActiveInference - INFO -     Observation: [0. 1. 0. 0.]
2026-02-02 06:37:34,660 - UrbanActiveInference - INFO -     Belief entropy: -0.0000
2026-02-02 06:37:34,660 - UrbanActiveInference - INFO -     Surprise: 0.0000
2026-02-02 06:37:34,660 - UrbanActiveInference - INFO -     Information gain: 0.0000
2026-02-02 06:37:34,660 - UrbanActiveInference - INFO -     Free energy change: -0.0000 → -0.0000
2026-02-02 06:37:34,660 - UrbanActiveInference - INFO -     Action: Invest 20.0 in Housing at location 2
2026-02-02 06:37:34,660 - UrbanActiveInference - INFO -     Action success: False
2026-02-02 06:37:34,660 - UrbanActiveInference - INFO -     Satisfaction: 0.500
2026-02-02 06:37:34,660 - geo_infer_act.utils.analysis - DEBUG - Recorded step 9: FE=-0.0000
2026-02-02 06:37:34,660 - UrbanActiveInference - INFO - 
--- Step 10/20 ---
2026-02-02 06:37:34,660 - UrbanActiveInference - INFO - Overall urban quality: 0.519
2026-02-02 06:37:34,660 - UrbanActiveInference - INFO - Cooperation index: 0.536
2026-02-02 06:37:34,660 - UrbanActiveInference - INFO -   Agent 0 (Government):
2026-02-02 06:37:34,660 - UrbanActiveInference - INFO -     Observation: [0. 1. 0. 0.]
2026-02-02 06:37:34,660 - UrbanActiveInference - INFO -     Belief entropy: -0.0000
2026-02-02 06:37:34,660 - UrbanActiveInference - INFO -     Surprise: 0.0000
2026-02-02 06:37:34,660 - UrbanActiveInference - INFO -     Information gain: 0.0000
2026-02-02 06:37:34,660 - UrbanActiveInference - INFO -     Free energy change: -0.0000 → -0.0000
2026-02-02 06:37:34,660 - UrbanActiveInference - INFO -     Action: Invest 12.8 in Housing at location 3
2026-02-02 06:37:34,660 - UrbanActiveInference - INFO -     Action success: False
2026-02-02 06:37:34,660 - UrbanActiveInference - INFO -     Satisfaction: 0.944
2026-02-02 06:37:34,660 - geo_infer_act.utils.analysis - DEBUG - Recorded step 10: FE=-0.0000
2026-02-02 06:37:34,661 - UrbanActiveInference - INFO -   Agent 1 (Developer):
2026-02-02 06:37:34,661 - UrbanActiveInference - INFO -     Observation: [0. 1. 0. 0.]
2026-02-02 06:37:34,661 - UrbanActiveInference - INFO -     Belief entropy: -0.0000
2026-02-02 06:37:34,661 - UrbanActiveInference - INFO -     Surprise: 0.0000
2026-02-02 06:37:34,661 - UrbanActiveInference - INFO -     Information gain: 0.0000
2026-02-02 06:37:34,661 - UrbanActiveInference - INFO -     Free energy change: -0.0000 → -0.0000
2026-02-02 06:37:34,661 - UrbanActiveInference - INFO -     Action: Invest 6.6 in Housing at location 1
2026-02-02 06:37:34,661 - UrbanActiveInference - INFO -     Action success: False
2026-02-02 06:37:34,661 - UrbanActiveInference - INFO -     Satisfaction: 1.000
2026-02-02 06:37:34,661 - geo_infer_act.utils.analysis - DEBUG - Recorded step 10: FE=-0.0000
2026-02-02 06:37:34,661 - UrbanActiveInference - INFO -   Agent 2 (Community):
2026-02-02 06:37:34,661 - UrbanActiveInference - INFO -     Observation: [0. 1. 0. 0.]
2026-02-02 06:37:34,661 - UrbanActiveInference - INFO -     Belief entropy: -0.0000
2026-02-02 06:37:34,661 - UrbanActiveInference - INFO -     Surprise: 0.0000
2026-02-02 06:37:34,661 - UrbanActiveInference - INFO -     Information gain: 0.0000
2026-02-02 06:37:34,661 - UrbanActiveInference - INFO -     Free energy change: -0.0000 → -0.0000
2026-02-02 06:37:34,661 - UrbanActiveInference - INFO -     Action: Invest 20.0 in Housing at location 3
2026-02-02 06:37:34,661 - UrbanActiveInference - INFO -     Action success: False
2026-02-02 06:37:34,661 - UrbanActiveInference - INFO -     Satisfaction: 0.500
2026-02-02 06:37:34,661 - geo_infer_act.utils.analysis - DEBUG - Recorded step 10: FE=-0.0000
2026-02-02 06:37:35,282 - UrbanActiveInference - INFO -     Generated urban analysis visualization
2026-02-02 06:37:35,282 - UrbanActiveInference - INFO - 
--- Step 11/20 ---
2026-02-02 06:37:35,282 - UrbanActiveInference - INFO - Overall urban quality: 0.519
2026-02-02 06:37:35,282 - UrbanActiveInference - INFO - Cooperation index: 0.536
2026-02-02 06:37:35,283 - UrbanActiveInference - INFO -   Agent 0 (Government):
2026-02-02 06:37:35,283 - UrbanActiveInference - INFO -     Observation: [0. 1. 0. 0.]
2026-02-02 06:37:35,283 - UrbanActiveInference - INFO -     Belief entropy: -0.0000
2026-02-02 06:37:35,283 - UrbanActiveInference - INFO -     Surprise: 0.0000
2026-02-02 06:37:35,283 - UrbanActiveInference - INFO -     Information gain: 0.0000
2026-02-02 06:37:35,283 - UrbanActiveInference - INFO -     Free energy change: -0.0000 → -0.0000
2026-02-02 06:37:35,283 - UrbanActiveInference - INFO -     Action: Invest 12.8 in Housing at location 0
2026-02-02 06:37:35,283 - UrbanActiveInference - INFO -     Action success: False
2026-02-02 06:37:35,283 - UrbanActiveInference - INFO -     Satisfaction: 0.944
2026-02-02 06:37:35,283 - geo_infer_act.utils.analysis - DEBUG - Recorded step 11: FE=-0.0000
2026-02-02 06:37:35,283 - UrbanActiveInference - INFO -   Agent 1 (Developer):
2026-02-02 06:37:35,283 - UrbanActiveInference - INFO -     Observation: [0. 1. 0. 0.]
2026-02-02 06:37:35,283 - UrbanActiveInference - INFO -     Belief entropy: -0.0000
2026-02-02 06:37:35,283 - UrbanActiveInference - INFO -     Surprise: 0.0000
2026-02-02 06:37:35,283 - UrbanActiveInference - INFO -     Information gain: 0.0000
2026-02-02 06:37:35,284 - UrbanActiveInference - INFO -     Free energy change: -0.0000 → -0.0000
2026-02-02 06:37:35,284 - UrbanActiveInference - INFO -     Action: Invest 6.6 in Housing at location 1
2026-02-02 06:37:35,284 - UrbanActiveInference - INFO -     Action success: False
2026-02-02 06:37:35,284 - UrbanActiveInference - INFO -     Satisfaction: 1.000
2026-02-02 06:37:35,284 - geo_infer_act.utils.analysis - DEBUG - Recorded step 11: FE=-0.0000
2026-02-02 06:37:35,284 - UrbanActiveInference - INFO -   Agent 2 (Community):
2026-02-02 06:37:35,284 - UrbanActiveInference - INFO -     Observation: [0. 1. 0. 0.]
2026-02-02 06:37:35,284 - UrbanActiveInference - INFO -     Belief entropy: -0.0000
2026-02-02 06:37:35,284 - UrbanActiveInference - INFO -     Surprise: 0.0000
2026-02-02 06:37:35,284 - UrbanActiveInference - INFO -     Information gain: 0.0000
2026-02-02 06:37:35,284 - UrbanActiveInference - INFO -     Free energy change: -0.0000 → -0.0000
2026-02-02 06:37:35,284 - UrbanActiveInference - INFO -     Action: Invest 20.0 in Housing at location 3
2026-02-02 06:37:35,284 - UrbanActiveInference - INFO -     Action success: False
2026-02-02 06:37:35,284 - UrbanActiveInference - INFO -     Satisfaction: 0.500
2026-02-02 06:37:35,284 - geo_infer_act.utils.analysis - DEBUG - Recorded step 11: FE=-0.0000
2026-02-02 06:37:35,284 - UrbanActiveInference - INFO - 
--- Step 12/20 ---
2026-02-02 06:37:35,284 - UrbanActiveInference - INFO - Overall urban quality: 0.519
2026-02-02 06:37:35,284 - UrbanActiveInference - INFO - Cooperation index: 0.536
2026-02-02 06:37:35,284 - UrbanActiveInference - INFO -   Agent 0 (Government):
2026-02-02 06:37:35,284 - UrbanActiveInference - INFO -     Observation: [0. 1. 0. 0.]
2026-02-02 06:37:35,284 - UrbanActiveInference - INFO -     Belief entropy: -0.0000
2026-02-02 06:37:35,285 - UrbanActiveInference - INFO -     Surprise: 0.0000
2026-02-02 06:37:35,285 - UrbanActiveInference - INFO -     Information gain: 0.0000
2026-02-02 06:37:35,285 - UrbanActiveInference - INFO -     Free energy change: -0.0000 → -0.0000
2026-02-02 06:37:35,285 - UrbanActiveInference - INFO -     Action: Invest 12.8 in Housing at location 4
2026-02-02 06:37:35,285 - UrbanActiveInference - INFO -     Action success: True
2026-02-02 06:37:35,285 - UrbanActiveInference - INFO -     Satisfaction: 1.000
2026-02-02 06:37:35,285 - geo_infer_act.utils.analysis - DEBUG - Recorded step 12: FE=-0.0000
2026-02-02 06:37:35,285 - UrbanActiveInference - INFO -   Agent 1 (Developer):
2026-02-02 06:37:35,285 - UrbanActiveInference - INFO -     Observation: [0. 1. 0. 0.]
2026-02-02 06:37:35,285 - UrbanActiveInference - INFO -     Belief entropy: -0.0000
2026-02-02 06:37:35,285 - UrbanActiveInference - INFO -     Surprise: 0.0000
2026-02-02 06:37:35,285 - UrbanActiveInference - INFO -     Information gain: 0.0000
2026-02-02 06:37:35,285 - UrbanActiveInference - INFO -     Free energy change: -0.0000 → -0.0000
2026-02-02 06:37:35,285 - UrbanActiveInference - INFO -     Action: Invest 6.6 in Housing at location 4
2026-02-02 06:37:35,285 - UrbanActiveInference - INFO -     Action success: True
2026-02-02 06:37:35,285 - UrbanActiveInference - INFO -     Satisfaction: 1.000
2026-02-02 06:37:35,285 - geo_infer_act.utils.analysis - DEBUG - Recorded step 12: FE=-0.0000
2026-02-02 06:37:35,285 - UrbanActiveInference - INFO -   Agent 2 (Community):
2026-02-02 06:37:35,285 - UrbanActiveInference - INFO -     Observation: [0. 1. 0. 0.]
2026-02-02 06:37:35,285 - UrbanActiveInference - INFO -     Belief entropy: -0.0000
2026-02-02 06:37:35,285 - UrbanActiveInference - INFO -     Surprise: 0.0000
2026-02-02 06:37:35,285 - UrbanActiveInference - INFO -     Information gain: 0.0000
2026-02-02 06:37:35,285 - UrbanActiveInference - INFO -     Free energy change: -0.0000 → -0.0000
2026-02-02 06:37:35,285 - UrbanActiveInference - INFO -     Action: Invest 20.0 in Housing at location 2
2026-02-02 06:37:35,285 - UrbanActiveInference - INFO -     Action success: False
2026-02-02 06:37:35,285 - UrbanActiveInference - INFO -     Satisfaction: 0.500
2026-02-02 06:37:35,285 - geo_infer_act.utils.analysis - DEBUG - Recorded step 12: FE=-0.0000
2026-02-02 06:37:35,286 - UrbanActiveInference - INFO - 
--- Step 13/20 ---
2026-02-02 06:37:35,286 - UrbanActiveInference - INFO - Overall urban quality: 0.519
2026-02-02 06:37:35,286 - UrbanActiveInference - INFO - Cooperation index: 0.536
2026-02-02 06:37:35,286 - UrbanActiveInference - INFO -   Agent 0 (Government):
2026-02-02 06:37:35,286 - UrbanActiveInference - INFO -     Observation: [0. 1. 0. 0.]
2026-02-02 06:37:35,286 - UrbanActiveInference - INFO -     Belief entropy: -0.0000
2026-02-02 06:37:35,286 - UrbanActiveInference - INFO -     Surprise: 0.0000
2026-02-02 06:37:35,286 - UrbanActiveInference - INFO -     Information gain: 0.0000
2026-02-02 06:37:35,286 - UrbanActiveInference - INFO -     Free energy change: -0.0000 → -0.0000
2026-02-02 06:37:35,286 - UrbanActiveInference - INFO -     Action: Invest 10.2 in Housing at location 1
2026-02-02 06:37:35,286 - UrbanActiveInference - INFO -     Action success: False
2026-02-02 06:37:35,286 - UrbanActiveInference - INFO -     Satisfaction: 1.000
2026-02-02 06:37:35,286 - geo_infer_act.utils.analysis - DEBUG - Recorded step 13: FE=-0.0000
2026-02-02 06:37:35,286 - UrbanActiveInference - INFO -   Agent 1 (Developer):
2026-02-02 06:37:35,286 - UrbanActiveInference - INFO -     Observation: [0. 1. 0. 0.]
2026-02-02 06:37:35,286 - UrbanActiveInference - INFO -     Belief entropy: -0.0000
2026-02-02 06:37:35,286 - UrbanActiveInference - INFO -     Surprise: 0.0000
2026-02-02 06:37:35,286 - UrbanActiveInference - INFO -     Information gain: 0.0000
2026-02-02 06:37:35,286 - UrbanActiveInference - INFO -     Free energy change: -0.0000 → -0.0000
2026-02-02 06:37:35,286 - UrbanActiveInference - INFO -     Action: Invest 5.2 in Housing at location 1
2026-02-02 06:37:35,286 - UrbanActiveInference - INFO -     Action success: False
2026-02-02 06:37:35,286 - UrbanActiveInference - INFO -     Satisfaction: 1.000
2026-02-02 06:37:35,286 - geo_infer_act.utils.analysis - DEBUG - Recorded step 13: FE=-0.0000
2026-02-02 06:37:35,287 - UrbanActiveInference - INFO -   Agent 2 (Community):
2026-02-02 06:37:35,287 - UrbanActiveInference - INFO -     Observation: [0. 1. 0. 0.]
2026-02-02 06:37:35,287 - UrbanActiveInference - INFO -     Belief entropy: -0.0000
2026-02-02 06:37:35,287 - UrbanActiveInference - INFO -     Surprise: 0.0000
2026-02-02 06:37:35,287 - UrbanActiveInference - INFO -     Information gain: 0.0000
2026-02-02 06:37:35,287 - UrbanActiveInference - INFO -     Free energy change: -0.0000 → -0.0000
2026-02-02 06:37:35,287 - UrbanActiveInference - INFO -     Action: Invest 20.0 in Housing at location 4
2026-02-02 06:37:35,287 - UrbanActiveInference - INFO -     Action success: True
2026-02-02 06:37:35,287 - UrbanActiveInference - INFO -     Satisfaction: 0.621
2026-02-02 06:37:35,287 - geo_infer_act.utils.analysis - DEBUG - Recorded step 13: FE=-0.0000
2026-02-02 06:37:35,287 - UrbanActiveInference - INFO - 
--- Step 14/20 ---
2026-02-02 06:37:35,287 - UrbanActiveInference - INFO - Overall urban quality: 0.520
2026-02-02 06:37:35,287 - UrbanActiveInference - INFO - Cooperation index: 0.536
2026-02-02 06:37:35,287 - UrbanActiveInference - INFO -   Agent 0 (Government):
2026-02-02 06:37:35,287 - UrbanActiveInference - INFO -     Observation: [0. 1. 0. 0.]
2026-02-02 06:37:35,287 - UrbanActiveInference - INFO -     Belief entropy: -0.0000
2026-02-02 06:37:35,287 - UrbanActiveInference - INFO -     Surprise: 0.0000
2026-02-02 06:37:35,287 - UrbanActiveInference - INFO -     Information gain: 0.0000
2026-02-02 06:37:35,287 - UrbanActiveInference - INFO -     Free energy change: -0.0000 → -0.0000
2026-02-02 06:37:35,287 - UrbanActiveInference - INFO -     Action: Invest 10.2 in Housing at location 0
2026-02-02 06:37:35,287 - UrbanActiveInference - INFO -     Action success: False
2026-02-02 06:37:35,287 - UrbanActiveInference - INFO -     Satisfaction: 1.000
2026-02-02 06:37:35,287 - geo_infer_act.utils.analysis - DEBUG - Recorded step 14: FE=-0.0000
2026-02-02 06:37:35,288 - UrbanActiveInference - INFO -   Agent 1 (Developer):
2026-02-02 06:37:35,288 - UrbanActiveInference - INFO -     Observation: [0. 1. 0. 0.]
2026-02-02 06:37:35,288 - UrbanActiveInference - INFO -     Belief entropy: -0.0000
2026-02-02 06:37:35,288 - UrbanActiveInference - INFO -     Surprise: 0.0000
2026-02-02 06:37:35,288 - UrbanActiveInference - INFO -     Information gain: 0.0000
2026-02-02 06:37:35,288 - UrbanActiveInference - INFO -     Free energy change: -0.0000 → -0.0000
2026-02-02 06:37:35,288 - UrbanActiveInference - INFO -     Action: Invest 5.2 in Housing at location 5
2026-02-02 06:37:35,288 - UrbanActiveInference - INFO -     Action success: True
2026-02-02 06:37:35,288 - UrbanActiveInference - INFO -     Satisfaction: 1.000
2026-02-02 06:37:35,288 - geo_infer_act.utils.analysis - DEBUG - Recorded step 14: FE=-0.0000
2026-02-02 06:37:35,288 - UrbanActiveInference - INFO -   Agent 2 (Community):
2026-02-02 06:37:35,288 - UrbanActiveInference - INFO -     Observation: [0. 1. 0. 0.]
2026-02-02 06:37:35,288 - UrbanActiveInference - INFO -     Belief entropy: -0.0000
2026-02-02 06:37:35,288 - UrbanActiveInference - INFO -     Surprise: 0.0000
2026-02-02 06:37:35,288 - UrbanActiveInference - INFO -     Information gain: 0.0000
2026-02-02 06:37:35,288 - UrbanActiveInference - INFO -     Free energy change: -0.0000 → -0.0000
2026-02-02 06:37:35,288 - UrbanActiveInference - INFO -     Action: Invest 16.0 in Housing at location 4
2026-02-02 06:37:35,288 - UrbanActiveInference - INFO -     Action success: True
2026-02-02 06:37:35,288 - UrbanActiveInference - INFO -     Satisfaction: 0.718
2026-02-02 06:37:35,288 - geo_infer_act.utils.analysis - DEBUG - Recorded step 14: FE=-0.0000
2026-02-02 06:37:35,288 - UrbanActiveInference - INFO - 
--- Step 15/20 ---
2026-02-02 06:37:35,288 - UrbanActiveInference - INFO - Overall urban quality: 0.520
2026-02-02 06:37:35,288 - UrbanActiveInference - INFO - Cooperation index: 0.536
2026-02-02 06:37:35,288 - UrbanActiveInference - INFO -   Agent 0 (Government):
2026-02-02 06:37:35,289 - UrbanActiveInference - INFO -     Observation: [0. 1. 0. 0.]
2026-02-02 06:37:35,289 - UrbanActiveInference - INFO -     Belief entropy: -0.0000
2026-02-02 06:37:35,289 - UrbanActiveInference - INFO -     Surprise: 0.0000
2026-02-02 06:37:35,289 - UrbanActiveInference - INFO -     Information gain: 0.0000
2026-02-02 06:37:35,289 - UrbanActiveInference - INFO -     Free energy change: -0.0000 → -0.0000
2026-02-02 06:37:35,289 - UrbanActiveInference - INFO -     Action: Invest 10.2 in Housing at location 3
2026-02-02 06:37:35,289 - UrbanActiveInference - INFO -     Action success: False
2026-02-02 06:37:35,289 - UrbanActiveInference - INFO -     Satisfaction: 1.000
2026-02-02 06:37:35,289 - geo_infer_act.utils.analysis - DEBUG - Recorded step 15: FE=-0.0000
2026-02-02 06:37:35,289 - UrbanActiveInference - INFO -   Agent 1 (Developer):
2026-02-02 06:37:35,289 - UrbanActiveInference - INFO -     Observation: [0. 1. 0. 0.]
2026-02-02 06:37:35,289 - UrbanActiveInference - INFO -     Belief entropy: -0.0000
2026-02-02 06:37:35,289 - UrbanActiveInference - INFO -     Surprise: 0.0000
2026-02-02 06:37:35,289 - UrbanActiveInference - INFO -     Information gain: 0.0000
2026-02-02 06:37:35,289 - UrbanActiveInference - INFO -     Free energy change: -0.0000 → -0.0000
2026-02-02 06:37:35,289 - UrbanActiveInference - INFO -     Action: Invest 4.2 in Housing at location 1
2026-02-02 06:37:35,289 - UrbanActiveInference - INFO -     Action success: False
2026-02-02 06:37:35,289 - UrbanActiveInference - INFO -     Satisfaction: 1.000
2026-02-02 06:37:35,289 - geo_infer_act.utils.analysis - DEBUG - Recorded step 15: FE=-0.0000
2026-02-02 06:37:35,289 - UrbanActiveInference - INFO -   Agent 2 (Community):
2026-02-02 06:37:35,289 - UrbanActiveInference - INFO -     Observation: [0. 1. 0. 0.]
2026-02-02 06:37:35,289 - UrbanActiveInference - INFO -     Belief entropy: -0.0000
2026-02-02 06:37:35,289 - UrbanActiveInference - INFO -     Surprise: 0.0000
2026-02-02 06:37:35,289 - UrbanActiveInference - INFO -     Information gain: 0.0000
2026-02-02 06:37:35,289 - UrbanActiveInference - INFO -     Free energy change: -0.0000 → -0.0000
2026-02-02 06:37:35,289 - UrbanActiveInference - INFO -     Action: Invest 12.8 in Housing at location 4
2026-02-02 06:37:35,289 - UrbanActiveInference - INFO -     Action success: True
2026-02-02 06:37:35,289 - UrbanActiveInference - INFO -     Satisfaction: 0.795
2026-02-02 06:37:35,289 - geo_infer_act.utils.analysis - DEBUG - Recorded step 15: FE=-0.0000
2026-02-02 06:37:35,905 - UrbanActiveInference - INFO -     Generated urban analysis visualization
2026-02-02 06:37:35,905 - UrbanActiveInference - INFO - 
--- Step 16/20 ---
2026-02-02 06:37:35,905 - UrbanActiveInference - INFO - Overall urban quality: 0.520
2026-02-02 06:37:35,905 - UrbanActiveInference - INFO - Cooperation index: 0.536
2026-02-02 06:37:35,906 - UrbanActiveInference - INFO -   Agent 0 (Government):
2026-02-02 06:37:35,906 - UrbanActiveInference - INFO -     Observation: [0. 1. 0. 0.]
2026-02-02 06:37:35,906 - UrbanActiveInference - INFO -     Belief entropy: -0.0000
2026-02-02 06:37:35,906 - UrbanActiveInference - INFO -     Surprise: 0.0000
2026-02-02 06:37:35,906 - UrbanActiveInference - INFO -     Information gain: 0.0000
2026-02-02 06:37:35,906 - UrbanActiveInference - INFO -     Free energy change: -0.0000 → -0.0000
2026-02-02 06:37:35,906 - UrbanActiveInference - INFO -     Action: Invest 10.2 in Housing at location 2
2026-02-02 06:37:35,906 - UrbanActiveInference - INFO -     Action success: False
2026-02-02 06:37:35,906 - UrbanActiveInference - INFO -     Satisfaction: 1.000
2026-02-02 06:37:35,906 - geo_infer_act.utils.analysis - DEBUG - Recorded step 16: FE=-0.0000
2026-02-02 06:37:35,906 - UrbanActiveInference - INFO -   Agent 1 (Developer):
2026-02-02 06:37:35,906 - UrbanActiveInference - INFO -     Observation: [0. 1. 0. 0.]
2026-02-02 06:37:35,906 - UrbanActiveInference - INFO -     Belief entropy: -0.0000
2026-02-02 06:37:35,906 - UrbanActiveInference - INFO -     Surprise: 0.0000
2026-02-02 06:37:35,906 - UrbanActiveInference - INFO -     Information gain: 0.0000
2026-02-02 06:37:35,907 - UrbanActiveInference - INFO -     Free energy change: -0.0000 → -0.0000
2026-02-02 06:37:35,907 - UrbanActiveInference - INFO -     Action: Invest 4.2 in Housing at location 4
2026-02-02 06:37:35,907 - UrbanActiveInference - INFO -     Action success: True
2026-02-02 06:37:35,907 - UrbanActiveInference - INFO -     Satisfaction: 1.000
2026-02-02 06:37:35,907 - geo_infer_act.utils.analysis - DEBUG - Recorded step 16: FE=-0.0000
2026-02-02 06:37:35,907 - UrbanActiveInference - INFO -   Agent 2 (Community):
2026-02-02 06:37:35,907 - UrbanActiveInference - INFO -     Observation: [0. 1. 0. 0.]
2026-02-02 06:37:35,907 - UrbanActiveInference - INFO -     Belief entropy: -0.0000
2026-02-02 06:37:35,907 - UrbanActiveInference - INFO -     Surprise: 0.0000
2026-02-02 06:37:35,907 - UrbanActiveInference - INFO -     Information gain: 0.0000
2026-02-02 06:37:35,907 - UrbanActiveInference - INFO -     Free energy change: -0.0000 → -0.0000
2026-02-02 06:37:35,907 - UrbanActiveInference - INFO -     Action: Invest 10.2 in Housing at location 2
2026-02-02 06:37:35,907 - UrbanActiveInference - INFO -     Action success: False
2026-02-02 06:37:35,907 - UrbanActiveInference - INFO -     Satisfaction: 0.795
2026-02-02 06:37:35,907 - geo_infer_act.utils.analysis - DEBUG - Recorded step 16: FE=-0.0000
2026-02-02 06:37:35,907 - UrbanActiveInference - INFO - 
--- Step 17/20 ---
2026-02-02 06:37:35,907 - UrbanActiveInference - INFO - Overall urban quality: 0.520
2026-02-02 06:37:35,907 - UrbanActiveInference - INFO - Cooperation index: 0.536
2026-02-02 06:37:35,907 - UrbanActiveInference - INFO -   Agent 0 (Government):
2026-02-02 06:37:35,907 - UrbanActiveInference - INFO -     Observation: [0. 1. 0. 0.]
2026-02-02 06:37:35,907 - UrbanActiveInference - INFO -     Belief entropy: -0.0000
2026-02-02 06:37:35,907 - UrbanActiveInference - INFO -     Surprise: 0.0000
2026-02-02 06:37:35,907 - UrbanActiveInference - INFO -     Information gain: 0.0000
2026-02-02 06:37:35,908 - UrbanActiveInference - INFO -     Free energy change: -0.0000 → -0.0000
2026-02-02 06:37:35,908 - UrbanActiveInference - INFO -     Action: Invest 10.2 in Housing at location 5
2026-02-02 06:37:35,908 - UrbanActiveInference - INFO -     Action success: True
2026-02-02 06:37:35,908 - UrbanActiveInference - INFO -     Satisfaction: 1.000
2026-02-02 06:37:35,908 - geo_infer_act.utils.analysis - DEBUG - Recorded step 17: FE=-0.0000
2026-02-02 06:37:35,908 - UrbanActiveInference - INFO -   Agent 1 (Developer):
2026-02-02 06:37:35,908 - UrbanActiveInference - INFO -     Observation: [0. 1. 0. 0.]
2026-02-02 06:37:35,908 - UrbanActiveInference - INFO -     Belief entropy: -0.0000
2026-02-02 06:37:35,908 - UrbanActiveInference - INFO -     Surprise: 0.0000
2026-02-02 06:37:35,908 - UrbanActiveInference - INFO -     Information gain: 0.0000
2026-02-02 06:37:35,908 - UrbanActiveInference - INFO -     Free energy change: -0.0000 → -0.0000
2026-02-02 06:37:35,908 - UrbanActiveInference - INFO -     Action: Invest 3.4 in Housing at location 1
2026-02-02 06:37:35,908 - UrbanActiveInference - INFO -     Action success: False
2026-02-02 06:37:35,908 - UrbanActiveInference - INFO -     Satisfaction: 1.000
2026-02-02 06:37:35,908 - geo_infer_act.utils.analysis - DEBUG - Recorded step 17: FE=-0.0000
2026-02-02 06:37:35,908 - UrbanActiveInference - INFO -   Agent 2 (Community):
2026-02-02 06:37:35,908 - UrbanActiveInference - INFO -     Observation: [0. 1. 0. 0.]
2026-02-02 06:37:35,908 - UrbanActiveInference - INFO -     Belief entropy: -0.0000
2026-02-02 06:37:35,908 - UrbanActiveInference - INFO -     Surprise: 0.0000
2026-02-02 06:37:35,908 - UrbanActiveInference - INFO -     Information gain: 0.0000
2026-02-02 06:37:35,908 - UrbanActiveInference - INFO -     Free energy change: -0.0000 → -0.0000
2026-02-02 06:37:35,908 - UrbanActiveInference - INFO -     Action: Invest 10.2 in Housing at location 4
2026-02-02 06:37:35,908 - UrbanActiveInference - INFO -     Action success: True
2026-02-02 06:37:35,908 - UrbanActiveInference - INFO -     Satisfaction: 0.857
2026-02-02 06:37:35,908 - geo_infer_act.utils.analysis - DEBUG - Recorded step 17: FE=-0.0000
2026-02-02 06:37:35,909 - UrbanActiveInference - INFO - 
--- Step 18/20 ---
2026-02-02 06:37:35,909 - UrbanActiveInference - INFO - Overall urban quality: 0.520
2026-02-02 06:37:35,909 - UrbanActiveInference - INFO - Cooperation index: 0.536
2026-02-02 06:37:35,909 - UrbanActiveInference - INFO -   Agent 0 (Government):
2026-02-02 06:37:35,909 - UrbanActiveInference - INFO -     Observation: [0. 1. 0. 0.]
2026-02-02 06:37:35,909 - UrbanActiveInference - INFO -     Belief entropy: -0.0000
2026-02-02 06:37:35,909 - UrbanActiveInference - INFO -     Surprise: 0.0000
2026-02-02 06:37:35,909 - UrbanActiveInference - INFO -     Information gain: 0.0000
2026-02-02 06:37:35,909 - UrbanActiveInference - INFO -     Free energy change: -0.0000 → -0.0000
2026-02-02 06:37:35,909 - UrbanActiveInference - INFO -     Action: Invest 8.2 in Housing at location 4
2026-02-02 06:37:35,909 - UrbanActiveInference - INFO -     Action success: True
2026-02-02 06:37:35,909 - UrbanActiveInference - INFO -     Satisfaction: 1.000
2026-02-02 06:37:35,909 - geo_infer_act.utils.analysis - DEBUG - Recorded step 18: FE=-0.0000
2026-02-02 06:37:35,909 - UrbanActiveInference - INFO -   Agent 1 (Developer):
2026-02-02 06:37:35,909 - UrbanActiveInference - INFO -     Observation: [0. 1. 0. 0.]
2026-02-02 06:37:35,909 - UrbanActiveInference - INFO -     Belief entropy: -0.0000
2026-02-02 06:37:35,909 - UrbanActiveInference - INFO -     Surprise: 0.0000
2026-02-02 06:37:35,909 - UrbanActiveInference - INFO -     Information gain: 0.0000
2026-02-02 06:37:35,909 - UrbanActiveInference - INFO -     Free energy change: -0.0000 → -0.0000
2026-02-02 06:37:35,909 - UrbanActiveInference - INFO -     Action: Invest 3.4 in Housing at location 3
2026-02-02 06:37:35,909 - UrbanActiveInference - INFO -     Action success: False
2026-02-02 06:37:35,909 - UrbanActiveInference - INFO -     Satisfaction: 1.000
2026-02-02 06:37:35,909 - geo_infer_act.utils.analysis - DEBUG - Recorded step 18: FE=-0.0000
2026-02-02 06:37:35,910 - UrbanActiveInference - INFO -   Agent 2 (Community):
2026-02-02 06:37:35,910 - UrbanActiveInference - INFO -     Observation: [0. 1. 0. 0.]
2026-02-02 06:37:35,910 - UrbanActiveInference - INFO -     Belief entropy: -0.0000
2026-02-02 06:37:35,910 - UrbanActiveInference - INFO -     Surprise: 0.0000
2026-02-02 06:37:35,910 - UrbanActiveInference - INFO -     Information gain: 0.0000
2026-02-02 06:37:35,910 - UrbanActiveInference - INFO -     Free energy change: -0.0000 → -0.0000
2026-02-02 06:37:35,910 - UrbanActiveInference - INFO -     Action: Invest 8.2 in Housing at location 0
2026-02-02 06:37:35,910 - UrbanActiveInference - INFO -     Action success: False
2026-02-02 06:37:35,910 - UrbanActiveInference - INFO -     Satisfaction: 0.857
2026-02-02 06:37:35,910 - geo_infer_act.utils.analysis - DEBUG - Recorded step 18: FE=-0.0000
2026-02-02 06:37:35,910 - UrbanActiveInference - INFO - 
--- Step 19/20 ---
2026-02-02 06:37:35,910 - UrbanActiveInference - INFO - Overall urban quality: 0.520
2026-02-02 06:37:35,910 - UrbanActiveInference - INFO - Cooperation index: 0.536
2026-02-02 06:37:35,910 - UrbanActiveInference - INFO -   Agent 0 (Government):
2026-02-02 06:37:35,910 - UrbanActiveInference - INFO -     Observation: [0. 1. 0. 0.]
2026-02-02 06:37:35,910 - UrbanActiveInference - INFO -     Belief entropy: -0.0000
2026-02-02 06:37:35,910 - UrbanActiveInference - INFO -     Surprise: 0.0000
2026-02-02 06:37:35,910 - UrbanActiveInference - INFO -     Information gain: 0.0000
2026-02-02 06:37:35,910 - UrbanActiveInference - INFO -     Free energy change: -0.0000 → -0.0000
2026-02-02 06:37:35,910 - UrbanActiveInference - INFO -     Action: Invest 6.6 in Housing at location 4
2026-02-02 06:37:35,910 - UrbanActiveInference - INFO -     Action success: True
2026-02-02 06:37:35,910 - UrbanActiveInference - INFO -     Satisfaction: 1.000
2026-02-02 06:37:35,910 - geo_infer_act.utils.analysis - DEBUG - Recorded step 19: FE=-0.0000
2026-02-02 06:37:35,911 - UrbanActiveInference - INFO -   Agent 1 (Developer):
2026-02-02 06:37:35,911 - UrbanActiveInference - INFO -     Observation: [0. 1. 0. 0.]
2026-02-02 06:37:35,911 - UrbanActiveInference - INFO -     Belief entropy: -0.0000
2026-02-02 06:37:35,911 - UrbanActiveInference - INFO -     Surprise: 0.0000
2026-02-02 06:37:35,911 - UrbanActiveInference - INFO -     Information gain: 0.0000
2026-02-02 06:37:35,911 - UrbanActiveInference - INFO -     Free energy change: -0.0000 → -0.0000
2026-02-02 06:37:35,911 - UrbanActiveInference - INFO -     Action: Invest 3.4 in Housing at location 3
2026-02-02 06:37:35,911 - UrbanActiveInference - INFO -     Action success: False
2026-02-02 06:37:35,911 - UrbanActiveInference - INFO -     Satisfaction: 1.000
2026-02-02 06:37:35,911 - geo_infer_act.utils.analysis - DEBUG - Recorded step 19: FE=-0.0000
2026-02-02 06:37:35,911 - UrbanActiveInference - INFO -   Agent 2 (Community):
2026-02-02 06:37:35,911 - UrbanActiveInference - INFO -     Observation: [0. 1. 0. 0.]
2026-02-02 06:37:35,911 - UrbanActiveInference - INFO -     Belief entropy: -0.0000
2026-02-02 06:37:35,911 - UrbanActiveInference - INFO -     Surprise: 0.0000
2026-02-02 06:37:35,911 - UrbanActiveInference - INFO -     Information gain: 0.0000
2026-02-02 06:37:35,911 - UrbanActiveInference - INFO -     Free energy change: -0.0000 → -0.0000
2026-02-02 06:37:35,911 - UrbanActiveInference - INFO -     Action: Invest 8.2 in Housing at location 3
2026-02-02 06:37:35,911 - UrbanActiveInference - INFO -     Action success: False
2026-02-02 06:37:35,911 - UrbanActiveInference - INFO -     Satisfaction: 0.857
2026-02-02 06:37:35,911 - geo_infer_act.utils.analysis - DEBUG - Recorded step 19: FE=-0.0000
2026-02-02 06:37:35,911 - UrbanActiveInference - INFO - 
--- Step 20/20 ---
2026-02-02 06:37:35,911 - UrbanActiveInference - INFO - Overall urban quality: 0.520
2026-02-02 06:37:35,911 - UrbanActiveInference - INFO - Cooperation index: 0.536
2026-02-02 06:37:35,911 - UrbanActiveInference - INFO -   Agent 0 (Government):
2026-02-02 06:37:35,912 - UrbanActiveInference - INFO -     Observation: [0. 1. 0. 0.]
2026-02-02 06:37:35,912 - UrbanActiveInference - INFO -     Belief entropy: -0.0000
2026-02-02 06:37:35,912 - UrbanActiveInference - INFO -     Surprise: 0.0000
2026-02-02 06:37:35,912 - UrbanActiveInference - INFO -     Information gain: 0.0000
2026-02-02 06:37:35,912 - UrbanActiveInference - INFO -     Free energy change: -0.0000 → -0.0000
2026-02-02 06:37:35,912 - UrbanActiveInference - INFO -     Action: Invest 5.2 in Housing at location 5
2026-02-02 06:37:35,912 - UrbanActiveInference - INFO -     Action success: True
2026-02-02 06:37:35,912 - UrbanActiveInference - INFO -     Satisfaction: 1.000
2026-02-02 06:37:35,912 - geo_infer_act.utils.analysis - DEBUG - Recorded step 20: FE=-0.0000
2026-02-02 06:37:35,912 - UrbanActiveInference - INFO -   Agent 1 (Developer):
2026-02-02 06:37:35,912 - UrbanActiveInference - INFO -     Observation: [0. 1. 0. 0.]
2026-02-02 06:37:35,912 - UrbanActiveInference - INFO -     Belief entropy: -0.0000
2026-02-02 06:37:35,912 - UrbanActiveInference - INFO -     Surprise: 0.0000
2026-02-02 06:37:35,912 - UrbanActiveInference - INFO -     Information gain: 0.0000
2026-02-02 06:37:35,912 - UrbanActiveInference - INFO -     Free energy change: -0.0000 → -0.0000
2026-02-02 06:37:35,912 - UrbanActiveInference - INFO -     Action: Invest 3.4 in Housing at location 0
2026-02-02 06:37:35,912 - UrbanActiveInference - INFO -     Action success: False
2026-02-02 06:37:35,912 - UrbanActiveInference - INFO -     Satisfaction: 1.000
2026-02-02 06:37:35,912 - geo_infer_act.utils.analysis - DEBUG - Recorded step 20: FE=-0.0000
2026-02-02 06:37:35,912 - UrbanActiveInference - INFO -   Agent 2 (Community):
2026-02-02 06:37:35,912 - UrbanActiveInference - INFO -     Observation: [0. 1. 0. 0.]
2026-02-02 06:37:35,912 - UrbanActiveInference - INFO -     Belief entropy: -0.0000
2026-02-02 06:37:35,912 - UrbanActiveInference - INFO -     Surprise: 0.0000
2026-02-02 06:37:35,912 - UrbanActiveInference - INFO -     Information gain: 0.0000
2026-02-02 06:37:35,912 - UrbanActiveInference - INFO -     Free energy change: -0.0000 → -0.0000
2026-02-02 06:37:35,912 - UrbanActiveInference - INFO -     Action: Invest 8.2 in Housing at location 4
2026-02-02 06:37:35,912 - UrbanActiveInference - INFO -     Action success: True
2026-02-02 06:37:35,912 - UrbanActiveInference - INFO -     Satisfaction: 0.907
2026-02-02 06:37:35,913 - geo_infer_act.utils.analysis - DEBUG - Recorded step 20: FE=-0.0000
2026-02-02 06:37:36,574 - UrbanActiveInference - INFO -     Generated urban analysis visualization
2026-02-02 06:37:36,574 - UrbanActiveInference - INFO - 
======================================================================
2026-02-02 06:37:36,574 - UrbanActiveInference - INFO - COMPREHENSIVE URBAN PLANNING ANALYSIS
2026-02-02 06:37:36,574 - UrbanActiveInference - INFO - ======================================================================
2026-02-02 06:37:36,574 - UrbanActiveInference - INFO - 
AGENT 0 (Government) ANALYSIS:
2026-02-02 06:37:36,574 - geo_infer_act.utils.analysis - INFO - Analyzing perception patterns...
2026-02-02 06:37:36,577 - geo_infer_act.utils.analysis - INFO - Analysis saved to /Users/4d/Documents/GitHub/GEO-INFER/output/urban_planning_20260202_063733/agent_0/analysis/perception_analysis.json
2026-02-02 06:37:36,577 - geo_infer_act.utils.analysis - INFO - Perception pattern analysis completed
2026-02-02 06:37:36,577 - geo_infer_act.utils.analysis - INFO - Analyzing action selection patterns...
2026-02-02 06:37:36,578 - geo_infer_act.utils.analysis - INFO - Analysis saved to /Users/4d/Documents/GitHub/GEO-INFER/output/urban_planning_20260202_063733/agent_0/analysis/action_selection_analysis.json
2026-02-02 06:37:36,578 - geo_infer_act.utils.analysis - INFO - Action selection pattern analysis completed
2026-02-02 06:37:36,578 - geo_infer_act.utils.analysis - INFO - Analyzing Variational Free Energy patterns...
2026-02-02 06:37:36,579 - geo_infer_act.utils.analysis - INFO - Analysis saved to /Users/4d/Documents/GitHub/GEO-INFER/output/urban_planning_20260202_063733/agent_0/analysis/free_energy_analysis.json
2026-02-02 06:37:36,579 - geo_infer_act.utils.analysis - INFO - Free Energy pattern analysis completed
2026-02-02 06:37:36,579 - UrbanActiveInference - INFO -   Perception quality: Fair - Limited Structure
2026-02-02 06:37:36,579 - UrbanActiveInference - INFO -   Action consistency: 1.000
2026-02-02 06:37:36,579 - UrbanActiveInference - INFO -   Free energy efficiency: -0.029
2026-02-02 06:37:36,579 - UrbanActiveInference - INFO -   Final satisfaction: 1.000
2026-02-02 06:37:36,579 - UrbanActiveInference - INFO -   Remaining budget: 21.0
2026-02-02 06:37:37,207 - geo_infer_act.utils.visualization - INFO - Perception analysis saved to /Users/4d/Documents/GitHub/GEO-INFER/output/urban_planning_20260202_063733/agent_0
2026-02-02 06:37:37,688 - geo_infer_act.utils.visualization - INFO - Action analysis saved to /Users/4d/Documents/GitHub/GEO-INFER/output/urban_planning_20260202_063733/agent_0
2026-02-02 06:37:37,691 - geo_infer_act.utils.analysis - INFO - Traces saved to CSV files in /Users/4d/Documents/GitHub/GEO-INFER/output/urban_planning_20260202_063733/agent_0/data
2026-02-02 06:37:37,691 - UrbanActiveInference - INFO - 
AGENT 1 (Developer) ANALYSIS:
2026-02-02 06:37:37,691 - geo_infer_act.utils.analysis - INFO - Analyzing perception patterns...
2026-02-02 06:37:37,693 - geo_infer_act.utils.analysis - INFO - Analysis saved to /Users/4d/Documents/GitHub/GEO-INFER/output/urban_planning_20260202_063733/agent_1/analysis/perception_analysis.json
2026-02-02 06:37:37,693 - geo_infer_act.utils.analysis - INFO - Perception pattern analysis completed
2026-02-02 06:37:37,693 - geo_infer_act.utils.analysis - INFO - Analyzing action selection patterns...
2026-02-02 06:37:37,694 - geo_infer_act.utils.analysis - INFO - Analysis saved to /Users/4d/Documents/GitHub/GEO-INFER/output/urban_planning_20260202_063733/agent_1/analysis/action_selection_analysis.json
2026-02-02 06:37:37,694 - geo_infer_act.utils.analysis - INFO - Action selection pattern analysis completed
2026-02-02 06:37:37,694 - geo_infer_act.utils.analysis - INFO - Analyzing Variational Free Energy patterns...
2026-02-02 06:37:37,694 - geo_infer_act.utils.analysis - INFO - Analysis saved to /Users/4d/Documents/GitHub/GEO-INFER/output/urban_planning_20260202_063733/agent_1/analysis/free_energy_analysis.json
2026-02-02 06:37:37,694 - geo_infer_act.utils.analysis - INFO - Free Energy pattern analysis completed
2026-02-02 06:37:37,694 - UrbanActiveInference - INFO -   Perception quality: Fair - Limited Structure
2026-02-02 06:37:37,694 - UrbanActiveInference - INFO -   Action consistency: 1.000
2026-02-02 06:37:37,694 - UrbanActiveInference - INFO -   Free energy efficiency: -0.029
2026-02-02 06:37:37,694 - UrbanActiveInference - INFO -   Final satisfaction: 1.000
2026-02-02 06:37:37,694 - UrbanActiveInference - INFO -   Remaining budget: 16.8
2026-02-02 06:37:38,333 - geo_infer_act.utils.visualization - INFO - Perception analysis saved to /Users/4d/Documents/GitHub/GEO-INFER/output/urban_planning_20260202_063733/agent_1
2026-02-02 06:37:38,830 - geo_infer_act.utils.visualization - INFO - Action analysis saved to /Users/4d/Documents/GitHub/GEO-INFER/output/urban_planning_20260202_063733/agent_1
2026-02-02 06:37:38,832 - geo_infer_act.utils.analysis - INFO - Traces saved to CSV files in /Users/4d/Documents/GitHub/GEO-INFER/output/urban_planning_20260202_063733/agent_1/data
2026-02-02 06:37:38,832 - UrbanActiveInference - INFO - 
AGENT 2 (Community) ANALYSIS:
2026-02-02 06:37:38,832 - geo_infer_act.utils.analysis - INFO - Analyzing perception patterns...
2026-02-02 06:37:38,834 - geo_infer_act.utils.analysis - INFO - Analysis saved to /Users/4d/Documents/GitHub/GEO-INFER/output/urban_planning_20260202_063733/agent_2/analysis/perception_analysis.json
2026-02-02 06:37:38,834 - geo_infer_act.utils.analysis - INFO - Perception pattern analysis completed
2026-02-02 06:37:38,834 - geo_infer_act.utils.analysis - INFO - Analyzing action selection patterns...
2026-02-02 06:37:38,835 - geo_infer_act.utils.analysis - INFO - Analysis saved to /Users/4d/Documents/GitHub/GEO-INFER/output/urban_planning_20260202_063733/agent_2/analysis/action_selection_analysis.json
2026-02-02 06:37:38,835 - geo_infer_act.utils.analysis - INFO - Action selection pattern analysis completed
2026-02-02 06:37:38,835 - geo_infer_act.utils.analysis - INFO - Analyzing Variational Free Energy patterns...
2026-02-02 06:37:38,835 - geo_infer_act.utils.analysis - INFO - Analysis saved to /Users/4d/Documents/GitHub/GEO-INFER/output/urban_planning_20260202_063733/agent_2/analysis/free_energy_analysis.json
2026-02-02 06:37:38,835 - geo_infer_act.utils.analysis - INFO - Free Energy pattern analysis completed
2026-02-02 06:37:38,835 - UrbanActiveInference - INFO -   Perception quality: Fair - Limited Structure
2026-02-02 06:37:38,835 - UrbanActiveInference - INFO -   Action consistency: 1.000
2026-02-02 06:37:38,835 - UrbanActiveInference - INFO -   Free energy efficiency: -0.029
2026-02-02 06:37:38,835 - UrbanActiveInference - INFO -   Final satisfaction: 0.907
2026-02-02 06:37:38,835 - UrbanActiveInference - INFO -   Remaining budget: 32.8
2026-02-02 06:37:39,475 - geo_infer_act.utils.visualization - INFO - Perception analysis saved to /Users/4d/Documents/GitHub/GEO-INFER/output/urban_planning_20260202_063733/agent_2
2026-02-02 06:37:39,963 - geo_infer_act.utils.visualization - INFO - Action analysis saved to /Users/4d/Documents/GitHub/GEO-INFER/output/urban_planning_20260202_063733/agent_2
2026-02-02 06:37:39,964 - geo_infer_act.utils.analysis - INFO - Traces saved to CSV files in /Users/4d/Documents/GitHub/GEO-INFER/output/urban_planning_20260202_063733/agent_2/data
2026-02-02 06:37:39,964 - UrbanActiveInference - INFO - 
SYSTEM-WIDE URBAN DEVELOPMENT ANALYSIS:
2026-02-02 06:37:39,964 - UrbanActiveInference - INFO -   Urban quality change: 0.518 → 0.520 (Δ=+0.003)
2026-02-02 06:37:39,965 - UrbanActiveInference - INFO -   Cooperation change: 0.536 → 0.536 (Δ=+0.000)
2026-02-02 06:37:39,965 - UrbanActiveInference - INFO -   Housing development: +6.09
2026-02-02 06:37:39,965 - UrbanActiveInference - INFO -   Commercial development: +2.83
2026-02-02 06:37:39,965 - UrbanActiveInference - INFO -   Transport development: +0.00
2026-02-02 06:37:39,965 - UrbanActiveInference - INFO -   Green Space development: +0.00
2026-02-02 06:37:39,965 - UrbanActiveInference - INFO -   Average agent satisfaction: 0.969 (±0.044)
2026-02-02 06:37:39,965 - UrbanActiveInference - INFO -   Development equity score: 0.962
2026-02-02 06:37:40,331 - UrbanActiveInference - INFO - 
Exporting comprehensive analysis data...
2026-02-02 06:37:40,333 - UrbanActiveInference - INFO - 
FEATURES DEMONSTRATED:
2026-02-02 06:37:40,333 - UrbanActiveInference - INFO - • Multi-agent Active Inference coordination for urban planning
2026-02-02 06:37:40,333 - UrbanActiveInference - INFO - • Comprehensive stakeholder behavior analysis and pattern detection
2026-02-02 06:37:40,333 - UrbanActiveInference - INFO - • Real-time resource allocation optimization with constraint handling
2026-02-02 06:37:40,333 - UrbanActiveInference - INFO - • Spatial-temporal urban development modeling and quality assessment
2026-02-02 06:37:40,333 - UrbanActiveInference - INFO - • Agent-specific preference learning and satisfaction tracking
2026-02-02 06:37:40,333 - UrbanActiveInference - INFO - • System-wide cooperation dynamics and equity analysis
2026-02-02 06:37:40,333 - UrbanActiveInference - INFO - • Professional visualization suite for urban planning insights
2026-02-02 06:37:40,333 - UrbanActiveInference - INFO - • Comprehensive data export and reporting for policy analysis
2026-02-02 06:37:40,333 - UrbanActiveInference - INFO - 
Urban Planning Active Inference simulation complete!
2026-02-02 06:37:40,333 - UrbanActiveInference - INFO - Results saved to: /Users/4d/Documents/GitHub/GEO-INFER/output/urban_planning_20260202_063733
2026-02-02 06:37:40,333 - UrbanActiveInference - INFO - Total simulation time: 20 steps
2026-02-02 06:37:40,333 - UrbanActiveInference - INFO - Analysis completed at: 2026-02-02 06:37:40
