2026-02-02 06:38:39,953 - ModernActiveInference - INFO - Modern Active Inference - Comprehensive Analysis
2026-02-02 06:38:39,953 - ModernActiveInference - INFO - ======================================================================
2026-02-02 06:38:39,953 - ModernActiveInference - INFO - Output directory: /Users/4d/Documents/GitHub/GEO-INFER/output/modern_active_inference_20260202_063839
2026-02-02 06:38:39,954 - geo_infer_act.api.interface - INFO - ActiveInferenceInterface initialized
2026-02-02 06:38:39,954 - ModernActiveInference - INFO - Modern Active Inference Demo initialized
2026-02-02 06:38:39,954 - ModernActiveInference - INFO - Enhanced with comprehensive analysis capabilities
2026-02-02 06:38:39,954 - ModernActiveInference - INFO - Starting comprehensive modern Active Inference demonstration
2026-02-02 06:38:39,954 - ModernActiveInference - INFO - 
==================================================
2026-02-02 06:38:39,954 - ModernActiveInference - INFO - 1. HIERARCHICAL ACTIVE INFERENCE
2026-02-02 06:38:39,954 - ModernActiveInference - INFO - ==================================================
2026-02-02 06:38:39,954 - ModernActiveInference - INFO - Creating hierarchical model: hierarchical_model
2026-02-02 06:38:39,954 - geo_infer_act.core.active_inference - INFO - Initialized ActiveInferenceModel with type: categorical
2026-02-02 06:38:39,954 - geo_infer_act.core.generative_model - INFO - Initialized 3 hierarchical levels
2026-02-02 06:38:39,954 - geo_infer_act.api.interface - INFO - Created categorical model: hierarchical_model
2026-02-02 06:38:39,954 - geo_infer_act.api.interface - INFO - Set preferences for model hierarchical_model
2026-02-02 06:38:39,955 - geo_infer_act.utils.analysis - INFO - ActiveInferenceAnalyzer initialized with output: /Users/4d/Documents/GitHub/GEO-INFER/output/modern_active_inference_20260202_063839/hierarchical
2026-02-02 06:38:39,955 - ModernActiveInference - INFO -   Created 3-level hierarchical model
2026-02-02 06:38:39,955 - ModernActiveInference - INFO -   Temporal horizons: [1, 5, 20]
2026-02-02 06:38:39,955 - ModernActiveInference - INFO -   Message passing enabled: True
2026-02-02 06:38:39,955 - geo_infer_act.utils.analysis - DEBUG - Recorded step 1: FE=-4.2914
2026-02-02 06:38:39,956 - geo_infer_act.utils.analysis - DEBUG - Recorded step 2: FE=-4.2914
2026-02-02 06:38:39,956 - geo_infer_act.utils.analysis - DEBUG - Recorded step 3: FE=-4.2914
2026-02-02 06:38:39,956 - geo_infer_act.utils.analysis - DEBUG - Recorded step 4: FE=-4.2914
2026-02-02 06:38:39,957 - geo_infer_act.utils.analysis - DEBUG - Recorded step 5: FE=-4.2914
2026-02-02 06:38:39,957 - geo_infer_act.utils.analysis - DEBUG - Recorded step 6: FE=-4.2914
2026-02-02 06:38:39,958 - geo_infer_act.utils.analysis - DEBUG - Recorded step 7: FE=-4.2914
2026-02-02 06:38:39,958 - geo_infer_act.utils.analysis - DEBUG - Recorded step 8: FE=-4.2914
2026-02-02 06:38:39,958 - geo_infer_act.utils.analysis - DEBUG - Recorded step 9: FE=-4.2914
2026-02-02 06:38:39,959 - geo_infer_act.utils.analysis - DEBUG - Recorded step 10: FE=-4.2914
2026-02-02 06:38:39,959 - geo_infer_act.utils.analysis - DEBUG - Recorded step 11: FE=-4.2914
2026-02-02 06:38:39,959 - geo_infer_act.utils.analysis - DEBUG - Recorded step 12: FE=-4.2914
2026-02-02 06:38:39,960 - geo_infer_act.utils.analysis - DEBUG - Recorded step 13: FE=-4.2914
2026-02-02 06:38:39,960 - geo_infer_act.utils.analysis - DEBUG - Recorded step 14: FE=-4.2914
2026-02-02 06:38:39,960 - geo_infer_act.utils.analysis - DEBUG - Recorded step 15: FE=-4.2914
2026-02-02 06:38:39,960 - ModernActiveInference - INFO - 
==================================================
2026-02-02 06:38:39,960 - ModernActiveInference - INFO - 2. MARKOV BLANKET ARCHITECTURE
2026-02-02 06:38:39,960 - ModernActiveInference - INFO - ==================================================
2026-02-02 06:38:39,960 - ModernActiveInference - INFO - Demonstrating Markov blanket architectures
2026-02-02 06:38:39,960 - geo_infer_act.core.active_inference - INFO - Initialized ActiveInferenceModel with type: categorical
2026-02-02 06:38:39,960 - geo_infer_act.core.generative_model - INFO - Initialized Markov blanket structure
2026-02-02 06:38:39,960 - geo_infer_act.api.interface - INFO - Created categorical model: markov_blanket_model
2026-02-02 06:38:39,961 - geo_infer_act.utils.analysis - INFO - ActiveInferenceAnalyzer initialized with output: /Users/4d/Documents/GitHub/GEO-INFER/output/modern_active_inference_20260202_063839/markov_blanket
2026-02-02 06:38:39,961 - ModernActiveInference - INFO - Running Markov blanket simulation for 30 steps
2026-02-02 06:38:39,961 - ModernActiveInference - INFO -   Step 1: external_influence
2026-02-02 06:38:39,961 - ModernActiveInference - INFO -     Conditional independence: 0.9549
2026-02-02 06:38:39,961 - ModernActiveInference - INFO -     Surprise: 0.4271
2026-02-02 06:38:39,961 - ModernActiveInference - INFO -     Information gain: 0.0000
2026-02-02 06:38:39,961 - geo_infer_act.utils.analysis - DEBUG - Recorded step 1: FE=-1.7985
2026-02-02 06:38:39,961 - ModernActiveInference - INFO -   Step 2: external_influence
2026-02-02 06:38:39,962 - ModernActiveInference - INFO -     Conditional independence: 0.9043
2026-02-02 06:38:39,962 - ModernActiveInference - INFO -     Surprise: 0.8976
2026-02-02 06:38:39,962 - ModernActiveInference - INFO -     Information gain: 0.0000
2026-02-02 06:38:39,962 - geo_infer_act.utils.analysis - DEBUG - Recorded step 2: FE=-1.7985
2026-02-02 06:38:39,962 - ModernActiveInference - INFO -   Step 3: external_influence
2026-02-02 06:38:39,962 - ModernActiveInference - INFO -     Conditional independence: 0.9260
2026-02-02 06:38:39,962 - ModernActiveInference - INFO -     Surprise: 0.0648
2026-02-02 06:38:39,962 - ModernActiveInference - INFO -     Information gain: 0.0000
2026-02-02 06:38:39,962 - geo_infer_act.utils.analysis - DEBUG - Recorded step 3: FE=-1.7985
2026-02-02 06:38:39,962 - ModernActiveInference - INFO -   Step 4: external_influence
2026-02-02 06:38:39,962 - ModernActiveInference - INFO -     Conditional independence: 0.9124
2026-02-02 06:38:39,962 - ModernActiveInference - INFO -     Surprise: 0.9274
2026-02-02 06:38:39,962 - ModernActiveInference - INFO -     Information gain: 0.0000
2026-02-02 06:38:39,962 - geo_infer_act.utils.analysis - DEBUG - Recorded step 4: FE=-1.7985
2026-02-02 06:38:39,962 - ModernActiveInference - INFO -   Step 5: external_influence
2026-02-02 06:38:39,963 - ModernActiveInference - INFO -     Conditional independence: 0.9123
2026-02-02 06:38:39,963 - ModernActiveInference - INFO -     Surprise: 0.5800
2026-02-02 06:38:39,963 - ModernActiveInference - INFO -     Information gain: 0.0000
2026-02-02 06:38:39,963 - geo_infer_act.utils.analysis - DEBUG - Recorded step 5: FE=-1.7985
2026-02-02 06:38:39,963 - ModernActiveInference - INFO -   Step 6: external_influence
2026-02-02 06:38:39,963 - ModernActiveInference - INFO -     Conditional independence: 0.9348
2026-02-02 06:38:39,963 - ModernActiveInference - INFO -     Surprise: 0.5557
2026-02-02 06:38:39,963 - ModernActiveInference - INFO -     Information gain: 0.0000
2026-02-02 06:38:39,963 - geo_infer_act.utils.analysis - DEBUG - Recorded step 6: FE=-1.7985
2026-02-02 06:38:39,963 - ModernActiveInference - INFO -   Step 7: external_influence
2026-02-02 06:38:39,963 - ModernActiveInference - INFO -     Conditional independence: 0.9328
2026-02-02 06:38:39,963 - ModernActiveInference - INFO -     Surprise: 0.8954
2026-02-02 06:38:39,963 - ModernActiveInference - INFO -     Information gain: 0.0000
2026-02-02 06:38:39,963 - geo_infer_act.utils.analysis - DEBUG - Recorded step 7: FE=-1.7985
2026-02-02 06:38:39,963 - ModernActiveInference - INFO -   Step 8: external_influence
2026-02-02 06:38:39,964 - ModernActiveInference - INFO -     Conditional independence: 0.8940
2026-02-02 06:38:39,964 - ModernActiveInference - INFO -     Surprise: 0.7450
2026-02-02 06:38:39,964 - ModernActiveInference - INFO -     Information gain: 0.0000
2026-02-02 06:38:39,964 - geo_infer_act.utils.analysis - DEBUG - Recorded step 8: FE=-1.7985
2026-02-02 06:38:39,964 - ModernActiveInference - INFO -   Step 9: external_influence
2026-02-02 06:38:39,964 - ModernActiveInference - INFO -     Conditional independence: 0.9508
2026-02-02 06:38:39,964 - ModernActiveInference - INFO -     Surprise: 0.7032
2026-02-02 06:38:39,964 - ModernActiveInference - INFO -     Information gain: 0.0000
2026-02-02 06:38:39,964 - geo_infer_act.utils.analysis - DEBUG - Recorded step 9: FE=-1.7985
2026-02-02 06:38:39,964 - ModernActiveInference - INFO -   Step 10: external_influence
2026-02-02 06:38:39,964 - ModernActiveInference - INFO -     Conditional independence: 0.9425
2026-02-02 06:38:39,964 - ModernActiveInference - INFO -     Surprise: 0.3614
2026-02-02 06:38:39,964 - ModernActiveInference - INFO -     Information gain: 0.0000
2026-02-02 06:38:39,964 - geo_infer_act.utils.analysis - DEBUG - Recorded step 10: FE=-1.7985
2026-02-02 06:38:39,964 - ModernActiveInference - INFO -   Step 11: internal_processing
2026-02-02 06:38:39,964 - ModernActiveInference - INFO -     Conditional independence: 0.9964
2026-02-02 06:38:39,965 - ModernActiveInference - INFO -     Surprise: 0.0000
2026-02-02 06:38:39,965 - ModernActiveInference - INFO -     Information gain: 0.0000
2026-02-02 06:38:39,965 - geo_infer_act.utils.analysis - DEBUG - Recorded step 11: FE=-1.7985
2026-02-02 06:38:39,965 - ModernActiveInference - INFO -   Step 12: internal_processing
2026-02-02 06:38:39,965 - ModernActiveInference - INFO -     Conditional independence: 0.9937
2026-02-02 06:38:39,965 - ModernActiveInference - INFO -     Surprise: 0.1262
2026-02-02 06:38:39,965 - ModernActiveInference - INFO -     Information gain: 0.0000
2026-02-02 06:38:39,965 - geo_infer_act.utils.analysis - DEBUG - Recorded step 12: FE=-1.7985
2026-02-02 06:38:39,965 - ModernActiveInference - INFO -   Step 13: internal_processing
2026-02-02 06:38:39,965 - ModernActiveInference - INFO -     Conditional independence: 0.9319
2026-02-02 06:38:39,965 - ModernActiveInference - INFO -     Surprise: 0.0749
2026-02-02 06:38:39,965 - ModernActiveInference - INFO -     Information gain: 0.0000
2026-02-02 06:38:39,965 - geo_infer_act.utils.analysis - DEBUG - Recorded step 13: FE=-1.7985
2026-02-02 06:38:39,965 - ModernActiveInference - INFO -   Step 14: internal_processing
2026-02-02 06:38:39,965 - ModernActiveInference - INFO -     Conditional independence: 0.9685
2026-02-02 06:38:39,965 - ModernActiveInference - INFO -     Surprise: 0.4494
2026-02-02 06:38:39,965 - ModernActiveInference - INFO -     Information gain: 0.0000
2026-02-02 06:38:39,966 - geo_infer_act.utils.analysis - DEBUG - Recorded step 14: FE=-1.7985
2026-02-02 06:38:39,966 - ModernActiveInference - INFO -   Step 15: internal_processing
2026-02-02 06:38:39,966 - ModernActiveInference - INFO -     Conditional independence: 0.9858
2026-02-02 06:38:39,966 - ModernActiveInference - INFO -     Surprise: 0.9912
2026-02-02 06:38:39,966 - ModernActiveInference - INFO -     Information gain: 0.0000
2026-02-02 06:38:39,966 - geo_infer_act.utils.analysis - DEBUG - Recorded step 15: FE=-1.7985
2026-02-02 06:38:39,966 - ModernActiveInference - INFO -   Step 16: internal_processing
2026-02-02 06:38:39,966 - ModernActiveInference - INFO -     Conditional independence: 0.9757
2026-02-02 06:38:39,966 - ModernActiveInference - INFO -     Surprise: 0.9168
2026-02-02 06:38:39,966 - ModernActiveInference - INFO -     Information gain: 0.0000
2026-02-02 06:38:39,966 - geo_infer_act.utils.analysis - DEBUG - Recorded step 16: FE=-1.7985
2026-02-02 06:38:39,967 - ModernActiveInference - INFO -   Step 17: internal_processing
2026-02-02 06:38:39,967 - ModernActiveInference - INFO -     Conditional independence: 0.9984
2026-02-02 06:38:39,967 - ModernActiveInference - INFO -     Surprise: 0.3868
2026-02-02 06:38:39,967 - ModernActiveInference - INFO -     Information gain: 0.0000
2026-02-02 06:38:39,967 - geo_infer_act.utils.analysis - DEBUG - Recorded step 17: FE=-1.7985
2026-02-02 06:38:39,967 - ModernActiveInference - INFO -   Step 18: internal_processing
2026-02-02 06:38:39,967 - ModernActiveInference - INFO -     Conditional independence: 0.9244
2026-02-02 06:38:39,967 - ModernActiveInference - INFO -     Surprise: 2.0337
2026-02-02 06:38:39,967 - ModernActiveInference - INFO -     Information gain: 0.0000
2026-02-02 06:38:39,967 - geo_infer_act.utils.analysis - DEBUG - Recorded step 18: FE=-1.7985
2026-02-02 06:38:39,967 - ModernActiveInference - INFO -   Step 19: internal_processing
2026-02-02 06:38:39,967 - ModernActiveInference - INFO -     Conditional independence: 0.9737
2026-02-02 06:38:39,967 - ModernActiveInference - INFO -     Surprise: 3.2421
2026-02-02 06:38:39,967 - ModernActiveInference - INFO -     Information gain: 0.0000
2026-02-02 06:38:39,967 - geo_infer_act.utils.analysis - DEBUG - Recorded step 19: FE=-1.7985
2026-02-02 06:38:39,968 - ModernActiveInference - INFO -   Step 20: internal_processing
2026-02-02 06:38:39,968 - ModernActiveInference - INFO -     Conditional independence: 0.9826
2026-02-02 06:38:39,968 - ModernActiveInference - INFO -     Surprise: 1.6832
2026-02-02 06:38:39,968 - ModernActiveInference - INFO -     Information gain: 0.0000
2026-02-02 06:38:39,968 - geo_infer_act.utils.analysis - DEBUG - Recorded step 20: FE=-1.7985
2026-02-02 06:38:39,968 - ModernActiveInference - INFO -   Step 21: active_sampling
2026-02-02 06:38:39,968 - ModernActiveInference - INFO -     Conditional independence: 0.8522
2026-02-02 06:38:39,968 - ModernActiveInference - INFO -     Surprise: 0.6026
2026-02-02 06:38:39,968 - ModernActiveInference - INFO -     Information gain: 0.0000
2026-02-02 06:38:39,968 - geo_infer_act.utils.analysis - DEBUG - Recorded step 21: FE=-1.7985
2026-02-02 06:38:39,968 - ModernActiveInference - INFO -   Step 22: active_sampling
2026-02-02 06:38:39,968 - ModernActiveInference - INFO -     Conditional independence: 0.8738
2026-02-02 06:38:39,968 - ModernActiveInference - INFO -     Surprise: 0.4327
2026-02-02 06:38:39,968 - ModernActiveInference - INFO -     Information gain: 0.0000
2026-02-02 06:38:39,968 - geo_infer_act.utils.analysis - DEBUG - Recorded step 22: FE=-1.7985
2026-02-02 06:38:39,969 - ModernActiveInference - INFO -   Step 23: active_sampling
2026-02-02 06:38:39,969 - ModernActiveInference - INFO -     Conditional independence: 0.8819
2026-02-02 06:38:39,969 - ModernActiveInference - INFO -     Surprise: 1.2081
2026-02-02 06:38:39,969 - ModernActiveInference - INFO -     Information gain: 0.0000
2026-02-02 06:38:39,969 - geo_infer_act.utils.analysis - DEBUG - Recorded step 23: FE=-1.7985
2026-02-02 06:38:39,969 - ModernActiveInference - INFO -   Step 24: active_sampling
2026-02-02 06:38:39,969 - ModernActiveInference - INFO -     Conditional independence: 0.9077
2026-02-02 06:38:39,969 - ModernActiveInference - INFO -     Surprise: 0.0194
2026-02-02 06:38:39,969 - ModernActiveInference - INFO -     Information gain: 0.0000
2026-02-02 06:38:39,969 - geo_infer_act.utils.analysis - DEBUG - Recorded step 24: FE=-1.7985
2026-02-02 06:38:39,969 - ModernActiveInference - INFO -   Step 25: active_sampling
2026-02-02 06:38:39,969 - ModernActiveInference - INFO -     Conditional independence: 0.9895
2026-02-02 06:38:39,969 - ModernActiveInference - INFO -     Surprise: 0.5708
2026-02-02 06:38:39,969 - ModernActiveInference - INFO -     Information gain: 0.0000
2026-02-02 06:38:39,969 - geo_infer_act.utils.analysis - DEBUG - Recorded step 25: FE=-1.7985
2026-02-02 06:38:39,970 - ModernActiveInference - INFO -   Step 26: active_sampling
2026-02-02 06:38:39,970 - ModernActiveInference - INFO -     Conditional independence: 0.9080
2026-02-02 06:38:39,970 - ModernActiveInference - INFO -     Surprise: 0.0000
2026-02-02 06:38:39,970 - ModernActiveInference - INFO -     Information gain: 0.0000
2026-02-02 06:38:39,970 - geo_infer_act.utils.analysis - DEBUG - Recorded step 26: FE=-1.7985
2026-02-02 06:38:39,970 - ModernActiveInference - INFO -   Step 27: active_sampling
2026-02-02 06:38:39,970 - ModernActiveInference - INFO -     Conditional independence: 0.9357
2026-02-02 06:38:39,970 - ModernActiveInference - INFO -     Surprise: 1.2509
2026-02-02 06:38:39,970 - ModernActiveInference - INFO -     Information gain: 0.0000
2026-02-02 06:38:39,970 - geo_infer_act.utils.analysis - DEBUG - Recorded step 27: FE=-1.7985
2026-02-02 06:38:39,970 - ModernActiveInference - INFO -   Step 28: active_sampling
2026-02-02 06:38:39,970 - ModernActiveInference - INFO -     Conditional independence: 0.9137
2026-02-02 06:38:39,970 - ModernActiveInference - INFO -     Surprise: 0.5347
2026-02-02 06:38:39,970 - ModernActiveInference - INFO -     Information gain: 0.0000
2026-02-02 06:38:39,970 - geo_infer_act.utils.analysis - DEBUG - Recorded step 28: FE=-1.7985
2026-02-02 06:38:39,971 - ModernActiveInference - INFO -   Step 29: active_sampling
2026-02-02 06:38:39,971 - ModernActiveInference - INFO -     Conditional independence: 0.9507
2026-02-02 06:38:39,971 - ModernActiveInference - INFO -     Surprise: 0.1154
2026-02-02 06:38:39,971 - ModernActiveInference - INFO -     Information gain: 0.0000
2026-02-02 06:38:39,971 - geo_infer_act.utils.analysis - DEBUG - Recorded step 29: FE=-1.7985
2026-02-02 06:38:39,971 - ModernActiveInference - INFO -   Step 30: active_sampling
2026-02-02 06:38:39,971 - ModernActiveInference - INFO -     Conditional independence: 0.8810
2026-02-02 06:38:39,971 - ModernActiveInference - INFO -     Surprise: 1.5574
2026-02-02 06:38:39,971 - ModernActiveInference - INFO -     Information gain: 0.0000
2026-02-02 06:38:39,971 - geo_infer_act.utils.analysis - DEBUG - Recorded step 30: FE=-1.7985
2026-02-02 06:38:39,971 - ModernActiveInference - INFO - Markov blanket analysis complete:
2026-02-02 06:38:39,971 - ModernActiveInference - INFO -   Average conditional independence: 0.9363
2026-02-02 06:38:39,971 - ModernActiveInference - INFO -   Independence stability: 0.9607
2026-02-02 06:38:39,971 - ModernActiveInference - INFO - 
==================================================
2026-02-02 06:38:39,971 - ModernActiveInference - INFO - 4. SPATIAL-TEMPORAL DYNAMICS
2026-02-02 06:38:39,971 - ModernActiveInference - INFO - ==================================================
2026-02-02 06:38:39,971 - ModernActiveInference - INFO - Demonstrating spatial-temporal dynamics
2026-02-02 06:38:39,971 - geo_infer_act.core.active_inference - INFO - Initialized ActiveInferenceModel with type: categorical
2026-02-02 06:38:39,971 - geo_infer_act.api.interface - INFO - Created categorical model: spatial_temporal_model
2026-02-02 06:38:39,971 - geo_infer_act.core.generative_model - INFO - Enabled spatial navigation with 3x3 grid
2026-02-02 06:38:39,972 - geo_infer_act.utils.analysis - INFO - ActiveInferenceAnalyzer initialized with output: /Users/4d/Documents/GitHub/GEO-INFER/output/modern_active_inference_20260202_063839/spatial_temporal
2026-02-02 06:38:39,972 - ModernActiveInference - INFO - Running spatial-temporal simulation for 25 steps
2026-02-02 06:38:39,973 - ModernActiveInference - INFO -   Step 1:
2026-02-02 06:38:39,973 - ModernActiveInference - INFO -     Spatial correlation: nan
2026-02-02 06:38:39,973 - ModernActiveInference - INFO -     Surprise: 2.4165
2026-02-02 06:38:39,973 - geo_infer_act.utils.analysis - DEBUG - Recorded step 1: FE=-2.2608
2026-02-02 06:38:39,973 - ModernActiveInference - INFO -   Step 2:
2026-02-02 06:38:39,973 - ModernActiveInference - INFO -     Spatial correlation: nan
2026-02-02 06:38:39,973 - ModernActiveInference - INFO -     Temporal coherence: 1.0000
2026-02-02 06:38:39,973 - ModernActiveInference - INFO -     Surprise: 4.0020
2026-02-02 06:38:39,973 - geo_infer_act.utils.analysis - DEBUG - Recorded step 2: FE=-2.2608
2026-02-02 06:38:39,974 - ModernActiveInference - INFO -   Step 3:
2026-02-02 06:38:39,974 - ModernActiveInference - INFO -     Spatial correlation: nan
2026-02-02 06:38:39,974 - ModernActiveInference - INFO -     Temporal coherence: 1.0000
2026-02-02 06:38:39,974 - ModernActiveInference - INFO -     Surprise: 5.3357
2026-02-02 06:38:39,974 - geo_infer_act.utils.analysis - DEBUG - Recorded step 3: FE=-2.2608
2026-02-02 06:38:39,974 - ModernActiveInference - INFO -   Step 4:
2026-02-02 06:38:39,974 - ModernActiveInference - INFO -     Spatial correlation: nan
2026-02-02 06:38:39,974 - ModernActiveInference - INFO -     Temporal coherence: 1.0000
2026-02-02 06:38:39,974 - ModernActiveInference - INFO -     Surprise: 6.3807
2026-02-02 06:38:39,974 - geo_infer_act.utils.analysis - DEBUG - Recorded step 4: FE=-2.2608
2026-02-02 06:38:39,975 - ModernActiveInference - INFO -   Step 5:
2026-02-02 06:38:39,975 - ModernActiveInference - INFO -     Spatial correlation: nan
2026-02-02 06:38:39,975 - ModernActiveInference - INFO -     Temporal coherence: 1.0000
2026-02-02 06:38:39,975 - ModernActiveInference - INFO -     Surprise: 5.7459
2026-02-02 06:38:39,975 - geo_infer_act.utils.analysis - DEBUG - Recorded step 5: FE=-2.2608
2026-02-02 06:38:39,975 - ModernActiveInference - INFO -   Step 6:
2026-02-02 06:38:39,975 - ModernActiveInference - INFO -     Spatial correlation: nan
2026-02-02 06:38:39,975 - ModernActiveInference - INFO -     Temporal coherence: 1.0000
2026-02-02 06:38:39,975 - ModernActiveInference - INFO -     Surprise: 4.7796
2026-02-02 06:38:39,975 - geo_infer_act.utils.analysis - DEBUG - Recorded step 6: FE=-2.2608
2026-02-02 06:38:39,975 - ModernActiveInference - INFO -   Step 7:
2026-02-02 06:38:39,975 - ModernActiveInference - INFO -     Spatial correlation: nan
2026-02-02 06:38:39,975 - ModernActiveInference - INFO -     Temporal coherence: 1.0000
2026-02-02 06:38:39,975 - ModernActiveInference - INFO -     Surprise: 3.4085
2026-02-02 06:38:39,975 - geo_infer_act.utils.analysis - DEBUG - Recorded step 7: FE=-2.2608
2026-02-02 06:38:39,976 - ModernActiveInference - INFO -   Step 8:
2026-02-02 06:38:39,976 - ModernActiveInference - INFO -     Spatial correlation: nan
2026-02-02 06:38:39,976 - ModernActiveInference - INFO -     Temporal coherence: 1.0000
2026-02-02 06:38:39,976 - ModernActiveInference - INFO -     Surprise: 4.5309
2026-02-02 06:38:39,976 - geo_infer_act.utils.analysis - DEBUG - Recorded step 8: FE=-2.2608
2026-02-02 06:38:39,976 - ModernActiveInference - INFO -   Step 9:
2026-02-02 06:38:39,976 - ModernActiveInference - INFO -     Spatial correlation: nan
2026-02-02 06:38:39,976 - ModernActiveInference - INFO -     Temporal coherence: 1.0000
2026-02-02 06:38:39,976 - ModernActiveInference - INFO -     Surprise: 4.3295
2026-02-02 06:38:39,976 - geo_infer_act.utils.analysis - DEBUG - Recorded step 9: FE=-2.2608
2026-02-02 06:38:39,976 - ModernActiveInference - INFO -   Step 10:
2026-02-02 06:38:39,976 - ModernActiveInference - INFO -     Spatial correlation: nan
2026-02-02 06:38:39,977 - ModernActiveInference - INFO -     Temporal coherence: 1.0000
2026-02-02 06:38:39,977 - ModernActiveInference - INFO -     Surprise: 3.0287
2026-02-02 06:38:39,977 - geo_infer_act.utils.analysis - DEBUG - Recorded step 10: FE=-2.2608
2026-02-02 06:38:39,977 - ModernActiveInference - INFO -   Step 11:
2026-02-02 06:38:39,977 - ModernActiveInference - INFO -     Spatial correlation: nan
2026-02-02 06:38:39,977 - ModernActiveInference - INFO -     Temporal coherence: 1.0000
2026-02-02 06:38:39,977 - ModernActiveInference - INFO -     Surprise: 2.5741
2026-02-02 06:38:39,977 - geo_infer_act.utils.analysis - DEBUG - Recorded step 11: FE=-2.2608
2026-02-02 06:38:39,977 - ModernActiveInference - INFO -   Step 12:
2026-02-02 06:38:39,977 - ModernActiveInference - INFO -     Spatial correlation: nan
2026-02-02 06:38:39,977 - ModernActiveInference - INFO -     Temporal coherence: 1.0000
2026-02-02 06:38:39,977 - ModernActiveInference - INFO -     Surprise: 2.5436
2026-02-02 06:38:39,977 - geo_infer_act.utils.analysis - DEBUG - Recorded step 12: FE=-2.2608
2026-02-02 06:38:39,978 - ModernActiveInference - INFO -   Step 13:
2026-02-02 06:38:39,978 - ModernActiveInference - INFO -     Spatial correlation: nan
2026-02-02 06:38:39,978 - ModernActiveInference - INFO -     Temporal coherence: 1.0000
2026-02-02 06:38:39,978 - ModernActiveInference - INFO -     Surprise: 1.6642
2026-02-02 06:38:39,978 - geo_infer_act.utils.analysis - DEBUG - Recorded step 13: FE=-2.2608
2026-02-02 06:38:39,978 - ModernActiveInference - INFO -   Step 14:
2026-02-02 06:38:39,978 - ModernActiveInference - INFO -     Spatial correlation: nan
2026-02-02 06:38:39,978 - ModernActiveInference - INFO -     Temporal coherence: 1.0000
2026-02-02 06:38:39,978 - ModernActiveInference - INFO -     Surprise: 2.2618
2026-02-02 06:38:39,978 - geo_infer_act.utils.analysis - DEBUG - Recorded step 14: FE=-2.2608
2026-02-02 06:38:39,978 - ModernActiveInference - INFO -   Step 15:
2026-02-02 06:38:39,978 - ModernActiveInference - INFO -     Spatial correlation: nan
2026-02-02 06:38:39,978 - ModernActiveInference - INFO -     Temporal coherence: 1.0000
2026-02-02 06:38:39,978 - ModernActiveInference - INFO -     Surprise: 1.7104
2026-02-02 06:38:39,978 - geo_infer_act.utils.analysis - DEBUG - Recorded step 15: FE=-2.2608
2026-02-02 06:38:39,979 - ModernActiveInference - INFO -   Step 16:
2026-02-02 06:38:39,979 - ModernActiveInference - INFO -     Spatial correlation: nan
2026-02-02 06:38:39,979 - ModernActiveInference - INFO -     Temporal coherence: 1.0000
2026-02-02 06:38:39,979 - ModernActiveInference - INFO -     Surprise: 2.1563
2026-02-02 06:38:39,979 - geo_infer_act.utils.analysis - DEBUG - Recorded step 16: FE=-2.2608
2026-02-02 06:38:39,979 - ModernActiveInference - INFO -   Step 17:
2026-02-02 06:38:39,979 - ModernActiveInference - INFO -     Spatial correlation: nan
2026-02-02 06:38:39,979 - ModernActiveInference - INFO -     Temporal coherence: 1.0000
2026-02-02 06:38:39,979 - ModernActiveInference - INFO -     Surprise: 2.5615
2026-02-02 06:38:39,979 - geo_infer_act.utils.analysis - DEBUG - Recorded step 17: FE=-2.2608
2026-02-02 06:38:39,979 - ModernActiveInference - INFO -   Step 18:
2026-02-02 06:38:39,980 - ModernActiveInference - INFO -     Spatial correlation: nan
2026-02-02 06:38:39,980 - ModernActiveInference - INFO -     Temporal coherence: 1.0000
2026-02-02 06:38:39,980 - ModernActiveInference - INFO -     Surprise: 2.0123
2026-02-02 06:38:39,980 - geo_infer_act.utils.analysis - DEBUG - Recorded step 18: FE=-2.2608
2026-02-02 06:38:39,980 - ModernActiveInference - INFO -   Step 19:
2026-02-02 06:38:39,980 - ModernActiveInference - INFO -     Spatial correlation: nan
2026-02-02 06:38:39,980 - ModernActiveInference - INFO -     Temporal coherence: 1.0000
2026-02-02 06:38:39,980 - ModernActiveInference - INFO -     Surprise: 2.2365
2026-02-02 06:38:39,980 - geo_infer_act.utils.analysis - DEBUG - Recorded step 19: FE=-2.2608
2026-02-02 06:38:39,980 - ModernActiveInference - INFO -   Step 20:
2026-02-02 06:38:39,980 - ModernActiveInference - INFO -     Spatial correlation: nan
2026-02-02 06:38:39,980 - ModernActiveInference - INFO -     Temporal coherence: 1.0000
2026-02-02 06:38:39,980 - ModernActiveInference - INFO -     Surprise: 1.7230
2026-02-02 06:38:39,980 - geo_infer_act.utils.analysis - DEBUG - Recorded step 20: FE=-2.2608
2026-02-02 06:38:39,981 - ModernActiveInference - INFO -   Step 21:
2026-02-02 06:38:39,981 - ModernActiveInference - INFO -     Spatial correlation: nan
2026-02-02 06:38:39,981 - ModernActiveInference - INFO -     Temporal coherence: 1.0000
2026-02-02 06:38:39,981 - ModernActiveInference - INFO -     Surprise: 0.5975
2026-02-02 06:38:39,981 - geo_infer_act.utils.analysis - DEBUG - Recorded step 21: FE=-2.2608
2026-02-02 06:38:39,981 - ModernActiveInference - INFO -   Step 22:
2026-02-02 06:38:39,981 - ModernActiveInference - INFO -     Spatial correlation: nan
2026-02-02 06:38:39,981 - ModernActiveInference - INFO -     Temporal coherence: 1.0000
2026-02-02 06:38:39,981 - ModernActiveInference - INFO -     Surprise: 0.6417
2026-02-02 06:38:39,981 - geo_infer_act.utils.analysis - DEBUG - Recorded step 22: FE=-2.2608
2026-02-02 06:38:39,981 - ModernActiveInference - INFO -   Step 23:
2026-02-02 06:38:39,981 - ModernActiveInference - INFO -     Spatial correlation: nan
2026-02-02 06:38:39,981 - ModernActiveInference - INFO -     Temporal coherence: 1.0000
2026-02-02 06:38:39,981 - ModernActiveInference - INFO -     Surprise: 0.5296
2026-02-02 06:38:39,981 - geo_infer_act.utils.analysis - DEBUG - Recorded step 23: FE=-2.2608
2026-02-02 06:38:39,982 - ModernActiveInference - INFO -   Step 24:
2026-02-02 06:38:39,982 - ModernActiveInference - INFO -     Spatial correlation: nan
2026-02-02 06:38:39,982 - ModernActiveInference - INFO -     Temporal coherence: 1.0000
2026-02-02 06:38:39,982 - ModernActiveInference - INFO -     Surprise: 0.6025
2026-02-02 06:38:39,982 - geo_infer_act.utils.analysis - DEBUG - Recorded step 24: FE=-2.2608
2026-02-02 06:38:39,982 - ModernActiveInference - INFO -   Step 25:
2026-02-02 06:38:39,982 - ModernActiveInference - INFO -     Spatial correlation: nan
2026-02-02 06:38:39,982 - ModernActiveInference - INFO -     Temporal coherence: 1.0000
2026-02-02 06:38:39,982 - ModernActiveInference - INFO -     Surprise: 0.7241
2026-02-02 06:38:39,982 - geo_infer_act.utils.analysis - DEBUG - Recorded step 25: FE=-2.2608
2026-02-02 06:38:39,982 - ModernActiveInference - INFO - Spatial-temporal analysis complete:
2026-02-02 06:38:39,982 - ModernActiveInference - INFO -   Average spatial correlation: nan
2026-02-02 06:38:39,982 - ModernActiveInference - INFO -   Average temporal coherence: 1.0000
2026-02-02 06:38:39,982 - ModernActiveInference - INFO -   Spatial stability: nan
2026-02-02 06:38:39,982 - ModernActiveInference - INFO - 
==================================================
2026-02-02 06:38:39,982 - ModernActiveInference - INFO - 5. MULTI-AGENT COORDINATION
2026-02-02 06:38:39,982 - ModernActiveInference - INFO - ==================================================
2026-02-02 06:38:39,982 - ModernActiveInference - INFO - Demonstrating multi-agent coordination
2026-02-02 06:38:39,982 - geo_infer_act.core.active_inference - INFO - Initialized ActiveInferenceModel with type: categorical
2026-02-02 06:38:39,982 - geo_infer_act.api.interface - INFO - Created categorical model: multi_agent_agent_0
2026-02-02 06:38:39,983 - geo_infer_act.utils.analysis - INFO - ActiveInferenceAnalyzer initialized with output: /Users/4d/Documents/GitHub/GEO-INFER/output/modern_active_inference_20260202_063839/multi_agent/agent_0
2026-02-02 06:38:39,983 - ModernActiveInference - INFO -   Created agent 0 (Leader)
2026-02-02 06:38:39,983 - geo_infer_act.core.active_inference - INFO - Initialized ActiveInferenceModel with type: categorical
2026-02-02 06:38:39,983 - geo_infer_act.api.interface - INFO - Created categorical model: multi_agent_agent_1
2026-02-02 06:38:39,983 - geo_infer_act.utils.analysis - INFO - ActiveInferenceAnalyzer initialized with output: /Users/4d/Documents/GitHub/GEO-INFER/output/modern_active_inference_20260202_063839/multi_agent/agent_1
2026-02-02 06:38:39,983 - ModernActiveInference - INFO -   Created agent 1 (Coordinator)
2026-02-02 06:38:39,983 - geo_infer_act.core.active_inference - INFO - Initialized ActiveInferenceModel with type: categorical
2026-02-02 06:38:39,983 - geo_infer_act.api.interface - INFO - Created categorical model: multi_agent_agent_2
2026-02-02 06:38:39,984 - geo_infer_act.utils.analysis - INFO - ActiveInferenceAnalyzer initialized with output: /Users/4d/Documents/GitHub/GEO-INFER/output/modern_active_inference_20260202_063839/multi_agent/agent_2
2026-02-02 06:38:39,984 - ModernActiveInference - INFO -   Created agent 2 (Follower)
2026-02-02 06:38:39,984 - geo_infer_act.core.active_inference - INFO - Initialized ActiveInferenceModel with type: categorical
2026-02-02 06:38:39,984 - geo_infer_act.api.interface - INFO - Created categorical model: multi_agent_agent_3
2026-02-02 06:38:39,984 - geo_infer_act.utils.analysis - INFO - ActiveInferenceAnalyzer initialized with output: /Users/4d/Documents/GitHub/GEO-INFER/output/modern_active_inference_20260202_063839/multi_agent/agent_3
2026-02-02 06:38:39,984 - ModernActiveInference - INFO -   Created agent 3 (Follower)
2026-02-02 06:38:39,984 - ModernActiveInference - INFO - Running multi-agent coordination for 20 steps
2026-02-02 06:38:39,984 - geo_infer_act.utils.analysis - DEBUG - Recorded step 1: FE=-1.7944
2026-02-02 06:38:39,985 - geo_infer_act.utils.analysis - DEBUG - Recorded step 1: FE=-1.6094
2026-02-02 06:38:39,985 - geo_infer_act.utils.analysis - DEBUG - Recorded step 1: FE=-1.3863
2026-02-02 06:38:39,985 - geo_infer_act.utils.analysis - DEBUG - Recorded step 1: FE=-1.3863
2026-02-02 06:38:39,985 - ModernActiveInference - INFO -   Step 1: coordination_challenge
2026-02-02 06:38:39,985 - ModernActiveInference - INFO -     Coordination score: 0.0000
2026-02-02 06:38:39,985 - ModernActiveInference - INFO -     Action consensus: 0.5926
2026-02-02 06:38:39,985 - ModernActiveInference - INFO -     Agent actions: [0, 2, 1, 0]
2026-02-02 06:38:39,986 - geo_infer_act.utils.analysis - DEBUG - Recorded step 2: FE=-1.7944
2026-02-02 06:38:39,986 - geo_infer_act.utils.analysis - DEBUG - Recorded step 2: FE=-1.6094
2026-02-02 06:38:39,986 - geo_infer_act.utils.analysis - DEBUG - Recorded step 2: FE=-1.3863
2026-02-02 06:38:39,986 - geo_infer_act.utils.analysis - DEBUG - Recorded step 2: FE=-1.3863
2026-02-02 06:38:39,987 - ModernActiveInference - INFO -   Step 2: coordination_challenge
2026-02-02 06:38:39,987 - ModernActiveInference - INFO -     Coordination score: 0.0000
2026-02-02 06:38:39,987 - ModernActiveInference - INFO -     Action consensus: 0.5714
2026-02-02 06:38:39,987 - ModernActiveInference - INFO -     Agent actions: [2, 0, 0, 0]
2026-02-02 06:38:39,987 - geo_infer_act.utils.analysis - DEBUG - Recorded step 3: FE=-1.7944
2026-02-02 06:38:39,987 - geo_infer_act.utils.analysis - DEBUG - Recorded step 3: FE=-1.6094
2026-02-02 06:38:39,987 - geo_infer_act.utils.analysis - DEBUG - Recorded step 3: FE=-1.3863
2026-02-02 06:38:39,988 - geo_infer_act.utils.analysis - DEBUG - Recorded step 3: FE=-1.3863
2026-02-02 06:38:39,988 - ModernActiveInference - INFO -   Step 3: coordination_challenge
2026-02-02 06:38:39,988 - ModernActiveInference - INFO -     Coordination score: 0.0000
2026-02-02 06:38:39,988 - ModernActiveInference - INFO -     Action consensus: 0.8000
2026-02-02 06:38:39,988 - ModernActiveInference - INFO -     Agent actions: [1, 1, 2, 2]
2026-02-02 06:38:39,988 - geo_infer_act.utils.analysis - DEBUG - Recorded step 4: FE=-1.7944
2026-02-02 06:38:39,989 - geo_infer_act.utils.analysis - DEBUG - Recorded step 4: FE=-1.6094
2026-02-02 06:38:39,989 - geo_infer_act.utils.analysis - DEBUG - Recorded step 4: FE=-1.3863
2026-02-02 06:38:39,989 - geo_infer_act.utils.analysis - DEBUG - Recorded step 4: FE=-1.3863
2026-02-02 06:38:39,989 - ModernActiveInference - INFO -   Step 4: coordination_challenge
2026-02-02 06:38:39,989 - ModernActiveInference - INFO -     Coordination score: 0.0000
2026-02-02 06:38:39,989 - ModernActiveInference - INFO -     Action consensus: 0.5926
2026-02-02 06:38:39,990 - ModernActiveInference - INFO -     Agent actions: [0, 1, 0, 2]
2026-02-02 06:38:39,990 - geo_infer_act.utils.analysis - DEBUG - Recorded step 5: FE=-1.7944
2026-02-02 06:38:39,990 - geo_infer_act.utils.analysis - DEBUG - Recorded step 5: FE=-1.6094
2026-02-02 06:38:39,990 - geo_infer_act.utils.analysis - DEBUG - Recorded step 5: FE=-1.3863
2026-02-02 06:38:39,991 - geo_infer_act.utils.analysis - DEBUG - Recorded step 5: FE=-1.3863
2026-02-02 06:38:39,991 - ModernActiveInference - INFO -   Step 5: coordination_challenge
2026-02-02 06:38:39,991 - ModernActiveInference - INFO -     Coordination score: 0.0000
2026-02-02 06:38:39,991 - ModernActiveInference - INFO -     Action consensus: 0.8000
2026-02-02 06:38:39,991 - ModernActiveInference - INFO -     Agent actions: [1, 1, 2, 2]
2026-02-02 06:38:39,991 - geo_infer_act.utils.analysis - DEBUG - Recorded step 6: FE=-1.7944
2026-02-02 06:38:39,991 - geo_infer_act.utils.analysis - DEBUG - Recorded step 6: FE=-1.6094
2026-02-02 06:38:39,992 - geo_infer_act.utils.analysis - DEBUG - Recorded step 6: FE=-1.3863
2026-02-02 06:38:39,992 - geo_infer_act.utils.analysis - DEBUG - Recorded step 6: FE=-1.3863
2026-02-02 06:38:39,992 - ModernActiveInference - INFO -   Step 6: coordination_challenge
2026-02-02 06:38:39,992 - ModernActiveInference - INFO -     Coordination score: 0.0000
2026-02-02 06:38:39,992 - ModernActiveInference - INFO -     Action consensus: 0.8000
2026-02-02 06:38:39,992 - ModernActiveInference - INFO -     Agent actions: [0, 0, 1, 1]
2026-02-02 06:38:39,992 - geo_infer_act.utils.analysis - DEBUG - Recorded step 7: FE=-1.7944
2026-02-02 06:38:39,993 - geo_infer_act.utils.analysis - DEBUG - Recorded step 7: FE=-1.6094
2026-02-02 06:38:39,993 - geo_infer_act.utils.analysis - DEBUG - Recorded step 7: FE=-1.3863
2026-02-02 06:38:39,993 - geo_infer_act.utils.analysis - DEBUG - Recorded step 7: FE=-1.3863
2026-02-02 06:38:39,993 - ModernActiveInference - INFO -   Step 7: coordination_challenge
2026-02-02 06:38:39,993 - ModernActiveInference - INFO -     Coordination score: 0.0000
2026-02-02 06:38:39,993 - ModernActiveInference - INFO -     Action consensus: 0.8421
2026-02-02 06:38:39,993 - ModernActiveInference - INFO -     Agent actions: [1, 1, 1, 0]
2026-02-02 06:38:39,994 - geo_infer_act.utils.analysis - DEBUG - Recorded step 8: FE=-1.7944
2026-02-02 06:38:39,994 - geo_infer_act.utils.analysis - DEBUG - Recorded step 8: FE=-1.6094
2026-02-02 06:38:39,994 - geo_infer_act.utils.analysis - DEBUG - Recorded step 8: FE=-1.3863
2026-02-02 06:38:39,994 - geo_infer_act.utils.analysis - DEBUG - Recorded step 8: FE=-1.3863
2026-02-02 06:38:39,995 - ModernActiveInference - INFO -   Step 8: consensus_building
2026-02-02 06:38:39,995 - ModernActiveInference - INFO -     Coordination score: 0.0000
2026-02-02 06:38:39,995 - ModernActiveInference - INFO -     Action consensus: 0.5714
2026-02-02 06:38:39,995 - ModernActiveInference - INFO -     Agent actions: [2, 0, 0, 0]
2026-02-02 06:38:39,995 - geo_infer_act.utils.analysis - DEBUG - Recorded step 9: FE=-1.7944
2026-02-02 06:38:39,995 - geo_infer_act.utils.analysis - DEBUG - Recorded step 9: FE=-1.6094
2026-02-02 06:38:39,996 - geo_infer_act.utils.analysis - DEBUG - Recorded step 9: FE=-1.3863
2026-02-02 06:38:39,996 - geo_infer_act.utils.analysis - DEBUG - Recorded step 9: FE=-1.3863
2026-02-02 06:38:39,996 - ModernActiveInference - INFO -   Step 9: consensus_building
2026-02-02 06:38:39,996 - ModernActiveInference - INFO -     Coordination score: 0.0000
2026-02-02 06:38:39,996 - ModernActiveInference - INFO -     Action consensus: 0.8421
2026-02-02 06:38:39,996 - ModernActiveInference - INFO -     Agent actions: [1, 1, 1, 0]
2026-02-02 06:38:39,996 - geo_infer_act.utils.analysis - DEBUG - Recorded step 10: FE=-1.7944
2026-02-02 06:38:39,997 - geo_infer_act.utils.analysis - DEBUG - Recorded step 10: FE=-1.6094
2026-02-02 06:38:39,997 - geo_infer_act.utils.analysis - DEBUG - Recorded step 10: FE=-1.3863
2026-02-02 06:38:39,997 - geo_infer_act.utils.analysis - DEBUG - Recorded step 10: FE=-1.3863
2026-02-02 06:38:39,997 - ModernActiveInference - INFO -   Step 10: consensus_building
2026-02-02 06:38:39,997 - ModernActiveInference - INFO -     Coordination score: 0.0000
2026-02-02 06:38:39,997 - ModernActiveInference - INFO -     Action consensus: 0.5926
2026-02-02 06:38:39,997 - ModernActiveInference - INFO -     Agent actions: [2, 0, 2, 1]
2026-02-02 06:38:39,998 - geo_infer_act.utils.analysis - DEBUG - Recorded step 11: FE=-1.7944
2026-02-02 06:38:39,998 - geo_infer_act.utils.analysis - DEBUG - Recorded step 11: FE=-1.6094
2026-02-02 06:38:39,998 - geo_infer_act.utils.analysis - DEBUG - Recorded step 11: FE=-1.3863
2026-02-02 06:38:39,999 - geo_infer_act.utils.analysis - DEBUG - Recorded step 11: FE=-1.3863
2026-02-02 06:38:39,999 - ModernActiveInference - INFO -   Step 11: consensus_building
2026-02-02 06:38:39,999 - ModernActiveInference - INFO -     Coordination score: 0.0000
2026-02-02 06:38:39,999 - ModernActiveInference - INFO -     Action consensus: 0.8421
2026-02-02 06:38:39,999 - ModernActiveInference - INFO -     Agent actions: [2, 1, 1, 1]
2026-02-02 06:38:39,999 - geo_infer_act.utils.analysis - DEBUG - Recorded step 12: FE=-1.7944
2026-02-02 06:38:39,999 - geo_infer_act.utils.analysis - DEBUG - Recorded step 12: FE=-1.6094
2026-02-02 06:38:40,000 - geo_infer_act.utils.analysis - DEBUG - Recorded step 12: FE=-1.3863
2026-02-02 06:38:40,000 - geo_infer_act.utils.analysis - DEBUG - Recorded step 12: FE=-1.3863
2026-02-02 06:38:40,000 - ModernActiveInference - INFO -   Step 12: consensus_building
2026-02-02 06:38:40,000 - ModernActiveInference - INFO -     Coordination score: 0.0000
2026-02-02 06:38:40,000 - ModernActiveInference - INFO -     Action consensus: 0.6667
2026-02-02 06:38:40,000 - ModernActiveInference - INFO -     Agent actions: [0, 1, 2, 1]
2026-02-02 06:38:40,000 - geo_infer_act.utils.analysis - DEBUG - Recorded step 13: FE=-1.7944
2026-02-02 06:38:40,001 - geo_infer_act.utils.analysis - DEBUG - Recorded step 13: FE=-1.6094
2026-02-02 06:38:40,001 - geo_infer_act.utils.analysis - DEBUG - Recorded step 13: FE=-1.3863
2026-02-02 06:38:40,001 - geo_infer_act.utils.analysis - DEBUG - Recorded step 13: FE=-1.3863
2026-02-02 06:38:40,001 - ModernActiveInference - INFO -   Step 13: consensus_building
2026-02-02 06:38:40,001 - ModernActiveInference - INFO -     Coordination score: 0.0000
2026-02-02 06:38:40,001 - ModernActiveInference - INFO -     Action consensus: 0.8000
2026-02-02 06:38:40,001 - ModernActiveInference - INFO -     Agent actions: [2, 1, 2, 1]
2026-02-02 06:38:40,002 - geo_infer_act.utils.analysis - DEBUG - Recorded step 14: FE=-1.7944
2026-02-02 06:38:40,002 - geo_infer_act.utils.analysis - DEBUG - Recorded step 14: FE=-1.6094
2026-02-02 06:38:40,002 - geo_infer_act.utils.analysis - DEBUG - Recorded step 14: FE=-1.3863
2026-02-02 06:38:40,003 - geo_infer_act.utils.analysis - DEBUG - Recorded step 14: FE=-1.3863
2026-02-02 06:38:40,003 - ModernActiveInference - INFO -   Step 14: consensus_building
2026-02-02 06:38:40,003 - ModernActiveInference - INFO -     Coordination score: 0.0000
2026-02-02 06:38:40,003 - ModernActiveInference - INFO -     Action consensus: 0.5926
2026-02-02 06:38:40,003 - ModernActiveInference - INFO -     Agent actions: [0, 1, 2, 0]
2026-02-02 06:38:40,003 - geo_infer_act.utils.analysis - DEBUG - Recorded step 15: FE=-1.7944
2026-02-02 06:38:40,004 - geo_infer_act.utils.analysis - DEBUG - Recorded step 15: FE=-1.6094
2026-02-02 06:38:40,004 - geo_infer_act.utils.analysis - DEBUG - Recorded step 15: FE=-1.3863
2026-02-02 06:38:40,004 - geo_infer_act.utils.analysis - DEBUG - Recorded step 15: FE=-1.3863
2026-02-02 06:38:40,004 - ModernActiveInference - INFO -   Step 15: synchronized_action
2026-02-02 06:38:40,004 - ModernActiveInference - INFO -     Coordination score: 0.0000
2026-02-02 06:38:40,004 - ModernActiveInference - INFO -     Action consensus: 0.5926
2026-02-02 06:38:40,004 - ModernActiveInference - INFO -     Agent actions: [0, 2, 0, 1]
2026-02-02 06:38:40,005 - geo_infer_act.utils.analysis - DEBUG - Recorded step 16: FE=-1.7944
2026-02-02 06:38:40,005 - geo_infer_act.utils.analysis - DEBUG - Recorded step 16: FE=-1.6094
2026-02-02 06:38:40,005 - geo_infer_act.utils.analysis - DEBUG - Recorded step 16: FE=-1.3863
2026-02-02 06:38:40,005 - geo_infer_act.utils.analysis - DEBUG - Recorded step 16: FE=-1.3863
2026-02-02 06:38:40,005 - ModernActiveInference - INFO -   Step 16: synchronized_action
2026-02-02 06:38:40,005 - ModernActiveInference - INFO -     Coordination score: 0.0000
2026-02-02 06:38:40,005 - ModernActiveInference - INFO -     Action consensus: 0.5714
2026-02-02 06:38:40,005 - ModernActiveInference - INFO -     Agent actions: [2, 0, 0, 0]
2026-02-02 06:38:40,006 - geo_infer_act.utils.analysis - DEBUG - Recorded step 17: FE=-1.7944
2026-02-02 06:38:40,006 - geo_infer_act.utils.analysis - DEBUG - Recorded step 17: FE=-1.6094
2026-02-02 06:38:40,006 - geo_infer_act.utils.analysis - DEBUG - Recorded step 17: FE=-1.3863
2026-02-02 06:38:40,006 - geo_infer_act.utils.analysis - DEBUG - Recorded step 17: FE=-1.3863
2026-02-02 06:38:40,007 - ModernActiveInference - INFO -   Step 17: synchronized_action
2026-02-02 06:38:40,007 - ModernActiveInference - INFO -     Coordination score: 0.0000
2026-02-02 06:38:40,007 - ModernActiveInference - INFO -     Action consensus: 0.5714
2026-02-02 06:38:40,007 - ModernActiveInference - INFO -     Agent actions: [0, 2, 2, 2]
2026-02-02 06:38:40,007 - geo_infer_act.utils.analysis - DEBUG - Recorded step 18: FE=-1.7944
2026-02-02 06:38:40,007 - geo_infer_act.utils.analysis - DEBUG - Recorded step 18: FE=-1.6094
2026-02-02 06:38:40,007 - geo_infer_act.utils.analysis - DEBUG - Recorded step 18: FE=-1.3863
2026-02-02 06:38:40,008 - geo_infer_act.utils.analysis - DEBUG - Recorded step 18: FE=-1.3863
2026-02-02 06:38:40,008 - ModernActiveInference - INFO -   Step 18: synchronized_action
2026-02-02 06:38:40,008 - ModernActiveInference - INFO -     Coordination score: 0.0000
2026-02-02 06:38:40,008 - ModernActiveInference - INFO -     Action consensus: 0.8421
2026-02-02 06:38:40,008 - ModernActiveInference - INFO -     Agent actions: [0, 0, 1, 0]
2026-02-02 06:38:40,008 - geo_infer_act.utils.analysis - DEBUG - Recorded step 19: FE=-1.7944
2026-02-02 06:38:40,008 - geo_infer_act.utils.analysis - DEBUG - Recorded step 19: FE=-1.6094
2026-02-02 06:38:40,009 - geo_infer_act.utils.analysis - DEBUG - Recorded step 19: FE=-1.3863
2026-02-02 06:38:40,009 - geo_infer_act.utils.analysis - DEBUG - Recorded step 19: FE=-1.3863
2026-02-02 06:38:40,009 - ModernActiveInference - INFO -   Step 19: synchronized_action
2026-02-02 06:38:40,009 - ModernActiveInference - INFO -     Coordination score: 0.0000
2026-02-02 06:38:40,009 - ModernActiveInference - INFO -     Action consensus: 0.8421
2026-02-02 06:38:40,009 - ModernActiveInference - INFO -     Agent actions: [0, 1, 1, 1]
2026-02-02 06:38:40,009 - geo_infer_act.utils.analysis - DEBUG - Recorded step 20: FE=-1.7944
2026-02-02 06:38:40,010 - geo_infer_act.utils.analysis - DEBUG - Recorded step 20: FE=-1.6094
2026-02-02 06:38:40,010 - geo_infer_act.utils.analysis - DEBUG - Recorded step 20: FE=-1.3863
2026-02-02 06:38:40,010 - geo_infer_act.utils.analysis - DEBUG - Recorded step 20: FE=-1.3863
2026-02-02 06:38:40,010 - ModernActiveInference - INFO -   Step 20: synchronized_action
2026-02-02 06:38:40,010 - ModernActiveInference - INFO -     Coordination score: 0.0000
2026-02-02 06:38:40,010 - ModernActiveInference - INFO -     Action consensus: 1.0000
2026-02-02 06:38:40,010 - ModernActiveInference - INFO -     Agent actions: [2, 2, 2, 2]
2026-02-02 06:38:40,010 - ModernActiveInference - INFO - Multi-agent coordination analysis complete:
2026-02-02 06:38:40,010 - ModernActiveInference - INFO -   Average coordination: 0.0000
2026-02-02 06:38:40,010 - ModernActiveInference - INFO -   Average consensus: 0.7163
2026-02-02 06:38:40,010 - ModernActiveInference - INFO -   Coordination improvement: 0.0000
2026-02-02 06:38:40,010 - ModernActiveInference - INFO - 
==================================================
2026-02-02 06:38:40,010 - ModernActiveInference - INFO - 6. PERFORMANCE BENCHMARKING
2026-02-02 06:38:40,010 - ModernActiveInference - INFO - ==================================================
2026-02-02 06:38:40,010 - ModernActiveInference - INFO - Benchmarking performance across all models
2026-02-02 06:38:40,010 - geo_infer_act.utils.analysis - INFO - Analyzing perception patterns...
2026-02-02 06:38:40,014 - geo_infer_act.utils.analysis - INFO - Analysis saved to /Users/4d/Documents/GitHub/GEO-INFER/output/modern_active_inference_20260202_063839/hierarchical/analysis/perception_analysis.json
2026-02-02 06:38:40,014 - geo_infer_act.utils.analysis - INFO - Perception pattern analysis completed
2026-02-02 06:38:40,014 - geo_infer_act.utils.analysis - INFO - Analyzing action selection patterns...
2026-02-02 06:38:40,015 - geo_infer_act.utils.analysis - INFO - Analysis saved to /Users/4d/Documents/GitHub/GEO-INFER/output/modern_active_inference_20260202_063839/hierarchical/analysis/action_selection_analysis.json
2026-02-02 06:38:40,015 - geo_infer_act.utils.analysis - INFO - Action selection pattern analysis completed
2026-02-02 06:38:40,015 - geo_infer_act.utils.analysis - INFO - Analyzing Variational Free Energy patterns...
2026-02-02 06:38:40,016 - geo_infer_act.utils.analysis - INFO - Analysis saved to /Users/4d/Documents/GitHub/GEO-INFER/output/modern_active_inference_20260202_063839/hierarchical/analysis/free_energy_analysis.json
2026-02-02 06:38:40,016 - geo_infer_act.utils.analysis - INFO - Free Energy pattern analysis completed
2026-02-02 06:38:40,016 - ModernActiveInference - INFO -   hierarchical_model:
2026-02-02 06:38:40,016 - ModernActiveInference - INFO -     Perception quality: 0.000
2026-02-02 06:38:40,016 - ModernActiveInference - INFO -     Action consistency: 0.667
2026-02-02 06:38:40,016 - ModernActiveInference - INFO -     Free energy efficiency: 0.000
2026-02-02 06:38:40,016 - ModernActiveInference - INFO -     Convergence: False
2026-02-02 06:38:40,016 - ModernActiveInference - INFO -     Stability: False
2026-02-02 06:38:40,016 - geo_infer_act.utils.analysis - INFO - Analyzing perception patterns...
2026-02-02 06:38:40,018 - geo_infer_act.utils.analysis - INFO - Analysis saved to /Users/4d/Documents/GitHub/GEO-INFER/output/modern_active_inference_20260202_063839/markov_blanket/analysis/perception_analysis.json
2026-02-02 06:38:40,018 - geo_infer_act.utils.analysis - INFO - Perception pattern analysis completed
2026-02-02 06:38:40,018 - geo_infer_act.utils.analysis - INFO - Analyzing action selection patterns...
2026-02-02 06:38:40,020 - geo_infer_act.utils.analysis - INFO - Analysis saved to /Users/4d/Documents/GitHub/GEO-INFER/output/modern_active_inference_20260202_063839/markov_blanket/analysis/action_selection_analysis.json
2026-02-02 06:38:40,020 - geo_infer_act.utils.analysis - INFO - Action selection pattern analysis completed
2026-02-02 06:38:40,020 - geo_infer_act.utils.analysis - INFO - Analyzing Variational Free Energy patterns...
2026-02-02 06:38:40,020 - geo_infer_act.utils.analysis - INFO - Analysis saved to /Users/4d/Documents/GitHub/GEO-INFER/output/modern_active_inference_20260202_063839/markov_blanket/analysis/free_energy_analysis.json
2026-02-02 06:38:40,021 - geo_infer_act.utils.analysis - INFO - Free Energy pattern analysis completed
2026-02-02 06:38:40,021 - ModernActiveInference - INFO -   markov_blanket_model:
2026-02-02 06:38:40,021 - ModernActiveInference - INFO -     Perception quality: 0.000
2026-02-02 06:38:40,021 - ModernActiveInference - INFO -     Action consistency: 0.367
2026-02-02 06:38:40,021 - ModernActiveInference - INFO -     Free energy efficiency: 0.000
2026-02-02 06:38:40,021 - ModernActiveInference - INFO -     Convergence: False
2026-02-02 06:38:40,021 - ModernActiveInference - INFO -     Stability: False
2026-02-02 06:38:40,021 - geo_infer_act.utils.analysis - INFO - Analyzing perception patterns...
2026-02-02 06:38:40,025 - geo_infer_act.utils.analysis - INFO - Analysis saved to /Users/4d/Documents/GitHub/GEO-INFER/output/modern_active_inference_20260202_063839/spatial_temporal/analysis/perception_analysis.json
2026-02-02 06:38:40,025 - geo_infer_act.utils.analysis - INFO - Perception pattern analysis completed
2026-02-02 06:38:40,025 - geo_infer_act.utils.analysis - INFO - Analyzing action selection patterns...
2026-02-02 06:38:40,026 - geo_infer_act.utils.analysis - INFO - Analysis saved to /Users/4d/Documents/GitHub/GEO-INFER/output/modern_active_inference_20260202_063839/spatial_temporal/analysis/action_selection_analysis.json
2026-02-02 06:38:40,026 - geo_infer_act.utils.analysis - INFO - Action selection pattern analysis completed
2026-02-02 06:38:40,026 - geo_infer_act.utils.analysis - INFO - Analyzing Variational Free Energy patterns...
2026-02-02 06:38:40,027 - geo_infer_act.utils.analysis - INFO - Analysis saved to /Users/4d/Documents/GitHub/GEO-INFER/output/modern_active_inference_20260202_063839/spatial_temporal/analysis/free_energy_analysis.json
2026-02-02 06:38:40,027 - geo_infer_act.utils.analysis - INFO - Free Energy pattern analysis completed
2026-02-02 06:38:40,027 - ModernActiveInference - INFO -   spatial_temporal_model:
2026-02-02 06:38:40,027 - ModernActiveInference - INFO -     Perception quality: 0.000
2026-02-02 06:38:40,027 - ModernActiveInference - INFO -     Action consistency: 0.560
2026-02-02 06:38:40,027 - ModernActiveInference - INFO -     Free energy efficiency: 0.000
2026-02-02 06:38:40,027 - ModernActiveInference - INFO -     Convergence: False
2026-02-02 06:38:40,027 - ModernActiveInference - INFO -     Stability: False
2026-02-02 06:38:40,027 - geo_infer_act.utils.analysis - INFO - Analyzing perception patterns...
2026-02-02 06:38:40,030 - geo_infer_act.utils.analysis - INFO - Analysis saved to /Users/4d/Documents/GitHub/GEO-INFER/output/modern_active_inference_20260202_063839/multi_agent/agent_0/analysis/perception_analysis.json
2026-02-02 06:38:40,030 - geo_infer_act.utils.analysis - INFO - Perception pattern analysis completed
2026-02-02 06:38:40,030 - geo_infer_act.utils.analysis - INFO - Analyzing action selection patterns...
2026-02-02 06:38:40,031 - geo_infer_act.utils.analysis - INFO - Analysis saved to /Users/4d/Documents/GitHub/GEO-INFER/output/modern_active_inference_20260202_063839/multi_agent/agent_0/analysis/action_selection_analysis.json
2026-02-02 06:38:40,031 - geo_infer_act.utils.analysis - INFO - Action selection pattern analysis completed
2026-02-02 06:38:40,031 - geo_infer_act.utils.analysis - INFO - Analyzing Variational Free Energy patterns...
2026-02-02 06:38:40,032 - geo_infer_act.utils.analysis - INFO - Analysis saved to /Users/4d/Documents/GitHub/GEO-INFER/output/modern_active_inference_20260202_063839/multi_agent/agent_0/analysis/free_energy_analysis.json
2026-02-02 06:38:40,032 - geo_infer_act.utils.analysis - INFO - Free Energy pattern analysis completed
2026-02-02 06:38:40,032 - ModernActiveInference - INFO -   multi_agent_agent_0:
2026-02-02 06:38:40,032 - ModernActiveInference - INFO -     Perception quality: 0.000
2026-02-02 06:38:40,032 - ModernActiveInference - INFO -     Action consistency: 0.250
2026-02-02 06:38:40,032 - ModernActiveInference - INFO -     Free energy efficiency: 0.000
2026-02-02 06:38:40,032 - ModernActiveInference - INFO -     Convergence: False
2026-02-02 06:38:40,032 - ModernActiveInference - INFO -     Stability: False
2026-02-02 06:38:40,032 - geo_infer_act.utils.analysis - INFO - Analyzing perception patterns...
2026-02-02 06:38:40,034 - geo_infer_act.utils.analysis - INFO - Analysis saved to /Users/4d/Documents/GitHub/GEO-INFER/output/modern_active_inference_20260202_063839/multi_agent/agent_1/analysis/perception_analysis.json
2026-02-02 06:38:40,034 - geo_infer_act.utils.analysis - INFO - Perception pattern analysis completed
2026-02-02 06:38:40,034 - geo_infer_act.utils.analysis - INFO - Analyzing action selection patterns...
2026-02-02 06:38:40,035 - geo_infer_act.utils.analysis - INFO - Analysis saved to /Users/4d/Documents/GitHub/GEO-INFER/output/modern_active_inference_20260202_063839/multi_agent/agent_1/analysis/action_selection_analysis.json
2026-02-02 06:38:40,035 - geo_infer_act.utils.analysis - INFO - Action selection pattern analysis completed
2026-02-02 06:38:40,035 - geo_infer_act.utils.analysis - INFO - Analyzing Variational Free Energy patterns...
2026-02-02 06:38:40,036 - geo_infer_act.utils.analysis - INFO - Analysis saved to /Users/4d/Documents/GitHub/GEO-INFER/output/modern_active_inference_20260202_063839/multi_agent/agent_1/analysis/free_energy_analysis.json
2026-02-02 06:38:40,036 - geo_infer_act.utils.analysis - INFO - Free Energy pattern analysis completed
2026-02-02 06:38:40,036 - ModernActiveInference - INFO -   multi_agent_agent_1:
2026-02-02 06:38:40,036 - ModernActiveInference - INFO -     Perception quality: 0.000
2026-02-02 06:38:40,036 - ModernActiveInference - INFO -     Action consistency: 0.300
2026-02-02 06:38:40,036 - ModernActiveInference - INFO -     Free energy efficiency: 0.000
2026-02-02 06:38:40,036 - ModernActiveInference - INFO -     Convergence: False
2026-02-02 06:38:40,036 - ModernActiveInference - INFO -     Stability: False
2026-02-02 06:38:40,036 - geo_infer_act.utils.analysis - INFO - Analyzing perception patterns...
2026-02-02 06:38:40,038 - geo_infer_act.utils.analysis - INFO - Analysis saved to /Users/4d/Documents/GitHub/GEO-INFER/output/modern_active_inference_20260202_063839/multi_agent/agent_2/analysis/perception_analysis.json
2026-02-02 06:38:40,038 - geo_infer_act.utils.analysis - INFO - Perception pattern analysis completed
2026-02-02 06:38:40,038 - geo_infer_act.utils.analysis - INFO - Analyzing action selection patterns...
2026-02-02 06:38:40,039 - geo_infer_act.utils.analysis - INFO - Analysis saved to /Users/4d/Documents/GitHub/GEO-INFER/output/modern_active_inference_20260202_063839/multi_agent/agent_2/analysis/action_selection_analysis.json
2026-02-02 06:38:40,039 - geo_infer_act.utils.analysis - INFO - Action selection pattern analysis completed
2026-02-02 06:38:40,039 - geo_infer_act.utils.analysis - INFO - Analyzing Variational Free Energy patterns...
2026-02-02 06:38:40,040 - geo_infer_act.utils.analysis - INFO - Analysis saved to /Users/4d/Documents/GitHub/GEO-INFER/output/modern_active_inference_20260202_063839/multi_agent/agent_2/analysis/free_energy_analysis.json
2026-02-02 06:38:40,040 - geo_infer_act.utils.analysis - INFO - Free Energy pattern analysis completed
2026-02-02 06:38:40,040 - ModernActiveInference - INFO -   multi_agent_agent_2:
2026-02-02 06:38:40,040 - ModernActiveInference - INFO -     Perception quality: 0.000
2026-02-02 06:38:40,040 - ModernActiveInference - INFO -     Action consistency: 0.300
2026-02-02 06:38:40,040 - ModernActiveInference - INFO -     Free energy efficiency: 0.000
2026-02-02 06:38:40,040 - ModernActiveInference - INFO -     Convergence: False
2026-02-02 06:38:40,040 - ModernActiveInference - INFO -     Stability: False
2026-02-02 06:38:40,040 - geo_infer_act.utils.analysis - INFO - Analyzing perception patterns...
2026-02-02 06:38:40,042 - geo_infer_act.utils.analysis - INFO - Analysis saved to /Users/4d/Documents/GitHub/GEO-INFER/output/modern_active_inference_20260202_063839/multi_agent/agent_3/analysis/perception_analysis.json
2026-02-02 06:38:40,042 - geo_infer_act.utils.analysis - INFO - Perception pattern analysis completed
2026-02-02 06:38:40,042 - geo_infer_act.utils.analysis - INFO - Analyzing action selection patterns...
2026-02-02 06:38:40,043 - geo_infer_act.utils.analysis - INFO - Analysis saved to /Users/4d/Documents/GitHub/GEO-INFER/output/modern_active_inference_20260202_063839/multi_agent/agent_3/analysis/action_selection_analysis.json
2026-02-02 06:38:40,043 - geo_infer_act.utils.analysis - INFO - Action selection pattern analysis completed
2026-02-02 06:38:40,043 - geo_infer_act.utils.analysis - INFO - Analyzing Variational Free Energy patterns...
2026-02-02 06:38:40,044 - geo_infer_act.utils.analysis - INFO - Analysis saved to /Users/4d/Documents/GitHub/GEO-INFER/output/modern_active_inference_20260202_063839/multi_agent/agent_3/analysis/free_energy_analysis.json
2026-02-02 06:38:40,044 - geo_infer_act.utils.analysis - INFO - Free Energy pattern analysis completed
2026-02-02 06:38:40,044 - ModernActiveInference - INFO -   multi_agent_agent_3:
2026-02-02 06:38:40,044 - ModernActiveInference - INFO -     Perception quality: 0.000
2026-02-02 06:38:40,044 - ModernActiveInference - INFO -     Action consistency: 0.450
2026-02-02 06:38:40,044 - ModernActiveInference - INFO -     Free energy efficiency: 0.000
2026-02-02 06:38:40,044 - ModernActiveInference - INFO -     Convergence: False
2026-02-02 06:38:40,044 - ModernActiveInference - INFO -     Stability: False
2026-02-02 06:38:40,044 - ModernActiveInference - INFO - Overall Performance Summary:
2026-02-02 06:38:40,044 - ModernActiveInference - INFO -   Average Perception Quality: 0.000
2026-02-02 06:38:40,044 - ModernActiveInference - INFO -   Average Action Consistency: 0.413
2026-02-02 06:38:40,044 - ModernActiveInference - INFO -   Average FE efficiency: 0.000
2026-02-02 06:38:40,044 - ModernActiveInference - INFO - 
==================================================
2026-02-02 06:38:40,044 - ModernActiveInference - INFO - 7. COMPREHENSIVE VISUALIZATIONS
2026-02-02 06:38:40,044 - ModernActiveInference - INFO - ==================================================
2026-02-02 06:38:40,044 - ModernActiveInference - INFO - Creating comprehensive visualizations
2026-02-02 06:38:40,740 - geo_infer_act.utils.visualization - INFO - Perception analysis saved to /Users/4d/Documents/GitHub/GEO-INFER/output/modern_active_inference_20260202_063839/hierarchical
2026-02-02 06:38:41,239 - geo_infer_act.utils.visualization - INFO - Action analysis saved to /Users/4d/Documents/GitHub/GEO-INFER/output/modern_active_inference_20260202_063839/hierarchical
2026-02-02 06:38:41,864 - geo_infer_act.utils.visualization - INFO - Interpretability dashboard saved to /Users/4d/Documents/GitHub/GEO-INFER/output/modern_active_inference_20260202_063839/hierarchical
2026-02-02 06:38:41,864 - ModernActiveInference - INFO -   Generated visualizations for hierarchical_model
2026-02-02 06:38:42,531 - geo_infer_act.utils.visualization - INFO - Perception analysis saved to /Users/4d/Documents/GitHub/GEO-INFER/output/modern_active_inference_20260202_063839/markov_blanket
2026-02-02 06:38:43,025 - geo_infer_act.utils.visualization - INFO - Action analysis saved to /Users/4d/Documents/GitHub/GEO-INFER/output/modern_active_inference_20260202_063839/markov_blanket
2026-02-02 06:38:43,598 - geo_infer_act.utils.visualization - INFO - Interpretability dashboard saved to /Users/4d/Documents/GitHub/GEO-INFER/output/modern_active_inference_20260202_063839/markov_blanket
2026-02-02 06:38:43,599 - ModernActiveInference - INFO -   Generated visualizations for markov_blanket_model
2026-02-02 06:38:44,240 - geo_infer_act.utils.visualization - INFO - Perception analysis saved to /Users/4d/Documents/GitHub/GEO-INFER/output/modern_active_inference_20260202_063839/spatial_temporal
2026-02-02 06:38:44,732 - geo_infer_act.utils.visualization - INFO - Action analysis saved to /Users/4d/Documents/GitHub/GEO-INFER/output/modern_active_inference_20260202_063839/spatial_temporal
2026-02-02 06:38:45,287 - geo_infer_act.utils.visualization - INFO - Interpretability dashboard saved to /Users/4d/Documents/GitHub/GEO-INFER/output/modern_active_inference_20260202_063839/spatial_temporal
2026-02-02 06:38:45,287 - ModernActiveInference - INFO -   Generated visualizations for spatial_temporal_model
2026-02-02 06:38:45,945 - geo_infer_act.utils.visualization - INFO - Perception analysis saved to /Users/4d/Documents/GitHub/GEO-INFER/output/modern_active_inference_20260202_063839/multi_agent/agent_0
2026-02-02 06:38:46,435 - geo_infer_act.utils.visualization - INFO - Action analysis saved to /Users/4d/Documents/GitHub/GEO-INFER/output/modern_active_inference_20260202_063839/multi_agent/agent_0
2026-02-02 06:38:47,009 - geo_infer_act.utils.visualization - INFO - Interpretability dashboard saved to /Users/4d/Documents/GitHub/GEO-INFER/output/modern_active_inference_20260202_063839/multi_agent/agent_0
2026-02-02 06:38:47,009 - ModernActiveInference - INFO -   Generated visualizations for multi_agent_agent_0
2026-02-02 06:38:47,679 - geo_infer_act.utils.visualization - INFO - Perception analysis saved to /Users/4d/Documents/GitHub/GEO-INFER/output/modern_active_inference_20260202_063839/multi_agent/agent_1
2026-02-02 06:38:48,171 - geo_infer_act.utils.visualization - INFO - Action analysis saved to /Users/4d/Documents/GitHub/GEO-INFER/output/modern_active_inference_20260202_063839/multi_agent/agent_1
2026-02-02 06:38:48,740 - geo_infer_act.utils.visualization - INFO - Interpretability dashboard saved to /Users/4d/Documents/GitHub/GEO-INFER/output/modern_active_inference_20260202_063839/multi_agent/agent_1
2026-02-02 06:38:48,740 - ModernActiveInference - INFO -   Generated visualizations for multi_agent_agent_1
2026-02-02 06:38:49,391 - geo_infer_act.utils.visualization - INFO - Perception analysis saved to /Users/4d/Documents/GitHub/GEO-INFER/output/modern_active_inference_20260202_063839/multi_agent/agent_2
2026-02-02 06:38:49,890 - geo_infer_act.utils.visualization - INFO - Action analysis saved to /Users/4d/Documents/GitHub/GEO-INFER/output/modern_active_inference_20260202_063839/multi_agent/agent_2
2026-02-02 06:38:50,461 - geo_infer_act.utils.visualization - INFO - Interpretability dashboard saved to /Users/4d/Documents/GitHub/GEO-INFER/output/modern_active_inference_20260202_063839/multi_agent/agent_2
2026-02-02 06:38:50,461 - ModernActiveInference - INFO -   Generated visualizations for multi_agent_agent_2
2026-02-02 06:38:51,102 - geo_infer_act.utils.visualization - INFO - Perception analysis saved to /Users/4d/Documents/GitHub/GEO-INFER/output/modern_active_inference_20260202_063839/multi_agent/agent_3
2026-02-02 06:38:51,596 - geo_infer_act.utils.visualization - INFO - Action analysis saved to /Users/4d/Documents/GitHub/GEO-INFER/output/modern_active_inference_20260202_063839/multi_agent/agent_3
2026-02-02 06:38:52,170 - geo_infer_act.utils.visualization - INFO - Interpretability dashboard saved to /Users/4d/Documents/GitHub/GEO-INFER/output/modern_active_inference_20260202_063839/multi_agent/agent_3
2026-02-02 06:38:52,170 - ModernActiveInference - INFO -   Generated visualizations for multi_agent_agent_3
2026-02-02 06:38:52,170 - ModernActiveInference - INFO - 
==================================================
2026-02-02 06:38:52,170 - ModernActiveInference - INFO - 8. GENERATING COMPREHENSIVE REPORT
2026-02-02 06:38:52,170 - ModernActiveInference - INFO - ==================================================
2026-02-02 06:38:52,171 - ModernActiveInference - INFO - Comprehensive report saved to: /Users/4d/Documents/GitHub/GEO-INFER/output/modern_active_inference_20260202_063839/comprehensive_modern_ai_report.txt
2026-02-02 06:38:52,171 - ModernActiveInference - INFO - Modern Active Inference demonstration completed successfully
